Archive member included to satisfy reference by file (symbol)

out/export-ta_arm32/lib/libutils.a(snprintf.o)
                              out/ta/pkcs11/src/persistent_token.o (snprintf)
out/export-ta_arm32/lib/libutils.a(stack_check.o)
                              out/ta/pkcs11/src/attributes.o (__stack_chk_fail)
out/export-ta_arm32/lib/libutils.a(memcpy.o)
                              out/ta/pkcs11/src/pkcs11_token.o (memcpy)
out/export-ta_arm32/lib/libutils.a(memset.o)
                              out/ta/pkcs11/src/persistent_token.o (memset)
out/export-ta_arm32/lib/libutils.a(strchr.o)
                              out/ta/pkcs11/src/persistent_token.o (strchr)
out/export-ta_arm32/lib/libutils.a(strcmp.o)
                              out/ta/pkcs11/src/persistent_token.o (strcmp)
out/export-ta_arm32/lib/libutils.a(strcpy.o)
                              out/ta/pkcs11/src/pkcs11_token.o (strcpy)
out/export-ta_arm32/lib/libutils.a(strlen.o)
                              out/ta/pkcs11/src/attributes.o (strlen)
out/export-ta_arm32/lib/libutils.a(strnlen.o)
                              out/ta/pkcs11/src/pkcs11_token.o (strnlen)
out/export-ta_arm32/lib/libutils.a(strstr.o)
                              out/ta/pkcs11/src/persistent_token.o (strstr)
out/export-ta_arm32/lib/libutils.a(snprintk.o)
                              out/export-ta_arm32/lib/libutils.a(snprintf.o) (__vsnprintf)
out/export-ta_arm32/lib/libutils.a(trace.o)
                              out/ta/pkcs11/src/attributes.o (trace_printf)
out/export-ta_arm32/lib/libutils.a(consttime_memcmp.o)
                              out/ta/pkcs11/src/persistent_token.o (consttime_memcmp)
out/export-ta_arm32/lib/libutils.a(memchr.o)
                              out/export-ta_arm32/lib/libutils.a(snprintk.o) (memchr)
out/export-ta_arm32/lib/libutils.a(arm32_aeabi_ldivmod_a32.o)
                              out/export-ta_arm32/lib/libutils.a(snprintk.o) (__aeabi_uldivmod)
out/export-ta_arm32/lib/libutils.a(arm32_aeabi_ldivmod.o)
                              out/export-ta_arm32/lib/libutils.a(arm32_aeabi_ldivmod_a32.o) (__ul_divmod)
out/export-ta_arm32/lib/libutee.a(assert.o)
                              out/ta/pkcs11/src/attributes.o (_assert_log)
out/export-ta_arm32/lib/libutee.a(tee_uuid_from_str.o)
                              out/ta/pkcs11/src/persistent_token.o (tee_uuid_from_str)
out/export-ta_arm32/lib/libutee.a(trace_ext.o)
                              out/export-ta_arm32/lib/libutils.a(trace.o) (trace_ext_puts)
out/export-ta_arm32/lib/libutee.a(tee_api.o)
                              out/ta/pkcs11/src/pkcs11_token.o (TEE_CloseTASession)
out/export-ta_arm32/lib/libutee.a(tee_api_objects.o)
                              out/ta/pkcs11/src/persistent_token.o (TEE_GetObjectInfo1)
out/export-ta_arm32/lib/libutee.a(tee_api_operations.o)
                              out/ta/pkcs11/src/persistent_token.o (TEE_FreeOperation)
out/export-ta_arm32/lib/libutee.a(tee_api_panic.o)
                              out/ta/pkcs11/src/attributes.o (TEE_Panic)
out/export-ta_arm32/lib/libutee.a(tee_api_property.o)
                              out/ta/pkcs11/src/pkcs11_token.o (TEE_GetPropertyAsUUID)
out/export-ta_arm32/lib/libutee.a(tee_system_pta.o)
                              out/export-ta_arm32/lib/libutee.a(tee_api.o) (tee_map_zi)
out/export-ta_arm32/lib/libutee.a(utee_syscalls_a32.o)
                              out/export-ta_arm32/lib/libutee.a(assert.o) (_utee_panic)
out/export-ta_arm32/lib/libutee.a(user_ta_entry.o)
                              out/ta/pkcs11/user_ta_header.o (__utee_entry)
out/export-ta_arm32/lib/libutee.a(abort.o)
                              out/export-ta_arm32/lib/libutee.a(user_ta_entry.o) (abort)
out/export-ta_arm32/lib/libutee.a(base64.o)
                              out/export-ta_arm32/lib/libutee.a(tee_api_property.o) (_base64_enc_len)
out/export-ta_arm32/lib/libutee.a(tee_api_arith_mpi.o)
                              out/export-ta_arm32/lib/libutee.a(user_ta_entry.o) (_TEE_MathAPI_Init)
out/export-ta_arm32/lib/libutee.a(tcb.o)
                              out/export-ta_arm32/lib/libutee.a(user_ta_entry.o) (__utee_tcb_init)
out/export-ta_arm32/lib/libmbedtls.a(bignum.o)
                              out/export-ta_arm32/lib/libutee.a(tee_api_arith_mpi.o) (mbedtls_mpi_init_mempool)
out/export-ta_arm32/lib/libmbedtls.a(platform_util.o)
                              out/export-ta_arm32/lib/libmbedtls.a(bignum.o) (mbedtls_platform_zeroize)
out/export-ta_arm32/lib/libutils.a(bget_malloc.o)
                              out/export-ta_arm32/lib/libutee.a(tee_api.o) (malloc)
out/export-ta_arm32/lib/libutils.a(isxdigit.o)
                              out/export-ta_arm32/lib/libutee.a(tee_uuid_from_str.o) (isxdigit)
out/export-ta_arm32/lib/libutils.a(tolower.o)
                              out/export-ta_arm32/lib/libutee.a(tee_uuid_from_str.o) (tolower)
out/export-ta_arm32/lib/libutils.a(memmove.o)
[...]
Memory Configuration

Name             Origin             Length             Attributes
*default*        0x0000000000000000 0xffffffffffffffff

Linker script and memory map


.ta_head        0x0000000000000000       0x20
 *(SORT_BY_ALIGNMENT(.ta_head))
 .ta_head       0x0000000000000000       0x20 out/ta/pkcs11/user_ta_header.o
                0x0000000000000000                ta_head

.text           0x0000000000000020    0x15a80
                0x0000000000000020                __text_start = .
 *(SORT_BY_ALIGNMENT(.text) SORT_BY_ALIGNMENT(.text.*))
 .text          0x0000000000000020      0x600 out/export-ta_arm32/lib/libutee.a(tee_api.o)
                0x0000000000000086                TEE_CloseTASession
                0x000000000000009a                TEE_GetCancellationFlag
                0x00000000000000ec                TEE_UnmaskCancellation
                0x000000000000013c                TEE_MaskCancellation
                0x000000000000018c                TEE_CheckMemoryAccessRights
                0x0000000000000318                TEE_OpenTASession
                0x00000000000003dc                TEE_InvokeTACommand
                0x00000000000004c0                TEE_SetInstanceData
                0x00000000000004cc                TEE_GetInstanceData
                0x00000000000004d8                TEE_MemMove
                0x00000000000004dc                TEE_MemCompare
                0x00000000000004e0                TEE_MemFill
                0x00000000000004e4                TEE_GetSystemTime
                0x00000000000004fa                TEE_Wait
                0x0000000000000518                TEE_GetTAPersistentTime
                0x0000000000000554                TEE_SetTAPersistentTime
                0x000000000000057c                TEE_GetREETime
                0x0000000000000592                TEE_Malloc
                0x00000000000005e4                TEE_Free
                0x00000000000005ee                TEE_Realloc
                0x000000000000060e                TEE_CacheClean
                0x0000000000000614                TEE_CacheFlush
                0x000000000000061a                TEE_CacheInvalidate
 .text          0x0000000000000620      0x720 out/ta/pkcs11/src/attributes.o
                0x00000000000006cc                init_attributes_head
                0x00000000000006e4                add_attribute
                0x0000000000000770                remove_empty_attribute
                0x0000000000000776                get_attribute_ptrs
                0x0000000000000848                get_attribute_ptr
                0x00000000000008a4                get_attribute
                0x0000000000000924                set_attribute
                0x0000000000000952                modify_attributes_list
                0x00000000000009dc                get_bool
                0x0000000000000a64                attributes_match_reference
                0x0000000000000b0c                attributes_match_add_reference
                0x0000000000000bd4                trace_attributes
 .text          0x0000000000000d40      0x334 out/ta/pkcs11/src/entry.o
                0x0000000000000d40                TA_CreateEntryPoint
                0x0000000000000d44                TA_DestroyEntryPoint
                0x0000000000000d48                TA_OpenSessionEntryPoint
                0x0000000000000d60                TA_CloseSessionEntryPoint
                0x0000000000000d6e                TA_InvokeCommandEntryPoint
 .text          0x0000000000001074      0xe50 out/ta/pkcs11/src/object.o
                0x000000000000112e                pkcs11_handle2object
                0x0000000000001150                pkcs11_object2handle
                0x0000000000001164                cleanup_persistent_object
                0x00000000000011a8                destroy_object
                0x0000000000001240                create_token_object
                0x0000000000001260                create_object
                0x0000000000001388                entry_create_object
                0x00000000000014a4                entry_destroy_object
                0x0000000000001588                entry_find_objects_init
                0x00000000000017b4                entry_find_objects
                0x0000000000001878                release_session_find_obj_context
                0x0000000000001898                entry_find_objects_final
                0x0000000000001924                entry_get_attribute_value
                0x0000000000001ac8                entry_get_object_size
                0x0000000000001b90                entry_set_attribute_value
                0x0000000000001cd4                entry_copy_object
 .text          0x0000000000001ec4      0xd84 out/ta/pkcs11/src/persistent_token.o
                0x0000000000002014                update_persistent_db
                0x00000000000020b8                hash_pin
                0x0000000000002128                verify_pin
                0x00000000000021a8                setup_so_identity_auth_from_client
                0x0000000000002248                setup_identity_auth_from_pin
                0x000000000000242c                verify_identity_auth
                0x0000000000002508                close_persistent_db
                0x000000000000250a                create_object_uuid
                0x0000000000002568                destroy_object_uuid
                0x00000000000025a8                get_persistent_objects_list
                0x00000000000025d4                unregister_persistent_object
                0x00000000000026bc                register_persistent_object
                0x0000000000002784                load_persistent_object_attributes
                0x0000000000002928                release_persistent_object_attributes
                0x0000000000002938                update_persistent_object_attributes
                0x0000000000002a08                init_persistent_db
 .text          0x0000000000002c48     0x1f34 out/ta/pkcs11/src/pkcs11_attributes.o
                0x0000000000003228                check_mechanism_against_processing
                0x0000000000003380                create_attributes_from_template
                0x0000000000003e40                object_is_private
                0x0000000000003e46                object_is_token
                0x0000000000003e4c                object_is_modifiable
                0x0000000000003e54                object_is_copyable
                0x0000000000003e5c                check_access_attrs_against_token
                0x0000000000003e92                check_created_attrs_against_token
                0x0000000000003efa                check_created_attrs_against_processing
                0x0000000000004068                check_created_attrs
                0x00000000000042dc                check_parent_attrs_against_processing
                0x0000000000004648                attribute_is_exportable
                0x00000000000046f0                check_attrs_against_modification
                0x0000000000004998                set_key_data
                0x0000000000004a4c                get_key_data_to_wrap
                0x0000000000004a76                add_missing_attribute_id
 .text          0x0000000000004b7c      0x6b0 out/ta/pkcs11/src/pkcs11_helpers.o
                0x0000000000004bc4                tee2pkcs_error
                0x0000000000004c18                valid_pkcs11_attribute_id
                0x0000000000004c50                pkcs11_attr_is_type
                0x0000000000004c6a                pkcs11_attr_has_indirect_attributes
                0x0000000000004c7e                pkcs11_class_has_type
                0x0000000000004c92                pkcs11_attr_class_is_key
                0x0000000000004c9e                key_type_is_symm_key
                0x0000000000004cbc                key_type_is_asymm_key
                0x0000000000004cca                pkcs11_attr2boolprop_shift
                0x0000000000004cf0                pkcs2tee_load_attr
                0x0000000000004ef0                pkcs2tee_load_hashed_attr
                0x0000000000004fe0                pkcs2tee_mode
                0x0000000000005014                id2str_rc
                0x000000000000502c                id2str_ta_cmd
                0x0000000000005040                id2str_slot_flag
                0x0000000000005058                id2str_token_flag
                0x0000000000005070                id2str_session_flag
                0x0000000000005088                id2str_session_state
                0x00000000000050a0                id2str_attr
                0x00000000000050d0                id2str_class
                0x00000000000050e8                id2str_key_type
                0x0000000000005100                id2str_type
                0x0000000000005114                id2str_certificate_type
                0x000000000000512c                id2str_attr_value
                0x00000000000051dc                id2str_proc
                0x0000000000005214                id2str_function
 .text          0x000000000000522c     0x157c out/ta/pkcs11/src/pkcs11_token.o
                0x0000000000005498                get_token
                0x00000000000054c4                get_token_id
                0x0000000000005510                get_object_handle_db
                0x0000000000005516                get_session_list
                0x000000000000551c                tee_session2client
                0x0000000000005534                pkcs11_handle2session
                0x0000000000005540                register_client
                0x000000000000558c                unregister_client
                0x00000000000055f8                pkcs11_init
                0x0000000000005624                pkcs11_deinit
                0x000000000000563a                set_processing_state
                0x00000000000056d0                entry_ck_slot_list
                0x000000000000575c                entry_ck_slot_info
                0x000000000000588c                entry_ck_token_info
                0x0000000000005a00                entry_ck_token_mecha_ids
                0x0000000000005af0                entry_ck_token_mecha_info
                0x0000000000005bcc                entry_ck_open_session
                0x0000000000005d78                entry_ck_close_session
                0x0000000000005dfc                entry_ck_close_all_sessions
                0x0000000000005e98                entry_ck_session_info
                0x0000000000005f5c                entry_ck_token_initialize
                0x0000000000006148                entry_ck_init_pin
                0x0000000000006228                entry_ck_set_pin
                0x000000000000632c                entry_ck_login
                0x00000000000064b0                entry_ck_logout
                0x00000000000065b8                entry_ck_seed_random
                0x00000000000066d0                entry_ck_generate_random
 .text          0x00000000000067a8     0x101c out/ta/pkcs11/src/processing.o
                0x0000000000006828                release_active_processing
                0x0000000000006864                get_object_key_bit_size
                0x0000000000006930                entry_generate_secret
                0x0000000000006b2c                alloc_get_tee_attribute_data
                0x0000000000006bc4                tee2pkcs_add_attribute
                0x0000000000006c60                entry_generate_key_pair
                0x0000000000006ed4                entry_processing_init
                0x0000000000007048                entry_processing_step
                0x0000000000007218                entry_processing_key
                0x00000000000074c0                entry_release_active_processing
                0x0000000000007578                entry_wrap_key
 .text          0x00000000000077c4       0x98 out/ta/pkcs11/src/processing_aes.o
                0x00000000000077c4                tee_init_ctr_operation
 .text          0x000000000000785c      0xab8 out/ta/pkcs11/src/processing_asymm.o
                0x0000000000007910                processing_is_tee_asymm
                0x0000000000007954                init_asymm_operation
                0x0000000000007e08                step_asymm_operation
 .text          0x0000000000008314      0x328 out/ta/pkcs11/src/processing_digest.o
                0x0000000000008314                processing_is_tee_digest
                0x0000000000008358                init_digest_operation
                0x0000000000008440                step_digest_operation
 .text          0x000000000000863c      0x620 out/ta/pkcs11/src/processing_ec.o
                0x0000000000008688                ec_params2tee_keysize
                0x0000000000008694                ec_params2tee_curve
                0x00000000000086c4                load_tee_ec_key_attrs
                0x000000000000886c                pkcs2tee_algo_ecdsa
                0x00000000000088d8                generate_ec_keys
                0x0000000000008bc4                ecdsa_get_input_max_byte_size
 .text          0x0000000000008c5c      0xa90 out/ta/pkcs11/src/processing_rsa.o
                0x0000000000008c62                pkcs2tee_proc_params_rsa_pss
                0x0000000000008d0c                pkcs2tee_validate_rsa_pss
                0x0000000000008da8                pkcs2tee_algo_rsa_pss
                0x0000000000008f2c                pkcs2tee_proc_params_rsa_oaep
                0x000000000000900c                pkcs2tee_algo_rsa_oaep
                0x00000000000091c8                load_tee_rsa_key_attrs
                0x00000000000093dc                generate_rsa_keys
                0x0000000000009694                rsa_get_input_max_byte_size
 .text          0x00000000000096ec     0x1098 out/ta/pkcs11/src/processing_symm.o
                0x000000000000984c                processing_is_tee_symm
                0x00000000000098d4                init_symm_operation
                0x000000000000a05c                step_symm_operation
                0x000000000000a54c                derive_key_by_symm_enc
                0x000000000000a5ae                wrap_data_by_symm_enc
                0x000000000000a6f0                unwrap_key_by_symm
 .text          0x000000000000a784      0x6e4 out/ta/pkcs11/src/sanitize_object.o
                0x000000000000a824                sanitize_consistent_class_and_type
                0x000000000000a940                trace_attributes_from_api_head
                0x000000000000aae0                sanitize_client_object
 .text          0x000000000000ae68      0x30c out/ta/pkcs11/src/serializer.o
                0x000000000000ae68                serialargs_init
                0x000000000000ae70                serialargs_get_ptr
                0x000000000000aec8                serialargs_get
                0x000000000000afbc                serialargs_alloc_and_get
                0x000000000000afd2                serialargs_alloc_get_one_attribute
                0x000000000000b044                serialargs_alloc_get_attributes
                0x000000000000b0b4                serialargs_remaining_bytes
                0x000000000000b0c6                serialargs_get_session_from_handle
                0x000000000000b128                serialize
 .text          0x000000000000b174      0x320 out/ta/pkcs11/src/token_capabilities.o
                0x000000000000b174                mechanism_string_id
                0x000000000000b1a0                mechanism_is_valid
                0x000000000000b1c0                mechanism_flags_complies_pkcs11
                0x000000000000b244                mechanism_is_one_shot_only
                0x000000000000b270                tee_malloc_mechanism_list
                0x000000000000b2f4                mechanism_supported_flags
                0x000000000000b350                pkcs11_mechanism_supported_key_sizes
                0x000000000000b462                mechanism_supported_key_sizes_bytes
 .text.__ta_entry
                0x000000000000b494        0x4 out/ta/pkcs11/ta_entry_a32.o
                0x000000000000b494                __ta_entry
 .text          0x000000000000b498       0x68 out/export-ta_arm32/lib/libutils.a(snprintf.o)
                0x000000000000b498                snprintf
                0x000000000000b4f0                vsnprintf
 .text          0x000000000000b500       0xd8 out/export-ta_arm32/lib/libutils.a(memcpy.o)
                0x000000000000b500                memcpy
 .text          0x000000000000b5d8      0x808 out/export-ta_arm32/lib/libutils.a(snprintk.o)
                0x000000000000b5d8                __vsnprintf
                0x000000000000b63c                vsnprintk
                0x000000000000b64a                snprintk
                0x000000000000bdc8                __vsprintf
 .text          0x000000000000bde0      0x208 out/export-ta_arm32/lib/libutils.a(trace.o)
                0x000000000000bde0                trace_set_level
                0x000000000000bdfc                trace_get_level
                0x000000000000be10                trace_vprintf
                0x000000000000bf8c                trace_printf
                0x000000000000bfe4                dhex_dump
 .text.__aeabi_ldivmod
                0x000000000000bfe8       0x18 out/export-ta_arm32/lib/libutils.a(arm32_aeabi_ldivmod_a32.o)
                0x000000000000bfe8                __aeabi_ldivmod
 .text.__aeabi_uldivmod
                0x000000000000c000       0x18 out/export-ta_arm32/lib/libutils.a(arm32_aeabi_ldivmod_a32.o)
                0x000000000000c000                __aeabi_uldivmod
 .text          0x000000000000c018      0x1b8 out/export-ta_arm32/lib/libutils.a(arm32_aeabi_ldivmod.o)
                0x000000000000c0a6                __ul_divmod
                0x000000000000c11c                __l_divmod
 .text          0x000000000000c1d0       0x38 out/export-ta_arm32/lib/libutee.a(assert.o)
                0x000000000000c1d0                _assert_log
                0x000000000000c1f8                _assert_break
 .text          0x000000000000c208      0x144 out/export-ta_arm32/lib/libutee.a(tee_uuid_from_str.o)
                0x000000000000c254                tee_uuid_from_str
 .text          0x000000000000c34c      0x108 out/export-ta_arm32/lib/libutee.a(trace_ext.o)
                0x000000000000c34c                trace_ext_puts
                0x000000000000c360                trace_ext_get_thread_id
                0x000000000000c366                printf
                0x000000000000c3d8                puts
                0x000000000000c3fc                putchar
 .text          0x000000000000c454      0xb34 out/export-ta_arm32/lib/libutee.a(tee_api_objects.o)
                0x000000000000c454                __utee_from_attr
                0x000000000000c492                TEE_GetObjectInfo
                0x000000000000c4bc                TEE_GetObjectInfo1
                0x000000000000c4dc                TEE_RestrictObjectUsage1
                0x000000000000c4fc                TEE_RestrictObjectUsage
                0x000000000000c55c                TEE_GetObjectBufferAttribute
                0x000000000000c604                TEE_GetObjectValueAttribute
                0x000000000000c6d4                TEE_CloseObject
                0x000000000000c6e8                TEE_AllocateTransientObject
                0x000000000000c75c                TEE_FreeTransientObject
                0x000000000000c7c0                TEE_ResetTransientObject
                0x000000000000c824                TEE_PopulateTransientObject
                0x000000000000c8d0                TEE_InitRefAttribute
                0x000000000000c8f2                TEE_InitValueAttribute
                0x000000000000c914                TEE_CopyObjectAttributes1
                0x000000000000c9b0                TEE_CopyObjectAttributes
                0x000000000000ca14                TEE_GenerateKey
                0x000000000000caa0                TEE_OpenPersistentObject
                0x000000000000cb40                TEE_CreatePersistentObject
                0x000000000000cbfc                TEE_CloseAndDeletePersistentObject1
                0x000000000000cc20                TEE_CloseAndDeletePersistentObject
                0x000000000000cc36                TEE_RenamePersistentObject
                0x000000000000cc70                TEE_AllocatePersistentObjectEnumerator
                0x000000000000ccd8                TEE_FreePersistentObjectEnumerator
                0x000000000000ccec                TEE_ResetPersistentObjectEnumerator
                0x000000000000cd00                TEE_StartPersistentObjectEnumerator
                0x000000000000cd2c                TEE_GetNextPersistentObject
                0x000000000000cdd0                TEE_ReadObjectData
                0x000000000000ce5c                TEE_WriteObjectData
                0x000000000000ce9c                TEE_TruncateObjectData
                0x000000000000ced4                TEE_SeekObjectData
 .text          0x000000000000cf88     0x1f28 out/export-ta_arm32/lib/libutee.a(tee_api_operations.o)
                0x000000000000d114                TEE_FreeOperation
                0x000000000000d13a                TEE_AllocateOperation
                0x000000000000d8e4                TEE_GetOperationInfo
                0x000000000000d914                TEE_GetOperationInfoMultiple
                0x000000000000da1c                TEE_ResetOperation
                0x000000000000da5c                TEE_SetOperationKey
                0x000000000000db28                TEE_SetOperationKey2
                0x000000000000dc54                TEE_CopyOperation
                0x000000000000dd08                TEE_DigestUpdate
                0x000000000000dd3c                TEE_DigestDoFinal
                0x000000000000ddf4                TEE_CipherInit
                0x000000000000de68                TEE_CipherUpdate
                0x000000000000df8c                TEE_CipherDoFinal
                0x000000000000e100                TEE_MACInit
                0x000000000000e156                TEE_MACUpdate
                0x000000000000e1a4                TEE_MACComputeFinal
                0x000000000000e254                TEE_MACCompareFinal
                0x000000000000e30c                TEE_AEInit
                0x000000000000e37c                TEE_AEUpdateAAD
                0x000000000000e3c2                TEE_AEUpdate
                0x000000000000e4d4                TEE_AEEncryptFinal
                0x000000000000e62c                TEE_AEDecryptFinal
                0x000000000000e758                TEE_AsymmetricEncrypt
                0x000000000000e848                TEE_AsymmetricDecrypt
                0x000000000000e93c                TEE_AsymmetricSignDigest
                0x000000000000ea28                TEE_AsymmetricVerifyDigest
                0x000000000000eb04                TEE_DeriveKey
                0x000000000000ec18                TEE_GenerateRandom
                0x000000000000ec2a                rand
                0x000000000000ec74                TEE_IsAlgorithmSupported
 .text          0x000000000000eeb0       0xdc out/export-ta_arm32/lib/libutee.a(tee_api_panic.o)
                0x000000000000eed0                TEE_Panic
                0x000000000000eede                __utee_check_outbuf_annotation
                0x000000000000ef0c                __utee_check_instring_annotation
                0x000000000000ef26                __utee_check_outstring_annotation
                0x000000000000ef54                __utee_check_out_annotation
                0x000000000000ef66                __utee_check_attr_in_annotation
                0x000000000000ef7a                __utee_check_inout_annotation
 .text          0x000000000000ef8c      0x860 out/export-ta_arm32/lib/libutee.a(tee_api_property.o)
                0x000000000000f1d4                TEE_GetPropertyAsString
                0x000000000000f35c                TEE_GetPropertyAsBool
                0x000000000000f3f0                TEE_GetPropertyAsU32
                0x000000000000f488                TEE_GetPropertyAsBinaryBlock
                0x000000000000f524                TEE_GetPropertyAsUUID
                0x000000000000f5bc                TEE_GetPropertyAsIdentity
                0x000000000000f654                TEE_ResetPropertyEnumerator
                0x000000000000f65c                TEE_AllocatePropertyEnumerator
                0x000000000000f684                TEE_FreePropertyEnumerator
                0x000000000000f688                TEE_StartPropertyEnumerator
                0x000000000000f692                TEE_GetPropertyName
                0x000000000000f754                TEE_GetNextProperty
 .text          0x000000000000f7ec      0x1fc out/export-ta_arm32/lib/libutee.a(tee_system_pta.o)
                0x000000000000f83c                tee_map_zi
                0x000000000000f8a8                tee_unmap
                0x000000000000f928                tee_invoke_supp_plugin
 .text          0x000000000000f9e8        0x0 out/export-ta_arm32/lib/libutee.a(utee_syscalls_a32.o)
 .text._utee_panic
                0x000000000000f9e8       0x14 out/export-ta_arm32/lib/libutee.a(utee_syscalls_a32.o)
                0x000000000000f9e8                _utee_panic
 .text._utee_return
                0x000000000000f9fc       0x14 out/export-ta_arm32/lib/libutee.a(utee_syscalls_a32.o)
                0x000000000000f9fc                _utee_return
 .text._utee_log
                0x000000000000fa10       0x14 out/export-ta_arm32/lib/libutee.a(utee_syscalls_a32.o)
                0x000000000000fa10                _utee_log
 .text.__utee_panic
                0x000000000000fa24       0x14 out/export-ta_arm32/lib/libutee.a(utee_syscalls_a32.o)
                0x000000000000fa24                __utee_panic
 .text._utee_get_property
                0x000000000000fa38       0x18 out/export-ta_arm32/lib/libutee.a(utee_syscalls_a32.o)
                0x000000000000fa38                _utee_get_property
 .text._utee_get_property_name_to_index
                0x000000000000fa50       0x14 out/export-ta_arm32/lib/libutee.a(utee_syscalls_a32.o)
                0x000000000000fa50                _utee_get_property_name_to_index
 .text._utee_open_ta_session
                0x000000000000fa64       0x18 out/export-ta_arm32/lib/libutee.a(utee_syscalls_a32.o)
                0x000000000000fa64                _utee_open_ta_session
 .text._utee_close_ta_session
                0x000000000000fa7c       0x14 out/export-ta_arm32/lib/libutee.a(utee_syscalls_a32.o)
                0x000000000000fa7c                _utee_close_ta_session
 .text._utee_invoke_ta_command
                0x000000000000fa90       0x18 out/export-ta_arm32/lib/libutee.a(utee_syscalls_a32.o)
                0x000000000000fa90                _utee_invoke_ta_command
 .text._utee_get_cancellation_flag
                0x000000000000faa8       0x14 out/export-ta_arm32/lib/libutee.a(utee_syscalls_a32.o)
                0x000000000000faa8                _utee_get_cancellation_flag
 .text._utee_check_access_rights
                0x000000000000fabc       0x14 out/export-ta_arm32/lib/libutee.a(utee_syscalls_a32.o)
                0x000000000000fabc                _utee_check_access_rights
 .text._utee_unmask_cancellation
                0x000000000000fad0       0x14 out/export-ta_arm32/lib/libutee.a(utee_syscalls_a32.o)
                0x000000000000fad0                _utee_unmask_cancellation
 .text._utee_mask_cancellation
                0x000000000000fae4       0x14 out/export-ta_arm32/lib/libutee.a(utee_syscalls_a32.o)
                0x000000000000fae4                _utee_mask_cancellation
 .text._utee_wait
                0x000000000000faf8       0x14 out/export-ta_arm32/lib/libutee.a(utee_syscalls_a32.o)
                0x000000000000faf8                _utee_wait
 .text._utee_get_time
                0x000000000000fb0c       0x14 out/export-ta_arm32/lib/libutee.a(utee_syscalls_a32.o)
                0x000000000000fb0c                _utee_get_time
 .text._utee_set_ta_time
                0x000000000000fb20       0x14 out/export-ta_arm32/lib/libutee.a(utee_syscalls_a32.o)
                0x000000000000fb20                _utee_set_ta_time
 .text._utee_cryp_state_alloc
                0x000000000000fb34       0x18 out/export-ta_arm32/lib/libutee.a(utee_syscalls_a32.o)
                0x000000000000fb34                _utee_cryp_state_alloc
 .text._utee_cryp_state_copy
                0x000000000000fb4c       0x14 out/export-ta_arm32/lib/libutee.a(utee_syscalls_a32.o)
                0x000000000000fb4c                _utee_cryp_state_copy
 .text._utee_cryp_state_free
                0x000000000000fb60       0x14 out/export-ta_arm32/lib/libutee.a(utee_syscalls_a32.o)
                0x000000000000fb60                _utee_cryp_state_free
 .text._utee_hash_init
                0x000000000000fb74       0x14 out/export-ta_arm32/lib/libutee.a(utee_syscalls_a32.o)
                0x000000000000fb74                _utee_hash_init
 .text._utee_hash_update
                0x000000000000fb88       0x14 out/export-ta_arm32/lib/libutee.a(utee_syscalls_a32.o)
                0x000000000000fb88                _utee_hash_update
 .text._utee_hash_final
                0x000000000000fb9c       0x18 out/export-ta_arm32/lib/libutee.a(utee_syscalls_a32.o)
                0x000000000000fb9c                _utee_hash_final
 .text._utee_cipher_init
                0x000000000000fbb4       0x14 out/export-ta_arm32/lib/libutee.a(utee_syscalls_a32.o)
                0x000000000000fbb4                _utee_cipher_init
 .text._utee_cipher_update
                0x000000000000fbc8       0x18 out/export-ta_arm32/lib/libutee.a(utee_syscalls_a32.o)
                0x000000000000fbc8                _utee_cipher_update
 .text._utee_cipher_final
                0x000000000000fbe0       0x18 out/export-ta_arm32/lib/libutee.a(utee_syscalls_a32.o)
                0x000000000000fbe0                _utee_cipher_final
 .text._utee_cryp_obj_get_info
                0x000000000000fbf8       0x14 out/export-ta_arm32/lib/libutee.a(utee_syscalls_a32.o)
                0x000000000000fbf8                _utee_cryp_obj_get_info
 .text._utee_cryp_obj_restrict_usage
                0x000000000000fc0c       0x14 out/export-ta_arm32/lib/libutee.a(utee_syscalls_a32.o)
                0x000000000000fc0c                _utee_cryp_obj_restrict_usage
 .text._utee_cryp_obj_get_attr
                0x000000000000fc20       0x14 out/export-ta_arm32/lib/libutee.a(utee_syscalls_a32.o)
                0x000000000000fc20                _utee_cryp_obj_get_attr
 .text._utee_cryp_obj_alloc
                0x000000000000fc34       0x14 out/export-ta_arm32/lib/libutee.a(utee_syscalls_a32.o)
                0x000000000000fc34                _utee_cryp_obj_alloc
 .text._utee_cryp_obj_close
                0x000000000000fc48       0x14 out/export-ta_arm32/lib/libutee.a(utee_syscalls_a32.o)
                0x000000000000fc48                _utee_cryp_obj_close
 .text._utee_cryp_obj_reset
                0x000000000000fc5c       0x14 out/export-ta_arm32/lib/libutee.a(utee_syscalls_a32.o)
                0x000000000000fc5c                _utee_cryp_obj_reset
 .text._utee_cryp_obj_populate
                0x000000000000fc70       0x14 out/export-ta_arm32/lib/libutee.a(utee_syscalls_a32.o)
                0x000000000000fc70                _utee_cryp_obj_populate
 .text._utee_cryp_obj_copy
                0x000000000000fc84       0x14 out/export-ta_arm32/lib/libutee.a(utee_syscalls_a32.o)
                0x000000000000fc84                _utee_cryp_obj_copy
 .text._utee_cryp_derive_key
                0x000000000000fc98       0x14 out/export-ta_arm32/lib/libutee.a(utee_syscalls_a32.o)
                0x000000000000fc98                _utee_cryp_derive_key
 .text._utee_cryp_random_number_generate
                0x000000000000fcac       0x14 out/export-ta_arm32/lib/libutee.a(utee_syscalls_a32.o)
                0x000000000000fcac                _utee_cryp_random_number_generate
 .text._utee_authenc_init
                0x000000000000fcc0       0x18 out/export-ta_arm32/lib/libutee.a(utee_syscalls_a32.o)
                0x000000000000fcc0                _utee_authenc_init
 .text._utee_authenc_update_aad
                0x000000000000fcd8       0x14 out/export-ta_arm32/lib/libutee.a(utee_syscalls_a32.o)
                0x000000000000fcd8                _utee_authenc_update_aad
 .text._utee_authenc_update_payload
                0x000000000000fcec       0x18 out/export-ta_arm32/lib/libutee.a(utee_syscalls_a32.o)
                0x000000000000fcec                _utee_authenc_update_payload
 .text._utee_authenc_enc_final
                0x000000000000fd04       0x18 out/export-ta_arm32/lib/libutee.a(utee_syscalls_a32.o)
                0x000000000000fd04                _utee_authenc_enc_final
 .text._utee_authenc_dec_final
                0x000000000000fd1c       0x18 out/export-ta_arm32/lib/libutee.a(utee_syscalls_a32.o)
                0x000000000000fd1c                _utee_authenc_dec_final
 .text._utee_asymm_operate
                0x000000000000fd34       0x18 out/export-ta_arm32/lib/libutee.a(utee_syscalls_a32.o)
                0x000000000000fd34                _utee_asymm_operate
 .text._utee_asymm_verify
                0x000000000000fd4c       0x18 out/export-ta_arm32/lib/libutee.a(utee_syscalls_a32.o)
                0x000000000000fd4c                _utee_asymm_verify
 .text._utee_storage_obj_open
                0x000000000000fd64       0x18 out/export-ta_arm32/lib/libutee.a(utee_syscalls_a32.o)
                0x000000000000fd64                _utee_storage_obj_open
 .text._utee_storage_obj_create
                0x000000000000fd7c       0x18 out/export-ta_arm32/lib/libutee.a(utee_syscalls_a32.o)
                0x000000000000fd7c                _utee_storage_obj_create
 .text._utee_storage_obj_del
                0x000000000000fd94       0x14 out/export-ta_arm32/lib/libutee.a(utee_syscalls_a32.o)
                0x000000000000fd94                _utee_storage_obj_del
 .text._utee_storage_obj_rename
                0x000000000000fda8       0x14 out/export-ta_arm32/lib/libutee.a(utee_syscalls_a32.o)
                0x000000000000fda8                _utee_storage_obj_rename
 .text._utee_storage_alloc_enum
                0x000000000000fdbc       0x14 out/export-ta_arm32/lib/libutee.a(utee_syscalls_a32.o)
                0x000000000000fdbc                _utee_storage_alloc_enum
 .text._utee_storage_free_enum
                0x000000000000fdd0       0x14 out/export-ta_arm32/lib/libutee.a(utee_syscalls_a32.o)
                0x000000000000fdd0                _utee_storage_free_enum
 .text._utee_storage_reset_enum
                0x000000000000fde4       0x14 out/export-ta_arm32/lib/libutee.a(utee_syscalls_a32.o)
                0x000000000000fde4                _utee_storage_reset_enum
 .text._utee_storage_start_enum
                0x000000000000fdf8       0x14 out/export-ta_arm32/lib/libutee.a(utee_syscalls_a32.o)
                0x000000000000fdf8                _utee_storage_start_enum
 .text._utee_storage_next_enum
                0x000000000000fe0c       0x14 out/export-ta_arm32/lib/libutee.a(utee_syscalls_a32.o)
                0x000000000000fe0c                _utee_storage_next_enum
 .text._utee_storage_obj_read
                0x000000000000fe20       0x14 out/export-ta_arm32/lib/libutee.a(utee_syscalls_a32.o)
                0x000000000000fe20                _utee_storage_obj_read
 .text._utee_storage_obj_write
                0x000000000000fe34       0x14 out/export-ta_arm32/lib/libutee.a(utee_syscalls_a32.o)
                0x000000000000fe34                _utee_storage_obj_write
 .text._utee_storage_obj_trunc
                0x000000000000fe48       0x14 out/export-ta_arm32/lib/libutee.a(utee_syscalls_a32.o)
                0x000000000000fe48                _utee_storage_obj_trunc
 .text._utee_storage_obj_seek
                0x000000000000fe5c       0x14 out/export-ta_arm32/lib/libutee.a(utee_syscalls_a32.o)
                0x000000000000fe5c                _utee_storage_obj_seek
 .text._utee_cryp_obj_generate_key
                0x000000000000fe70       0x14 out/export-ta_arm32/lib/libutee.a(utee_syscalls_a32.o)
                0x000000000000fe70                _utee_cryp_obj_generate_key
 .text._utee_cache_operation
                0x000000000000fe84       0x14 out/export-ta_arm32/lib/libutee.a(utee_syscalls_a32.o)
                0x000000000000fe84                _utee_cache_operation
 .text          0x000000000000fe98      0x558 out/export-ta_arm32/lib/libutee.a(user_ta_entry.o)
                0x00000000000100ac                __utee_call_elf_init_fn
                0x0000000000010198                __utee_call_elf_fini_fn
                0x0000000000010214                __utee_entry
 .text.unlikely
                0x00000000000103f0       0x18 out/export-ta_arm32/lib/libutee.a(abort.o)
                0x00000000000103f0                abort
 .text          0x0000000000010408      0x1a0 out/export-ta_arm32/lib/libutee.a(base64.o)
                0x0000000000010408                _base64_enc_len
                0x0000000000010416                _base64_enc
                0x00000000000104e4                _base64_dec
 .text          0x00000000000105a8     0x165c out/export-ta_arm32/lib/libutee.a(tee_api_arith_mpi.o)
                0x0000000000010c30                _TEE_MathAPI_Init
                0x0000000000010c74                TEE_BigIntInit
                0x0000000000010cac                TEE_BigIntConvertFromOctetString
                0x0000000000010d38                TEE_BigIntConvertToOctetString
                0x0000000000010dc4                TEE_BigIntConvertFromS32
                0x0000000000010e48                TEE_BigIntConvertToS32
                0x0000000000010edc                TEE_BigIntCmp
                0x0000000000010f48                TEE_BigIntCmpS32
                0x00000000000110e8                TEE_BigIntShiftRight
                0x000000000001122c                TEE_BigIntGetBit
                0x000000000001128c                TEE_BigIntGetBitCount
                0x00000000000112e4                TEE_BigIntAdd
                0x0000000000011304                TEE_BigIntSub
                0x0000000000011324                TEE_BigIntNeg
                0x00000000000113cc                TEE_BigIntMul
                0x00000000000114a8                TEE_BigIntSquare
                0x00000000000114ae                TEE_BigIntDiv
                0x00000000000115d0                TEE_BigIntMod
                0x0000000000011620                TEE_BigIntAddMod
                0x000000000001163c                TEE_BigIntSubMod
                0x0000000000011658                TEE_BigIntMulMod
                0x0000000000011674                TEE_BigIntSquareMod
                0x000000000001167c                TEE_BigIntInvMod
                0x0000000000011770                TEE_BigIntRelativePrime
                0x0000000000011820                TEE_BigIntComputeExtendedGcd
                0x00000000000119fc                TEE_BigIntIsProbablePrime
                0x0000000000011a60                TEE_BigIntInitFMM
                0x0000000000011a64                TEE_BigIntInitFMMContext
                0x0000000000011a66                TEE_BigIntFMMSizeInU32
                0x0000000000011a6e                TEE_BigIntFMMContextSizeInU32
                0x0000000000011a72                TEE_BigIntConvertToFMM
                0x0000000000011a76                TEE_BigIntConvertFromFMM
                0x0000000000011b10                TEE_BigIntComputeFMM
 .text          0x0000000000011c04      0x23c out/export-ta_arm32/lib/libutee.a(tcb.o)
                0x0000000000011c04                __utee_tcb_init
                0x0000000000011d80                __tls_get_addr
                0x0000000000011d98                dl_iterate_phdr
 .text          0x0000000000011e40     0x2ef0 out/export-ta_arm32/lib/libmbedtls.a(bignum.o)
                0x0000000000012460                mbedtls_mpi_init
                0x000000000001246c                mbedtls_mpi_init_mempool
                0x0000000000012494                mbedtls_mpi_free
                0x00000000000124d8                mbedtls_mpi_grow
                0x00000000000125a6                mbedtls_mpi_shrink
                0x000000000001265c                mbedtls_mpi_copy
                0x00000000000126c2                mbedtls_mpi_swap
                0x0000000000012720                mbedtls_mpi_safe_cond_assign
                0x000000000001277c                mbedtls_mpi_safe_cond_swap
                0x0000000000012810                mbedtls_mpi_lset
                0x0000000000012848                mbedtls_mpi_get_bit
                0x000000000001286a                mbedtls_mpi_set_bit
                0x00000000000128bc                mbedtls_mpi_lsb
                0x00000000000128f0                mbedtls_mpi_bitlen
                0x0000000000012926                mbedtls_mpi_size
                0x0000000000012932                mbedtls_mpi_read_binary_le
                0x0000000000012978                mbedtls_mpi_read_binary
                0x00000000000129ba                mbedtls_mpi_write_binary_le
                0x0000000000012a26                mbedtls_mpi_write_binary
                0x0000000000012a92                mbedtls_mpi_shift_l
                0x0000000000012b36                mbedtls_mpi_shift_r
                0x0000000000012bae                mbedtls_mpi_cmp_abs
                0x0000000000012c10                mbedtls_mpi_cmp_mpi
                0x0000000000012c94                mbedtls_mpi_lt_mpi_ct
                0x0000000000012d3c                mbedtls_mpi_cmp_int
                0x0000000000012da0                mbedtls_mpi_add_abs
                0x0000000000012e4e                mbedtls_mpi_sub_abs
                0x0000000000012f30                mbedtls_mpi_add_mpi
                0x0000000000012f78                mbedtls_mpi_sub_mpi
                0x0000000000012fc2                mbedtls_mpi_add_int
                0x0000000000013028                mbedtls_mpi_sub_int
                0x0000000000013090                mbedtls_mpi_mul_mpi
                0x00000000000131ac                mbedtls_mpi_mul_int
                0x0000000000013208                mbedtls_mpi_read_string
                0x0000000000013360                mbedtls_mpi_div_mpi
                0x000000000001373c                mbedtls_mpi_div_int
                0x00000000000137a4                mbedtls_mpi_mod_mpi
                0x0000000000013808                mbedtls_mpi_mod_int
                0x0000000000013874                mbedtls_mpi_write_string
                0x0000000000013aa0                mbedtls_mpi_montg_init
                0x0000000000013aa6                mbedtls_mpi_montmul
                0x0000000000013aaa                mbedtls_mpi_montred
                0x0000000000013aae                mbedtls_mpi_exp_mod
                0x0000000000013f58                mbedtls_mpi_gcd
                0x000000000001408c                mbedtls_mpi_fill_random
                0x0000000000014298                mbedtls_mpi_random
                0x00000000000143c0                mbedtls_mpi_inv_mod
                0x0000000000014714                mbedtls_mpi_is_prime_ext
                0x00000000000147ac                mbedtls_mpi_is_prime
                0x00000000000147b6                mbedtls_mpi_gen_prime
                0x00000000000149fc                mbedtls_mpi_self_test
 .text          0x0000000000014d30       0x14 out/export-ta_arm32/lib/libmbedtls.a(platform_util.o)
                0x0000000000014d30                mbedtls_platform_zeroize
 .text          0x0000000000014d44      0x9b4 out/export-ta_arm32/lib/libutils.a(bget_malloc.o)
                0x0000000000014d64                bget
                0x0000000000014f6c                bgetz
                0x0000000000014fcc                brel
                0x00000000000151d4                bgetr
                0x0000000000015258                bpool
                0x00000000000152f4                bstats
                0x0000000000015358                malloc_reset_stats
                0x000000000001536c                malloc_get_stats
                0x0000000000015388                raw_memalign
                0x00000000000153cc                raw_malloc
                0x00000000000153de                raw_free
                0x00000000000153e6                raw_calloc
                0x000000000001542e                raw_realloc
                0x00000000000154f4                malloc
                0x0000000000015508                calloc
                0x0000000000015528                realloc
                0x0000000000015544                memalign
                0x0000000000015564                free
                0x0000000000015574                free_wipe
                0x0000000000015584                raw_malloc_get_ctx_size
                0x0000000000015588                raw_malloc_init_ctx
                0x000000000001559a                raw_malloc_add_pool
                0x000000000001559c                raw_malloc_get_stats
                0x00000000000155b4                malloc_add_pool
                0x00000000000155c4                malloc_buffer_is_within_alloced
                0x00000000000156a4                malloc_buffer_overlaps_heap
 .text          0x00000000000156f8       0xf4 out/export-ta_arm32/lib/libutils.a(mempool.o)
                0x00000000000156f8                mempool_alloc_pool
                0x000000000001577c                mempool_alloc
                0x00000000000157b8                mempool_calloc
                0x00000000000157e0                mempool_free
 .text          0x00000000000157ec       0xce out/ta/pkcs11/src/handle.o
                0x00000000000157ec                handle_db_init
                0x00000000000157f4                handle_db_destroy
                0x0000000000015808                handle_get
                0x0000000000015864                handle_put
                0x0000000000015880                handle_lookup
                0x0000000000015896                handle_lookup_handle
 .text          0x00000000000158ba        0xe out/ta/pkcs11/user_ta_header.o
                0x00000000000158ba                __ta_entry_c
                0x00000000000158c4                tahead_get_trace_level
 .text          0x00000000000158c8        0x2 out/export-ta_arm32/lib/libutils.a(stack_check.o)
                0x00000000000158c8                __stack_chk_fail
 .text          0x00000000000158ca       0x10 out/export-ta_arm32/lib/libutils.a(memset.o)
                0x00000000000158ca                memset
 .text          0x00000000000158da       0x1a out/export-ta_arm32/lib/libutils.a(strchr.o)
                0x00000000000158da                strchr
 .text          0x00000000000158f4       0x16 out/export-ta_arm32/lib/libutils.a(strcmp.o)
                0x00000000000158f4                strcmp
 .text          0x000000000001590a       0x10 out/export-ta_arm32/lib/libutils.a(strcpy.o)
                0x000000000001590a                strcpy
 .text          0x000000000001591a       0x10 out/export-ta_arm32/lib/libutils.a(strlen.o)
                0x000000000001591a                strlen
 .text          0x000000000001592a       0x18 out/export-ta_arm32/lib/libutils.a(strnlen.o)
                0x000000000001592a                strnlen
 .text          0x0000000000015942       0x32 out/export-ta_arm32/lib/libutils.a(strstr.o)
                0x0000000000015942                strstr
 .text          0x0000000000015974       0x48 out/export-ta_arm32/lib/libutils.a(consttime_memcmp.o)
                0x0000000000015974                consttime_memcmp
 .text          0x00000000000159bc       0x1c out/export-ta_arm32/lib/libutils.a(memchr.o)
                0x00000000000159bc                memchr
 .text          0x00000000000159d8       0x1c out/export-ta_arm32/lib/libutils.a(isxdigit.o)
                0x00000000000159d8                isxdigit
 .text          0x00000000000159f4        0xc out/export-ta_arm32/lib/libutils.a(tolower.o)
                0x00000000000159f4                tolower
 .text          0x0000000000015a00       0x34 out/export-ta_arm32/lib/libutils.a(memmove.o)
                0x0000000000015a00                memmove
 .text          0x0000000000015a34       0x2a out/export-ta_arm32/lib/libutils.a(strlcpy.o)
                0x0000000000015a34                strlcpy
 .text          0x0000000000015a5e        0x0 out/ta/pkcs11/ta_entry_a32.o
 .text          0x0000000000015a5e        0x0 out/export-ta_arm32/lib/libutils.a(arm32_aeabi_ldivmod_a32.o)
 .text          0x0000000000015a5e        0x0 out/export-ta_arm32/lib/libutee.a(abort.o)
 *fill*         0x0000000000015a5e        0x2 
 .text.__stub   0x0000000000015a60       0x40 linker stubs
 *(SORT_BY_ALIGNMENT(.stub))
 *(SORT_BY_ALIGNMENT(.glue_7))
 .glue_7        0x0000000000015aa0        0x0 linker stubs
 *(SORT_BY_ALIGNMENT(.glue_7t))
 .glue_7t       0x0000000000015aa0        0x0 linker stubs
 *(SORT_BY_ALIGNMENT(.gnu.linkonce.t.*))
 *(SORT_BY_ALIGNMENT(.vfp11_veneer))
 .vfp11_veneer  0x0000000000015aa0        0x0 linker stubs
                0x0000000000015aa0                __text_end = .

.v4_bx          0x0000000000015aa0        0x0
 .v4_bx         0x0000000000015aa0        0x0 linker stubs

.iplt           0x0000000000015aa0        0x0
 .iplt          0x0000000000015aa0        0x0 out/ta/pkcs11/src/attributes.o

.note.gnu.property
 *(SORT_BY_ALIGNMENT(.note.gnu.property))

.plt            0x0000000000015aa0        0x0
 *(SORT_BY_ALIGNMENT(.plt))
 .plt           0x0000000000015aa0        0x0 out/ta/pkcs11/src/attributes.o

.eh_frame_hdr
 *(SORT_BY_ALIGNMENT(.eh_frame_hdr))
 *(SORT_BY_ALIGNMENT(.eh_frame_entry) SORT_BY_ALIGNMENT(.eh_frame_entry.*))

.eh_frame
 *(SORT_BY_ALIGNMENT(.eh_frame))
 *(SORT_BY_ALIGNMENT(.eh_frame.*))

.gcc_except_table
 *(SORT_BY_ALIGNMENT(.gcc_except_table) SORT_BY_ALIGNMENT(.gcc_except_table.*))

.rodata         0x0000000000015aa0     0x57db
 *(SORT_BY_ALIGNMENT(.gnu.linkonce.r.*))
 *(SORT_BY_ALIGNMENT(.rodata) SORT_BY_ALIGNMENT(.rodata.*))
 .rodata.ta/pkcs11/src/pkcs11_attributes.c
                0x0000000000015aa0      0x360 out/ta/pkcs11/src/pkcs11_attributes.o
                0x0000000000015df4                raw_data_opt_or_null
 .rodata.ta/pkcs11/src/pkcs11_helpers.c
                0x0000000000015e00       0xaa out/ta/pkcs11/src/pkcs11_helpers.o
 *fill*         0x0000000000015eaa        0x2 
 .rodata.ta/pkcs11/src/pkcs11_token.c
                0x0000000000015eac      0x122 out/ta/pkcs11/src/pkcs11_token.o
 *fill*         0x0000000000015fce        0x2 
 .rodata.ta/pkcs11/src/processing_asymm.c
                0x0000000000015fd0      0x150 out/ta/pkcs11/src/processing_asymm.o
 .rodata.ta/pkcs11/src/processing_digest.c
                0x0000000000016120       0x76 out/ta/pkcs11/src/processing_digest.o
 *fill*         0x0000000000016196        0x2 
 .rodata.ta/pkcs11/src/processing_symm.c
                0x0000000000016198      0x232 out/ta/pkcs11/src/processing_symm.o
 *fill*         0x00000000000163ca        0x2 
 .rodata.out/export-ta_arm32/src/user_ta_header.c
                0x00000000000163cc       0x17 out/ta/pkcs11/user_ta_header.o
                0x00000000000163cc                ta_num_props
                0x00000000000163dc                ta_heap_size
                0x00000000000163e0                trace_ext_prefix
 *fill*         0x00000000000163e3        0x1 
 .rodata.lib/libutee/tee_api_property.c
                0x00000000000163e4       0x10 out/export-ta_arm32/lib/libutee.a(tee_api_property.o)
 .rodata.lib/libutee/tee_system_pta.c
                0x00000000000163f4       0x31 out/export-ta_arm32/lib/libutee.a(tee_system_pta.o)
 *fill*         0x0000000000016425        0x3 
 .rodata.lib/libmbedtls/mbedtls/library/bignum.c
                0x0000000000016428      0x2c4 out/export-ta_arm32/lib/libmbedtls.a(bignum.o)
 .rodata.str1.1.ta/pkcs11/src/attributes.c
                0x00000000000166ec       0x74 out/ta/pkcs11/src/attributes.o
 .rodata.ta/pkcs11/src/attributes.c
                0x0000000000016760       0x2d out/ta/pkcs11/src/attributes.o
 .rodata.str1.1.ta/pkcs11/src/entry.c
                0x000000000001678d       0x1d out/ta/pkcs11/src/entry.o
 .rodata.ta/pkcs11/src/entry.c
                0x00000000000167aa       0x1b out/ta/pkcs11/src/entry.o
 .rodata.str1.1.ta/pkcs11/src/object.c
                0x00000000000167c5       0x6e out/ta/pkcs11/src/object.o
                                         0x78 (size before relaxing)
 .rodata.ta/pkcs11/src/object.c
                0x0000000000016833       0x27 out/ta/pkcs11/src/object.o
 .rodata.str1.1.ta/pkcs11/src/persistent_token.c
                0x000000000001685a      0x259 out/ta/pkcs11/src/persistent_token.o
 .rodata.ta/pkcs11/src/persistent_token.c
                0x0000000000016ab3       0xea out/ta/pkcs11/src/persistent_token.o
 .rodata.str1.1.ta/pkcs11/src/pkcs11_attributes.c
                0x0000000000016b9d      0x562 out/ta/pkcs11/src/pkcs11_attributes.o
 .rodata.str1.1.ta/pkcs11/src/pkcs11_helpers.c
                0x00000000000170ff     0x18f7 out/ta/pkcs11/src/pkcs11_helpers.o
                                       0x1a2b (size before relaxing)
 .rodata.str1.1.ta/pkcs11/src/pkcs11_token.c
                0x00000000000189f6      0x139 out/ta/pkcs11/src/pkcs11_token.o
                                        0x16f (size before relaxing)
 .rodata.str1.1.ta/pkcs11/src/processing.c
                0x0000000000018b2f       0x3f out/ta/pkcs11/src/processing.o
                                         0x62 (size before relaxing)
 .rodata.ta/pkcs11/src/processing.c
                0x0000000000018b6e       0x4c out/ta/pkcs11/src/processing.o
 .rodata.str1.1.ta/pkcs11/src/processing_asymm.c
                0x0000000000018bba      0x1ea out/ta/pkcs11/src/processing_asymm.o
                                        0x219 (size before relaxing)
 .rodata.str1.1.ta/pkcs11/src/processing_digest.c
                0x0000000000018da4      0x11c out/ta/pkcs11/src/processing_digest.o
 .rodata.str1.1.ta/pkcs11/src/processing_ec.c
                0x0000000000018ec0      0x11a out/ta/pkcs11/src/processing_ec.o
                                        0x11c (size before relaxing)
 .rodata.ta/pkcs11/src/processing_ec.c
                0x0000000000018fda      0x643 out/ta/pkcs11/src/processing_ec.o
 .rodata.str1.1.ta/pkcs11/src/processing_rsa.c
                0x000000000001961d       0x89 out/ta/pkcs11/src/processing_rsa.o
                                         0xa9 (size before relaxing)
 .rodata.ta/pkcs11/src/processing_rsa.c
                0x00000000000196a6       0x5a out/ta/pkcs11/src/processing_rsa.o
 .rodata.str1.1.ta/pkcs11/src/processing_symm.c
                0x0000000000019700      0x107 out/ta/pkcs11/src/processing_symm.o
                                        0x160 (size before relaxing)
 .rodata.str1.1.ta/pkcs11/src/sanitize_object.c
                0x0000000000019807       0xfe out/ta/pkcs11/src/sanitize_object.o
                                        0x110 (size before relaxing)
 .rodata.ta/pkcs11/src/sanitize_object.c
                0x0000000000019905       0x78 out/ta/pkcs11/src/sanitize_object.o
 .rodata.str1.1.ta/pkcs11/src/serializer.c
                0x000000000001997d       0x30 out/ta/pkcs11/src/serializer.o
 .rodata.ta/pkcs11/src/serializer.c
                0x00000000000199ad       0x13 out/ta/pkcs11/src/serializer.o
 .rodata.str1.1.ta/pkcs11/src/token_capabilities.c
                0x00000000000199c0      0xadd out/ta/pkcs11/src/token_capabilities.o
 .rodata.ta/pkcs11/src/token_capabilities.c
                0x000000000001a49d       0x54 out/ta/pkcs11/src/token_capabilities.o
 .rodata.str1.1.out/export-ta_arm32/src/user_ta_header.c
                0x000000000001a4f1       0xa8 out/ta/pkcs11/user_ta_header.o
 .rodata.str1.1.lib/libutils/ext/snprintk.c
                0x000000000001a599       0x38 out/export-ta_arm32/lib/libutils.a(snprintk.o)
 .rodata.lib/libutils/ext/snprintk.c
                0x000000000001a5d1       0x22 out/export-ta_arm32/lib/libutils.a(snprintk.o)
 .rodata.str1.1.lib/libutils/ext/trace.c
                0x000000000001a5f3       0x1a out/export-ta_arm32/lib/libutils.a(trace.o)
                                         0x1b (size before relaxing)
 .rodata.lib/libutils/ext/trace.c
                0x000000000001a60d        0x5 out/export-ta_arm32/lib/libutils.a(trace.o)
 .rodata.str1.1.lib/libutee/assert.c
                0x000000000001a612       0x27 out/export-ta_arm32/lib/libutee.a(assert.o)
 .rodata.str1.1.lib/libutee/trace_ext.c
                0x000000000001a639       0x27 out/export-ta_arm32/lib/libutee.a(trace_ext.o)
                                          0x2 (size before relaxing)
 .rodata.str1.1.lib/libutee/tee_api.c
                0x000000000001a639       0x11 out/export-ta_arm32/lib/libutee.a(tee_api.o)
 .rodata.lib/libutee/tee_api.c
                0x000000000001a64a        0xb out/export-ta_arm32/lib/libutee.a(tee_api.o)
 .rodata.str1.1.lib/libutee/tee_api_property.c
                0x000000000001a655       0x94 out/export-ta_arm32/lib/libutee.a(tee_api_property.o)
                                         0x9c (size before relaxing)
 .rodata.str1.1.lib/libutee/tee_system_pta.c
                0x000000000001a6e9       0x55 out/export-ta_arm32/lib/libutee.a(tee_system_pta.o)
 .rodata.str1.1.lib/libutee/arch/arm/user_ta_entry.c
                0x000000000001a73e       0x19 out/export-ta_arm32/lib/libutee.a(user_ta_entry.o)
 .rodata.lib/libutee/arch/arm/user_ta_entry.c
                0x000000000001a757       0x16 out/export-ta_arm32/lib/libutee.a(user_ta_entry.o)
 .rodata.str1.1.lib/libutee/abort.c
                0x000000000001a76d        0x7 out/export-ta_arm32/lib/libutee.a(abort.o)
 .rodata.lib/libutee/base64.c
                0x000000000001a774       0x41 out/export-ta_arm32/lib/libutee.a(base64.o)
 .rodata.str1.1.lib/libutee/tee_api_arith_mpi.c
                0x000000000001a7b5       0xb7 out/export-ta_arm32/lib/libutee.a(tee_api_arith_mpi.o)
 .rodata.lib/libutee/tee_api_arith_mpi.c
                0x000000000001a86c      0x13d out/export-ta_arm32/lib/libutee.a(tee_api_arith_mpi.o)
 .rodata.str1.1.lib/libutee/arch/arm/tcb.c
                0x000000000001a9a9       0x96 out/export-ta_arm32/lib/libutee.a(tcb.o)
 .rodata.lib/libutee/arch/arm/tcb.c
                0x000000000001aa3f       0x20 out/export-ta_arm32/lib/libutee.a(tcb.o)
 .rodata.str1.1.lib/libmbedtls/mbedtls/library/bignum.c
                0x000000000001aa5f      0x456 out/export-ta_arm32/lib/libmbedtls.a(bignum.o)
                                        0x45d (size before relaxing)
 .rodata.str1.1.lib/libutils/isoc/bget_malloc.c
                0x000000000001aeb5      0x2b9 out/export-ta_arm32/lib/libutils.a(bget_malloc.o)
                                        0x2c2 (size before relaxing)
 .rodata.lib/libutils/isoc/bget_malloc.c
                0x000000000001b16e       0x58 out/export-ta_arm32/lib/libutils.a(bget_malloc.o)
 .rodata.str1.1.lib/libutils/ext/mempool.c
                0x000000000001b1c6       0x89 out/export-ta_arm32/lib/libutils.a(mempool.o)
 .rodata.lib/libutils/ext/mempool.c
                0x000000000001b24f       0x2c out/export-ta_arm32/lib/libutils.a(mempool.o)

.gnu.version_d  0x000000000001b27c        0x0
 .gnu.version_d
                0x000000000001b27c        0x0 out/ta/pkcs11/src/attributes.o

.gnu.version    0x000000000001b27c        0x0
 .gnu.version   0x000000000001b27c        0x0 out/ta/pkcs11/src/attributes.o

.gnu.version_r  0x000000000001b27c        0x0
 .gnu.version_r
                0x000000000001b27c        0x0 out/ta/pkcs11/src/attributes.o

.gnu.hash       0x000000000001b27c       0x2c
 .gnu.hash      0x000000000001b27c       0x2c out/ta/pkcs11/src/attributes.o

.ARM.extab
 *(SORT_BY_ALIGNMENT(.ARM.extab*) SORT_BY_ALIGNMENT(.gnu.linkonce.armextab.*))
                [!provide]                        PROVIDE (__exidx_start = .)

.ARM.exidx
 *(SORT_BY_ALIGNMENT(.ARM.exidx*) SORT_BY_ALIGNMENT(.gnu.linkonce.armexidx.*))
                [!provide]                        PROVIDE (__exidx_end = .)

.ctors
 *(SORT_BY_ALIGNMENT(.ctors))

.dtors
 *(SORT_BY_ALIGNMENT(.dtors))

.dynsym         0x000000000001b2a8       0x60
 *(SORT_BY_ALIGNMENT(.dynsym))
 .dynsym        0x000000000001b2a8       0x60 out/ta/pkcs11/src/attributes.o

.dynstr         0x000000000001b308       0x2e
 *(SORT_BY_ALIGNMENT(.dynstr))
 .dynstr        0x000000000001b308       0x2e out/ta/pkcs11/src/attributes.o

.hash           0x000000000001b338       0x2c
 *(SORT_BY_ALIGNMENT(.hash))
 .hash          0x000000000001b338       0x2c out/ta/pkcs11/src/attributes.o
                0x000000000001c000                . = ALIGN (0x1000)

.dynamic        0x000000000001c000       0x88
 *(SORT_BY_ALIGNMENT(.dynamic))
 .dynamic       0x000000000001c000       0x88 out/ta/pkcs11/src/attributes.o
                0x000000000001c000                _DYNAMIC

.tdata
 *(SORT_BY_ALIGNMENT(.tdata) SORT_BY_ALIGNMENT(.tdata.*) SORT_BY_ALIGNMENT(.gnu.linkonce.td.*))

.tbss
 *(SORT_BY_ALIGNMENT(.tbss) SORT_BY_ALIGNMENT(.tbss.*) SORT_BY_ALIGNMENT(.gnu.linkonce.tb.*))
 *(SORT_BY_ALIGNMENT(.tcommon))

.got            0x000000000001c088       0x68
 *(SORT_BY_ALIGNMENT(.got.plt))
 .got.plt       0x000000000001c088        0xc out/ta/pkcs11/src/attributes.o
                0x000000000001c088                _GLOBAL_OFFSET_TABLE_
 *(SORT_BY_ALIGNMENT(.got))
 .got           0x000000000001c094       0x5c out/ta/pkcs11/src/attributes.o

.rel.text
 *(SORT_BY_ALIGNMENT(.rel.text))
 *(SORT_BY_ALIGNMENT(.rel.gnu.linkonce.t*))

.rela.text
 *(SORT_BY_ALIGNMENT(.rela.text))
 *(SORT_BY_ALIGNMENT(.rela.gnu.linkonce.t*))

.rel.data
 *(SORT_BY_ALIGNMENT(.rel.data))
 *(SORT_BY_ALIGNMENT(.rel.gnu.linkonce.d*))

.rela.data
 *(SORT_BY_ALIGNMENT(.rela.data))
 *(SORT_BY_ALIGNMENT(.rela.gnu.linkonce.d*))

.rel.tdata
 *(SORT_BY_ALIGNMENT(.rel.tdata) SORT_BY_ALIGNMENT(.rel.tdata.*) SORT_BY_ALIGNMENT(.rel.gnu.linkonce.td.*))

.rela.tdata
 *(SORT_BY_ALIGNMENT(.rela.tdata) SORT_BY_ALIGNMENT(.rela.tdata.*) SORT_BY_ALIGNMENT(.rela.gnu.linkonce.td.*))

.rel.tbss
 *(SORT_BY_ALIGNMENT(.rel.tbss) SORT_BY_ALIGNMENT(.rel.tbss.*) SORT_BY_ALIGNMENT(.rel.gnu.linkonce.tb.*))

.rela.tbss
 *(SORT_BY_ALIGNMENT(.rela.tbss) SORT_BY_ALIGNMENT(.rela.tbss.*) SORT_BY_ALIGNMENT(.rela.gnu.linkonce.tb.*))

.rel.rodata
 *(SORT_BY_ALIGNMENT(.rel.rodata))
 *(SORT_BY_ALIGNMENT(.rel.gnu.linkonce.r*))

.rela.rodata
 *(SORT_BY_ALIGNMENT(.rela.rodata))
 *(SORT_BY_ALIGNMENT(.rela.gnu.linkonce.r*))

.rel.dyn        0x000000000001c0f0      0xc40
 *(SORT_BY_ALIGNMENT(.rel.dyn))
 .rel.data.rel.ro
                0x000000000001c0f0        0x0 out/ta/pkcs11/src/attributes.o
 .rel.iplt      0x000000000001c0f0        0x0 out/ta/pkcs11/src/attributes.o
 .rel.data.rel.ro.local
                0x000000000001c0f0      0xc10 out/ta/pkcs11/src/attributes.o
 .rel.data.rel.local
                0x000000000001cd00       0x28 out/ta/pkcs11/src/attributes.o
 .rel.data.rel  0x000000000001cd28        0x8 out/ta/pkcs11/src/attributes.o

.rel.got        0x000000000001cd30       0xb8
 *(SORT_BY_ALIGNMENT(.rel.got))
 .rel.got       0x000000000001cd30       0xb8 out/ta/pkcs11/src/attributes.o

.rela.got
 *(SORT_BY_ALIGNMENT(.rela.got))

.rel.ctors
 *(SORT_BY_ALIGNMENT(.rel.ctors))

.rela.ctors
 *(SORT_BY_ALIGNMENT(.rela.ctors))

.rel.dtors
 *(SORT_BY_ALIGNMENT(.rel.dtors))

.rela.dtors
 *(SORT_BY_ALIGNMENT(.rela.dtors))

.rel.init
 *(SORT_BY_ALIGNMENT(.rel.init))

.rela.init
 *(SORT_BY_ALIGNMENT(.rela.init))

.rel.fini
 *(SORT_BY_ALIGNMENT(.rel.fini))

.rela.fini
 *(SORT_BY_ALIGNMENT(.rela.fini))

.rel.bss        0x000000000001cde8        0x0
 *(SORT_BY_ALIGNMENT(.rel.bss))
 .rel.bss       0x000000000001cde8        0x0 out/ta/pkcs11/src/attributes.o

.rela.bss
 *(SORT_BY_ALIGNMENT(.rela.bss))

.rel.plt        0x000000000001cde8        0x0
 *(SORT_BY_ALIGNMENT(.rel.plt))
 .rel.plt       0x000000000001cde8        0x0 out/ta/pkcs11/src/attributes.o

.rela.plt
 *(SORT_BY_ALIGNMENT(.rela.plt))

.data           0x000000000001cde8     0x10b4
 *(SORT_BY_ALIGNMENT(.data) SORT_BY_ALIGNMENT(.data.*) SORT_BY_ALIGNMENT(.gnu.linkonce.d.*))
 .data.rel.ro.local
                0x000000000001cde8      0x8a4 out/ta/pkcs11/src/pkcs11_helpers.o
 .data.rel.local
                0x000000000001d68c        0x8 out/ta/pkcs11/src/pkcs11_token.o
 .data.rel.ro.local
                0x000000000001d694       0xa0 out/ta/pkcs11/src/processing_ec.o
 .data.rel.ro.local
                0x000000000001d734      0x660 out/ta/pkcs11/src/token_capabilities.o
                0x000000000001da64                token_mechanism
 .data          0x000000000001dd94        0x4 out/ta/pkcs11/user_ta_header.o
                0x000000000001dd94                trace_level
 .data.rel.ro.local
                0x000000000001dd98       0x54 out/ta/pkcs11/user_ta_header.o
                0x000000000001dd98                ta_props
 .data          0x000000000001ddec        0x4 out/export-ta_arm32/lib/libutils.a(stack_check.o)
                0x000000000001ddec                __stack_chk_guard
 .data.rel.ro.local
                0x000000000001ddf0       0x3c out/export-ta_arm32/lib/libutee.a(tee_api_property.o)
                0x000000000001ddf0                tee_props
 .data.rel.local
                0x000000000001de2c       0x10 out/export-ta_arm32/lib/libutee.a(user_ta_entry.o)
 .data.rel      0x000000000001de3c        0x4 out/export-ta_arm32/lib/libmbedtls.a(platform_util.o)
 .data.rel.local
                0x000000000001de40       0x5c out/export-ta_arm32/lib/libutils.a(bget_malloc.o)
 .data          0x000000000001de9c        0x0 out/ta/pkcs11/src/attributes.o
 .data.rel.ro   0x000000000001de9c        0x0 out/ta/pkcs11/src/attributes.o
 .data          0x000000000001de9c        0x0 out/ta/pkcs11/src/entry.o
 .data          0x000000000001de9c        0x0 out/ta/pkcs11/src/handle.o
 .data          0x000000000001de9c        0x0 out/ta/pkcs11/src/object.o
 .data          0x000000000001de9c        0x0 out/ta/pkcs11/src/persistent_token.o
 .data          0x000000000001de9c        0x0 out/ta/pkcs11/src/pkcs11_attributes.o
 .data          0x000000000001de9c        0x0 out/ta/pkcs11/src/pkcs11_helpers.o
 .data          0x000000000001de9c        0x0 out/ta/pkcs11/src/pkcs11_token.o
 .data          0x000000000001de9c        0x0 out/ta/pkcs11/src/processing.o
 .data          0x000000000001de9c        0x0 out/ta/pkcs11/src/processing_aes.o
 .data          0x000000000001de9c        0x0 out/ta/pkcs11/src/processing_asymm.o
 .data          0x000000000001de9c        0x0 out/ta/pkcs11/src/processing_digest.o
 .data          0x000000000001de9c        0x0 out/ta/pkcs11/src/processing_ec.o
 .data          0x000000000001de9c        0x0 out/ta/pkcs11/src/processing_rsa.o
 .data          0x000000000001de9c        0x0 out/ta/pkcs11/src/processing_symm.o
 .data          0x000000000001de9c        0x0 out/ta/pkcs11/src/sanitize_object.o
 .data          0x000000000001de9c        0x0 out/ta/pkcs11/src/serializer.o
 .data          0x000000000001de9c        0x0 out/ta/pkcs11/src/token_capabilities.o
 .data          0x000000000001de9c        0x0 out/ta/pkcs11/ta_entry_a32.o
 .data          0x000000000001de9c        0x0 out/export-ta_arm32/lib/libutils.a(snprintf.o)
 .data          0x000000000001de9c        0x0 out/export-ta_arm32/lib/libutils.a(memcpy.o)
 .data          0x000000000001de9c        0x0 out/export-ta_arm32/lib/libutils.a(memset.o)
 .data          0x000000000001de9c        0x0 out/export-ta_arm32/lib/libutils.a(strchr.o)
 .data          0x000000000001de9c        0x0 out/export-ta_arm32/lib/libutils.a(strcmp.o)
 .data          0x000000000001de9c        0x0 out/export-ta_arm32/lib/libutils.a(strcpy.o)
 .data          0x000000000001de9c        0x0 out/export-ta_arm32/lib/libutils.a(strlen.o)
 .data          0x000000000001de9c        0x0 out/export-ta_arm32/lib/libutils.a(strnlen.o)
 .data          0x000000000001de9c        0x0 out/export-ta_arm32/lib/libutils.a(strstr.o)
 .data          0x000000000001de9c        0x0 out/export-ta_arm32/lib/libutils.a(snprintk.o)
 .data          0x000000000001de9c        0x0 out/export-ta_arm32/lib/libutils.a(trace.o)
 .data          0x000000000001de9c        0x0 out/export-ta_arm32/lib/libutils.a(consttime_memcmp.o)
 .data          0x000000000001de9c        0x0 out/export-ta_arm32/lib/libutils.a(memchr.o)
 .data          0x000000000001de9c        0x0 out/export-ta_arm32/lib/libutils.a(arm32_aeabi_ldivmod_a32.o)
 .data          0x000000000001de9c        0x0 out/export-ta_arm32/lib/libutils.a(arm32_aeabi_ldivmod.o)
 .data          0x000000000001de9c        0x0 out/export-ta_arm32/lib/libutee.a(assert.o)
 .data          0x000000000001de9c        0x0 out/export-ta_arm32/lib/libutee.a(tee_uuid_from_str.o)
 .data          0x000000000001de9c        0x0 out/export-ta_arm32/lib/libutee.a(trace_ext.o)
 .data          0x000000000001de9c        0x0 out/export-ta_arm32/lib/libutee.a(tee_api.o)
 .data          0x000000000001de9c        0x0 out/export-ta_arm32/lib/libutee.a(tee_api_objects.o)
 .data          0x000000000001de9c        0x0 out/export-ta_arm32/lib/libutee.a(tee_api_operations.o)
 .data          0x000000000001de9c        0x0 out/export-ta_arm32/lib/libutee.a(tee_api_panic.o)
 .data          0x000000000001de9c        0x0 out/export-ta_arm32/lib/libutee.a(tee_api_property.o)
 .data          0x000000000001de9c        0x0 out/export-ta_arm32/lib/libutee.a(tee_system_pta.o)
 .data          0x000000000001de9c        0x0 out/export-ta_arm32/lib/libutee.a(utee_syscalls_a32.o)
 .data          0x000000000001de9c        0x0 out/export-ta_arm32/lib/libutee.a(user_ta_entry.o)
 .data          0x000000000001de9c        0x0 out/export-ta_arm32/lib/libutee.a(abort.o)
 .data          0x000000000001de9c        0x0 out/export-ta_arm32/lib/libutee.a(base64.o)
 .data          0x000000000001de9c        0x0 out/export-ta_arm32/lib/libutee.a(tee_api_arith_mpi.o)
 .data          0x000000000001de9c        0x0 out/export-ta_arm32/lib/libutee.a(tcb.o)
 .data          0x000000000001de9c        0x0 out/export-ta_arm32/lib/libmbedtls.a(bignum.o)
 .data          0x000000000001de9c        0x0 out/export-ta_arm32/lib/libmbedtls.a(platform_util.o)
 .data          0x000000000001de9c        0x0 out/export-ta_arm32/lib/libutils.a(bget_malloc.o)
 .data          0x000000000001de9c        0x0 out/export-ta_arm32/lib/libutils.a(isxdigit.o)
 .data          0x000000000001de9c        0x0 out/export-ta_arm32/lib/libutils.a(tolower.o)
 .data          0x000000000001de9c        0x0 out/export-ta_arm32/lib/libutils.a(memmove.o)
 .data          0x000000000001de9c        0x0 out/export-ta_arm32/lib/libutils.a(strlcpy.o)
 .data          0x000000000001de9c        0x0 out/export-ta_arm32/lib/libutils.a(mempool.o)

.igot.plt       0x000000000001de9c        0x0
 .igot.plt      0x000000000001de9c        0x0 out/ta/pkcs11/src/attributes.o

.bss            0x000000000001de9c     0xb09c
 *(SORT_BY_ALIGNMENT(.bss) SORT_BY_ALIGNMENT(.bss.*) SORT_BY_ALIGNMENT(.gnu.linkonce.b.*) SORT_BY_ALIGNMENT(COMMON))
 .bss           0x000000000001de9c        0x4 out/ta/pkcs11/src/object.o
                0x000000000001de9c                temporary_object_list
 .bss           0x000000000001dea0       0x48 out/ta/pkcs11/src/pkcs11_token.o
                0x000000000001dea0                ck_token
 .bss           0x000000000001dee8        0x4 out/export-ta_arm32/lib/libutee.a(tee_api.o)
 .bss           0x000000000001deec        0x4 out/export-ta_arm32/lib/libutee.a(tee_system_pta.o)
 .bss           0x000000000001def0       0x38 out/export-ta_arm32/lib/libutee.a(user_ta_entry.o)
                0x000000000001def8                __elf_phdr_info
                0x000000000001df04                ta_params
                0x000000000001df24                ta_param_types
 .bss           0x000000000001df28     0x3000 out/export-ta_arm32/lib/libutee.a(tee_api_arith_mpi.o)
 .bss           0x0000000000020f28        0x8 out/export-ta_arm32/lib/libutee.a(tcb.o)
 .bss           0x0000000000020f30        0x4 out/export-ta_arm32/lib/libmbedtls.a(bignum.o)
                0x0000000000020f30                mbedtls_mpi_mempool
 .bss           0x0000000000020f34        0x0 out/ta/pkcs11/src/attributes.o
 .bss           0x0000000000020f34        0x0 out/ta/pkcs11/src/entry.o
 .bss           0x0000000000020f34        0x0 out/ta/pkcs11/src/handle.o
 .bss           0x0000000000020f34        0x0 out/ta/pkcs11/src/persistent_token.o
 .bss           0x0000000000020f34        0x0 out/ta/pkcs11/src/pkcs11_attributes.o
 .bss           0x0000000000020f34        0x0 out/ta/pkcs11/src/pkcs11_helpers.o
 .bss           0x0000000000020f34        0x0 out/ta/pkcs11/src/processing.o
 .bss           0x0000000000020f34        0x0 out/ta/pkcs11/src/processing_aes.o
 .bss           0x0000000000020f34        0x0 out/ta/pkcs11/src/processing_asymm.o
 .bss           0x0000000000020f34        0x0 out/ta/pkcs11/src/processing_digest.o
 .bss           0x0000000000020f34        0x0 out/ta/pkcs11/src/processing_ec.o
 .bss           0x0000000000020f34        0x0 out/ta/pkcs11/src/processing_rsa.o
 .bss           0x0000000000020f34        0x0 out/ta/pkcs11/src/processing_symm.o
 .bss           0x0000000000020f34        0x0 out/ta/pkcs11/src/sanitize_object.o
 .bss           0x0000000000020f34        0x0 out/ta/pkcs11/src/serializer.o
 .bss           0x0000000000020f34        0x0 out/ta/pkcs11/src/token_capabilities.o
 .bss           0x0000000000020f34     0x8000 out/ta/pkcs11/user_ta_header.o
                0x0000000000020f34                ta_heap
 .bss           0x0000000000028f34        0x0 out/ta/pkcs11/ta_entry_a32.o
 .bss           0x0000000000028f34        0x0 out/export-ta_arm32/lib/libutils.a(snprintf.o)
 .bss           0x0000000000028f34        0x0 out/export-ta_arm32/lib/libutils.a(stack_check.o)
 .bss           0x0000000000028f34        0x0 out/export-ta_arm32/lib/libutils.a(memcpy.o)
 .bss           0x0000000000028f34        0x0 out/export-ta_arm32/lib/libutils.a(memset.o)
 .bss           0x0000000000028f34        0x0 out/export-ta_arm32/lib/libutils.a(strchr.o)
 .bss           0x0000000000028f34        0x0 out/export-ta_arm32/lib/libutils.a(strcmp.o)
 .bss           0x0000000000028f34        0x0 out/export-ta_arm32/lib/libutils.a(strcpy.o)
 .bss           0x0000000000028f34        0x0 out/export-ta_arm32/lib/libutils.a(strlen.o)
 .bss           0x0000000000028f34        0x0 out/export-ta_arm32/lib/libutils.a(strnlen.o)
 .bss           0x0000000000028f34        0x0 out/export-ta_arm32/lib/libutils.a(strstr.o)
 .bss           0x0000000000028f34        0x0 out/export-ta_arm32/lib/libutils.a(snprintk.o)
 .bss           0x0000000000028f34        0x0 out/export-ta_arm32/lib/libutils.a(trace.o)
 .bss           0x0000000000028f34        0x0 out/export-ta_arm32/lib/libutils.a(consttime_memcmp.o)
 .bss           0x0000000000028f34        0x0 out/export-ta_arm32/lib/libutils.a(memchr.o)
 .bss           0x0000000000028f34        0x0 out/export-ta_arm32/lib/libutils.a(arm32_aeabi_ldivmod_a32.o)
 .bss           0x0000000000028f34        0x0 out/export-ta_arm32/lib/libutils.a(arm32_aeabi_ldivmod.o)
 .bss           0x0000000000028f34        0x0 out/export-ta_arm32/lib/libutee.a(assert.o)
 .bss           0x0000000000028f34        0x0 out/export-ta_arm32/lib/libutee.a(tee_uuid_from_str.o)
 .bss           0x0000000000028f34        0x0 out/export-ta_arm32/lib/libutee.a(trace_ext.o)
 .bss           0x0000000000028f34        0x0 out/export-ta_arm32/lib/libutee.a(tee_api_objects.o)
 .bss           0x0000000000028f34        0x0 out/export-ta_arm32/lib/libutee.a(tee_api_operations.o)
 .bss           0x0000000000028f34        0x0 out/export-ta_arm32/lib/libutee.a(tee_api_panic.o)
 .bss           0x0000000000028f34        0x0 out/export-ta_arm32/lib/libutee.a(tee_api_property.o)
 .bss           0x0000000000028f34        0x0 out/export-ta_arm32/lib/libutee.a(utee_syscalls_a32.o)
 .bss           0x0000000000028f34        0x0 out/export-ta_arm32/lib/libutee.a(abort.o)
 .bss           0x0000000000028f34        0x0 out/export-ta_arm32/lib/libutee.a(base64.o)
 .bss           0x0000000000028f34        0x0 out/export-ta_arm32/lib/libmbedtls.a(platform_util.o)
 .bss           0x0000000000028f34        0x0 out/export-ta_arm32/lib/libutils.a(bget_malloc.o)
 .bss           0x0000000000028f34        0x0 out/export-ta_arm32/lib/libutils.a(isxdigit.o)
 .bss           0x0000000000028f34        0x0 out/export-ta_arm32/lib/libutils.a(tolower.o)
 .bss           0x0000000000028f34        0x0 out/export-ta_arm32/lib/libutils.a(memmove.o)
 .bss           0x0000000000028f34        0x0 out/export-ta_arm32/lib/libutils.a(strlcpy.o)
 .bss           0x0000000000028f34        0x0 out/export-ta_arm32/lib/libutils.a(mempool.o)
                0x0000000000028f38                . = ALIGN (0x8)
 *fill*         0x0000000000028f34        0x4 
                0x0000000000028f38                __ftrace_buf_start = .
                0x0000000000028f38                . = (. + DEFINED (__gnu_mcount_nc)?0x800:0x0)
                0x0000000000028f38                __ftrace_buf_end = .

.dynbss         0x0000000000028f38        0x0
 .dynbss        0x0000000000028f38        0x0 out/ta/pkcs11/src/attributes.o

/DISCARD/
 *(SORT_BY_ALIGNMENT(.interp))
LOAD out/ta/pkcs11/src/attributes.o
LOAD out/ta/pkcs11/src/entry.o
LOAD out/ta/pkcs11/src/handle.o
LOAD out/ta/pkcs11/src/object.o
LOAD out/ta/pkcs11/src/persistent_token.o
LOAD out/ta/pkcs11/src/pkcs11_attributes.o
LOAD out/ta/pkcs11/src/pkcs11_helpers.o
LOAD out/ta/pkcs11/src/pkcs11_token.o
LOAD out/ta/pkcs11/src/processing.o
LOAD out/ta/pkcs11/src/processing_aes.o
LOAD out/ta/pkcs11/src/processing_asymm.o
LOAD out/ta/pkcs11/src/processing_digest.o
LOAD out/ta/pkcs11/src/processing_ec.o
LOAD out/ta/pkcs11/src/processing_rsa.o
LOAD out/ta/pkcs11/src/processing_symm.o
LOAD out/ta/pkcs11/src/sanitize_object.o
LOAD out/ta/pkcs11/src/serializer.o
LOAD out/ta/pkcs11/src/token_capabilities.o
LOAD out/ta/pkcs11/user_ta_header.o
LOAD out/ta/pkcs11/ta_entry_a32.o
START GROUP
LOAD out/export-ta_arm32/lib/libutils.a
LOAD out/export-ta_arm32/lib/libutee.a
LOAD out/export-ta_arm32/lib/libmbedtls.a
END GROUP
LOAD /home/aom1/Work/Linux/target/STM32MP1-DK2/buildroot/buildroot/output/host/opt/ext-toolchain/bin/../lib/gcc/arm-none-linux-gnueabihf/10.3.1/libgcc.a
OUTPUT(out/ta/pkcs11/fd02c9da-306c-48c7-a49c-bbd827ae86ee.elf elf32-littlearm)
LOAD linker stubs

.debug_info     0x0000000000000000    0x3ae10
 .debug_info    0x0000000000000000     0x157c out/ta/pkcs11/src/attributes.o
 .debug_info    0x000000000000157c      0xd42 out/ta/pkcs11/src/entry.o
 .debug_info    0x00000000000022be      0x2d3 out/ta/pkcs11/src/handle.o
 .debug_info    0x0000000000002591     0x31f3 out/ta/pkcs11/src/object.o
 .debug_info    0x0000000000005784     0x2300 out/ta/pkcs11/src/persistent_token.o
 .debug_info    0x0000000000007a84     0x47e0 out/ta/pkcs11/src/pkcs11_attributes.o
 .debug_info    0x000000000000c264     0x1d1c out/ta/pkcs11/src/pkcs11_helpers.o
 .debug_info    0x000000000000df80     0x4346 out/ta/pkcs11/src/pkcs11_token.o
 .debug_info    0x00000000000122c6     0x30f7 out/ta/pkcs11/src/processing.o
 .debug_info    0x00000000000153bd      0x55d out/ta/pkcs11/src/processing_aes.o
 .debug_info    0x000000000001591a     0x1fec out/ta/pkcs11/src/processing_asymm.o
 .debug_info    0x0000000000017906     0x1456 out/ta/pkcs11/src/processing_digest.o
 .debug_info    0x0000000000018d5c     0x1ad5 out/ta/pkcs11/src/processing_ec.o
 .debug_info    0x000000000001a831     0x2194 out/ta/pkcs11/src/processing_rsa.o
 .debug_info    0x000000000001c9c5     0x2a18 out/ta/pkcs11/src/processing_symm.o
 .debug_info    0x000000000001f3dd     0x183b out/ta/pkcs11/src/sanitize_object.o
 .debug_info    0x0000000000020c18     0x11f1 out/ta/pkcs11/src/serializer.o
 .debug_info    0x0000000000021e09      0x951 out/ta/pkcs11/src/token_capabilities.o
 .debug_info    0x000000000002275a      0x409 out/ta/pkcs11/user_ta_header.o
 .debug_info    0x0000000000022b63       0x26 out/ta/pkcs11/ta_entry_a32.o
 .debug_info    0x0000000000022b89      0x1de out/export-ta_arm32/lib/libutils.a(snprintf.o)
 .debug_info    0x0000000000022d67       0x50 out/export-ta_arm32/lib/libutils.a(stack_check.o)
 .debug_info    0x0000000000022db7      0x11e out/export-ta_arm32/lib/libutils.a(memcpy.o)
 .debug_info    0x0000000000022ed5       0xaa out/export-ta_arm32/lib/libutils.a(memset.o)
 .debug_info    0x0000000000022f7f       0xc6 out/export-ta_arm32/lib/libutils.a(strchr.o)
 .debug_info    0x0000000000023045       0x8b out/export-ta_arm32/lib/libutils.a(strcmp.o)
 .debug_info    0x00000000000230d0       0xa5 out/export-ta_arm32/lib/libutils.a(strcpy.o)
 .debug_info    0x0000000000023175       0x99 out/export-ta_arm32/lib/libutils.a(strlen.o)
 .debug_info    0x000000000002320e       0xab out/export-ta_arm32/lib/libutils.a(strnlen.o)
 .debug_info    0x00000000000232b9       0xb1 out/export-ta_arm32/lib/libutils.a(strstr.o)
 .debug_info    0x000000000002336a      0x86c out/export-ta_arm32/lib/libutils.a(snprintk.o)
 .debug_info    0x0000000000023bd6      0x59c out/export-ta_arm32/lib/libutils.a(trace.o)
 .debug_info    0x0000000000024172      0x115 out/export-ta_arm32/lib/libutils.a(consttime_memcmp.o)
 .debug_info    0x0000000000024287       0xda out/export-ta_arm32/lib/libutils.a(memchr.o)
 .debug_info    0x0000000000024361       0x22 out/export-ta_arm32/lib/libutils.a(arm32_aeabi_ldivmod_a32.o)
 .debug_info    0x0000000000024383      0x35c out/export-ta_arm32/lib/libutils.a(arm32_aeabi_ldivmod.o)
 .debug_info    0x00000000000246df      0x174 out/export-ta_arm32/lib/libutee.a(assert.o)
 .debug_info    0x0000000000024853      0x3bb out/export-ta_arm32/lib/libutee.a(tee_uuid_from_str.o)
 .debug_info    0x0000000000024c0e      0x2dd out/export-ta_arm32/lib/libutee.a(trace_ext.o)
 .debug_info    0x0000000000024eeb     0x1393 out/export-ta_arm32/lib/libutee.a(tee_api.o)
 .debug_info    0x000000000002627e     0x1bb3 out/export-ta_arm32/lib/libutee.a(tee_api_objects.o)
 .debug_info    0x0000000000027e31     0x2ec3 out/export-ta_arm32/lib/libutee.a(tee_api_operations.o)
 .debug_info    0x000000000002acf4      0x6a9 out/export-ta_arm32/lib/libutee.a(tee_api_panic.o)
 .debug_info    0x000000000002b39d     0x12a8 out/export-ta_arm32/lib/libutee.a(tee_api_property.o)
 .debug_info    0x000000000002c645      0x6e4 out/export-ta_arm32/lib/libutee.a(tee_system_pta.o)
 .debug_info    0x000000000002cd29       0x22 out/export-ta_arm32/lib/libutee.a(utee_syscalls_a32.o)
 .debug_info    0x000000000002cd4b     0x1318 out/export-ta_arm32/lib/libutee.a(user_ta_entry.o)
 .debug_info    0x000000000002e063       0xc4 out/export-ta_arm32/lib/libutee.a(abort.o)
 .debug_info    0x000000000002e127      0x33c out/export-ta_arm32/lib/libutee.a(base64.o)
 .debug_info    0x000000000002e463     0x3dc6 out/export-ta_arm32/lib/libutee.a(tee_api_arith_mpi.o)
 .debug_info    0x0000000000032229      0x644 out/export-ta_arm32/lib/libutee.a(tcb.o)
 .debug_info    0x000000000003286d     0x5bd3 out/export-ta_arm32/lib/libmbedtls.a(bignum.o)
 .debug_info    0x0000000000038440      0x114 out/export-ta_arm32/lib/libmbedtls.a(platform_util.o)
 .debug_info    0x0000000000038554     0x20ef out/export-ta_arm32/lib/libutils.a(bget_malloc.o)
 .debug_info    0x000000000003a643       0x5e out/export-ta_arm32/lib/libutils.a(isxdigit.o)
 .debug_info    0x000000000003a6a1       0x5e out/export-ta_arm32/lib/libutils.a(tolower.o)
 .debug_info    0x000000000003a6ff       0xde out/export-ta_arm32/lib/libutils.a(memmove.o)
 .debug_info    0x000000000003a7dd      0x11b out/export-ta_arm32/lib/libutils.a(strlcpy.o)
 .debug_info    0x000000000003a8f8      0x518 out/export-ta_arm32/lib/libutils.a(mempool.o)

.debug_abbrev   0x0000000000000000     0x862d
 .debug_abbrev  0x0000000000000000      0x3ab out/ta/pkcs11/src/attributes.o
 .debug_abbrev  0x00000000000003ab      0x286 out/ta/pkcs11/src/entry.o
 .debug_abbrev  0x0000000000000631      0x156 out/ta/pkcs11/src/handle.o
 .debug_abbrev  0x0000000000000787      0x51f out/ta/pkcs11/src/object.o
 .debug_abbrev  0x0000000000000ca6      0x46e out/ta/pkcs11/src/persistent_token.o
 .debug_abbrev  0x0000000000001114      0x4fa out/ta/pkcs11/src/pkcs11_attributes.o
 .debug_abbrev  0x000000000000160e      0x338 out/ta/pkcs11/src/pkcs11_helpers.o
 .debug_abbrev  0x0000000000001946      0x55a out/ta/pkcs11/src/pkcs11_token.o
 .debug_abbrev  0x0000000000001ea0      0x476 out/ta/pkcs11/src/processing.o
 .debug_abbrev  0x0000000000002316      0x162 out/ta/pkcs11/src/processing_aes.o
 .debug_abbrev  0x0000000000002478      0x411 out/ta/pkcs11/src/processing_asymm.o
 .debug_abbrev  0x0000000000002889      0x320 out/ta/pkcs11/src/processing_digest.o
 .debug_abbrev  0x0000000000002ba9      0x3a9 out/ta/pkcs11/src/processing_ec.o
 .debug_abbrev  0x0000000000002f52      0x437 out/ta/pkcs11/src/processing_rsa.o
 .debug_abbrev  0x0000000000003389      0x47b out/ta/pkcs11/src/processing_symm.o
 .debug_abbrev  0x0000000000003804      0x3e6 out/ta/pkcs11/src/sanitize_object.o
 .debug_abbrev  0x0000000000003bea      0x2b4 out/ta/pkcs11/src/serializer.o
 .debug_abbrev  0x0000000000003e9e      0x306 out/ta/pkcs11/src/token_capabilities.o
 .debug_abbrev  0x00000000000041a4      0x1b4 out/ta/pkcs11/user_ta_header.o
 .debug_abbrev  0x0000000000004358       0x14 out/ta/pkcs11/ta_entry_a32.o
 .debug_abbrev  0x000000000000436c      0x13f out/export-ta_arm32/lib/libutils.a(snprintf.o)
 .debug_abbrev  0x00000000000044ab       0x4e out/export-ta_arm32/lib/libutils.a(stack_check.o)
 .debug_abbrev  0x00000000000044f9       0xc3 out/export-ta_arm32/lib/libutils.a(memcpy.o)
 .debug_abbrev  0x00000000000045bc       0xa3 out/export-ta_arm32/lib/libutils.a(memset.o)
 .debug_abbrev  0x000000000000465f       0x83 out/export-ta_arm32/lib/libutils.a(strchr.o)
 .debug_abbrev  0x00000000000046e2       0x6f out/export-ta_arm32/lib/libutils.a(strcmp.o)
 .debug_abbrev  0x0000000000004751       0x83 out/export-ta_arm32/lib/libutils.a(strcpy.o)
 .debug_abbrev  0x00000000000047d4       0x92 out/export-ta_arm32/lib/libutils.a(strlen.o)
 .debug_abbrev  0x0000000000004866       0x92 out/export-ta_arm32/lib/libutils.a(strnlen.o)
 .debug_abbrev  0x00000000000048f8       0xaa out/export-ta_arm32/lib/libutils.a(strstr.o)
 .debug_abbrev  0x00000000000049a2      0x2d4 out/export-ta_arm32/lib/libutils.a(snprintk.o)
 .debug_abbrev  0x0000000000004c76      0x271 out/export-ta_arm32/lib/libutils.a(trace.o)
 .debug_abbrev  0x0000000000004ee7       0xaf out/export-ta_arm32/lib/libutils.a(consttime_memcmp.o)
 .debug_abbrev  0x0000000000004f96       0xb2 out/export-ta_arm32/lib/libutils.a(memchr.o)
 .debug_abbrev  0x0000000000005048       0x12 out/export-ta_arm32/lib/libutils.a(arm32_aeabi_ldivmod_a32.o)
 .debug_abbrev  0x000000000000505a      0x199 out/export-ta_arm32/lib/libutils.a(arm32_aeabi_ldivmod.o)
 .debug_abbrev  0x00000000000051f3       0xb6 out/export-ta_arm32/lib/libutee.a(assert.o)
 .debug_abbrev  0x00000000000052a9      0x1da out/export-ta_arm32/lib/libutee.a(tee_uuid_from_str.o)
 .debug_abbrev  0x0000000000005483      0x189 out/export-ta_arm32/lib/libutee.a(trace_ext.o)
 .debug_abbrev  0x000000000000560c      0x419 out/export-ta_arm32/lib/libutee.a(tee_api.o)
 .debug_abbrev  0x0000000000005a25      0x38a out/export-ta_arm32/lib/libutee.a(tee_api_objects.o)
 .debug_abbrev  0x0000000000005daf      0x435 out/export-ta_arm32/lib/libutee.a(tee_api_operations.o)
 .debug_abbrev  0x00000000000061e4      0x1d8 out/export-ta_arm32/lib/libutee.a(tee_api_panic.o)
 .debug_abbrev  0x00000000000063bc      0x30c out/export-ta_arm32/lib/libutee.a(tee_api_property.o)
 .debug_abbrev  0x00000000000066c8      0x25e out/export-ta_arm32/lib/libutee.a(tee_system_pta.o)
 .debug_abbrev  0x0000000000006926       0x12 out/export-ta_arm32/lib/libutee.a(utee_syscalls_a32.o)
 .debug_abbrev  0x0000000000006938      0x4de out/export-ta_arm32/lib/libutee.a(user_ta_entry.o)
 .debug_abbrev  0x0000000000006e16       0x92 out/export-ta_arm32/lib/libutee.a(abort.o)
 .debug_abbrev  0x0000000000006ea8      0x192 out/export-ta_arm32/lib/libutee.a(base64.o)
 .debug_abbrev  0x000000000000703a      0x4e9 out/export-ta_arm32/lib/libutee.a(tee_api_arith_mpi.o)
 .debug_abbrev  0x0000000000007523      0x208 out/export-ta_arm32/lib/libutee.a(tcb.o)
 .debug_abbrev  0x000000000000772b      0x581 out/export-ta_arm32/lib/libmbedtls.a(bignum.o)
 .debug_abbrev  0x0000000000007cac       0xc3 out/export-ta_arm32/lib/libmbedtls.a(platform_util.o)
 .debug_abbrev  0x0000000000007d6f      0x496 out/export-ta_arm32/lib/libutils.a(bget_malloc.o)
 .debug_abbrev  0x0000000000008205       0x54 out/export-ta_arm32/lib/libutils.a(isxdigit.o)
 .debug_abbrev  0x0000000000008259       0x54 out/export-ta_arm32/lib/libutils.a(tolower.o)
 .debug_abbrev  0x00000000000082ad       0xaf out/export-ta_arm32/lib/libutils.a(memmove.o)
 .debug_abbrev  0x000000000000835c       0xa3 out/export-ta_arm32/lib/libutils.a(strlcpy.o)
 .debug_abbrev  0x00000000000083ff      0x22e out/export-ta_arm32/lib/libutils.a(mempool.o)

.debug_loc      0x0000000000000000    0x2cc52
 .debug_loc     0x0000000000000000      0xeca out/ta/pkcs11/src/attributes.o
 .debug_loc     0x0000000000000eca      0x448 out/ta/pkcs11/src/entry.o
 .debug_loc     0x0000000000001312      0x2b8 out/ta/pkcs11/src/handle.o
 .debug_loc     0x00000000000015ca     0x2375 out/ta/pkcs11/src/object.o
 .debug_loc     0x000000000000393f     0x164f out/ta/pkcs11/src/persistent_token.o
 .debug_loc     0x0000000000004f8e     0x2c57 out/ta/pkcs11/src/pkcs11_attributes.o
 .debug_loc     0x0000000000007be5      0xf10 out/ta/pkcs11/src/pkcs11_helpers.o
 .debug_loc     0x0000000000008af5     0x3242 out/ta/pkcs11/src/pkcs11_token.o
 .debug_loc     0x000000000000bd37     0x1f5d out/ta/pkcs11/src/processing.o
 .debug_loc     0x000000000000dc94      0x10e out/ta/pkcs11/src/processing_aes.o
 .debug_loc     0x000000000000dda2     0x1682 out/ta/pkcs11/src/processing_asymm.o
 .debug_loc     0x000000000000f424      0x6d6 out/ta/pkcs11/src/processing_digest.o
 .debug_loc     0x000000000000fafa      0xa6b out/ta/pkcs11/src/processing_ec.o
 .debug_loc     0x0000000000010565      0xcb2 out/ta/pkcs11/src/processing_rsa.o
 .debug_loc     0x0000000000011217     0x2226 out/ta/pkcs11/src/processing_symm.o
 .debug_loc     0x000000000001343d      0xb9d out/ta/pkcs11/src/sanitize_object.o
 .debug_loc     0x0000000000013fda      0x8c8 out/ta/pkcs11/src/serializer.o
 .debug_loc     0x00000000000148a2      0x542 out/ta/pkcs11/src/token_capabilities.o
 .debug_loc     0x0000000000014de4       0xa9 out/ta/pkcs11/user_ta_header.o
 .debug_loc     0x0000000000014e8d       0xf0 out/export-ta_arm32/lib/libutils.a(snprintf.o)
 .debug_loc     0x0000000000014f7d      0x33a out/export-ta_arm32/lib/libutils.a(memcpy.o)
 .debug_loc     0x00000000000152b7       0x63 out/export-ta_arm32/lib/libutils.a(memset.o)
 .debug_loc     0x000000000001531a       0xb9 out/export-ta_arm32/lib/libutils.a(strchr.o)
 .debug_loc     0x00000000000153d3       0x76 out/export-ta_arm32/lib/libutils.a(strcmp.o)
 .debug_loc     0x0000000000015449       0x5b out/export-ta_arm32/lib/libutils.a(strcpy.o)
 .debug_loc     0x00000000000154a4       0x47 out/export-ta_arm32/lib/libutils.a(strlen.o)
 .debug_loc     0x00000000000154eb       0x79 out/export-ta_arm32/lib/libutils.a(strnlen.o)
 .debug_loc     0x0000000000015564       0x51 out/export-ta_arm32/lib/libutils.a(strstr.o)
 .debug_loc     0x00000000000155b5     0x10d3 out/export-ta_arm32/lib/libutils.a(snprintk.o)
 .debug_loc     0x0000000000016688      0x408 out/export-ta_arm32/lib/libutils.a(trace.o)
 .debug_loc     0x0000000000016a90      0x15a out/export-ta_arm32/lib/libutils.a(consttime_memcmp.o)
 .debug_loc     0x0000000000016bea       0xfa out/export-ta_arm32/lib/libutils.a(memchr.o)
 .debug_loc     0x0000000000016ce4      0x3c5 out/export-ta_arm32/lib/libutils.a(arm32_aeabi_ldivmod.o)
 .debug_loc     0x00000000000170a9       0xcc out/export-ta_arm32/lib/libutee.a(assert.o)
 .debug_loc     0x0000000000017175      0x361 out/export-ta_arm32/lib/libutee.a(tee_uuid_from_str.o)
 .debug_loc     0x00000000000174d6       0xc5 out/export-ta_arm32/lib/libutee.a(trace_ext.o)
 .debug_loc     0x000000000001759b      0xe41 out/export-ta_arm32/lib/libutee.a(tee_api.o)
 .debug_loc     0x00000000000183dc     0x1474 out/export-ta_arm32/lib/libutee.a(tee_api_objects.o)
 .debug_loc     0x0000000000019850     0x33fa out/export-ta_arm32/lib/libutee.a(tee_api_operations.o)
 .debug_loc     0x000000000001cc4a      0x58b out/export-ta_arm32/lib/libutee.a(tee_api_panic.o)
 .debug_loc     0x000000000001d1d5      0xe3c out/export-ta_arm32/lib/libutee.a(tee_api_property.o)
 .debug_loc     0x000000000001e011      0x3a9 out/export-ta_arm32/lib/libutee.a(tee_system_pta.o)
 .debug_loc     0x000000000001e3ba      0xb01 out/export-ta_arm32/lib/libutee.a(user_ta_entry.o)
 .debug_loc     0x000000000001eebb      0x53d out/export-ta_arm32/lib/libutee.a(base64.o)
 .debug_loc     0x000000000001f3f8     0x2f9c out/export-ta_arm32/lib/libutee.a(tee_api_arith_mpi.o)
 .debug_loc     0x0000000000022394      0x335 out/export-ta_arm32/lib/libutee.a(tcb.o)
 .debug_loc     0x00000000000226c9     0x74f1 out/export-ta_arm32/lib/libmbedtls.a(bignum.o)
 .debug_loc     0x0000000000029bba       0x71 out/export-ta_arm32/lib/libmbedtls.a(platform_util.o)
 .debug_loc     0x0000000000029c2b     0x296a out/export-ta_arm32/lib/libutils.a(bget_malloc.o)
 .debug_loc     0x000000000002c595       0x40 out/export-ta_arm32/lib/libutils.a(isxdigit.o)
 .debug_loc     0x000000000002c5d5       0x25 out/export-ta_arm32/lib/libutils.a(tolower.o)
 .debug_loc     0x000000000002c5fa      0x1d4 out/export-ta_arm32/lib/libutils.a(memmove.o)
 .debug_loc     0x000000000002c7ce      0x121 out/export-ta_arm32/lib/libutils.a(strlcpy.o)
 .debug_loc     0x000000000002c8ef      0x363 out/export-ta_arm32/lib/libutils.a(mempool.o)
