Archive member included to satisfy reference by file (symbol)

out/export-ta_arm32/lib/libutils.a(stack_check.o)
                              out/ta/remoteproc/remoteproc_core.o (__stack_chk_fail)
out/export-ta_arm32/lib/libutils.a(memcpy.o)
                              out/ta/remoteproc/remoteproc_core.o (memcpy)
out/export-ta_arm32/lib/libutils.a(memset.o)
                              out/ta/remoteproc/remoteproc_core.o (memset)
out/export-ta_arm32/lib/libutils.a(strcmp.o)
                              out/ta/remoteproc/elf_parser.o (strcmp)
out/export-ta_arm32/lib/libutils.a(trace.o)
                              out/ta/remoteproc/remoteproc_core.o (trace_printf)
out/export-ta_arm32/lib/libutils.a(snprintk.o)
                              out/export-ta_arm32/lib/libutils.a(trace.o) (vsnprintk)
out/export-ta_arm32/lib/libutils.a(memchr.o)
                              out/export-ta_arm32/lib/libutils.a(snprintk.o) (memchr)
out/export-ta_arm32/lib/libutils.a(strlen.o)
                              out/export-ta_arm32/lib/libutils.a(snprintk.o) (strlen)
out/export-ta_arm32/lib/libutils.a(arm32_aeabi_ldivmod_a32.o)
                              out/export-ta_arm32/lib/libutils.a(snprintk.o) (__aeabi_uldivmod)
out/export-ta_arm32/lib/libutils.a(arm32_aeabi_ldivmod.o)
                              out/export-ta_arm32/lib/libutils.a(arm32_aeabi_ldivmod_a32.o) (__ul_divmod)
out/export-ta_arm32/lib/libutee.a(assert.o)
                              out/ta/remoteproc/elf_parser.o (_assert_log)
out/export-ta_arm32/lib/libutee.a(trace_ext.o)
                              out/export-ta_arm32/lib/libutils.a(trace.o) (trace_ext_puts)
out/export-ta_arm32/lib/libutee.a(tee_api.o)
                              out/ta/remoteproc/remoteproc_core.o (TEE_CloseTASession)
out/export-ta_arm32/lib/libutee.a(tee_api_operations.o)
                              out/ta/remoteproc/remoteproc_core.o (TEE_FreeOperation)
out/export-ta_arm32/lib/libutee.a(tee_api_panic.o)
                              out/export-ta_arm32/lib/libutee.a(tee_api.o) (TEE_Panic)
out/export-ta_arm32/lib/libutee.a(tee_system_pta.o)
                              out/export-ta_arm32/lib/libutee.a(tee_api.o) (tee_map_zi)
out/export-ta_arm32/lib/libutee.a(utee_syscalls_a32.o)
                              out/export-ta_arm32/lib/libutee.a(assert.o) (_utee_panic)
out/export-ta_arm32/lib/libutee.a(user_ta_entry.o)
                              out/ta/remoteproc/user_ta_header.o (__utee_entry)
out/export-ta_arm32/lib/libutee.a(abort.o)
                              out/export-ta_arm32/lib/libutee.a(user_ta_entry.o) (abort)
out/export-ta_arm32/lib/libutee.a(tee_api_arith_mpi.o)
                              out/export-ta_arm32/lib/libutee.a(user_ta_entry.o) (_TEE_MathAPI_Init)
out/export-ta_arm32/lib/libutee.a(tee_api_objects.o)
                              out/export-ta_arm32/lib/libutee.a(tee_api_operations.o) (__utee_from_attr)
out/export-ta_arm32/lib/libutee.a(tcb.o)
                              out/export-ta_arm32/lib/libutee.a(user_ta_entry.o) (__utee_tcb_init)
out/export-ta_arm32/lib/libmbedtls.a(bignum.o)
                              out/export-ta_arm32/lib/libutee.a(tee_api_arith_mpi.o) (mbedtls_mpi_init_mempool)
out/export-ta_arm32/lib/libmbedtls.a(platform_util.o)
                              out/export-ta_arm32/lib/libmbedtls.a(bignum.o) (mbedtls_platform_zeroize)
out/export-ta_arm32/lib/libutils.a(bget_malloc.o)
                              out/export-ta_arm32/lib/libutee.a(tee_api.o) (malloc)
out/export-ta_arm32/lib/libutils.a(snprintf.o)
                              out/export-ta_arm32/lib/libutee.a(trace_ext.o) (vsnprintf)
out/export-ta_arm32/lib/libutils.a(memmove.o)
                              out/export-ta_arm32/lib/libutee.a(tee_api.o) (memmove)
out/export-ta_arm32/lib/libutils.a(mempool.o)
                              out/export-ta_arm32/lib/libutee.a(tee_api_arith_mpi.o) (mempool_alloc_pool)
out/export-ta_arm32/lib/libutils.a(consttime_memcmp.o)
                              out/export-ta_arm32/lib/libutee.a(tee_api.o) (consttime_memcmp)

Discarded input sections

 .group         0x0000000000000000        0xc out/ta/remoteproc/remoteproc_core.o
 .group         0x0000000000000000        0xc out/ta/remoteproc/remoteproc_core.o
 .group         0x0000000000000000        0xc out/ta/remoteproc/remoteproc_core.o
 .group         0x0000000000000000        0xc out/ta/remoteproc/remoteproc_core.o
 .group         0x0000000000000000        0xc out/ta/remoteproc/remoteproc_core.o
 .group         0x0000000000000000        0xc out/ta/remoteproc/remoteproc_core.o
 .group         0x0000000000000000        0xc out/ta/remoteproc/remoteproc_core.o
 .group         0x0000000000000000        0xc out/ta/remoteproc/remoteproc_core.o
 .group         0x0000000000000000        0xc out/ta/remoteproc/remoteproc_core.o
 .group         0x0000000000000000        0xc out/ta/remoteproc/remoteproc_core.o
[...]
Memory Configuration

Name             Origin             Length             Attributes
*default*        0x0000000000000000 0xffffffffffffffff

Linker script and memory map


.ta_head        0x0000000000000000       0x20
 *(SORT_BY_ALIGNMENT(.ta_head))
 .ta_head       0x0000000000000000       0x20 out/ta/remoteproc/user_ta_header.o
                0x0000000000000000                ta_head

.text           0x0000000000000020     0xa968
                0x0000000000000020                __text_start = .
 *(SORT_BY_ALIGNMENT(.text) SORT_BY_ALIGNMENT(.text.*))
 .text          0x0000000000000020      0x600 out/export-ta_arm32/lib/libutee.a(tee_api.o)
                0x0000000000000086                TEE_CloseTASession
                0x000000000000009a                TEE_GetCancellationFlag
                0x00000000000000ec                TEE_UnmaskCancellation
                0x000000000000013c                TEE_MaskCancellation
                0x000000000000018c                TEE_CheckMemoryAccessRights
                0x0000000000000318                TEE_OpenTASession
                0x00000000000003dc                TEE_InvokeTACommand
                0x00000000000004c0                TEE_SetInstanceData
                0x00000000000004cc                TEE_GetInstanceData
                0x00000000000004d8                TEE_MemMove
                0x00000000000004dc                TEE_MemCompare
                0x00000000000004e0                TEE_MemFill
                0x00000000000004e4                TEE_GetSystemTime
                0x00000000000004fa                TEE_Wait
                0x0000000000000518                TEE_GetTAPersistentTime
                0x0000000000000554                TEE_SetTAPersistentTime
                0x000000000000057c                TEE_GetREETime
                0x0000000000000592                TEE_Malloc
                0x00000000000005e4                TEE_Free
                0x00000000000005ee                TEE_Realloc
                0x000000000000060e                TEE_CacheClean
                0x0000000000000614                TEE_CacheFlush
                0x000000000000061a                TEE_CacheInvalidate
 .text          0x0000000000000620      0x6e4 out/ta/remoteproc/remoteproc_core.o
                0x0000000000000794                TA_CreateEntryPoint
                0x0000000000000798                TA_DestroyEntryPoint
                0x000000000000079a                TA_OpenSessionEntryPoint
                0x00000000000007dc                TA_CloseSessionEntryPoint
                0x00000000000007f4                TA_InvokeCommandEntryPoint
 .text          0x0000000000000d04      0x350 out/ta/remoteproc/elf_parser.o
                0x0000000000000d40                e32_parse_ehdr
                0x0000000000000df8                e32_parser_load_elf_image
                0x0000000000000ea0                e32_parser_find_rsc_table
 .text.__ta_entry
                0x0000000000001054        0x4 out/ta/remoteproc/ta_entry_a32.o
                0x0000000000001054                __ta_entry
 .text          0x0000000000001058       0xd8 out/export-ta_arm32/lib/libutils.a(memcpy.o)
                0x0000000000001058                memcpy
 .text          0x0000000000001130      0x208 out/export-ta_arm32/lib/libutils.a(trace.o)
                0x0000000000001130                trace_set_level
                0x000000000000114c                trace_get_level
                0x0000000000001160                trace_vprintf
                0x00000000000012dc                trace_printf
                0x0000000000001334                dhex_dump
 .text          0x0000000000001338      0x808 out/export-ta_arm32/lib/libutils.a(snprintk.o)
                0x0000000000001338                __vsnprintf
                0x000000000000139c                vsnprintk
                0x00000000000013aa                snprintk
                0x0000000000001b28                __vsprintf
 .text.__aeabi_ldivmod
                0x0000000000001b40       0x18 out/export-ta_arm32/lib/libutils.a(arm32_aeabi_ldivmod_a32.o)
                0x0000000000001b40                __aeabi_ldivmod
 .text.__aeabi_uldivmod
                0x0000000000001b58       0x18 out/export-ta_arm32/lib/libutils.a(arm32_aeabi_ldivmod_a32.o)
                0x0000000000001b58                __aeabi_uldivmod
 .text          0x0000000000001b70      0x1b8 out/export-ta_arm32/lib/libutils.a(arm32_aeabi_ldivmod.o)
                0x0000000000001bfe                __ul_divmod
                0x0000000000001c74                __l_divmod
 .text          0x0000000000001d28       0x38 out/export-ta_arm32/lib/libutee.a(assert.o)
                0x0000000000001d28                _assert_log
                0x0000000000001d50                _assert_break
 .text          0x0000000000001d60      0x108 out/export-ta_arm32/lib/libutee.a(trace_ext.o)
                0x0000000000001d60                trace_ext_puts
                0x0000000000001d74                trace_ext_get_thread_id
                0x0000000000001d7a                printf
                0x0000000000001dec                puts
                0x0000000000001e10                putchar
 .text          0x0000000000001e68     0x1f28 out/export-ta_arm32/lib/libutee.a(tee_api_operations.o)
                0x0000000000001ff4                TEE_FreeOperation
                0x000000000000201a                TEE_AllocateOperation
                0x00000000000027c4                TEE_GetOperationInfo
                0x00000000000027f4                TEE_GetOperationInfoMultiple
                0x00000000000028fc                TEE_ResetOperation
                0x000000000000293c                TEE_SetOperationKey
                0x0000000000002a08                TEE_SetOperationKey2
                0x0000000000002b34                TEE_CopyOperation
                0x0000000000002be8                TEE_DigestUpdate
                0x0000000000002c1c                TEE_DigestDoFinal
                0x0000000000002cd4                TEE_CipherInit
                0x0000000000002d48                TEE_CipherUpdate
                0x0000000000002e6c                TEE_CipherDoFinal
                0x0000000000002fe0                TEE_MACInit
                0x0000000000003036                TEE_MACUpdate
                0x0000000000003084                TEE_MACComputeFinal
                0x0000000000003134                TEE_MACCompareFinal
                0x00000000000031ec                TEE_AEInit
                0x000000000000325c                TEE_AEUpdateAAD
                0x00000000000032a2                TEE_AEUpdate
                0x00000000000033b4                TEE_AEEncryptFinal
                0x000000000000350c                TEE_AEDecryptFinal
                0x0000000000003638                TEE_AsymmetricEncrypt
                0x0000000000003728                TEE_AsymmetricDecrypt
                0x000000000000381c                TEE_AsymmetricSignDigest
                0x0000000000003908                TEE_AsymmetricVerifyDigest
                0x00000000000039e4                TEE_DeriveKey
                0x0000000000003af8                TEE_GenerateRandom
                0x0000000000003b0a                rand
                0x0000000000003b54                TEE_IsAlgorithmSupported
 .text          0x0000000000003d90       0xdc out/export-ta_arm32/lib/libutee.a(tee_api_panic.o)
                0x0000000000003db0                TEE_Panic
                0x0000000000003dbe                __utee_check_outbuf_annotation
                0x0000000000003dec                __utee_check_instring_annotation
                0x0000000000003e06                __utee_check_outstring_annotation
                0x0000000000003e34                __utee_check_out_annotation
                0x0000000000003e46                __utee_check_attr_in_annotation
                0x0000000000003e5a                __utee_check_inout_annotation
 .text          0x0000000000003e6c      0x1fc out/export-ta_arm32/lib/libutee.a(tee_system_pta.o)
                0x0000000000003ebc                tee_map_zi
                0x0000000000003f28                tee_unmap
                0x0000000000003fa8                tee_invoke_supp_plugin
 .text          0x0000000000004068        0x0 out/export-ta_arm32/lib/libutee.a(utee_syscalls_a32.o)
 .text._utee_panic
                0x0000000000004068       0x14 out/export-ta_arm32/lib/libutee.a(utee_syscalls_a32.o)
                0x0000000000004068                _utee_panic
 .text._utee_return
                0x000000000000407c       0x14 out/export-ta_arm32/lib/libutee.a(utee_syscalls_a32.o)
                0x000000000000407c                _utee_return
 .text._utee_log
                0x0000000000004090       0x14 out/export-ta_arm32/lib/libutee.a(utee_syscalls_a32.o)
                0x0000000000004090                _utee_log
 .text.__utee_panic
                0x00000000000040a4       0x14 out/export-ta_arm32/lib/libutee.a(utee_syscalls_a32.o)
                0x00000000000040a4                __utee_panic
 .text._utee_get_property
                0x00000000000040b8       0x18 out/export-ta_arm32/lib/libutee.a(utee_syscalls_a32.o)
                0x00000000000040b8                _utee_get_property
 .text._utee_get_property_name_to_index
                0x00000000000040d0       0x14 out/export-ta_arm32/lib/libutee.a(utee_syscalls_a32.o)
                0x00000000000040d0                _utee_get_property_name_to_index
 .text._utee_open_ta_session
                0x00000000000040e4       0x18 out/export-ta_arm32/lib/libutee.a(utee_syscalls_a32.o)
                0x00000000000040e4                _utee_open_ta_session
 .text._utee_close_ta_session
                0x00000000000040fc       0x14 out/export-ta_arm32/lib/libutee.a(utee_syscalls_a32.o)
                0x00000000000040fc                _utee_close_ta_session
 .text._utee_invoke_ta_command
                0x0000000000004110       0x18 out/export-ta_arm32/lib/libutee.a(utee_syscalls_a32.o)
                0x0000000000004110                _utee_invoke_ta_command
 .text._utee_get_cancellation_flag
                0x0000000000004128       0x14 out/export-ta_arm32/lib/libutee.a(utee_syscalls_a32.o)
                0x0000000000004128                _utee_get_cancellation_flag
 .text._utee_check_access_rights
                0x000000000000413c       0x14 out/export-ta_arm32/lib/libutee.a(utee_syscalls_a32.o)
                0x000000000000413c                _utee_check_access_rights
 .text._utee_unmask_cancellation
                0x0000000000004150       0x14 out/export-ta_arm32/lib/libutee.a(utee_syscalls_a32.o)
                0x0000000000004150                _utee_unmask_cancellation
 .text._utee_mask_cancellation
                0x0000000000004164       0x14 out/export-ta_arm32/lib/libutee.a(utee_syscalls_a32.o)
                0x0000000000004164                _utee_mask_cancellation
 .text._utee_wait
                0x0000000000004178       0x14 out/export-ta_arm32/lib/libutee.a(utee_syscalls_a32.o)
                0x0000000000004178                _utee_wait
 .text._utee_get_time
                0x000000000000418c       0x14 out/export-ta_arm32/lib/libutee.a(utee_syscalls_a32.o)
                0x000000000000418c                _utee_get_time
 .text._utee_set_ta_time
                0x00000000000041a0       0x14 out/export-ta_arm32/lib/libutee.a(utee_syscalls_a32.o)
                0x00000000000041a0                _utee_set_ta_time
 .text._utee_cryp_state_alloc
                0x00000000000041b4       0x18 out/export-ta_arm32/lib/libutee.a(utee_syscalls_a32.o)
                0x00000000000041b4                _utee_cryp_state_alloc
 .text._utee_cryp_state_copy
                0x00000000000041cc       0x14 out/export-ta_arm32/lib/libutee.a(utee_syscalls_a32.o)
                0x00000000000041cc                _utee_cryp_state_copy
 .text._utee_cryp_state_free
                0x00000000000041e0       0x14 out/export-ta_arm32/lib/libutee.a(utee_syscalls_a32.o)
                0x00000000000041e0                _utee_cryp_state_free
 .text._utee_hash_init
                0x00000000000041f4       0x14 out/export-ta_arm32/lib/libutee.a(utee_syscalls_a32.o)
                0x00000000000041f4                _utee_hash_init
 .text._utee_hash_update
                0x0000000000004208       0x14 out/export-ta_arm32/lib/libutee.a(utee_syscalls_a32.o)
                0x0000000000004208                _utee_hash_update
 .text._utee_hash_final
                0x000000000000421c       0x18 out/export-ta_arm32/lib/libutee.a(utee_syscalls_a32.o)
                0x000000000000421c                _utee_hash_final
 .text._utee_cipher_init
                0x0000000000004234       0x14 out/export-ta_arm32/lib/libutee.a(utee_syscalls_a32.o)
                0x0000000000004234                _utee_cipher_init
 .text._utee_cipher_update
                0x0000000000004248       0x18 out/export-ta_arm32/lib/libutee.a(utee_syscalls_a32.o)
                0x0000000000004248                _utee_cipher_update
 .text._utee_cipher_final
                0x0000000000004260       0x18 out/export-ta_arm32/lib/libutee.a(utee_syscalls_a32.o)
                0x0000000000004260                _utee_cipher_final
 .text._utee_cryp_obj_get_info
                0x0000000000004278       0x14 out/export-ta_arm32/lib/libutee.a(utee_syscalls_a32.o)
                0x0000000000004278                _utee_cryp_obj_get_info
 .text._utee_cryp_obj_restrict_usage
                0x000000000000428c       0x14 out/export-ta_arm32/lib/libutee.a(utee_syscalls_a32.o)
                0x000000000000428c                _utee_cryp_obj_restrict_usage
 .text._utee_cryp_obj_get_attr
                0x00000000000042a0       0x14 out/export-ta_arm32/lib/libutee.a(utee_syscalls_a32.o)
                0x00000000000042a0                _utee_cryp_obj_get_attr
 .text._utee_cryp_obj_alloc
                0x00000000000042b4       0x14 out/export-ta_arm32/lib/libutee.a(utee_syscalls_a32.o)
                0x00000000000042b4                _utee_cryp_obj_alloc
 .text._utee_cryp_obj_close
                0x00000000000042c8       0x14 out/export-ta_arm32/lib/libutee.a(utee_syscalls_a32.o)
                0x00000000000042c8                _utee_cryp_obj_close
 .text._utee_cryp_obj_reset
                0x00000000000042dc       0x14 out/export-ta_arm32/lib/libutee.a(utee_syscalls_a32.o)
                0x00000000000042dc                _utee_cryp_obj_reset
 .text._utee_cryp_obj_populate
                0x00000000000042f0       0x14 out/export-ta_arm32/lib/libutee.a(utee_syscalls_a32.o)
                0x00000000000042f0                _utee_cryp_obj_populate
 .text._utee_cryp_obj_copy
                0x0000000000004304       0x14 out/export-ta_arm32/lib/libutee.a(utee_syscalls_a32.o)
                0x0000000000004304                _utee_cryp_obj_copy
 .text._utee_cryp_derive_key
                0x0000000000004318       0x14 out/export-ta_arm32/lib/libutee.a(utee_syscalls_a32.o)
                0x0000000000004318                _utee_cryp_derive_key
 .text._utee_cryp_random_number_generate
                0x000000000000432c       0x14 out/export-ta_arm32/lib/libutee.a(utee_syscalls_a32.o)
                0x000000000000432c                _utee_cryp_random_number_generate
 .text._utee_authenc_init
                0x0000000000004340       0x18 out/export-ta_arm32/lib/libutee.a(utee_syscalls_a32.o)
                0x0000000000004340                _utee_authenc_init
 .text._utee_authenc_update_aad
                0x0000000000004358       0x14 out/export-ta_arm32/lib/libutee.a(utee_syscalls_a32.o)
                0x0000000000004358                _utee_authenc_update_aad
 .text._utee_authenc_update_payload
                0x000000000000436c       0x18 out/export-ta_arm32/lib/libutee.a(utee_syscalls_a32.o)
                0x000000000000436c                _utee_authenc_update_payload
 .text._utee_authenc_enc_final
                0x0000000000004384       0x18 out/export-ta_arm32/lib/libutee.a(utee_syscalls_a32.o)
                0x0000000000004384                _utee_authenc_enc_final
 .text._utee_authenc_dec_final
                0x000000000000439c       0x18 out/export-ta_arm32/lib/libutee.a(utee_syscalls_a32.o)
                0x000000000000439c                _utee_authenc_dec_final
 .text._utee_asymm_operate
                0x00000000000043b4       0x18 out/export-ta_arm32/lib/libutee.a(utee_syscalls_a32.o)
                0x00000000000043b4                _utee_asymm_operate
 .text._utee_asymm_verify
                0x00000000000043cc       0x18 out/export-ta_arm32/lib/libutee.a(utee_syscalls_a32.o)
                0x00000000000043cc                _utee_asymm_verify
 .text._utee_storage_obj_open
                0x00000000000043e4       0x18 out/export-ta_arm32/lib/libutee.a(utee_syscalls_a32.o)
                0x00000000000043e4                _utee_storage_obj_open
 .text._utee_storage_obj_create
                0x00000000000043fc       0x18 out/export-ta_arm32/lib/libutee.a(utee_syscalls_a32.o)
                0x00000000000043fc                _utee_storage_obj_create
 .text._utee_storage_obj_del
                0x0000000000004414       0x14 out/export-ta_arm32/lib/libutee.a(utee_syscalls_a32.o)
                0x0000000000004414                _utee_storage_obj_del
 .text._utee_storage_obj_rename
                0x0000000000004428       0x14 out/export-ta_arm32/lib/libutee.a(utee_syscalls_a32.o)
                0x0000000000004428                _utee_storage_obj_rename
 .text._utee_storage_alloc_enum
                0x000000000000443c       0x14 out/export-ta_arm32/lib/libutee.a(utee_syscalls_a32.o)
                0x000000000000443c                _utee_storage_alloc_enum
 .text._utee_storage_free_enum
                0x0000000000004450       0x14 out/export-ta_arm32/lib/libutee.a(utee_syscalls_a32.o)
                0x0000000000004450                _utee_storage_free_enum
 .text._utee_storage_reset_enum
                0x0000000000004464       0x14 out/export-ta_arm32/lib/libutee.a(utee_syscalls_a32.o)
                0x0000000000004464                _utee_storage_reset_enum
 .text._utee_storage_start_enum
                0x0000000000004478       0x14 out/export-ta_arm32/lib/libutee.a(utee_syscalls_a32.o)
                0x0000000000004478                _utee_storage_start_enum
 .text._utee_storage_next_enum
                0x000000000000448c       0x14 out/export-ta_arm32/lib/libutee.a(utee_syscalls_a32.o)
                0x000000000000448c                _utee_storage_next_enum
 .text._utee_storage_obj_read
                0x00000000000044a0       0x14 out/export-ta_arm32/lib/libutee.a(utee_syscalls_a32.o)
                0x00000000000044a0                _utee_storage_obj_read
 .text._utee_storage_obj_write
                0x00000000000044b4       0x14 out/export-ta_arm32/lib/libutee.a(utee_syscalls_a32.o)
                0x00000000000044b4                _utee_storage_obj_write
 .text._utee_storage_obj_trunc
                0x00000000000044c8       0x14 out/export-ta_arm32/lib/libutee.a(utee_syscalls_a32.o)
                0x00000000000044c8                _utee_storage_obj_trunc
 .text._utee_storage_obj_seek
                0x00000000000044dc       0x14 out/export-ta_arm32/lib/libutee.a(utee_syscalls_a32.o)
                0x00000000000044dc                _utee_storage_obj_seek
 .text._utee_cryp_obj_generate_key
                0x00000000000044f0       0x14 out/export-ta_arm32/lib/libutee.a(utee_syscalls_a32.o)
                0x00000000000044f0                _utee_cryp_obj_generate_key
 .text._utee_cache_operation
                0x0000000000004504       0x14 out/export-ta_arm32/lib/libutee.a(utee_syscalls_a32.o)
                0x0000000000004504                _utee_cache_operation
 .text          0x0000000000004518      0x558 out/export-ta_arm32/lib/libutee.a(user_ta_entry.o)
                0x000000000000472c                __utee_call_elf_init_fn
                0x0000000000004818                __utee_call_elf_fini_fn
                0x0000000000004894                __utee_entry
 .text.unlikely
                0x0000000000004a70       0x18 out/export-ta_arm32/lib/libutee.a(abort.o)
                0x0000000000004a70                abort
 .text          0x0000000000004a88     0x165c out/export-ta_arm32/lib/libutee.a(tee_api_arith_mpi.o)
                0x0000000000005110                _TEE_MathAPI_Init
                0x0000000000005154                TEE_BigIntInit
                0x000000000000518c                TEE_BigIntConvertFromOctetString
                0x0000000000005218                TEE_BigIntConvertToOctetString
                0x00000000000052a4                TEE_BigIntConvertFromS32
                0x0000000000005328                TEE_BigIntConvertToS32
                0x00000000000053bc                TEE_BigIntCmp
                0x0000000000005428                TEE_BigIntCmpS32
                0x00000000000055c8                TEE_BigIntShiftRight
                0x000000000000570c                TEE_BigIntGetBit
                0x000000000000576c                TEE_BigIntGetBitCount
                0x00000000000057c4                TEE_BigIntAdd
                0x00000000000057e4                TEE_BigIntSub
                0x0000000000005804                TEE_BigIntNeg
                0x00000000000058ac                TEE_BigIntMul
                0x0000000000005988                TEE_BigIntSquare
                0x000000000000598e                TEE_BigIntDiv
                0x0000000000005ab0                TEE_BigIntMod
                0x0000000000005b00                TEE_BigIntAddMod
                0x0000000000005b1c                TEE_BigIntSubMod
                0x0000000000005b38                TEE_BigIntMulMod
                0x0000000000005b54                TEE_BigIntSquareMod
                0x0000000000005b5c                TEE_BigIntInvMod
                0x0000000000005c50                TEE_BigIntRelativePrime
                0x0000000000005d00                TEE_BigIntComputeExtendedGcd
                0x0000000000005edc                TEE_BigIntIsProbablePrime
                0x0000000000005f40                TEE_BigIntInitFMM
                0x0000000000005f44                TEE_BigIntInitFMMContext
                0x0000000000005f46                TEE_BigIntFMMSizeInU32
                0x0000000000005f4e                TEE_BigIntFMMContextSizeInU32
                0x0000000000005f52                TEE_BigIntConvertToFMM
                0x0000000000005f56                TEE_BigIntConvertFromFMM
                0x0000000000005ff0                TEE_BigIntComputeFMM
 .text          0x00000000000060e4      0xb34 out/export-ta_arm32/lib/libutee.a(tee_api_objects.o)
                0x00000000000060e4                __utee_from_attr
                0x0000000000006122                TEE_GetObjectInfo
                0x000000000000614c                TEE_GetObjectInfo1
                0x000000000000616c                TEE_RestrictObjectUsage1
                0x000000000000618c                TEE_RestrictObjectUsage
                0x00000000000061ec                TEE_GetObjectBufferAttribute
                0x0000000000006294                TEE_GetObjectValueAttribute
                0x0000000000006364                TEE_CloseObject
                0x0000000000006378                TEE_AllocateTransientObject
                0x00000000000063ec                TEE_FreeTransientObject
                0x0000000000006450                TEE_ResetTransientObject
                0x00000000000064b4                TEE_PopulateTransientObject
                0x0000000000006560                TEE_InitRefAttribute
                0x0000000000006582                TEE_InitValueAttribute
                0x00000000000065a4                TEE_CopyObjectAttributes1
                0x0000000000006640                TEE_CopyObjectAttributes
                0x00000000000066a4                TEE_GenerateKey
                0x0000000000006730                TEE_OpenPersistentObject
                0x00000000000067d0                TEE_CreatePersistentObject
                0x000000000000688c                TEE_CloseAndDeletePersistentObject1
                0x00000000000068b0                TEE_CloseAndDeletePersistentObject
                0x00000000000068c6                TEE_RenamePersistentObject
                0x0000000000006900                TEE_AllocatePersistentObjectEnumerator
                0x0000000000006968                TEE_FreePersistentObjectEnumerator
                0x000000000000697c                TEE_ResetPersistentObjectEnumerator
                0x0000000000006990                TEE_StartPersistentObjectEnumerator
                0x00000000000069bc                TEE_GetNextPersistentObject
                0x0000000000006a60                TEE_ReadObjectData
                0x0000000000006aec                TEE_WriteObjectData
                0x0000000000006b2c                TEE_TruncateObjectData
                0x0000000000006b64                TEE_SeekObjectData
 .text          0x0000000000006c18      0x23c out/export-ta_arm32/lib/libutee.a(tcb.o)
                0x0000000000006c18                __utee_tcb_init
                0x0000000000006d94                __tls_get_addr
                0x0000000000006dac                dl_iterate_phdr
 .text          0x0000000000006e54     0x2ef0 out/export-ta_arm32/lib/libmbedtls.a(bignum.o)
                0x0000000000007474                mbedtls_mpi_init
                0x0000000000007480                mbedtls_mpi_init_mempool
                0x00000000000074a8                mbedtls_mpi_free
                0x00000000000074ec                mbedtls_mpi_grow
                0x00000000000075ba                mbedtls_mpi_shrink
                0x0000000000007670                mbedtls_mpi_copy
                0x00000000000076d6                mbedtls_mpi_swap
                0x0000000000007734                mbedtls_mpi_safe_cond_assign
                0x0000000000007790                mbedtls_mpi_safe_cond_swap
                0x0000000000007824                mbedtls_mpi_lset
                0x000000000000785c                mbedtls_mpi_get_bit
                0x000000000000787e                mbedtls_mpi_set_bit
                0x00000000000078d0                mbedtls_mpi_lsb
                0x0000000000007904                mbedtls_mpi_bitlen
                0x000000000000793a                mbedtls_mpi_size
                0x0000000000007946                mbedtls_mpi_read_binary_le
                0x000000000000798c                mbedtls_mpi_read_binary
                0x00000000000079ce                mbedtls_mpi_write_binary_le
                0x0000000000007a3a                mbedtls_mpi_write_binary
                0x0000000000007aa6                mbedtls_mpi_shift_l
                0x0000000000007b4a                mbedtls_mpi_shift_r
                0x0000000000007bc2                mbedtls_mpi_cmp_abs
                0x0000000000007c24                mbedtls_mpi_cmp_mpi
                0x0000000000007ca8                mbedtls_mpi_lt_mpi_ct
                0x0000000000007d50                mbedtls_mpi_cmp_int
                0x0000000000007db4                mbedtls_mpi_add_abs
                0x0000000000007e62                mbedtls_mpi_sub_abs
                0x0000000000007f44                mbedtls_mpi_add_mpi
                0x0000000000007f8c                mbedtls_mpi_sub_mpi
                0x0000000000007fd6                mbedtls_mpi_add_int
                0x000000000000803c                mbedtls_mpi_sub_int
                0x00000000000080a4                mbedtls_mpi_mul_mpi
                0x00000000000081c0                mbedtls_mpi_mul_int
                0x000000000000821c                mbedtls_mpi_read_string
                0x0000000000008374                mbedtls_mpi_div_mpi
                0x0000000000008750                mbedtls_mpi_div_int
                0x00000000000087b8                mbedtls_mpi_mod_mpi
                0x000000000000881c                mbedtls_mpi_mod_int
                0x0000000000008888                mbedtls_mpi_write_string
                0x0000000000008ab4                mbedtls_mpi_montg_init
                0x0000000000008aba                mbedtls_mpi_montmul
                0x0000000000008abe                mbedtls_mpi_montred
                0x0000000000008ac2                mbedtls_mpi_exp_mod
                0x0000000000008f6c                mbedtls_mpi_gcd
                0x00000000000090a0                mbedtls_mpi_fill_random
                0x00000000000092ac                mbedtls_mpi_random
                0x00000000000093d4                mbedtls_mpi_inv_mod
                0x0000000000009728                mbedtls_mpi_is_prime_ext
                0x00000000000097c0                mbedtls_mpi_is_prime
                0x00000000000097ca                mbedtls_mpi_gen_prime
                0x0000000000009a10                mbedtls_mpi_self_test
 .text          0x0000000000009d44       0x14 out/export-ta_arm32/lib/libmbedtls.a(platform_util.o)
                0x0000000000009d44                mbedtls_platform_zeroize
 .text          0x0000000000009d58      0x9b4 out/export-ta_arm32/lib/libutils.a(bget_malloc.o)
                0x0000000000009d78                bget
                0x0000000000009f80                bgetz
                0x0000000000009fe0                brel
                0x000000000000a1e8                bgetr
                0x000000000000a26c                bpool
                0x000000000000a308                bstats
                0x000000000000a36c                malloc_reset_stats
                0x000000000000a380                malloc_get_stats
                0x000000000000a39c                raw_memalign
                0x000000000000a3e0                raw_malloc
                0x000000000000a3f2                raw_free
                0x000000000000a3fa                raw_calloc
                0x000000000000a442                raw_realloc
                0x000000000000a508                malloc
                0x000000000000a51c                calloc
                0x000000000000a53c                realloc
                0x000000000000a558                memalign
                0x000000000000a578                free
                0x000000000000a588                free_wipe
                0x000000000000a598                raw_malloc_get_ctx_size
                0x000000000000a59c                raw_malloc_init_ctx
                0x000000000000a5ae                raw_malloc_add_pool
                0x000000000000a5b0                raw_malloc_get_stats
                0x000000000000a5c8                malloc_add_pool
                0x000000000000a5d8                malloc_buffer_is_within_alloced
                0x000000000000a6b8                malloc_buffer_overlaps_heap
 .text          0x000000000000a70c       0x68 out/export-ta_arm32/lib/libutils.a(snprintf.o)
                0x000000000000a70c                snprintf
                0x000000000000a764                vsnprintf
 .text          0x000000000000a774       0xf4 out/export-ta_arm32/lib/libutils.a(mempool.o)
                0x000000000000a774                mempool_alloc_pool
                0x000000000000a7f8                mempool_alloc
                0x000000000000a834                mempool_calloc
                0x000000000000a85c                mempool_free
 .text          0x000000000000a868        0xe out/ta/remoteproc/user_ta_header.o
                0x000000000000a868                __ta_entry_c
                0x000000000000a872                tahead_get_trace_level
 .text          0x000000000000a876        0x2 out/export-ta_arm32/lib/libutils.a(stack_check.o)
                0x000000000000a876                __stack_chk_fail
 .text          0x000000000000a878       0x10 out/export-ta_arm32/lib/libutils.a(memset.o)
                0x000000000000a878                memset
 .text          0x000000000000a888       0x16 out/export-ta_arm32/lib/libutils.a(strcmp.o)
                0x000000000000a888                strcmp
 .text          0x000000000000a89e       0x1c out/export-ta_arm32/lib/libutils.a(memchr.o)
                0x000000000000a89e                memchr
 .text          0x000000000000a8ba       0x10 out/export-ta_arm32/lib/libutils.a(strlen.o)
                0x000000000000a8ba                strlen
 .text          0x000000000000a8ca       0x34 out/export-ta_arm32/lib/libutils.a(memmove.o)
                0x000000000000a8ca                memmove
 .text          0x000000000000a8fe       0x48 out/export-ta_arm32/lib/libutils.a(consttime_memcmp.o)
                0x000000000000a8fe                consttime_memcmp
 .text          0x000000000000a946        0x0 out/ta/remoteproc/ta_entry_a32.o
 .text          0x000000000000a946        0x0 out/export-ta_arm32/lib/libutils.a(arm32_aeabi_ldivmod_a32.o)
 .text          0x000000000000a946        0x0 out/export-ta_arm32/lib/libutee.a(abort.o)
 *fill*         0x000000000000a946        0x2 
 .text.__stub   0x000000000000a948       0x40 linker stubs
 *(SORT_BY_ALIGNMENT(.stub))
 *(SORT_BY_ALIGNMENT(.glue_7))
 .glue_7        0x000000000000a988        0x0 linker stubs
 *(SORT_BY_ALIGNMENT(.glue_7t))
 .glue_7t       0x000000000000a988        0x0 linker stubs
 *(SORT_BY_ALIGNMENT(.gnu.linkonce.t.*))
 *(SORT_BY_ALIGNMENT(.vfp11_veneer))
 .vfp11_veneer  0x000000000000a988        0x0 linker stubs
                0x000000000000a988                __text_end = .

.v4_bx          0x000000000000a988        0x0
 .v4_bx         0x000000000000a988        0x0 linker stubs

.iplt           0x000000000000a988        0x0
 .iplt          0x000000000000a988        0x0 out/ta/remoteproc/remoteproc_core.o

.note.gnu.property
 *(SORT_BY_ALIGNMENT(.note.gnu.property))

.plt            0x000000000000a988        0x0
 *(SORT_BY_ALIGNMENT(.plt))
 .plt           0x000000000000a988        0x0 out/ta/remoteproc/remoteproc_core.o

.eh_frame_hdr
 *(SORT_BY_ALIGNMENT(.eh_frame_hdr))
 *(SORT_BY_ALIGNMENT(.eh_frame_entry) SORT_BY_ALIGNMENT(.eh_frame_entry.*))

.eh_frame
 *(SORT_BY_ALIGNMENT(.eh_frame))
 *(SORT_BY_ALIGNMENT(.eh_frame.*))

.gcc_except_table
 *(SORT_BY_ALIGNMENT(.gcc_except_table) SORT_BY_ALIGNMENT(.gcc_except_table.*))

.rodata         0x000000000000a988     0x12bc
 *(SORT_BY_ALIGNMENT(.gnu.linkonce.r.*))
 *(SORT_BY_ALIGNMENT(.rodata) SORT_BY_ALIGNMENT(.rodata.*))
 .rodata.ta/remoteproc/remoteproc_core.c
                0x000000000000a988       0xad out/ta/remoteproc/remoteproc_core.o
 *fill*         0x000000000000aa35        0x3 
 .rodata.out/export-ta_arm32/src/user_ta_header.c
                0x000000000000aa38       0x17 out/ta/remoteproc/user_ta_header.o
                0x000000000000aa38                ta_num_props
                0x000000000000aa48                ta_heap_size
                0x000000000000aa4c                trace_ext_prefix
 *fill*         0x000000000000aa4f        0x1 
 .rodata.lib/libutee/tee_system_pta.c
                0x000000000000aa50       0x31 out/export-ta_arm32/lib/libutee.a(tee_system_pta.o)
 *fill*         0x000000000000aa81        0x3 
 .rodata.lib/libmbedtls/mbedtls/library/bignum.c
                0x000000000000aa84      0x2c4 out/export-ta_arm32/lib/libmbedtls.a(bignum.o)
 .rodata.str1.1.ta/remoteproc/remoteproc_core.c
                0x000000000000ad48       0xff out/ta/remoteproc/remoteproc_core.o
 .rodata.str1.1.ta/remoteproc/elf_parser.c
                0x000000000000ae47      0x104 out/ta/remoteproc/elf_parser.o
 .rodata.ta/remoteproc/elf_parser.c
                0x000000000000af4b       0x3f out/ta/remoteproc/elf_parser.o
 .rodata.str1.1.out/export-ta_arm32/src/user_ta_header.c
                0x000000000000af8a       0xaf out/ta/remoteproc/user_ta_header.o
 .rodata.str1.1.lib/libutils/ext/trace.c
                0x000000000000b039       0x1a out/export-ta_arm32/lib/libutils.a(trace.o)
                                         0x1b (size before relaxing)
 .rodata.lib/libutils/ext/trace.c
                0x000000000000b053        0x5 out/export-ta_arm32/lib/libutils.a(trace.o)
 .rodata.str1.1.lib/libutils/ext/snprintk.c
                0x000000000000b058       0x38 out/export-ta_arm32/lib/libutils.a(snprintk.o)
 .rodata.lib/libutils/ext/snprintk.c
                0x000000000000b090       0x22 out/export-ta_arm32/lib/libutils.a(snprintk.o)
 .rodata.str1.1.lib/libutee/assert.c
                0x000000000000b0b2       0x27 out/export-ta_arm32/lib/libutee.a(assert.o)
 .rodata.str1.1.lib/libutee/trace_ext.c
                0x000000000000b0d9       0x27 out/export-ta_arm32/lib/libutee.a(trace_ext.o)
                                          0x2 (size before relaxing)
 .rodata.str1.1.lib/libutee/tee_api.c
                0x000000000000b0d9       0x11 out/export-ta_arm32/lib/libutee.a(tee_api.o)
 .rodata.lib/libutee/tee_api.c
                0x000000000000b0ea        0xb out/export-ta_arm32/lib/libutee.a(tee_api.o)
 .rodata.str1.1.lib/libutee/tee_system_pta.c
                0x000000000000b0f5       0x55 out/export-ta_arm32/lib/libutee.a(tee_system_pta.o)
 .rodata.str1.1.lib/libutee/arch/arm/user_ta_entry.c
                0x000000000000b14a       0x19 out/export-ta_arm32/lib/libutee.a(user_ta_entry.o)
 .rodata.lib/libutee/arch/arm/user_ta_entry.c
                0x000000000000b163       0x16 out/export-ta_arm32/lib/libutee.a(user_ta_entry.o)
 .rodata.str1.1.lib/libutee/abort.c
                0x000000000000b179        0x7 out/export-ta_arm32/lib/libutee.a(abort.o)
 .rodata.str1.1.lib/libutee/tee_api_arith_mpi.c
                0x000000000000b180       0xb7 out/export-ta_arm32/lib/libutee.a(tee_api_arith_mpi.o)
 .rodata.lib/libutee/tee_api_arith_mpi.c
                0x000000000000b237      0x13d out/export-ta_arm32/lib/libutee.a(tee_api_arith_mpi.o)
 .rodata.str1.1.lib/libutee/arch/arm/tcb.c
                0x000000000000b374       0x96 out/export-ta_arm32/lib/libutee.a(tcb.o)
 .rodata.lib/libutee/arch/arm/tcb.c
                0x000000000000b40a       0x20 out/export-ta_arm32/lib/libutee.a(tcb.o)
 .rodata.str1.1.lib/libmbedtls/mbedtls/library/bignum.c
                0x000000000000b42a      0x456 out/export-ta_arm32/lib/libmbedtls.a(bignum.o)
                                        0x45d (size before relaxing)
 .rodata.str1.1.lib/libutils/isoc/bget_malloc.c
                0x000000000000b880      0x2b7 out/export-ta_arm32/lib/libutils.a(bget_malloc.o)
                                        0x2c2 (size before relaxing)
 .rodata.lib/libutils/isoc/bget_malloc.c
                0x000000000000bb37       0x58 out/export-ta_arm32/lib/libutils.a(bget_malloc.o)
 .rodata.str1.1.lib/libutils/ext/mempool.c
                0x000000000000bb8f       0x89 out/export-ta_arm32/lib/libutils.a(mempool.o)
 .rodata.lib/libutils/ext/mempool.c
                0x000000000000bc18       0x2c out/export-ta_arm32/lib/libutils.a(mempool.o)

.gnu.version_d  0x000000000000bc44        0x0
 .gnu.version_d
                0x000000000000bc44        0x0 out/ta/remoteproc/remoteproc_core.o

.gnu.version    0x000000000000bc44        0x0
 .gnu.version   0x000000000000bc44        0x0 out/ta/remoteproc/remoteproc_core.o

.gnu.version_r  0x000000000000bc44        0x0
 .gnu.version_r
                0x000000000000bc44        0x0 out/ta/remoteproc/remoteproc_core.o

.gnu.hash       0x000000000000bc44       0x2c
 .gnu.hash      0x000000000000bc44       0x2c out/ta/remoteproc/remoteproc_core.o

.ARM.extab
 *(SORT_BY_ALIGNMENT(.ARM.extab*) SORT_BY_ALIGNMENT(.gnu.linkonce.armextab.*))
                [!provide]                        PROVIDE (__exidx_start = .)

.ARM.exidx
 *(SORT_BY_ALIGNMENT(.ARM.exidx*) SORT_BY_ALIGNMENT(.gnu.linkonce.armexidx.*))
                [!provide]                        PROVIDE (__exidx_end = .)

.ctors
 *(SORT_BY_ALIGNMENT(.ctors))

.dtors
 *(SORT_BY_ALIGNMENT(.dtors))

.dynsym         0x000000000000bc70       0x60
 *(SORT_BY_ALIGNMENT(.dynsym))
 .dynsym        0x000000000000bc70       0x60 out/ta/remoteproc/remoteproc_core.o

.dynstr         0x000000000000bcd0       0x2e
 *(SORT_BY_ALIGNMENT(.dynstr))
 .dynstr        0x000000000000bcd0       0x2e out/ta/remoteproc/remoteproc_core.o

.hash           0x000000000000bd00       0x2c
 *(SORT_BY_ALIGNMENT(.hash))
 .hash          0x000000000000bd00       0x2c out/ta/remoteproc/remoteproc_core.o
                0x000000000000c000                . = ALIGN (0x1000)

.dynamic        0x000000000000c000       0x88
 *(SORT_BY_ALIGNMENT(.dynamic))
 .dynamic       0x000000000000c000       0x88 out/ta/remoteproc/remoteproc_core.o
                0x000000000000c000                _DYNAMIC

.tdata
 *(SORT_BY_ALIGNMENT(.tdata) SORT_BY_ALIGNMENT(.tdata.*) SORT_BY_ALIGNMENT(.gnu.linkonce.td.*))

.tbss
 *(SORT_BY_ALIGNMENT(.tbss) SORT_BY_ALIGNMENT(.tbss.*) SORT_BY_ALIGNMENT(.gnu.linkonce.tb.*))
 *(SORT_BY_ALIGNMENT(.tcommon))

.got            0x000000000000c088       0x4c
 *(SORT_BY_ALIGNMENT(.got.plt))
 .got.plt       0x000000000000c088        0xc out/ta/remoteproc/remoteproc_core.o
                0x000000000000c088                _GLOBAL_OFFSET_TABLE_
 *(SORT_BY_ALIGNMENT(.got))
 .got           0x000000000000c094       0x40 out/ta/remoteproc/remoteproc_core.o

.rel.text
 *(SORT_BY_ALIGNMENT(.rel.text))
 *(SORT_BY_ALIGNMENT(.rel.gnu.linkonce.t*))

.rela.text
 *(SORT_BY_ALIGNMENT(.rela.text))
 *(SORT_BY_ALIGNMENT(.rela.gnu.linkonce.t*))

.rel.data
 *(SORT_BY_ALIGNMENT(.rel.data))
 *(SORT_BY_ALIGNMENT(.rel.gnu.linkonce.d*))

.rela.data
 *(SORT_BY_ALIGNMENT(.rela.data))
 *(SORT_BY_ALIGNMENT(.rela.gnu.linkonce.d*))

.rel.tdata
 *(SORT_BY_ALIGNMENT(.rel.tdata) SORT_BY_ALIGNMENT(.rel.tdata.*) SORT_BY_ALIGNMENT(.rel.gnu.linkonce.td.*))

.rela.tdata
 *(SORT_BY_ALIGNMENT(.rela.tdata) SORT_BY_ALIGNMENT(.rela.tdata.*) SORT_BY_ALIGNMENT(.rela.gnu.linkonce.td.*))

.rel.tbss
 *(SORT_BY_ALIGNMENT(.rel.tbss) SORT_BY_ALIGNMENT(.rel.tbss.*) SORT_BY_ALIGNMENT(.rel.gnu.linkonce.tb.*))

.rela.tbss
 *(SORT_BY_ALIGNMENT(.rela.tbss) SORT_BY_ALIGNMENT(.rela.tbss.*) SORT_BY_ALIGNMENT(.rela.gnu.linkonce.tb.*))

.rel.rodata
 *(SORT_BY_ALIGNMENT(.rel.rodata))
 *(SORT_BY_ALIGNMENT(.rel.gnu.linkonce.r*))

.rela.rodata
 *(SORT_BY_ALIGNMENT(.rela.rodata))
 *(SORT_BY_ALIGNMENT(.rela.gnu.linkonce.r*))

.rel.dyn        0x000000000000c0d4       0xa0
 *(SORT_BY_ALIGNMENT(.rel.dyn))
 .rel.data.rel.ro
                0x000000000000c0d4        0x0 out/ta/remoteproc/remoteproc_core.o
 .rel.iplt      0x000000000000c0d4        0x0 out/ta/remoteproc/remoteproc_core.o
 .rel.data.rel.local
                0x000000000000c0d4       0x28 out/ta/remoteproc/remoteproc_core.o
 .rel.data.rel.ro.local
                0x000000000000c0fc       0x70 out/ta/remoteproc/remoteproc_core.o
 .rel.data.rel  0x000000000000c16c        0x8 out/ta/remoteproc/remoteproc_core.o

.rel.got        0x000000000000c174       0x80
 *(SORT_BY_ALIGNMENT(.rel.got))
 .rel.got       0x000000000000c174       0x80 out/ta/remoteproc/remoteproc_core.o

.rela.got
 *(SORT_BY_ALIGNMENT(.rela.got))

.rel.ctors
 *(SORT_BY_ALIGNMENT(.rel.ctors))

.rela.ctors
 *(SORT_BY_ALIGNMENT(.rela.ctors))

.rel.dtors
 *(SORT_BY_ALIGNMENT(.rel.dtors))

.rela.dtors
 *(SORT_BY_ALIGNMENT(.rela.dtors))

.rel.init
 *(SORT_BY_ALIGNMENT(.rel.init))

.rela.init
 *(SORT_BY_ALIGNMENT(.rela.init))

.rel.fini
 *(SORT_BY_ALIGNMENT(.rel.fini))

.rela.fini
 *(SORT_BY_ALIGNMENT(.rela.fini))

.rel.bss        0x000000000000c1f4        0x0
 *(SORT_BY_ALIGNMENT(.rel.bss))
 .rel.bss       0x000000000000c1f4        0x0 out/ta/remoteproc/remoteproc_core.o

.rela.bss
 *(SORT_BY_ALIGNMENT(.rela.bss))

.rel.plt        0x000000000000c1f4        0x0
 *(SORT_BY_ALIGNMENT(.rel.plt))
 .rel.plt       0x000000000000c1f4        0x0 out/ta/remoteproc/remoteproc_core.o

.rela.plt
 *(SORT_BY_ALIGNMENT(.rela.plt))

.data           0x000000000000c1f4       0xd4
 *(SORT_BY_ALIGNMENT(.data) SORT_BY_ALIGNMENT(.data.*) SORT_BY_ALIGNMENT(.gnu.linkonce.d.*))
 .data.rel.local
                0x000000000000c1f4        0x8 out/ta/remoteproc/remoteproc_core.o
 .data          0x000000000000c1fc        0x4 out/ta/remoteproc/user_ta_header.o
                0x000000000000c1fc                trace_level
 .data.rel.ro.local
                0x000000000000c200       0x54 out/ta/remoteproc/user_ta_header.o
                0x000000000000c200                ta_props
 .data          0x000000000000c254        0x4 out/export-ta_arm32/lib/libutils.a(stack_check.o)
                0x000000000000c254                __stack_chk_guard
 .data.rel.local
                0x000000000000c258       0x10 out/export-ta_arm32/lib/libutee.a(user_ta_entry.o)
 .data.rel      0x000000000000c268        0x4 out/export-ta_arm32/lib/libmbedtls.a(platform_util.o)
 .data.rel.local
                0x000000000000c26c       0x5c out/export-ta_arm32/lib/libutils.a(bget_malloc.o)
 .data          0x000000000000c2c8        0x0 out/ta/remoteproc/remoteproc_core.o
 .data.rel.ro   0x000000000000c2c8        0x0 out/ta/remoteproc/remoteproc_core.o
 .data          0x000000000000c2c8        0x0 out/ta/remoteproc/elf_parser.o
 .data          0x000000000000c2c8        0x0 out/ta/remoteproc/ta_entry_a32.o
 .data          0x000000000000c2c8        0x0 out/export-ta_arm32/lib/libutils.a(memcpy.o)
 .data          0x000000000000c2c8        0x0 out/export-ta_arm32/lib/libutils.a(memset.o)
 .data          0x000000000000c2c8        0x0 out/export-ta_arm32/lib/libutils.a(strcmp.o)
 .data          0x000000000000c2c8        0x0 out/export-ta_arm32/lib/libutils.a(trace.o)
 .data          0x000000000000c2c8        0x0 out/export-ta_arm32/lib/libutils.a(snprintk.o)
 .data          0x000000000000c2c8        0x0 out/export-ta_arm32/lib/libutils.a(memchr.o)
 .data          0x000000000000c2c8        0x0 out/export-ta_arm32/lib/libutils.a(strlen.o)
 .data          0x000000000000c2c8        0x0 out/export-ta_arm32/lib/libutils.a(arm32_aeabi_ldivmod_a32.o)
 .data          0x000000000000c2c8        0x0 out/export-ta_arm32/lib/libutils.a(arm32_aeabi_ldivmod.o)
 .data          0x000000000000c2c8        0x0 out/export-ta_arm32/lib/libutee.a(assert.o)
 .data          0x000000000000c2c8        0x0 out/export-ta_arm32/lib/libutee.a(trace_ext.o)
 .data          0x000000000000c2c8        0x0 out/export-ta_arm32/lib/libutee.a(tee_api.o)
 .data          0x000000000000c2c8        0x0 out/export-ta_arm32/lib/libutee.a(tee_api_operations.o)
 .data          0x000000000000c2c8        0x0 out/export-ta_arm32/lib/libutee.a(tee_api_panic.o)
 .data          0x000000000000c2c8        0x0 out/export-ta_arm32/lib/libutee.a(tee_system_pta.o)
 .data          0x000000000000c2c8        0x0 out/export-ta_arm32/lib/libutee.a(utee_syscalls_a32.o)
 .data          0x000000000000c2c8        0x0 out/export-ta_arm32/lib/libutee.a(user_ta_entry.o)
 .data          0x000000000000c2c8        0x0 out/export-ta_arm32/lib/libutee.a(abort.o)
 .data          0x000000000000c2c8        0x0 out/export-ta_arm32/lib/libutee.a(tee_api_arith_mpi.o)
 .data          0x000000000000c2c8        0x0 out/export-ta_arm32/lib/libutee.a(tee_api_objects.o)
 .data          0x000000000000c2c8        0x0 out/export-ta_arm32/lib/libutee.a(tcb.o)
 .data          0x000000000000c2c8        0x0 out/export-ta_arm32/lib/libmbedtls.a(bignum.o)
 .data          0x000000000000c2c8        0x0 out/export-ta_arm32/lib/libmbedtls.a(platform_util.o)
 .data          0x000000000000c2c8        0x0 out/export-ta_arm32/lib/libutils.a(bget_malloc.o)
 .data          0x000000000000c2c8        0x0 out/export-ta_arm32/lib/libutils.a(snprintf.o)
 .data          0x000000000000c2c8        0x0 out/export-ta_arm32/lib/libutils.a(memmove.o)
 .data          0x000000000000c2c8        0x0 out/export-ta_arm32/lib/libutils.a(mempool.o)
 .data          0x000000000000c2c8        0x0 out/export-ta_arm32/lib/libutils.a(consttime_memcmp.o)

.igot.plt       0x000000000000c2c8        0x0
 .igot.plt      0x000000000000c2c8        0x0 out/ta/remoteproc/remoteproc_core.o

.bss            0x000000000000c2c8     0x4058
 *(SORT_BY_ALIGNMENT(.bss) SORT_BY_ALIGNMENT(.bss.*) SORT_BY_ALIGNMENT(.gnu.linkonce.b.*) SORT_BY_ALIGNMENT(COMMON))
 .bss           0x000000000000c2c8        0x8 out/ta/remoteproc/remoteproc_core.o
 .bss           0x000000000000c2d0        0x4 out/export-ta_arm32/lib/libutee.a(tee_api.o)
 .bss           0x000000000000c2d4        0x4 out/export-ta_arm32/lib/libutee.a(tee_system_pta.o)
 .bss           0x000000000000c2d8       0x38 out/export-ta_arm32/lib/libutee.a(user_ta_entry.o)
                0x000000000000c2e0                __elf_phdr_info
                0x000000000000c2ec                ta_params
                0x000000000000c30c                ta_param_types
 .bss           0x000000000000c310     0x3000 out/export-ta_arm32/lib/libutee.a(tee_api_arith_mpi.o)
 .bss           0x000000000000f310        0x8 out/export-ta_arm32/lib/libutee.a(tcb.o)
 .bss           0x000000000000f318        0x4 out/export-ta_arm32/lib/libmbedtls.a(bignum.o)
                0x000000000000f318                mbedtls_mpi_mempool
 .bss           0x000000000000f31c        0x0 out/ta/remoteproc/elf_parser.o
 .bss           0x000000000000f31c     0x1000 out/ta/remoteproc/user_ta_header.o
                0x000000000000f31c                ta_heap
 .bss           0x000000000001031c        0x0 out/ta/remoteproc/ta_entry_a32.o
 .bss           0x000000000001031c        0x0 out/export-ta_arm32/lib/libutils.a(stack_check.o)
 .bss           0x000000000001031c        0x0 out/export-ta_arm32/lib/libutils.a(memcpy.o)
 .bss           0x000000000001031c        0x0 out/export-ta_arm32/lib/libutils.a(memset.o)
 .bss           0x000000000001031c        0x0 out/export-ta_arm32/lib/libutils.a(strcmp.o)
 .bss           0x000000000001031c        0x0 out/export-ta_arm32/lib/libutils.a(trace.o)
 .bss           0x000000000001031c        0x0 out/export-ta_arm32/lib/libutils.a(snprintk.o)
 .bss           0x000000000001031c        0x0 out/export-ta_arm32/lib/libutils.a(memchr.o)
 .bss           0x000000000001031c        0x0 out/export-ta_arm32/lib/libutils.a(strlen.o)
 .bss           0x000000000001031c        0x0 out/export-ta_arm32/lib/libutils.a(arm32_aeabi_ldivmod_a32.o)
 .bss           0x000000000001031c        0x0 out/export-ta_arm32/lib/libutils.a(arm32_aeabi_ldivmod.o)
 .bss           0x000000000001031c        0x0 out/export-ta_arm32/lib/libutee.a(assert.o)
 .bss           0x000000000001031c        0x0 out/export-ta_arm32/lib/libutee.a(trace_ext.o)
 .bss           0x000000000001031c        0x0 out/export-ta_arm32/lib/libutee.a(tee_api_operations.o)
 .bss           0x000000000001031c        0x0 out/export-ta_arm32/lib/libutee.a(tee_api_panic.o)
 .bss           0x000000000001031c        0x0 out/export-ta_arm32/lib/libutee.a(utee_syscalls_a32.o)
 .bss           0x000000000001031c        0x0 out/export-ta_arm32/lib/libutee.a(abort.o)
 .bss           0x000000000001031c        0x0 out/export-ta_arm32/lib/libutee.a(tee_api_objects.o)
 .bss           0x000000000001031c        0x0 out/export-ta_arm32/lib/libmbedtls.a(platform_util.o)
 .bss           0x000000000001031c        0x0 out/export-ta_arm32/lib/libutils.a(bget_malloc.o)
 .bss           0x000000000001031c        0x0 out/export-ta_arm32/lib/libutils.a(snprintf.o)
 .bss           0x000000000001031c        0x0 out/export-ta_arm32/lib/libutils.a(memmove.o)
 .bss           0x000000000001031c        0x0 out/export-ta_arm32/lib/libutils.a(mempool.o)
 .bss           0x000000000001031c        0x0 out/export-ta_arm32/lib/libutils.a(consttime_memcmp.o)
                0x0000000000010320                . = ALIGN (0x8)
 *fill*         0x000000000001031c        0x4 
                0x0000000000010320                __ftrace_buf_start = .
                0x0000000000010320                . = (. + DEFINED (__gnu_mcount_nc)?0x800:0x0)
                0x0000000000010320                __ftrace_buf_end = .

.dynbss         0x0000000000010320        0x0
 .dynbss        0x0000000000010320        0x0 out/ta/remoteproc/remoteproc_core.o

/DISCARD/
 *(SORT_BY_ALIGNMENT(.interp))
LOAD out/ta/remoteproc/remoteproc_core.o
LOAD out/ta/remoteproc/elf_parser.o
LOAD out/ta/remoteproc/user_ta_header.o
LOAD out/ta/remoteproc/ta_entry_a32.o
START GROUP
LOAD out/export-ta_arm32/lib/libutils.a
LOAD out/export-ta_arm32/lib/libutee.a
LOAD out/export-ta_arm32/lib/libmbedtls.a
END GROUP
LOAD /home/aom1/Work/Linux/target/STM32MP1-DK2/buildroot/buildroot/output/host/opt/ext-toolchain/bin/../lib/gcc/arm-none-linux-gnueabihf/10.3.1/libgcc.a
OUTPUT(out/ta/remoteproc/80a4c275-0a47-4905-8285-1486a9771a08.elf elf32-littlearm)
LOAD linker stubs

.debug_info     0x0000000000000000    0x18c73
 .debug_info    0x0000000000000000     0x1aa3 out/ta/remoteproc/remoteproc_core.o
 .debug_info    0x0000000000001aa3      0x957 out/ta/remoteproc/elf_parser.o
 .debug_info    0x00000000000023fa      0x409 out/ta/remoteproc/user_ta_header.o
 .debug_info    0x0000000000002803       0x26 out/ta/remoteproc/ta_entry_a32.o
 .debug_info    0x0000000000002829       0x50 out/export-ta_arm32/lib/libutils.a(stack_check.o)
 .debug_info    0x0000000000002879      0x11e out/export-ta_arm32/lib/libutils.a(memcpy.o)
 .debug_info    0x0000000000002997       0xaa out/export-ta_arm32/lib/libutils.a(memset.o)
 .debug_info    0x0000000000002a41       0x8b out/export-ta_arm32/lib/libutils.a(strcmp.o)
 .debug_info    0x0000000000002acc      0x59c out/export-ta_arm32/lib/libutils.a(trace.o)
 .debug_info    0x0000000000003068      0x86c out/export-ta_arm32/lib/libutils.a(snprintk.o)
 .debug_info    0x00000000000038d4       0xda out/export-ta_arm32/lib/libutils.a(memchr.o)
 .debug_info    0x00000000000039ae       0x99 out/export-ta_arm32/lib/libutils.a(strlen.o)
 .debug_info    0x0000000000003a47       0x22 out/export-ta_arm32/lib/libutils.a(arm32_aeabi_ldivmod_a32.o)
 .debug_info    0x0000000000003a69      0x35c out/export-ta_arm32/lib/libutils.a(arm32_aeabi_ldivmod.o)
 .debug_info    0x0000000000003dc5      0x174 out/export-ta_arm32/lib/libutee.a(assert.o)
 .debug_info    0x0000000000003f39      0x2dd out/export-ta_arm32/lib/libutee.a(trace_ext.o)
 .debug_info    0x0000000000004216     0x1393 out/export-ta_arm32/lib/libutee.a(tee_api.o)
 .debug_info    0x00000000000055a9     0x2ec3 out/export-ta_arm32/lib/libutee.a(tee_api_operations.o)
 .debug_info    0x000000000000846c      0x6a9 out/export-ta_arm32/lib/libutee.a(tee_api_panic.o)
 .debug_info    0x0000000000008b15      0x6e4 out/export-ta_arm32/lib/libutee.a(tee_system_pta.o)
 .debug_info    0x00000000000091f9       0x22 out/export-ta_arm32/lib/libutee.a(utee_syscalls_a32.o)
 .debug_info    0x000000000000921b     0x1318 out/export-ta_arm32/lib/libutee.a(user_ta_entry.o)
 .debug_info    0x000000000000a533       0xc4 out/export-ta_arm32/lib/libutee.a(abort.o)
 .debug_info    0x000000000000a5f7     0x3dc6 out/export-ta_arm32/lib/libutee.a(tee_api_arith_mpi.o)
 .debug_info    0x000000000000e3bd     0x1bb3 out/export-ta_arm32/lib/libutee.a(tee_api_objects.o)
 .debug_info    0x000000000000ff70      0x644 out/export-ta_arm32/lib/libutee.a(tcb.o)
 .debug_info    0x00000000000105b4     0x5bd3 out/export-ta_arm32/lib/libmbedtls.a(bignum.o)
 .debug_info    0x0000000000016187      0x114 out/export-ta_arm32/lib/libmbedtls.a(platform_util.o)
 .debug_info    0x000000000001629b     0x20ef out/export-ta_arm32/lib/libutils.a(bget_malloc.o)
 .debug_info    0x000000000001838a      0x1de out/export-ta_arm32/lib/libutils.a(snprintf.o)
 .debug_info    0x0000000000018568       0xde out/export-ta_arm32/lib/libutils.a(memmove.o)
 .debug_info    0x0000000000018646      0x518 out/export-ta_arm32/lib/libutils.a(mempool.o)
 .debug_info    0x0000000000018b5e      0x115 out/export-ta_arm32/lib/libutils.a(consttime_memcmp.o)

.debug_abbrev   0x0000000000000000     0x40c9
 .debug_abbrev  0x0000000000000000      0x422 out/ta/remoteproc/remoteproc_core.o
 .debug_abbrev  0x0000000000000422      0x223 out/ta/remoteproc/elf_parser.o
 .debug_abbrev  0x0000000000000645      0x1b4 out/ta/remoteproc/user_ta_header.o
 .debug_abbrev  0x00000000000007f9       0x14 out/ta/remoteproc/ta_entry_a32.o
 .debug_abbrev  0x000000000000080d       0x4e out/export-ta_arm32/lib/libutils.a(stack_check.o)
 .debug_abbrev  0x000000000000085b       0xc3 out/export-ta_arm32/lib/libutils.a(memcpy.o)
 .debug_abbrev  0x000000000000091e       0xa3 out/export-ta_arm32/lib/libutils.a(memset.o)
 .debug_abbrev  0x00000000000009c1       0x6f out/export-ta_arm32/lib/libutils.a(strcmp.o)
 .debug_abbrev  0x0000000000000a30      0x271 out/export-ta_arm32/lib/libutils.a(trace.o)
 .debug_abbrev  0x0000000000000ca1      0x2d4 out/export-ta_arm32/lib/libutils.a(snprintk.o)
 .debug_abbrev  0x0000000000000f75       0xb2 out/export-ta_arm32/lib/libutils.a(memchr.o)
 .debug_abbrev  0x0000000000001027       0x92 out/export-ta_arm32/lib/libutils.a(strlen.o)
 .debug_abbrev  0x00000000000010b9       0x12 out/export-ta_arm32/lib/libutils.a(arm32_aeabi_ldivmod_a32.o)
 .debug_abbrev  0x00000000000010cb      0x199 out/export-ta_arm32/lib/libutils.a(arm32_aeabi_ldivmod.o)
 .debug_abbrev  0x0000000000001264       0xb6 out/export-ta_arm32/lib/libutee.a(assert.o)
 .debug_abbrev  0x000000000000131a      0x189 out/export-ta_arm32/lib/libutee.a(trace_ext.o)
 .debug_abbrev  0x00000000000014a3      0x419 out/export-ta_arm32/lib/libutee.a(tee_api.o)
 .debug_abbrev  0x00000000000018bc      0x435 out/export-ta_arm32/lib/libutee.a(tee_api_operations.o)
 .debug_abbrev  0x0000000000001cf1      0x1d8 out/export-ta_arm32/lib/libutee.a(tee_api_panic.o)
 .debug_abbrev  0x0000000000001ec9      0x25e out/export-ta_arm32/lib/libutee.a(tee_system_pta.o)
 .debug_abbrev  0x0000000000002127       0x12 out/export-ta_arm32/lib/libutee.a(utee_syscalls_a32.o)
 .debug_abbrev  0x0000000000002139      0x4de out/export-ta_arm32/lib/libutee.a(user_ta_entry.o)
 .debug_abbrev  0x0000000000002617       0x92 out/export-ta_arm32/lib/libutee.a(abort.o)
 .debug_abbrev  0x00000000000026a9      0x4e9 out/export-ta_arm32/lib/libutee.a(tee_api_arith_mpi.o)
 .debug_abbrev  0x0000000000002b92      0x38a out/export-ta_arm32/lib/libutee.a(tee_api_objects.o)
 .debug_abbrev  0x0000000000002f1c      0x208 out/export-ta_arm32/lib/libutee.a(tcb.o)
 .debug_abbrev  0x0000000000003124      0x581 out/export-ta_arm32/lib/libmbedtls.a(bignum.o)
 .debug_abbrev  0x00000000000036a5       0xc3 out/export-ta_arm32/lib/libmbedtls.a(platform_util.o)
 .debug_abbrev  0x0000000000003768      0x496 out/export-ta_arm32/lib/libutils.a(bget_malloc.o)
 .debug_abbrev  0x0000000000003bfe      0x13f out/export-ta_arm32/lib/libutils.a(snprintf.o)
 .debug_abbrev  0x0000000000003d3d       0xaf out/export-ta_arm32/lib/libutils.a(memmove.o)
 .debug_abbrev  0x0000000000003dec      0x22e out/export-ta_arm32/lib/libutils.a(mempool.o)
 .debug_abbrev  0x000000000000401a       0xaf out/export-ta_arm32/lib/libutils.a(consttime_memcmp.o)

.debug_loc      0x0000000000000000    0x182ef
 .debug_loc     0x0000000000000000     0x160d out/ta/remoteproc/remoteproc_core.o
 .debug_loc     0x000000000000160d      0x8b2 out/ta/remoteproc/elf_parser.o
 .debug_loc     0x0000000000001ebf       0xa9 out/ta/remoteproc/user_ta_header.o
 .debug_loc     0x0000000000001f68      0x33a out/export-ta_arm32/lib/libutils.a(memcpy.o)
 .debug_loc     0x00000000000022a2       0x63 out/export-ta_arm32/lib/libutils.a(memset.o)
 .debug_loc     0x0000000000002305       0x76 out/export-ta_arm32/lib/libutils.a(strcmp.o)
 .debug_loc     0x000000000000237b      0x408 out/export-ta_arm32/lib/libutils.a(trace.o)
 .debug_loc     0x0000000000002783     0x10d3 out/export-ta_arm32/lib/libutils.a(snprintk.o)
 .debug_loc     0x0000000000003856       0xfa out/export-ta_arm32/lib/libutils.a(memchr.o)
 .debug_loc     0x0000000000003950       0x47 out/export-ta_arm32/lib/libutils.a(strlen.o)
 .debug_loc     0x0000000000003997      0x3c5 out/export-ta_arm32/lib/libutils.a(arm32_aeabi_ldivmod.o)
 .debug_loc     0x0000000000003d5c       0xcc out/export-ta_arm32/lib/libutee.a(assert.o)
 .debug_loc     0x0000000000003e28       0xc5 out/export-ta_arm32/lib/libutee.a(trace_ext.o)
 .debug_loc     0x0000000000003eed      0xe41 out/export-ta_arm32/lib/libutee.a(tee_api.o)
 .debug_loc     0x0000000000004d2e     0x33fa out/export-ta_arm32/lib/libutee.a(tee_api_operations.o)
 .debug_loc     0x0000000000008128      0x58b out/export-ta_arm32/lib/libutee.a(tee_api_panic.o)
 .debug_loc     0x00000000000086b3      0x3a9 out/export-ta_arm32/lib/libutee.a(tee_system_pta.o)
 .debug_loc     0x0000000000008a5c      0xb01 out/export-ta_arm32/lib/libutee.a(user_ta_entry.o)
 .debug_loc     0x000000000000955d     0x2f9c out/export-ta_arm32/lib/libutee.a(tee_api_arith_mpi.o)
 .debug_loc     0x000000000000c4f9     0x1474 out/export-ta_arm32/lib/libutee.a(tee_api_objects.o)
 .debug_loc     0x000000000000d96d      0x335 out/export-ta_arm32/lib/libutee.a(tcb.o)
 .debug_loc     0x000000000000dca2     0x74f1 out/export-ta_arm32/lib/libmbedtls.a(bignum.o)
 .debug_loc     0x0000000000015193       0x71 out/export-ta_arm32/lib/libmbedtls.a(platform_util.o)
 .debug_loc     0x0000000000015204     0x296a out/export-ta_arm32/lib/libutils.a(bget_malloc.o)
 .debug_loc     0x0000000000017b6e       0xf0 out/export-ta_arm32/lib/libutils.a(snprintf.o)
 .debug_loc     0x0000000000017c5e      0x1d4 out/export-ta_arm32/lib/libutils.a(memmove.o)
 .debug_loc     0x0000000000017e32      0x363 out/export-ta_arm32/lib/libutils.a(mempool.o)
 .debug_loc     0x0000000000018195      0x15a out/export-ta_arm32/lib/libutils.a(consttime_memcmp.o)

.debug_aranges  0x0000000000000000      0x5e8
 .debug_aranges
                0x0000000000000000       0x20 out/ta/remoteproc/remoteproc_core.o
 .debug_aranges
                0x0000000000000020       0x20 out/ta/remoteproc/elf_parser.o
 .debug_aranges
                0x0000000000000040       0x20 out/ta/remoteproc/user_ta_header.o
 .debug_aranges
                0x0000000000000060       0x20 out/ta/remoteproc/ta_entry_a32.o
 .debug_aranges
                0x0000000000000080       0x20 out/export-ta_arm32/lib/libutils.a(stack_check.o)
 .debug_aranges
                0x00000000000000a0       0x20 out/export-ta_arm32/lib/libutils.a(memcpy.o)
 .debug_aranges
                0x00000000000000c0       0x20 out/export-ta_arm32/lib/libutils.a(memset.o)
 .debug_aranges
                0x00000000000000e0       0x20 out/export-ta_arm32/lib/libutils.a(strcmp.o)
 .debug_aranges
                0x0000000000000100       0x20 out/export-ta_arm32/lib/libutils.a(trace.o)
 .debug_aranges
                0x0000000000000120       0x20 out/export-ta_arm32/lib/libutils.a(snprintk.o)
 .debug_aranges
                0x0000000000000140       0x20 out/export-ta_arm32/lib/libutils.a(memchr.o)
 .debug_aranges
                0x0000000000000160       0x20 out/export-ta_arm32/lib/libutils.a(strlen.o)
 .debug_aranges
                0x0000000000000180       0x28 out/export-ta_arm32/lib/libutils.a(arm32_aeabi_ldivmod_a32.o)
 .debug_aranges
                0x00000000000001a8       0x20 out/export-ta_arm32/lib/libutils.a(arm32_aeabi_ldivmod.o)
 .debug_aranges
                0x00000000000001c8       0x20 out/export-ta_arm32/lib/libutee.a(assert.o)
 .debug_aranges
                0x00000000000001e8       0x20 out/export-ta_arm32/lib/libutee.a(trace_ext.o)
 .debug_aranges
                0x0000000000000208       0x20 out/export-ta_arm32/lib/libutee.a(tee_api.o)
 .debug_aranges
                0x0000000000000228       0x20 out/export-ta_arm32/lib/libutee.a(tee_api_operations.o)
 .debug_aranges
                0x0000000000000248       0x20 out/export-ta_arm32/lib/libutee.a(tee_api_panic.o)
 .debug_aranges
                0x0000000000000268       0x20 out/export-ta_arm32/lib/libutee.a(tee_system_pta.o)
 .debug_aranges
                0x0000000000000288      0x1e0 out/export-ta_arm32/lib/libutee.a(utee_syscalls_a32.o)
 .debug_aranges
                0x0000000000000468       0x20 out/export-ta_arm32/lib/libutee.a(user_ta_entry.o)
 .debug_aranges
                0x0000000000000488       0x20 out/export-ta_arm32/lib/libutee.a(abort.o)
 .debug_aranges
                0x00000000000004a8       0x20 out/export-ta_arm32/lib/libutee.a(tee_api_arith_mpi.o)
 .debug_aranges
                0x00000000000004c8       0x20 out/export-ta_arm32/lib/libutee.a(tee_api_objects.o)
 .debug_aranges
                0x00000000000004e8       0x20 out/export-ta_arm32/lib/libutee.a(tcb.o)
 .debug_aranges
                0x0000000000000508       0x20 out/export-ta_arm32/lib/libmbedtls.a(bignum.o)
 .debug_aranges
                0x0000000000000528       0x20 out/export-ta_arm32/lib/libmbedtls.a(platform_util.o)
 .debug_aranges
                0x0000000000000548       0x20 out/export-ta_arm32/lib/libutils.a(bget_malloc.o)
 .debug_aranges
                0x0000000000000568       0x20 out/export-ta_arm32/lib/libutils.a(snprintf.o)
 .debug_aranges
                0x0000000000000588       0x20 out/export-ta_arm32/lib/libutils.a(memmove.o)
 .debug_aranges
                0x00000000000005a8       0x20 out/export-ta_arm32/lib/libutils.a(mempool.o)
 .debug_aranges
                0x00000000000005c8       0x20 out/export-ta_arm32/lib/libutils.a(consttime_memcmp.o)

.debug_ranges   0x0000000000000000      0xf18
 .debug_ranges  0x0000000000000000      0x1c0 out/ta/remoteproc/remoteproc_core.o
 .debug_ranges  0x00000000000001c0       0x48 out/ta/remoteproc/elf_parser.o
 .debug_ranges  0x0000000000000208       0x30 out/export-ta_arm32/lib/libutils.a(trace.o)
 .debug_ranges  0x0000000000000238       0x20 out/export-ta_arm32/lib/libutils.a(snprintk.o)
 .debug_ranges  0x0000000000000258       0x20 out/export-ta_arm32/lib/libutils.a(arm32_aeabi_ldivmod_a32.o)
 .debug_ranges  0x0000000000000278       0x20 out/export-ta_arm32/lib/libutils.a(arm32_aeabi_ldivmod.o)
 .debug_ranges  0x0000000000000298       0x30 out/export-ta_arm32/lib/libutee.a(tee_api.o)
 .debug_ranges  0x00000000000002c8      0x138 out/export-ta_arm32/lib/libutee.a(tee_api_operations.o)
 .debug_ranges  0x0000000000000400       0x68 out/export-ta_arm32/lib/libutee.a(tee_api_panic.o)
 .debug_ranges  0x0000000000000468       0x18 out/export-ta_arm32/lib/libutee.a(tee_system_pta.o)
 .debug_ranges  0x0000000000000480      0x1d8 out/export-ta_arm32/lib/libutee.a(utee_syscalls_a32.o)
 .debug_ranges  0x0000000000000658       0xa8 out/export-ta_arm32/lib/libutee.a(user_ta_entry.o)
 .debug_ranges  0x0000000000000700       0x10 out/export-ta_arm32/lib/libutee.a(abort.o)
 .debug_ranges  0x0000000000000710      0x280 out/export-ta_arm32/lib/libutee.a(tee_api_arith_mpi.o)
 .debug_ranges  0x0000000000000990      0x298 out/export-ta_arm32/lib/libmbedtls.a(bignum.o)
 .debug_ranges  0x0000000000000c28      0x2c0 out/export-ta_arm32/lib/libutils.a(bget_malloc.o)
 .debug_ranges  0x0000000000000ee8       0x30 out/export-ta_arm32/lib/libutils.a(mempool.o)

.debug_macro    0x0000000000000000    0x1bb17
 .debug_macro   0x0000000000000000      0x190 out/ta/remoteproc/remoteproc_core.o
 .debug_macro   0x0000000000000190      0xb0e out/ta/remoteproc/remoteproc_core.o
 .debug_macro   0x0000000000000c9e      0x6b7 out/ta/remoteproc/remoteproc_core.o
 .debug_macro   0x0000000000001355       0x7c out/ta/remoteproc/remoteproc_core.o
 .debug_macro   0x00000000000013d1      0x1a7 out/ta/remoteproc/remoteproc_core.o
 .debug_macro   0x0000000000001578     0x155b out/ta/remoteproc/remoteproc_core.o
 .debug_macro   0x0000000000002ad3       0x4a out/ta/remoteproc/remoteproc_core.o
 .debug_macro   0x0000000000002b1d       0xf3 out/ta/remoteproc/remoteproc_core.o
 .debug_macro   0x0000000000002c10       0xc4 out/ta/remoteproc/remoteproc_core.o
 .debug_macro   0x0000000000002cd4       0x22 out/ta/remoteproc/remoteproc_core.o
 .debug_macro   0x0000000000002cf6      0x16d out/ta/remoteproc/remoteproc_core.o
 .debug_macro   0x0000000000002e63      0x9b3 out/ta/remoteproc/remoteproc_core.o
 .debug_macro   0x0000000000003816       0x35 out/ta/remoteproc/remoteproc_core.o
 .debug_macro   0x000000000000384b       0xf0 out/ta/remoteproc/remoteproc_core.o
 .debug_macro   0x000000000000393b       0x60 out/ta/remoteproc/remoteproc_core.o
 .debug_macro   0x000000000000399b       0x16 out/ta/remoteproc/remoteproc_core.o
 .debug_macro   0x00000000000039b1      0x2e9 out/ta/remoteproc/remoteproc_core.o
 .debug_macro   0x0000000000003c9a       0x2e out/ta/remoteproc/remoteproc_core.o
 .debug_macro   0x0000000000003cc8       0x58 out/ta/remoteproc/remoteproc_core.o
 .debug_macro   0x0000000000003d20       0x34 out/ta/remoteproc/remoteproc_core.o
 .debug_macro   0x0000000000003d54       0x79 out/ta/remoteproc/remoteproc_core.o
 .debug_macro   0x0000000000003dcd       0x10 out/ta/remoteproc/remoteproc_core.o
 .debug_macro   0x0000000000003ddd       0xdc out/ta/remoteproc/remoteproc_core.o
 .debug_macro   0x0000000000003eb9       0x2e out/ta/remoteproc/remoteproc_core.o
 .debug_macro   0x0000000000003ee7      0x1ef out/ta/remoteproc/remoteproc_core.o
 .debug_macro   0x00000000000040d6      0x121 out/ta/remoteproc/elf_parser.o
 .debug_macro   0x00000000000041f7      0xb0e out/ta/remoteproc/elf_parser.o
 .debug_macro   0x0000000000004d05       0x10 out/ta/remoteproc/elf_parser.o
 .debug_macro   0x0000000000004d15      0x160 out/ta/remoteproc/user_ta_header.o
 .debug_macro   0x0000000000004e75      0xb0e out/ta/remoteproc/user_ta_header.o
 .debug_macro   0x0000000000005983       0x39 out/ta/remoteproc/user_ta_header.o
 .debug_macro   0x00000000000059bc       0x76 out/ta/remoteproc/user_ta_header.o
 .debug_macro   0x0000000000005a32       0x28 out/ta/remoteproc/user_ta_header.o
 .debug_macro   0x0000000000005a5a       0x23 out/export-ta_arm32/lib/libutils.a(stack_check.o)
 .debug_macro   0x0000000000005a7d      0xb0e out/export-ta_arm32/lib/libutils.a(stack_check.o)
 .debug_macro   0x000000000000658b       0x57 out/export-ta_arm32/lib/libutils.a(memcpy.o)
 .debug_macro   0x00000000000065e2      0xb08 out/export-ta_arm32/lib/libutils.a(memcpy.o)
 .debug_macro   0x00000000000070ea       0x7c out/export-ta_arm32/lib/libutils.a(memcpy.o)
 .debug_macro   0x0000000000007166       0x51 out/export-ta_arm32/lib/libutils.a(memset.o)
 .debug_macro   0x00000000000071b7      0xb0e out/export-ta_arm32/lib/libutils.a(memset.o)
 .debug_macro   0x0000000000007cc5       0x54 out/export-ta_arm32/lib/libutils.a(strcmp.o)
 .debug_macro   0x0000000000007d19      0xb0e out/export-ta_arm32/lib/libutils.a(strcmp.o)
 .debug_macro   0x0000000000008827       0xd6 out/export-ta_arm32/lib/libutils.a(trace.o)
 .debug_macro   0x00000000000088fd      0xb0e out/export-ta_arm32/lib/libutils.a(trace.o)
 .debug_macro   0x000000000000940b       0xea out/export-ta_arm32/lib/libutils.a(trace.o)
 .debug_macro   0x00000000000094f5      0x13d out/export-ta_arm32/lib/libutils.a(snprintk.o)
 .debug_macro   0x0000000000009632      0xb0e out/export-ta_arm32/lib/libutils.a(snprintk.o)
 .debug_macro   0x000000000000a140       0x66 out/export-ta_arm32/lib/libutils.a(memchr.o)
 .debug_macro   0x000000000000a1a6      0xb0e out/export-ta_arm32/lib/libutils.a(memchr.o)
 .debug_macro   0x000000000000acb4       0x5a out/export-ta_arm32/lib/libutils.a(strlen.o)
 .debug_macro   0x000000000000ad0e      0xb0e out/export-ta_arm32/lib/libutils.a(strlen.o)
 .debug_macro   0x000000000000b81c       0x1a out/export-ta_arm32/lib/libutils.a(arm32_aeabi_ldivmod.o)
 .debug_macro   0x000000000000b836      0xb0e out/export-ta_arm32/lib/libutils.a(arm32_aeabi_ldivmod.o)
 .debug_macro   0x000000000000c344      0x106 out/export-ta_arm32/lib/libutee.a(assert.o)
 .debug_macro   0x000000000000c44a      0xb0e out/export-ta_arm32/lib/libutee.a(assert.o)
 .debug_macro   0x000000000000cf58       0xf1 out/export-ta_arm32/lib/libutee.a(trace_ext.o)
 .debug_macro   0x000000000000d049      0xb0e out/export-ta_arm32/lib/libutee.a(trace_ext.o)
 .debug_macro   0x000000000000db57      0x183 out/export-ta_arm32/lib/libutee.a(tee_api.o)
 .debug_macro   0x000000000000dcda      0xb0e out/export-ta_arm32/lib/libutee.a(tee_api.o)
 .debug_macro   0x000000000000e7e8      0x180 out/export-ta_arm32/lib/libutee.a(tee_api_operations.o)
 .debug_macro   0x000000000000e968      0xb0e out/export-ta_arm32/lib/libutee.a(tee_api_operations.o)
 .debug_macro   0x000000000000f476       0x28 out/export-ta_arm32/lib/libutee.a(tee_api_operations.o)
 .debug_macro   0x000000000000f49e      0x108 out/export-ta_arm32/lib/libutee.a(tee_api_panic.o)
 .debug_macro   0x000000000000f5a6      0xb0e out/export-ta_arm32/lib/libutee.a(tee_api_panic.o)
 .debug_macro   0x00000000000100b4      0x13b out/export-ta_arm32/lib/libutee.a(tee_system_pta.o)
 .debug_macro   0x00000000000101ef      0xb0e out/export-ta_arm32/lib/libutee.a(tee_system_pta.o)
 .debug_macro   0x0000000000010cfd       0x89 out/export-ta_arm32/lib/libutee.a(tee_system_pta.o)
 .debug_macro   0x0000000000010d86      0x1d6 out/export-ta_arm32/lib/libutee.a(user_ta_entry.o)
 .debug_macro   0x0000000000010f5c      0xb0e out/export-ta_arm32/lib/libutee.a(user_ta_entry.o)
 .debug_macro   0x0000000000011a6a     0x15e6 out/export-ta_arm32/lib/libutee.a(user_ta_entry.o)
 .debug_macro   0x0000000000013050       0x34 out/export-ta_arm32/lib/libutee.a(user_ta_entry.o)
 .debug_macro   0x0000000000013084      0x11d out/export-ta_arm32/lib/libutee.a(abort.o)
 .debug_macro   0x00000000000131a1      0xb0e out/export-ta_arm32/lib/libutee.a(abort.o)
 .debug_macro   0x0000000000013caf      0x1af out/export-ta_arm32/lib/libutee.a(tee_api_arith_mpi.o)
 .debug_macro   0x0000000000013e5e      0xb0e out/export-ta_arm32/lib/libutee.a(tee_api_arith_mpi.o)
 .debug_macro   0x000000000001496c      0x124 out/export-ta_arm32/lib/libutee.a(tee_api_arith_mpi.o)
 .debug_macro   0x0000000000014a90       0x12 out/export-ta_arm32/lib/libutee.a(tee_api_arith_mpi.o)
 .debug_macro   0x0000000000014aa2       0x79 out/export-ta_arm32/lib/libutee.a(tee_api_arith_mpi.o)
 .debug_macro   0x0000000000014b1b      0x1e9 out/export-ta_arm32/lib/libutee.a(tee_api_arith_mpi.o)
 .debug_macro   0x0000000000014d04      0x136 out/export-ta_arm32/lib/libutee.a(tee_api_objects.o)
 .debug_macro   0x0000000000014e3a      0xb0e out/export-ta_arm32/lib/libutee.a(tee_api_objects.o)
 .debug_macro   0x0000000000015948      0x189 out/export-ta_arm32/lib/libutee.a(tcb.o)
 .debug_macro   0x0000000000015ad1      0xb0e out/export-ta_arm32/lib/libutee.a(tcb.o)
 .debug_macro   0x00000000000165df       0x10 out/export-ta_arm32/lib/libutee.a(tcb.o)
 .debug_macro   0x00000000000165ef      0x1c3 out/export-ta_arm32/lib/libmbedtls.a(bignum.o)
 .debug_macro   0x00000000000167b2      0xb0e out/export-ta_arm32/lib/libmbedtls.a(bignum.o)
 .debug_macro   0x00000000000172c0       0x2b out/export-ta_arm32/lib/libmbedtls.a(bignum.o)
 .debug_macro   0x00000000000172eb       0x1e out/export-ta_arm32/lib/libmbedtls.a(bignum.o)
 .debug_macro   0x0000000000017309       0x17 out/export-ta_arm32/lib/libmbedtls.a(bignum.o)
 .debug_macro   0x0000000000017320       0x10 out/export-ta_arm32/lib/libmbedtls.a(bignum.o)
 .debug_macro   0x0000000000017330      0x15c out/export-ta_arm32/lib/libmbedtls.a(platform_util.o)
 .debug_macro   0x000000000001748c      0xb0e out/export-ta_arm32/lib/libmbedtls.a(platform_util.o)
 .debug_macro   0x0000000000017f9a       0x10 out/export-ta_arm32/lib/libmbedtls.a(platform_util.o)
 .debug_macro   0x0000000000017faa       0x7f out/export-ta_arm32/lib/libmbedtls.a(platform_util.o)
 .debug_macro   0x0000000000018029       0x16 out/export-ta_arm32/lib/libmbedtls.a(platform_util.o)
 .debug_macro   0x000000000001803f      0x153 out/export-ta_arm32/lib/libutils.a(bget_malloc.o)
 .debug_macro   0x0000000000018192      0xb0e out/export-ta_arm32/lib/libutils.a(bget_malloc.o)
 .debug_macro   0x0000000000018ca0       0x16 out/export-ta_arm32/lib/libutils.a(bget_malloc.o)
 .debug_macro   0x0000000000018cb6       0x10 out/export-ta_arm32/lib/libutils.a(bget_malloc.o)
 .debug_macro   0x0000000000018cc6       0x3c out/export-ta_arm32/lib/libutils.a(bget_malloc.o)
 .debug_macro   0x0000000000018d02       0x4d out/export-ta_arm32/lib/libutils.a(snprintf.o)
 .debug_macro   0x0000000000018d4f      0xb0e out/export-ta_arm32/lib/libutils.a(snprintf.o)
 .debug_macro   0x000000000001985d       0x64 out/export-ta_arm32/lib/libutils.a(memmove.o)
 .debug_macro   0x00000000000198c1      0xb0e out/export-ta_arm32/lib/libutils.a(memmove.o)
 .debug_macro   0x000000000001a3cf       0xed out/export-ta_arm32/lib/libutils.a(mempool.o)
 .debug_macro   0x000000000001a4bc      0xb0e out/export-ta_arm32/lib/libutils.a(mempool.o)
 .debug_macro   0x000000000001afca       0x3f out/export-ta_arm32/lib/libutils.a(consttime_memcmp.o)
 .debug_macro   0x000000000001b009      0xb0e out/export-ta_arm32/lib/libutils.a(consttime_memcmp.o)

.debug_line     0x0000000000000000    0x1155d
 .debug_line    0x0000000000000000      0xbb8 out/ta/remoteproc/remoteproc_core.o
 .debug_line    0x0000000000000bb8      0x5a8 out/ta/remoteproc/elf_parser.o
 .debug_line    0x0000000000001160      0x2f2 out/ta/remoteproc/user_ta_header.o
 .debug_line    0x0000000000001452       0x56 out/ta/remoteproc/ta_entry_a32.o
 .debug_line    0x00000000000014a8       0xaf out/export-ta_arm32/lib/libutils.a(stack_check.o)
 .debug_line    0x0000000000001557      0x254 out/export-ta_arm32/lib/libutils.a(memcpy.o)
 .debug_line    0x00000000000017ab      0x188 out/export-ta_arm32/lib/libutils.a(memset.o)
 .debug_line    0x0000000000001933      0x199 out/export-ta_arm32/lib/libutils.a(strcmp.o)
 .debug_line    0x0000000000001acc      0x40a out/export-ta_arm32/lib/libutils.a(trace.o)
 .debug_line    0x0000000000001ed6      0x946 out/export-ta_arm32/lib/libutils.a(snprintk.o)
 .debug_line    0x000000000000281c      0x1a0 out/export-ta_arm32/lib/libutils.a(memchr.o)
 .debug_line    0x00000000000029bc      0x188 out/export-ta_arm32/lib/libutils.a(strlen.o)
 .debug_line    0x0000000000002b44       0x7d out/export-ta_arm32/lib/libutils.a(arm32_aeabi_ldivmod_a32.o)
 .debug_line    0x0000000000002bc1      0x256 out/export-ta_arm32/lib/libutils.a(arm32_aeabi_ldivmod.o)
 .debug_line    0x0000000000002e17      0x2bf out/export-ta_arm32/lib/libutee.a(assert.o)
 .debug_line    0x00000000000030d6      0x33b out/export-ta_arm32/lib/libutee.a(trace_ext.o)
 .debug_line    0x0000000000003411      0xa7d out/export-ta_arm32/lib/libutee.a(tee_api.o)
 .debug_line    0x0000000000003e8e     0x2299 out/export-ta_arm32/lib/libutee.a(tee_api_operations.o)
 .debug_line    0x0000000000006127      0x3ce out/export-ta_arm32/lib/libutee.a(tee_api_panic.o)
 .debug_line    0x00000000000064f5      0x4aa out/export-ta_arm32/lib/libutee.a(tee_system_pta.o)
 .debug_line    0x000000000000699f      0x446 out/export-ta_arm32/lib/libutee.a(utee_syscalls_a32.o)
 .debug_line    0x0000000000006de5      0xaeb out/export-ta_arm32/lib/libutee.a(user_ta_entry.o)
 .debug_line    0x00000000000078d0      0x273 out/export-ta_arm32/lib/libutee.a(abort.o)
 .debug_line    0x0000000000007b43     0x1cbe out/export-ta_arm32/lib/libutee.a(tee_api_arith_mpi.o)
 .debug_line    0x0000000000009801      0xd75 out/export-ta_arm32/lib/libutee.a(tee_api_objects.o)
 .debug_line    0x000000000000a576      0x59d out/export-ta_arm32/lib/libutee.a(tcb.o)
 .debug_line    0x000000000000ab13     0x4ab4 out/export-ta_arm32/lib/libmbedtls.a(bignum.o)
 .debug_line    0x000000000000f5c7      0x2db out/export-ta_arm32/lib/libmbedtls.a(platform_util.o)
 .debug_line    0x000000000000f8a2     0x1396 out/export-ta_arm32/lib/libutils.a(bget_malloc.o)
 .debug_line    0x0000000000010c38      0x1ba out/export-ta_arm32/lib/libutils.a(snprintf.o)
 .debug_line    0x0000000000010df2      0x1d0 out/export-ta_arm32/lib/libutils.a(memmove.o)
 .debug_line    0x0000000000010fc2      0x35d out/export-ta_arm32/lib/libutils.a(mempool.o)
 .debug_line    0x000000000001131f      0x23e out/export-ta_arm32/lib/libutils.a(consttime_memcmp.o)

.debug_str      0x0000000000000000    0x1940a
 .debug_str     0x0000000000000000    0x12e81 out/ta/remoteproc/remoteproc_core.o
                                      0x130e5 (size before relaxing)
 .debug_str     0x0000000000012e81      0x2b7 out/ta/remoteproc/elf_parser.o
                                       0xe07d (size before relaxing)
 .debug_str     0x0000000000013138      0x6f6 out/ta/remoteproc/user_ta_header.o
                                       0xaff9 (size before relaxing)
 .debug_str     0x000000000001382e       0x35 out/ta/remoteproc/ta_entry_a32.o
                                         0x90 (size before relaxing)
 .debug_str     0x0000000000013863       0x5e out/export-ta_arm32/lib/libutils.a(stack_check.o)
                                       0x4e0d (size before relaxing)
 .debug_str     0x00000000000138c1      0x3f5 out/export-ta_arm32/lib/libutils.a(memcpy.o)
                                       0x4cd6 (size before relaxing)
 .debug_str     0x0000000000013cb6      0x1eb out/export-ta_arm32/lib/libutils.a(memset.o)
                                       0x4c67 (size before relaxing)
 .debug_str     0x0000000000013ea1       0x8a out/export-ta_arm32/lib/libutils.a(strcmp.o)
                                       0x4e3f (size before relaxing)
 .debug_str     0x0000000000013f2b      0x12c out/export-ta_arm32/lib/libutils.a(trace.o)
                                       0x6bf3 (size before relaxing)
 .debug_str     0x0000000000014057      0x5d0 out/export-ta_arm32/lib/libutils.a(snprintk.o)
                                       0x60b0 (size before relaxing)
 .debug_str     0x0000000000014627       0xaf out/export-ta_arm32/lib/libutils.a(memchr.o)
                                       0x4ea2 (size before relaxing)
 .debug_str     0x00000000000146d6       0x50 out/export-ta_arm32/lib/libutils.a(strlen.o)
                                       0x4e3f (size before relaxing)
 .debug_str     0x0000000000014726       0x35 out/export-ta_arm32/lib/libutils.a(arm32_aeabi_ldivmod_a32.o)
                                         0x9e (size before relaxing)
 .debug_str     0x000000000001475b       0xb9 out/export-ta_arm32/lib/libutils.a(arm32_aeabi_ldivmod.o)
                                       0x479f (size before relaxing)
 .debug_str     0x0000000000014814       0x4c out/export-ta_arm32/lib/libutee.a(assert.o)
                                       0x9ec1 (size before relaxing)
 .debug_str     0x0000000000014860       0x5e out/export-ta_arm32/lib/libutee.a(trace_ext.o)
                                       0xa21a (size before relaxing)
 .debug_str     0x00000000000148be      0x4d1 out/export-ta_arm32/lib/libutee.a(tee_api.o)
                                       0xb264 (size before relaxing)
 .debug_str     0x0000000000014d8f      0xa0a out/export-ta_arm32/lib/libutee.a(tee_api_operations.o)
                                       0xc2a5 (size before relaxing)
 .debug_str     0x0000000000015799      0x16b out/export-ta_arm32/lib/libutee.a(tee_api_panic.o)
                                       0xa4bc (size before relaxing)
 .debug_str     0x0000000000015904      0x32f out/export-ta_arm32/lib/libutee.a(tee_system_pta.o)
                                       0xac98 (size before relaxing)
 .debug_str     0x0000000000015c33       0x29 out/export-ta_arm32/lib/libutee.a(utee_syscalls_a32.o)
                                         0x92 (size before relaxing)
 .debug_str     0x0000000000015c5c      0x687 out/export-ta_arm32/lib/libutee.a(user_ta_entry.o)
                                      0x1250d (size before relaxing)
 .debug_str     0x00000000000162e3       0x43 out/export-ta_arm32/lib/libutee.a(abort.o)
                                       0x9a0f (size before relaxing)
 .debug_str     0x0000000000016326      0xf7c out/export-ta_arm32/lib/libutee.a(tee_api_arith_mpi.o)
                                       0xc627 (size before relaxing)
 .debug_str     0x00000000000172a2      0x629 out/export-ta_arm32/lib/libutee.a(tee_api_objects.o)
                                       0xa2dc (size before relaxing)
 .debug_str     0x00000000000178cb      0x255 out/export-ta_arm32/lib/libutee.a(tcb.o)
                                      0x11c8e (size before relaxing)
 .debug_str     0x0000000000017b20      0xc66 out/export-ta_arm32/lib/libmbedtls.a(bignum.o)
                                       0x7fa5 (size before relaxing)
 .debug_str     0x0000000000018786      0x3ff out/export-ta_arm32/lib/libmbedtls.a(platform_util.o)
                                       0x6884 (size before relaxing)
 .debug_str     0x0000000000018b85      0x6fd out/export-ta_arm32/lib/libutils.a(bget_malloc.o)
                                       0x74f3 (size before relaxing)
 .debug_str     0x0000000000019282       0x46 out/export-ta_arm32/lib/libutils.a(snprintf.o)
                                       0x4bc4 (size before relaxing)
 .debug_str     0x00000000000192c8       0x5b out/export-ta_arm32/lib/libutils.a(memmove.o)
                                       0x4eb1 (size before relaxing)
 .debug_str     0x0000000000019323       0x7f out/export-ta_arm32/lib/libutils.a(mempool.o)
                                       0x6e15 (size before relaxing)
 .debug_str     0x00000000000193a2       0x68 out/export-ta_arm32/lib/libutils.a(consttime_memcmp.o)
                                       0x4c5f (size before relaxing)

.comment        0x0000000000000000       0x5d
 .comment       0x0000000000000000       0x5d out/ta/remoteproc/remoteproc_core.o
                                         0x5e (size before relaxing)
 .comment       0x000000000000005d       0x5e out/ta/remoteproc/elf_parser.o
 .comment       0x000000000000005d       0x5e out/ta/remoteproc/user_ta_header.o
 .comment       0x000000000000005d       0x5e out/export-ta_arm32/lib/libutils.a(stack_check.o)
 .comment       0x000000000000005d       0x5e out/export-ta_arm32/lib/libutils.a(memcpy.o)
 .comment       0x000000000000005d       0x5e out/export-ta_arm32/lib/libutils.a(memset.o)
 .comment       0x000000000000005d       0x5e out/export-ta_arm32/lib/libutils.a(strcmp.o)
 .comment       0x000000000000005d       0x5e out/export-ta_arm32/lib/libutils.a(trace.o)
 .comment       0x000000000000005d       0x5e out/export-ta_arm32/lib/libutils.a(snprintk.o)
 .comment       0x000000000000005d       0x5e out/export-ta_arm32/lib/libutils.a(memchr.o)
 .comment       0x000000000000005d       0x5e out/export-ta_arm32/lib/libutils.a(strlen.o)
 .comment       0x000000000000005d       0x5e out/export-ta_arm32/lib/libutils.a(arm32_aeabi_ldivmod.o)
 .comment       0x000000000000005d       0x5e out/export-ta_arm32/lib/libutee.a(assert.o)
 .comment       0x000000000000005d       0x5e out/export-ta_arm32/lib/libutee.a(trace_ext.o)
 .comment       0x000000000000005d       0x5e out/export-ta_arm32/lib/libutee.a(tee_api.o)
 .comment       0x000000000000005d       0x5e out/export-ta_arm32/lib/libutee.a(tee_api_operations.o)
 .comment       0x000000000000005d       0x5e out/export-ta_arm32/lib/libutee.a(tee_api_panic.o)
 .comment       0x000000000000005d       0x5e out/export-ta_arm32/lib/libutee.a(tee_system_pta.o)
 .comment       0x000000000000005d       0x5e out/export-ta_arm32/lib/libutee.a(user_ta_entry.o)
 .comment       0x000000000000005d       0x5e out/export-ta_arm32/lib/libutee.a(abort.o)
 .comment       0x000000000000005d       0x5e out/export-ta_arm32/lib/libutee.a(tee_api_arith_mpi.o)
 .comment       0x000000000000005d       0x5e out/export-ta_arm32/lib/libutee.a(tee_api_objects.o)
 .comment       0x000000000000005d       0x5e out/export-ta_arm32/lib/libutee.a(tcb.o)
 .comment       0x000000000000005d       0x5e out/export-ta_arm32/lib/libmbedtls.a(bignum.o)
 .comment       0x000000000000005d       0x5e out/export-ta_arm32/lib/libmbedtls.a(platform_util.o)
 .comment       0x000000000000005d       0x5e out/export-ta_arm32/lib/libutils.a(bget_malloc.o)
 .comment       0x000000000000005d       0x5e out/export-ta_arm32/lib/libutils.a(snprintf.o)
 .comment       0x000000000000005d       0x5e out/export-ta_arm32/lib/libutils.a(memmove.o)
 .comment       0x000000000000005d       0x5e out/export-ta_arm32/lib/libutils.a(mempool.o)
 .comment       0x000000000000005d       0x5e out/export-ta_arm32/lib/libutils.a(consttime_memcmp.o)

.note.GNU-stack
                0x0000000000000000        0x0
 .note.GNU-stack
                0x0000000000000000        0x0 out/ta/remoteproc/remoteproc_core.o
 .note.GNU-stack
                0x0000000000000000        0x0 out/ta/remoteproc/elf_parser.o
 .note.GNU-stack
                0x0000000000000000        0x0 out/ta/remoteproc/user_ta_header.o
 .note.GNU-stack
                0x0000000000000000        0x0 out/export-ta_arm32/lib/libutils.a(stack_check.o)
 .note.GNU-stack
                0x0000000000000000        0x0 out/export-ta_arm32/lib/libutils.a(memcpy.o)
 .note.GNU-stack
                0x0000000000000000        0x0 out/export-ta_arm32/lib/libutils.a(memset.o)
 .note.GNU-stack
                0x0000000000000000        0x0 out/export-ta_arm32/lib/libutils.a(strcmp.o)
 .note.GNU-stack
                0x0000000000000000        0x0 out/export-ta_arm32/lib/libutils.a(trace.o)
 .note.GNU-stack
                0x0000000000000000        0x0 out/export-ta_arm32/lib/libutils.a(snprintk.o)
 .note.GNU-stack
                0x0000000000000000        0x0 out/export-ta_arm32/lib/libutils.a(memchr.o)
 .note.GNU-stack
                0x0000000000000000        0x0 out/export-ta_arm32/lib/libutils.a(strlen.o)
 .note.GNU-stack
                0x0000000000000000        0x0 out/export-ta_arm32/lib/libutils.a(arm32_aeabi_ldivmod.o)
 .note.GNU-stack
                0x0000000000000000        0x0 out/export-ta_arm32/lib/libutee.a(assert.o)
 .note.GNU-stack
                0x0000000000000000        0x0 out/export-ta_arm32/lib/libutee.a(trace_ext.o)
 .note.GNU-stack
                0x0000000000000000        0x0 out/export-ta_arm32/lib/libutee.a(tee_api.o)
 .note.GNU-stack
                0x0000000000000000        0x0 out/export-ta_arm32/lib/libutee.a(tee_api_operations.o)
 .note.GNU-stack
                0x0000000000000000        0x0 out/export-ta_arm32/lib/libutee.a(tee_api_panic.o)
 .note.GNU-stack
                0x0000000000000000        0x0 out/export-ta_arm32/lib/libutee.a(tee_system_pta.o)
 .note.GNU-stack
                0x0000000000000000        0x0 out/export-ta_arm32/lib/libutee.a(user_ta_entry.o)
 .note.GNU-stack
                0x0000000000000000        0x0 out/export-ta_arm32/lib/libutee.a(abort.o)
 .note.GNU-stack
                0x0000000000000000        0x0 out/export-ta_arm32/lib/libutee.a(tee_api_arith_mpi.o)
 .note.GNU-stack
                0x0000000000000000        0x0 out/export-ta_arm32/lib/libutee.a(tee_api_objects.o)
 .note.GNU-stack
                0x0000000000000000        0x0 out/export-ta_arm32/lib/libutee.a(tcb.o)
 .note.GNU-stack
                0x0000000000000000        0x0 out/export-ta_arm32/lib/libmbedtls.a(bignum.o)
 .note.GNU-stack
                0x0000000000000000        0x0 out/export-ta_arm32/lib/libmbedtls.a(platform_util.o)
 .note.GNU-stack
                0x0000000000000000        0x0 out/export-ta_arm32/lib/libutils.a(bget_malloc.o)
 .note.GNU-stack
                0x0000000000000000        0x0 out/export-ta_arm32/lib/libutils.a(snprintf.o)
 .note.GNU-stack
                0x0000000000000000        0x0 out/export-ta_arm32/lib/libutils.a(memmove.o)
 .note.GNU-stack
                0x0000000000000000        0x0 out/export-ta_arm32/lib/libutils.a(mempool.o)
 .note.GNU-stack
                0x0000000000000000        0x0 out/export-ta_arm32/lib/libutils.a(consttime_memcmp.o)

.ARM.attributes
                0x0000000000000000       0x31
 .ARM.attributes
                0x0000000000000000       0x33 out/ta/remoteproc/remoteproc_core.o
 .ARM.attributes
                0x0000000000000033       0x33 out/ta/remoteproc/elf_parser.o
 .ARM.attributes
                0x0000000000000066       0x33 out/ta/remoteproc/user_ta_header.o
 .ARM.attributes
                0x0000000000000099       0x25 out/ta/remoteproc/ta_entry_a32.o
 .ARM.attributes
                0x00000000000000be       0x33 out/export-ta_arm32/lib/libutils.a(stack_check.o)
 .ARM.attributes
                0x00000000000000f1       0x33 out/export-ta_arm32/lib/libutils.a(memcpy.o)
 .ARM.attributes
                0x0000000000000124       0x33 out/export-ta_arm32/lib/libutils.a(memset.o)
 .ARM.attributes
                0x0000000000000157       0x33 out/export-ta_arm32/lib/libutils.a(strcmp.o)
 .ARM.attributes
                0x000000000000018a       0x33 out/export-ta_arm32/lib/libutils.a(trace.o)
 .ARM.attributes
                0x00000000000001bd       0x33 out/export-ta_arm32/lib/libutils.a(snprintk.o)
 .ARM.attributes
                0x00000000000001f0       0x33 out/export-ta_arm32/lib/libutils.a(memchr.o)
 .ARM.attributes
                0x0000000000000223       0x33 out/export-ta_arm32/lib/libutils.a(strlen.o)
 .ARM.attributes
                0x0000000000000256       0x25 out/export-ta_arm32/lib/libutils.a(arm32_aeabi_ldivmod_a32.o)
 .ARM.attributes
                0x000000000000027b       0x33 out/export-ta_arm32/lib/libutils.a(arm32_aeabi_ldivmod.o)
 .ARM.attributes
                0x00000000000002ae       0x33 out/export-ta_arm32/lib/libutee.a(assert.o)
 .ARM.attributes
                0x00000000000002e1       0x33 out/export-ta_arm32/lib/libutee.a(trace_ext.o)
 .ARM.attributes
                0x0000000000000314       0x33 out/export-ta_arm32/lib/libutee.a(tee_api.o)
 .ARM.attributes
                0x0000000000000347       0x33 out/export-ta_arm32/lib/libutee.a(tee_api_operations.o)
 .ARM.attributes
                0x000000000000037a       0x33 out/export-ta_arm32/lib/libutee.a(tee_api_panic.o)
 .ARM.attributes
                0x00000000000003ad       0x33 out/export-ta_arm32/lib/libutee.a(tee_system_pta.o)
 .ARM.attributes
                0x00000000000003e0       0x25 out/export-ta_arm32/lib/libutee.a(utee_syscalls_a32.o)
 .ARM.attributes
                0x0000000000000405       0x33 out/export-ta_arm32/lib/libutee.a(user_ta_entry.o)
 .ARM.attributes
                0x0000000000000438       0x33 out/export-ta_arm32/lib/libutee.a(abort.o)
 .ARM.attributes
                0x000000000000046b       0x33 out/export-ta_arm32/lib/libutee.a(tee_api_arith_mpi.o)
 .ARM.attributes
                0x000000000000049e       0x33 out/export-ta_arm32/lib/libutee.a(tee_api_objects.o)
 .ARM.attributes
                0x00000000000004d1       0x33 out/export-ta_arm32/lib/libutee.a(tcb.o)
 .ARM.attributes
                0x0000000000000504       0x33 out/export-ta_arm32/lib/libmbedtls.a(bignum.o)
 .ARM.attributes
                0x0000000000000537       0x33 out/export-ta_arm32/lib/libmbedtls.a(platform_util.o)
 .ARM.attributes
                0x000000000000056a       0x33 out/export-ta_arm32/lib/libutils.a(bget_malloc.o)
 .ARM.attributes