Archive member included to satisfy reference by file (symbol)

out/arm-plat-stm32mp1/export-ta_arm32/lib/libutils.a(memcpy.o)
                              out/arm-plat-stm32mp1/ta/trusted_keys/entry.o (memcpy)
out/arm-plat-stm32mp1/export-ta_arm32/lib/libutils.a(trace.o)
                              out/arm-plat-stm32mp1/ta/trusted_keys/entry.o (trace_printf)
out/arm-plat-stm32mp1/export-ta_arm32/lib/libutils.a(memzero_explicit.o)
                              out/arm-plat-stm32mp1/ta/trusted_keys/entry.o (memzero_explicit)
out/arm-plat-stm32mp1/export-ta_arm32/lib/libutils.a(memset.o)
                              out/arm-plat-stm32mp1/export-ta_arm32/lib/libutils.a(memzero_explicit.o) (memset)
out/arm-plat-stm32mp1/export-ta_arm32/lib/libutils.a(snprintk.o)
                              out/arm-plat-stm32mp1/export-ta_arm32/lib/libutils.a(trace.o) (snprintk)
out/arm-plat-stm32mp1/export-ta_arm32/lib/libutils.a(memchr.o)
                              out/arm-plat-stm32mp1/export-ta_arm32/lib/libutils.a(snprintk.o) (memchr)
out/arm-plat-stm32mp1/export-ta_arm32/lib/libutils.a(strlen.o)
                              out/arm-plat-stm32mp1/export-ta_arm32/lib/libutils.a(snprintk.o) (strlen)
out/arm-plat-stm32mp1/export-ta_arm32/lib/libutils.a(arm32_aeabi_ldivmod_a32.o)
                              out/arm-plat-stm32mp1/export-ta_arm32/lib/libutils.a(snprintk.o) (__aeabi_uldivmod)
out/arm-plat-stm32mp1/export-ta_arm32/lib/libutils.a(arm32_aeabi_ldivmod.o)
                              out/arm-plat-stm32mp1/export-ta_arm32/lib/libutils.a(arm32_aeabi_ldivmod_a32.o) (__ul_divmod)
out/arm-plat-stm32mp1/export-ta_arm32/lib/libutee.a(assert.o)
                              out/arm-plat-stm32mp1/ta/trusted_keys/entry.o (_assert_log)
out/arm-plat-stm32mp1/export-ta_arm32/lib/libutee.a(trace_ext.o)
                              out/arm-plat-stm32mp1/export-ta_arm32/lib/libutils.a(trace.o) (trace_ext_puts)
out/arm-plat-stm32mp1/export-ta_arm32/lib/libutee.a(tee_api.o)
                              out/arm-plat-stm32mp1/ta/trusted_keys/entry.o (TEE_OpenTASession)
out/arm-plat-stm32mp1/export-ta_arm32/lib/libutee.a(tee_api_objects.o)
                              out/arm-plat-stm32mp1/ta/trusted_keys/entry.o (TEE_AllocateTransientObject)
out/arm-plat-stm32mp1/export-ta_arm32/lib/libutee.a(tee_api_operations.o)
                              out/arm-plat-stm32mp1/ta/trusted_keys/entry.o (TEE_AllocateOperation)
out/arm-plat-stm32mp1/export-ta_arm32/lib/libutee.a(tee_api_panic.o)
                              out/arm-plat-stm32mp1/ta/trusted_keys/entry.o (TEE_Panic)
out/arm-plat-stm32mp1/export-ta_arm32/lib/libutee.a(tee_api_property.o)
                              out/arm-plat-stm32mp1/ta/trusted_keys/entry.o (TEE_GetPropertyAsIdentity)
out/arm-plat-stm32mp1/export-ta_arm32/lib/libutee.a(tee_system_pta.o)
                              out/arm-plat-stm32mp1/export-ta_arm32/lib/libutee.a(tee_api.o) (tee_map_zi)
out/arm-plat-stm32mp1/export-ta_arm32/lib/libutee.a(utee_syscalls_a32.o)
                              out/arm-plat-stm32mp1/export-ta_arm32/lib/libutee.a(assert.o) (_utee_panic)
out/arm-plat-stm32mp1/export-ta_arm32/lib/libutee.a(user_ta_entry.o)
                              out/arm-plat-stm32mp1/ta/trusted_keys/user_ta_header.o (__utee_entry)
out/arm-plat-stm32mp1/export-ta_arm32/lib/libutee.a(abort.o)
                              out/arm-plat-stm32mp1/export-ta_arm32/lib/libutee.a(user_ta_entry.o) (abort)
out/arm-plat-stm32mp1/export-ta_arm32/lib/libutee.a(base64.o)
                              out/arm-plat-stm32mp1/export-ta_arm32/lib/libutee.a(tee_api_property.o) (_base64_enc_len)
out/arm-plat-stm32mp1/export-ta_arm32/lib/libutee.a(tee_api_arith_mpi.o)
                              out/arm-plat-stm32mp1/export-ta_arm32/lib/libutee.a(user_ta_entry.o) (_TEE_MathAPI_Init)
out/arm-plat-stm32mp1/export-ta_arm32/lib/libutee.a(tcb.o)
                              out/arm-plat-stm32mp1/export-ta_arm32/lib/libutee.a(user_ta_entry.o) (__utee_tcb_init)
out/arm-plat-stm32mp1/export-ta_arm32/lib/libmbedtls.a(bignum.o)
                              out/arm-plat-stm32mp1/export-ta_arm32/lib/libutee.a(tee_api_arith_mpi.o) (mbedtls_mpi_mempool)
out/arm-plat-stm32mp1/export-ta_arm32/lib/libmbedtls.a(platform_util.o)
                              out/arm-plat-stm32mp1/export-ta_arm32/lib/libmbedtls.a(bignum.o) (mbedtls_platform_zeroize)
out/arm-plat-stm32mp1/export-ta_arm32/lib/libutils.a(bget_malloc.o)
                              out/arm-plat-stm32mp1/export-ta_arm32/lib/libutee.a(tee_api.o) (malloc)
out/arm-plat-stm32mp1/export-ta_arm32/lib/libutils.a(snprintf.o)
                              out/arm-plat-stm32mp1/export-ta_arm32/lib/libutee.a(tee_api_property.o) (snprintf)
out/arm-plat-stm32mp1/export-ta_arm32/lib/libutils.a(memmove.o)
                              out/arm-plat-stm32mp1/export-ta_arm32/lib/libutee.a(tee_api.o) (memmove)
out/arm-plat-stm32mp1/export-ta_arm32/lib/libutils.a(strcmp.o)
[...]
Memory Configuration

Name             Origin             Length             Attributes
*default*        0x0000000000000000 0xffffffffffffffff

Linker script and memory map


.ta_head        0x0000000000000000       0x20
 *(SORT_BY_ALIGNMENT(.ta_head))
 .ta_head       0x0000000000000000       0x20 out/arm-plat-stm32mp1/ta/trusted_keys/user_ta_header.o
                0x0000000000000000                ta_head

.text           0x0000000000000020    0x12608
                0x0000000000000020                __text_start = .
 *(SORT_BY_ALIGNMENT(.text) SORT_BY_ALIGNMENT(.text.*))
 .text          0x0000000000000020      0x7ec out/arm-plat-stm32mp1/ta/trusted_keys/entry.o
                0x00000000000006c8                TA_CreateEntryPoint
                0x00000000000006d8                TA_DestroyEntryPoint
                0x00000000000006e6                TA_OpenSessionEntryPoint
                0x000000000000077a                TA_CloseSessionEntryPoint
                0x000000000000078e                TA_InvokeCommandEntryPoint
 .text.__ta_entry
                0x000000000000080c        0x4 out/arm-plat-stm32mp1/ta/trusted_keys/ta_entry_a32.o
                0x000000000000080c                __ta_entry
 .text          0x0000000000000810      0x44c out/arm-plat-stm32mp1/export-ta_arm32/lib/libutils.a(trace.o)
                0x0000000000000810                trace_set_level
                0x0000000000000850                trace_get_level
                0x0000000000000930                trace_printf
                0x0000000000000962                trace_vprintf
                0x0000000000000c40                dhex_dump
 .text          0x0000000000000c5c       0x24 out/arm-plat-stm32mp1/export-ta_arm32/lib/libutils.a(memzero_explicit.o)
                0x0000000000000c5c                memzero_explicit
 .text          0x0000000000000c80      0xfec out/arm-plat-stm32mp1/export-ta_arm32/lib/libutils.a(snprintk.o)
                0x0000000000000c80                snprintk
                0x0000000000000cb0                vsnprintk
                0x0000000000000cd8                __vsnprintf
                0x0000000000000d3e                __vsprintf
 .text.__aeabi_ldivmod
                0x0000000000001c6c       0x18 out/arm-plat-stm32mp1/export-ta_arm32/lib/libutils.a(arm32_aeabi_ldivmod_a32.o)
                0x0000000000001c6c                __aeabi_ldivmod
 .text.__aeabi_uldivmod
                0x0000000000001c84       0x18 out/arm-plat-stm32mp1/export-ta_arm32/lib/libutils.a(arm32_aeabi_ldivmod_a32.o)
                0x0000000000001c84                __aeabi_uldivmod
 .text          0x0000000000001c9c       0x4c out/arm-plat-stm32mp1/export-ta_arm32/lib/libutee.a(assert.o)
                0x0000000000001c9c                _assert_log
                0x0000000000001cd8                _assert_break
 .text          0x0000000000001ce8      0x100 out/arm-plat-stm32mp1/export-ta_arm32/lib/libutee.a(trace_ext.o)
                0x0000000000001ce8                trace_ext_puts
                0x0000000000001d08                trace_ext_get_thread_id
                0x0000000000001d1a                printf
                0x0000000000001d84                puts
                0x0000000000001db4                putchar
 .text          0x0000000000001de8      0x914 out/arm-plat-stm32mp1/export-ta_arm32/lib/libutee.a(tee_api.o)
                0x000000000000212e                TEE_OpenTASession
                0x000000000000220a                TEE_CloseTASession
                0x0000000000002236                TEE_InvokeTACommand
                0x000000000000234a                TEE_GetCancellationFlag
                0x0000000000002378                TEE_UnmaskCancellation
                0x00000000000023a8                TEE_MaskCancellation
                0x00000000000023d8                TEE_CheckMemoryAccessRights
                0x0000000000002412                TEE_SetInstanceData
                0x0000000000002434                TEE_GetInstanceData
                0x000000000000244c                TEE_MemMove
                0x000000000000246c                TEE_MemCompare
                0x000000000000248c                TEE_MemFill
                0x00000000000024ae                TEE_GetSystemTime
                0x00000000000024d4                TEE_Wait
                0x0000000000002506                TEE_GetTAPersistentTime
                0x000000000000257e                TEE_SetTAPersistentTime
                0x00000000000025be                TEE_GetREETime
                0x00000000000025e4                TEE_Malloc
                0x0000000000002648                TEE_Realloc
                0x0000000000002686                TEE_Free
                0x00000000000026a2                TEE_CacheClean
                0x00000000000026c0                TEE_CacheFlush
                0x00000000000026de                TEE_CacheInvalidate
 .text          0x00000000000026fc     0x3574 out/arm-plat-stm32mp1/export-ta_arm32/lib/libutee.a(tee_api_operations.o)
                0x00000000000029d6                TEE_AllocateOperation
                0x0000000000003732                TEE_FreeOperation
                0x0000000000003776                TEE_GetOperationInfo
                0x00000000000037c8                TEE_GetOperationInfoMultiple
                0x0000000000003974                TEE_ResetOperation
                0x00000000000039e6                TEE_SetOperationKey
                0x0000000000003b16                TEE_SetOperationKey2
                0x0000000000003d18                TEE_CopyOperation
                0x0000000000003e8a                TEE_DigestUpdate
                0x0000000000003edc                TEE_DigestDoFinal
                0x0000000000003f7e                TEE_CipherInit
                0x0000000000004322                TEE_CipherUpdate
                0x00000000000044a4                TEE_CipherDoFinal
                0x000000000000470c                TEE_MACInit
                0x0000000000004772                TEE_MACUpdate
                0x00000000000047e8                TEE_MACComputeFinal
                0x00000000000048be                TEE_MACCompareFinal
                0x000000000000499c                TEE_AEInit
                0x0000000000004a76                TEE_AEUpdateAAD
                0x0000000000004ae4                TEE_AEUpdate
                0x0000000000004c50                TEE_AEEncryptFinal
                0x0000000000004e30                TEE_AEDecryptFinal
                0x0000000000004fdc                TEE_AsymmetricEncrypt
                0x0000000000005148                TEE_AsymmetricDecrypt
                0x00000000000052b4                TEE_AsymmetricSignDigest
                0x0000000000005414                TEE_AsymmetricVerifyDigest
                0x0000000000005552                TEE_DeriveKey
                0x00000000000056c4                TEE_GenerateRandom
                0x00000000000056ec                rand
                0x000000000000570a                TEE_IsAlgorithmSupported
 .text          0x0000000000005c70      0x1dc out/arm-plat-stm32mp1/export-ta_arm32/lib/libutee.a(tee_api_panic.o)
                0x0000000000005c70                TEE_Panic
                0x0000000000005cdc                __utee_check_outbuf_annotation
                0x0000000000005d2c                __utee_check_instring_annotation
                0x0000000000005d64                __utee_check_outstring_annotation
                0x0000000000005db4                __utee_check_out_annotation
                0x0000000000005de4                __utee_check_attr_in_annotation
                0x0000000000005e1c                __utee_check_inout_annotation
 .text          0x0000000000005e4c      0xa2c out/arm-plat-stm32mp1/export-ta_arm32/lib/libutee.a(tee_api_property.o)
                0x0000000000006176                TEE_GetPropertyAsString
                0x0000000000006388                TEE_GetPropertyAsBool
                0x000000000000640e                TEE_GetPropertyAsU32
                0x000000000000648e                TEE_GetPropertyAsBinaryBlock
                0x0000000000006516                TEE_GetPropertyAsUUID
                0x0000000000006596                TEE_GetPropertyAsIdentity
                0x0000000000006616                TEE_AllocatePropertyEnumerator
                0x0000000000006676                TEE_ResetPropertyEnumerator
                0x0000000000006696                TEE_FreePropertyEnumerator
                0x00000000000066b0                TEE_StartPropertyEnumerator
                0x00000000000066de                TEE_GetPropertyName
                0x00000000000067ca                TEE_GetNextProperty
 .text          0x0000000000006878      0x2c0 out/arm-plat-stm32mp1/export-ta_arm32/lib/libutee.a(tee_system_pta.o)
                0x0000000000006960                tee_map_zi
                0x00000000000069e8                tee_unmap
                0x0000000000006a7c                tee_invoke_supp_plugin
 .text          0x0000000000006b38        0x0 out/arm-plat-stm32mp1/export-ta_arm32/lib/libutee.a(utee_syscalls_a32.o)
 .text._utee_panic
                0x0000000000006b38       0x14 out/arm-plat-stm32mp1/export-ta_arm32/lib/libutee.a(utee_syscalls_a32.o)
                0x0000000000006b38                _utee_panic
 .text._utee_return
                0x0000000000006b4c       0x14 out/arm-plat-stm32mp1/export-ta_arm32/lib/libutee.a(utee_syscalls_a32.o)
                0x0000000000006b4c                _utee_return
 .text._utee_log
                0x0000000000006b60       0x14 out/arm-plat-stm32mp1/export-ta_arm32/lib/libutee.a(utee_syscalls_a32.o)
                0x0000000000006b60                _utee_log
 .text.__utee_panic
                0x0000000000006b74       0x14 out/arm-plat-stm32mp1/export-ta_arm32/lib/libutee.a(utee_syscalls_a32.o)
                0x0000000000006b74                __utee_panic
 .text._utee_get_property
                0x0000000000006b88       0x18 out/arm-plat-stm32mp1/export-ta_arm32/lib/libutee.a(utee_syscalls_a32.o)
                0x0000000000006b88                _utee_get_property
 .text._utee_get_property_name_to_index
                0x0000000000006ba0       0x14 out/arm-plat-stm32mp1/export-ta_arm32/lib/libutee.a(utee_syscalls_a32.o)
                0x0000000000006ba0                _utee_get_property_name_to_index
 .text._utee_open_ta_session
                0x0000000000006bb4       0x18 out/arm-plat-stm32mp1/export-ta_arm32/lib/libutee.a(utee_syscalls_a32.o)
                0x0000000000006bb4                _utee_open_ta_session
 .text._utee_close_ta_session
                0x0000000000006bcc       0x14 out/arm-plat-stm32mp1/export-ta_arm32/lib/libutee.a(utee_syscalls_a32.o)
                0x0000000000006bcc                _utee_close_ta_session
 .text._utee_invoke_ta_command
                0x0000000000006be0       0x18 out/arm-plat-stm32mp1/export-ta_arm32/lib/libutee.a(utee_syscalls_a32.o)
                0x0000000000006be0                _utee_invoke_ta_command
 .text._utee_get_cancellation_flag
                0x0000000000006bf8       0x14 out/arm-plat-stm32mp1/export-ta_arm32/lib/libutee.a(utee_syscalls_a32.o)
                0x0000000000006bf8                _utee_get_cancellation_flag
 .text._utee_check_access_rights
                0x0000000000006c0c       0x14 out/arm-plat-stm32mp1/export-ta_arm32/lib/libutee.a(utee_syscalls_a32.o)
                0x0000000000006c0c                _utee_check_access_rights
 .text._utee_unmask_cancellation
                0x0000000000006c20       0x14 out/arm-plat-stm32mp1/export-ta_arm32/lib/libutee.a(utee_syscalls_a32.o)
                0x0000000000006c20                _utee_unmask_cancellation
 .text._utee_mask_cancellation
                0x0000000000006c34       0x14 out/arm-plat-stm32mp1/export-ta_arm32/lib/libutee.a(utee_syscalls_a32.o)
                0x0000000000006c34                _utee_mask_cancellation
 .text._utee_wait
                0x0000000000006c48       0x14 out/arm-plat-stm32mp1/export-ta_arm32/lib/libutee.a(utee_syscalls_a32.o)
                0x0000000000006c48                _utee_wait
 .text._utee_get_time
                0x0000000000006c5c       0x14 out/arm-plat-stm32mp1/export-ta_arm32/lib/libutee.a(utee_syscalls_a32.o)
                0x0000000000006c5c                _utee_get_time
 .text._utee_set_ta_time
                0x0000000000006c70       0x14 out/arm-plat-stm32mp1/export-ta_arm32/lib/libutee.a(utee_syscalls_a32.o)
                0x0000000000006c70                _utee_set_ta_time
 .text._utee_cryp_state_alloc
                0x0000000000006c84       0x18 out/arm-plat-stm32mp1/export-ta_arm32/lib/libutee.a(utee_syscalls_a32.o)
                0x0000000000006c84                _utee_cryp_state_alloc
 .text._utee_cryp_state_copy
                0x0000000000006c9c       0x14 out/arm-plat-stm32mp1/export-ta_arm32/lib/libutee.a(utee_syscalls_a32.o)
                0x0000000000006c9c                _utee_cryp_state_copy
 .text._utee_cryp_state_free
                0x0000000000006cb0       0x14 out/arm-plat-stm32mp1/export-ta_arm32/lib/libutee.a(utee_syscalls_a32.o)
                0x0000000000006cb0                _utee_cryp_state_free
 .text._utee_hash_init
                0x0000000000006cc4       0x14 out/arm-plat-stm32mp1/export-ta_arm32/lib/libutee.a(utee_syscalls_a32.o)
                0x0000000000006cc4                _utee_hash_init
 .text._utee_hash_update
                0x0000000000006cd8       0x14 out/arm-plat-stm32mp1/export-ta_arm32/lib/libutee.a(utee_syscalls_a32.o)
                0x0000000000006cd8                _utee_hash_update
 .text._utee_hash_final
                0x0000000000006cec       0x18 out/arm-plat-stm32mp1/export-ta_arm32/lib/libutee.a(utee_syscalls_a32.o)
                0x0000000000006cec                _utee_hash_final
 .text._utee_cipher_init
                0x0000000000006d04       0x14 out/arm-plat-stm32mp1/export-ta_arm32/lib/libutee.a(utee_syscalls_a32.o)
                0x0000000000006d04                _utee_cipher_init
 .text._utee_cipher_update
                0x0000000000006d18       0x18 out/arm-plat-stm32mp1/export-ta_arm32/lib/libutee.a(utee_syscalls_a32.o)
                0x0000000000006d18                _utee_cipher_update
 .text._utee_cipher_final
                0x0000000000006d30       0x18 out/arm-plat-stm32mp1/export-ta_arm32/lib/libutee.a(utee_syscalls_a32.o)
                0x0000000000006d30                _utee_cipher_final
 .text._utee_cryp_obj_get_info
                0x0000000000006d48       0x14 out/arm-plat-stm32mp1/export-ta_arm32/lib/libutee.a(utee_syscalls_a32.o)
                0x0000000000006d48                _utee_cryp_obj_get_info
 .text._utee_cryp_obj_restrict_usage
                0x0000000000006d5c       0x14 out/arm-plat-stm32mp1/export-ta_arm32/lib/libutee.a(utee_syscalls_a32.o)
                0x0000000000006d5c                _utee_cryp_obj_restrict_usage
 .text._utee_cryp_obj_get_attr
                0x0000000000006d70       0x14 out/arm-plat-stm32mp1/export-ta_arm32/lib/libutee.a(utee_syscalls_a32.o)
                0x0000000000006d70                _utee_cryp_obj_get_attr
 .text._utee_cryp_obj_alloc
                0x0000000000006d84       0x14 out/arm-plat-stm32mp1/export-ta_arm32/lib/libutee.a(utee_syscalls_a32.o)
                0x0000000000006d84                _utee_cryp_obj_alloc
 .text._utee_cryp_obj_close
                0x0000000000006d98       0x14 out/arm-plat-stm32mp1/export-ta_arm32/lib/libutee.a(utee_syscalls_a32.o)
                0x0000000000006d98                _utee_cryp_obj_close
 .text._utee_cryp_obj_reset
                0x0000000000006dac       0x14 out/arm-plat-stm32mp1/export-ta_arm32/lib/libutee.a(utee_syscalls_a32.o)
                0x0000000000006dac                _utee_cryp_obj_reset
 .text._utee_cryp_obj_populate
                0x0000000000006dc0       0x14 out/arm-plat-stm32mp1/export-ta_arm32/lib/libutee.a(utee_syscalls_a32.o)
                0x0000000000006dc0                _utee_cryp_obj_populate
 .text._utee_cryp_obj_copy
                0x0000000000006dd4       0x14 out/arm-plat-stm32mp1/export-ta_arm32/lib/libutee.a(utee_syscalls_a32.o)
                0x0000000000006dd4                _utee_cryp_obj_copy
 .text._utee_cryp_derive_key
                0x0000000000006de8       0x14 out/arm-plat-stm32mp1/export-ta_arm32/lib/libutee.a(utee_syscalls_a32.o)
                0x0000000000006de8                _utee_cryp_derive_key
 .text._utee_cryp_random_number_generate
                0x0000000000006dfc       0x14 out/arm-plat-stm32mp1/export-ta_arm32/lib/libutee.a(utee_syscalls_a32.o)
                0x0000000000006dfc                _utee_cryp_random_number_generate
 .text._utee_authenc_init
                0x0000000000006e10       0x18 out/arm-plat-stm32mp1/export-ta_arm32/lib/libutee.a(utee_syscalls_a32.o)
                0x0000000000006e10                _utee_authenc_init
 .text._utee_authenc_update_aad
                0x0000000000006e28       0x14 out/arm-plat-stm32mp1/export-ta_arm32/lib/libutee.a(utee_syscalls_a32.o)
                0x0000000000006e28                _utee_authenc_update_aad
 .text._utee_authenc_update_payload
                0x0000000000006e3c       0x18 out/arm-plat-stm32mp1/export-ta_arm32/lib/libutee.a(utee_syscalls_a32.o)
                0x0000000000006e3c                _utee_authenc_update_payload
 .text._utee_authenc_enc_final
                0x0000000000006e54       0x18 out/arm-plat-stm32mp1/export-ta_arm32/lib/libutee.a(utee_syscalls_a32.o)
                0x0000000000006e54                _utee_authenc_enc_final
 .text._utee_authenc_dec_final
                0x0000000000006e6c       0x18 out/arm-plat-stm32mp1/export-ta_arm32/lib/libutee.a(utee_syscalls_a32.o)
                0x0000000000006e6c                _utee_authenc_dec_final
 .text._utee_asymm_operate
                0x0000000000006e84       0x18 out/arm-plat-stm32mp1/export-ta_arm32/lib/libutee.a(utee_syscalls_a32.o)
                0x0000000000006e84                _utee_asymm_operate
 .text._utee_asymm_verify
                0x0000000000006e9c       0x18 out/arm-plat-stm32mp1/export-ta_arm32/lib/libutee.a(utee_syscalls_a32.o)
                0x0000000000006e9c                _utee_asymm_verify
 .text._utee_storage_obj_open
                0x0000000000006eb4       0x18 out/arm-plat-stm32mp1/export-ta_arm32/lib/libutee.a(utee_syscalls_a32.o)
                0x0000000000006eb4                _utee_storage_obj_open
 .text._utee_storage_obj_create
                0x0000000000006ecc       0x18 out/arm-plat-stm32mp1/export-ta_arm32/lib/libutee.a(utee_syscalls_a32.o)
                0x0000000000006ecc                _utee_storage_obj_create
 .text._utee_storage_obj_del
                0x0000000000006ee4       0x14 out/arm-plat-stm32mp1/export-ta_arm32/lib/libutee.a(utee_syscalls_a32.o)
                0x0000000000006ee4                _utee_storage_obj_del
 .text._utee_storage_obj_rename
                0x0000000000006ef8       0x14 out/arm-plat-stm32mp1/export-ta_arm32/lib/libutee.a(utee_syscalls_a32.o)
                0x0000000000006ef8                _utee_storage_obj_rename
 .text._utee_storage_alloc_enum
                0x0000000000006f0c       0x14 out/arm-plat-stm32mp1/export-ta_arm32/lib/libutee.a(utee_syscalls_a32.o)
                0x0000000000006f0c                _utee_storage_alloc_enum
 .text._utee_storage_free_enum
                0x0000000000006f20       0x14 out/arm-plat-stm32mp1/export-ta_arm32/lib/libutee.a(utee_syscalls_a32.o)
                0x0000000000006f20                _utee_storage_free_enum
 .text._utee_storage_reset_enum
                0x0000000000006f34       0x14 out/arm-plat-stm32mp1/export-ta_arm32/lib/libutee.a(utee_syscalls_a32.o)
                0x0000000000006f34                _utee_storage_reset_enum
 .text._utee_storage_start_enum
                0x0000000000006f48       0x14 out/arm-plat-stm32mp1/export-ta_arm32/lib/libutee.a(utee_syscalls_a32.o)
                0x0000000000006f48                _utee_storage_start_enum
 .text._utee_storage_next_enum
                0x0000000000006f5c       0x14 out/arm-plat-stm32mp1/export-ta_arm32/lib/libutee.a(utee_syscalls_a32.o)
                0x0000000000006f5c                _utee_storage_next_enum
 .text._utee_storage_obj_read
                0x0000000000006f70       0x14 out/arm-plat-stm32mp1/export-ta_arm32/lib/libutee.a(utee_syscalls_a32.o)
                0x0000000000006f70                _utee_storage_obj_read
 .text._utee_storage_obj_write
                0x0000000000006f84       0x14 out/arm-plat-stm32mp1/export-ta_arm32/lib/libutee.a(utee_syscalls_a32.o)
                0x0000000000006f84                _utee_storage_obj_write
 .text._utee_storage_obj_trunc
                0x0000000000006f98       0x14 out/arm-plat-stm32mp1/export-ta_arm32/lib/libutee.a(utee_syscalls_a32.o)
                0x0000000000006f98                _utee_storage_obj_trunc
 .text._utee_storage_obj_seek
                0x0000000000006fac       0x14 out/arm-plat-stm32mp1/export-ta_arm32/lib/libutee.a(utee_syscalls_a32.o)
                0x0000000000006fac                _utee_storage_obj_seek
 .text._utee_cryp_obj_generate_key
                0x0000000000006fc0       0x14 out/arm-plat-stm32mp1/export-ta_arm32/lib/libutee.a(utee_syscalls_a32.o)
                0x0000000000006fc0                _utee_cryp_obj_generate_key
 .text._utee_cache_operation
                0x0000000000006fd4       0x14 out/arm-plat-stm32mp1/export-ta_arm32/lib/libutee.a(utee_syscalls_a32.o)
                0x0000000000006fd4                _utee_cache_operation
 .text          0x0000000000006fe8      0x908 out/arm-plat-stm32mp1/export-ta_arm32/lib/libutee.a(user_ta_entry.o)
                0x0000000000007186                __utee_call_elf_init_fn
                0x0000000000007308                __utee_call_elf_fini_fn
                0x0000000000007882                __utee_entry
 .text          0x00000000000078f0       0x1c out/arm-plat-stm32mp1/export-ta_arm32/lib/libutee.a(abort.o)
                0x00000000000078f0                abort
 .text          0x000000000000790c      0x370 out/arm-plat-stm32mp1/export-ta_arm32/lib/libutee.a(base64.o)
                0x000000000000790c                _base64_enc_len
                0x0000000000007936                _base64_enc
                0x0000000000007aec                _base64_dec
 .text          0x0000000000007c7c     0x1c48 out/arm-plat-stm32mp1/export-ta_arm32/lib/libutee.a(tee_api_arith_mpi.o)
                0x0000000000007cd4                _TEE_MathAPI_Init
                0x0000000000007e3c                TEE_BigIntInit
                0x0000000000007e98                TEE_BigIntConvertFromOctetString
                0x0000000000007f0a                TEE_BigIntConvertToOctetString
                0x0000000000007f88                TEE_BigIntConvertFromS32
                0x0000000000008000                TEE_BigIntConvertToS32
                0x00000000000080c0                TEE_BigIntCmp
                0x0000000000008112                TEE_BigIntCmpS32
                0x000000000000814a                TEE_BigIntShiftRight
                0x00000000000082f0                TEE_BigIntGetBit
                0x0000000000008332                TEE_BigIntGetBitCount
                0x00000000000085dc                TEE_BigIntAdd
                0x000000000000860c                TEE_BigIntSub
                0x000000000000863c                TEE_BigIntNeg
                0x00000000000086e8                TEE_BigIntMul
                0x00000000000087a4                TEE_BigIntSquare
                0x00000000000087c0                TEE_BigIntDiv
                0x0000000000008928                TEE_BigIntMod
                0x0000000000008980                TEE_BigIntAddMod
                0x00000000000089b4                TEE_BigIntSubMod
                0x00000000000089e8                TEE_BigIntMulMod
                0x0000000000008a1c                TEE_BigIntSquareMod
                0x0000000000008a3c                TEE_BigIntInvMod
                0x0000000000008b40                TEE_BigIntRelativePrime
                0x00000000000093b0                TEE_BigIntComputeExtendedGcd
                0x0000000000009652                TEE_BigIntIsProbablePrime
                0x000000000000969c                TEE_BigIntInitFMM
                0x00000000000096b6                TEE_BigIntInitFMMContext
                0x00000000000096ce                TEE_BigIntFMMSizeInU32
                0x00000000000096ea                TEE_BigIntFMMContextSizeInU32
                0x0000000000009700                TEE_BigIntConvertToFMM
                0x0000000000009720                TEE_BigIntConvertFromFMM
                0x00000000000097b8                TEE_BigIntComputeFMM
 .text          0x00000000000098c4      0x3b4 out/arm-plat-stm32mp1/export-ta_arm32/lib/libutee.a(tcb.o)
                0x00000000000098c4                __utee_tcb_init
                0x0000000000009b74                __tls_get_addr
                0x0000000000009ba4                dl_iterate_phdr
 .text          0x0000000000009c78     0x5bb0 out/arm-plat-stm32mp1/export-ta_arm32/lib/libmbedtls.a(bignum.o)
                0x0000000000009cc6                mbedtls_mpi_init
                0x0000000000009cde                mbedtls_mpi_init_mempool
                0x0000000000009d14                mbedtls_mpi_free
                0x0000000000009d8c                mbedtls_mpi_grow
                0x0000000000009e78                mbedtls_mpi_shrink
                0x0000000000009ffe                mbedtls_mpi_copy
                0x000000000000a0d2                mbedtls_mpi_swap
                0x000000000000a1ae                mbedtls_mpi_safe_cond_assign
                0x000000000000a25e                mbedtls_mpi_safe_cond_swap
                0x000000000000a382                mbedtls_mpi_lset
                0x000000000000a3e0                mbedtls_mpi_get_bit
                0x000000000000a422                mbedtls_mpi_set_bit
                0x000000000000a4cc                mbedtls_mpi_lsb
                0x000000000000a574                mbedtls_mpi_bitlen
                0x000000000000a5dc                mbedtls_mpi_size
                0x000000000000a66c                mbedtls_mpi_read_string
                0x000000000000a8de                mbedtls_mpi_write_string
                0x000000000000ab5e                mbedtls_mpi_read_binary_le
                0x000000000000abea                mbedtls_mpi_read_binary
                0x000000000000ac64                mbedtls_mpi_write_binary_le
                0x000000000000ad22                mbedtls_mpi_write_binary
                0x000000000000adea                mbedtls_mpi_shift_l
                0x000000000000af34                mbedtls_mpi_shift_r
                0x000000000000b06a                mbedtls_mpi_cmp_abs
                0x000000000000b16e                mbedtls_mpi_cmp_mpi
                0x000000000000b2f4                mbedtls_mpi_lt_mpi_ct
                0x000000000000b402                mbedtls_mpi_cmp_int
                0x000000000000b446                mbedtls_mpi_add_abs
                0x000000000000b63c                mbedtls_mpi_sub_abs
                0x000000000000b77a                mbedtls_mpi_add_mpi
                0x000000000000b814                mbedtls_mpi_sub_mpi
                0x000000000000b8ae                mbedtls_mpi_add_int
                0x000000000000b8f6                mbedtls_mpi_sub_int
                0x000000000000d23c                mbedtls_mpi_mul_mpi
                0x000000000000d3c8                mbedtls_mpi_mul_int
                0x000000000000d50c                mbedtls_mpi_div_mpi
                0x000000000000da48                mbedtls_mpi_div_int
                0x000000000000da92                mbedtls_mpi_mod_mpi
                0x000000000000db1c                mbedtls_mpi_mod_int
                0x000000000000dc6e                mbedtls_mpi_montg_init
                0x000000000000dd9c                mbedtls_mpi_montmul
                0x000000000000de00                mbedtls_mpi_montred
                0x000000000000deb4                mbedtls_mpi_exp_mod
                0x000000000000e4dc                mbedtls_mpi_gcd
                0x000000000000e72c                mbedtls_mpi_fill_random
                0x000000000000e78a                mbedtls_mpi_random
                0x000000000000e8be                mbedtls_mpi_inv_mod
                0x000000000000f01e                mbedtls_mpi_is_prime_ext
                0x000000000000f0ba                mbedtls_mpi_is_prime
                0x000000000000f0dc                mbedtls_mpi_gen_prime
                0x000000000000f394                mbedtls_mpi_self_test
 .text          0x000000000000f828       0x2c out/arm-plat-stm32mp1/export-ta_arm32/lib/libmbedtls.a(platform_util.o)
                0x000000000000f828                mbedtls_platform_zeroize
 .text          0x000000000000f854     0x148c out/arm-plat-stm32mp1/export-ta_arm32/lib/libutils.a(bget_malloc.o)
                0x000000000000f93a                bget
                0x000000000000fc8c                bgetz
                0x000000000000fd24                bgetr
                0x000000000000fdd8                brel
                0x00000000000100e8                bpool
                0x00000000000101d8                bstats
                0x0000000000010354                malloc_reset_stats
                0x00000000000103a6                malloc_get_stats
                0x0000000000010534                raw_memalign
                0x00000000000105be                raw_malloc
                0x00000000000105e6                raw_free
                0x0000000000010614                raw_calloc
                0x00000000000106be                raw_realloc
                0x00000000000107a8                malloc
                0x0000000000010838                calloc
                0x00000000000108aa                realloc
                0x00000000000108f4                memalign
                0x0000000000010962                free
                0x000000000001097a                free_wipe
                0x0000000000010bfc                raw_malloc_get_ctx_size
                0x0000000000010c0c                raw_malloc_init_ctx
                0x0000000000010c32                raw_malloc_add_pool
                0x0000000000010c50                raw_malloc_get_stats
                0x0000000000010c6a                malloc_add_pool
                0x0000000000010c90                malloc_buffer_is_within_alloced
                0x0000000000010cb8                malloc_buffer_overlaps_heap
 .text          0x0000000000010ce0      0x1fc out/arm-plat-stm32mp1/export-ta_arm32/lib/libutils.a(mempool.o)
                0x0000000000010d88                mempool_alloc_pool
                0x0000000000010df0                mempool_alloc
                0x0000000000010e50                mempool_calloc
                0x0000000000010eb4                mempool_free
 .text          0x0000000000010edc       0x32 out/arm-plat-stm32mp1/ta/trusted_keys/user_ta_header.o
                0x0000000000010edc                __ta_entry_c
                0x0000000000010efe                tahead_get_trace_level
 .text          0x0000000000010f0e       0xce out/arm-plat-stm32mp1/export-ta_arm32/lib/libutils.a(memcpy.o)
                0x0000000000010f0e                memcpy
 .text          0x0000000000010fdc       0xf4 out/arm-plat-stm32mp1/export-ta_arm32/lib/libutils.a(memset.o)
                0x0000000000010fdc                memset
 .text          0x00000000000110d0       0xea out/arm-plat-stm32mp1/export-ta_arm32/lib/libutils.a(memchr.o)
                0x00000000000110d0                memchr
 .text          0x00000000000111ba       0x78 out/arm-plat-stm32mp1/export-ta_arm32/lib/libutils.a(strlen.o)
                0x00000000000111ba                strlen
 .text          0x0000000000011232      0x288 out/arm-plat-stm32mp1/export-ta_arm32/lib/libutils.a(arm32_aeabi_ldivmod.o)
                0x0000000000011398                __ul_divmod
                0x00000000000113f6                __l_divmod
 .text          0x00000000000114ba      0xe76 out/arm-plat-stm32mp1/export-ta_arm32/lib/libutee.a(tee_api_objects.o)
                0x00000000000114ba                __utee_from_attr
                0x00000000000115b4                TEE_GetObjectInfo
                0x0000000000011610                TEE_GetObjectInfo1
                0x0000000000011654                TEE_RestrictObjectUsage
                0x000000000001169a                TEE_RestrictObjectUsage1
                0x00000000000116de                TEE_GetObjectBufferAttribute
                0x000000000001178e                TEE_GetObjectValueAttribute
                0x000000000001186e                TEE_CloseObject
                0x000000000001189c                TEE_AllocateTransientObject
                0x00000000000118fc                TEE_FreeTransientObject
                0x0000000000011956                TEE_ResetTransientObject
                0x00000000000119b0                TEE_PopulateTransientObject
                0x0000000000011aca                TEE_InitRefAttribute
                0x0000000000011b0a                TEE_InitValueAttribute
                0x0000000000011b4a                TEE_CopyObjectAttributes
                0x0000000000011b90                TEE_CopyObjectAttributes1
                0x0000000000011c3a                TEE_GenerateKey
                0x0000000000011d1a                TEE_OpenPersistentObject
                0x0000000000011dc4                TEE_CreatePersistentObject
                0x0000000000011e88                TEE_CloseAndDeletePersistentObject
                0x0000000000011eb4                TEE_CloseAndDeletePersistentObject1
                0x0000000000011ef2                TEE_RenamePersistentObject
                0x0000000000011f56                TEE_AllocatePersistentObjectEnumerator
                0x0000000000011fa6                TEE_FreePersistentObjectEnumerator
                0x0000000000011fd4                TEE_ResetPersistentObjectEnumerator
                0x0000000000012002                TEE_StartPersistentObjectEnumerator
                0x0000000000012052                TEE_GetNextPersistentObject
                0x00000000000120f8                TEE_ReadObjectData
                0x0000000000012172                TEE_WriteObjectData
                0x00000000000121e6                TEE_TruncateObjectData
                0x0000000000012248                TEE_SeekObjectData
 .text          0x0000000000012330       0x5c out/arm-plat-stm32mp1/export-ta_arm32/lib/libutils.a(snprintf.o)
                0x0000000000012330                snprintf
                0x0000000000012364                vsnprintf
 .text          0x000000000001238c      0x114 out/arm-plat-stm32mp1/export-ta_arm32/lib/libutils.a(memmove.o)
                0x000000000001238c                memmove
 .text          0x00000000000124a0       0x98 out/arm-plat-stm32mp1/export-ta_arm32/lib/libutils.a(strcmp.o)
                0x00000000000124a0                strcmp
 .text          0x0000000000012538       0x62 out/arm-plat-stm32mp1/export-ta_arm32/lib/libutils.a(strlcpy.o)
                0x0000000000012538                strlcpy
 .text          0x000000000001259a       0x8e out/arm-plat-stm32mp1/export-ta_arm32/lib/libutils.a(consttime_memcmp.o)
                0x000000000001259a                consttime_memcmp
 .text          0x0000000000012628        0x0 out/arm-plat-stm32mp1/ta/trusted_keys/ta_entry_a32.o
 .text          0x0000000000012628        0x0 out/arm-plat-stm32mp1/export-ta_arm32/lib/libutils.a(arm32_aeabi_ldivmod_a32.o)
 *(SORT_BY_ALIGNMENT(.stub))
 *(SORT_BY_ALIGNMENT(.glue_7))
 .glue_7        0x0000000000012628        0x0 linker stubs
 *(SORT_BY_ALIGNMENT(.glue_7t))
 .glue_7t       0x0000000000012628        0x0 linker stubs
 *(SORT_BY_ALIGNMENT(.gnu.linkonce.t.*))
 *(SORT_BY_ALIGNMENT(.vfp11_veneer))
 .vfp11_veneer  0x0000000000012628        0x0 linker stubs
                0x0000000000012628                __text_end = .

.v4_bx          0x0000000000012628        0x0
 .v4_bx         0x0000000000012628        0x0 linker stubs

.iplt           0x0000000000012628        0x0
 .iplt          0x0000000000012628        0x0 out/arm-plat-stm32mp1/ta/trusted_keys/entry.o

.note.gnu.property
 *(SORT_BY_ALIGNMENT(.note.gnu.property))

.plt            0x0000000000012628        0x0
 *(SORT_BY_ALIGNMENT(.plt))
 .plt           0x0000000000012628        0x0 out/arm-plat-stm32mp1/ta/trusted_keys/entry.o

.eh_frame_hdr
 *(SORT_BY_ALIGNMENT(.eh_frame_hdr))
 *(SORT_BY_ALIGNMENT(.eh_frame_entry) SORT_BY_ALIGNMENT(.eh_frame_entry.*))

.eh_frame
 *(SORT_BY_ALIGNMENT(.eh_frame))
 *(SORT_BY_ALIGNMENT(.eh_frame.*))

.gcc_except_table
 *(SORT_BY_ALIGNMENT(.gcc_except_table) SORT_BY_ALIGNMENT(.gcc_except_table.*))

.rodata         0x0000000000012628     0x138e
 *(SORT_BY_ALIGNMENT(.gnu.linkonce.r.*))
 *(SORT_BY_ALIGNMENT(.rodata) SORT_BY_ALIGNMENT(.rodata.*))
 .rodata.ta/trusted_keys/entry.c
                0x0000000000012628      0x167 out/arm-plat-stm32mp1/ta/trusted_keys/entry.o
 *fill*         0x000000000001278f        0x1 
 .rodata.out/arm-plat-stm32mp1/export-ta_arm32/src/user_ta_header.c
                0x0000000000012790       0xd4 out/arm-plat-stm32mp1/ta/trusted_keys/user_ta_header.o
                0x0000000000012790                trace_ext_prefix
                0x0000000000012794                ta_heap_size
                0x0000000000012860                ta_num_props
 .rodata.lib/libutils/ext/trace.c
                0x0000000000012864       0x29 out/arm-plat-stm32mp1/export-ta_arm32/lib/libutils.a(trace.o)
 *fill*         0x000000000001288d        0x3 
 .rodata.lib/libutils/ext/snprintk.c
                0x0000000000012890       0x7d out/arm-plat-stm32mp1/export-ta_arm32/lib/libutils.a(snprintk.o)
 *fill*         0x000000000001290d        0x3 
 .rodata.lib/libutee/assert.c
                0x0000000000012910       0x27 out/arm-plat-stm32mp1/export-ta_arm32/lib/libutee.a(assert.o)
 *fill*         0x0000000000012937        0x1 
 .rodata.lib/libutee/trace_ext.c
                0x0000000000012938        0x2 out/arm-plat-stm32mp1/export-ta_arm32/lib/libutee.a(trace_ext.o)
 *fill*         0x000000000001293a        0x2 
 .rodata.lib/libutee/tee_api.c
                0x000000000001293c       0x1f out/arm-plat-stm32mp1/export-ta_arm32/lib/libutee.a(tee_api.o)
 *fill*         0x000000000001295b        0x1 
 .rodata.lib/libutee/tee_api_panic.c
                0x000000000001295c       0x68 out/arm-plat-stm32mp1/export-ta_arm32/lib/libutee.a(tee_api_panic.o)
 .rodata.lib/libutee/tee_api_property.c
                0x00000000000129c4       0xb8 out/arm-plat-stm32mp1/export-ta_arm32/lib/libutee.a(tee_api_property.o)
 .rodata.lib/libutee/tee_system_pta.c
                0x0000000000012a7c       0x8b out/arm-plat-stm32mp1/export-ta_arm32/lib/libutee.a(tee_system_pta.o)
 *fill*         0x0000000000012b07        0x1 
 .rodata.lib/libutee/arch/arm/user_ta_entry.c
                0x0000000000012b08       0x32 out/arm-plat-stm32mp1/export-ta_arm32/lib/libutee.a(user_ta_entry.o)
 *fill*         0x0000000000012b3a        0x2 
 .rodata.lib/libutee/abort.c
                0x0000000000012b3c        0x7 out/arm-plat-stm32mp1/export-ta_arm32/lib/libutee.a(abort.o)
 *fill*         0x0000000000012b43        0x1 
 .rodata.lib/libutee/base64.c
                0x0000000000012b44       0x41 out/arm-plat-stm32mp1/export-ta_arm32/lib/libutee.a(base64.o)
 *fill*         0x0000000000012b85        0x3 
 .rodata.lib/libutee/tee_api_arith_mpi.c
                0x0000000000012b88      0x221 out/arm-plat-stm32mp1/export-ta_arm32/lib/libutee.a(tee_api_arith_mpi.o)
 *fill*         0x0000000000012da9        0x3 
 .rodata.lib/libutee/arch/arm/tcb.c
                0x0000000000012dac       0xbc out/arm-plat-stm32mp1/export-ta_arm32/lib/libutee.a(tcb.o)
 .rodata.lib/libmbedtls/mbedtls/library/bignum.c
                0x0000000000012e68      0x742 out/arm-plat-stm32mp1/export-ta_arm32/lib/libmbedtls.a(bignum.o)
 *fill*         0x00000000000135aa        0x2 
 .rodata.lib/libutils/isoc/bget_malloc.c
                0x00000000000135ac      0x350 out/arm-plat-stm32mp1/export-ta_arm32/lib/libutils.a(bget_malloc.o)
 .rodata.lib/libutils/ext/mempool.c
                0x00000000000138fc       0xba out/arm-plat-stm32mp1/export-ta_arm32/lib/libutils.a(mempool.o)

.gnu.version_d  0x00000000000139b8        0x0
 .gnu.version_d
                0x00000000000139b8        0x0 out/arm-plat-stm32mp1/ta/trusted_keys/entry.o

.gnu.version    0x00000000000139b6        0x0
 .gnu.version   0x00000000000139b6        0x0 out/arm-plat-stm32mp1/ta/trusted_keys/entry.o

.gnu.version_r  0x00000000000139b8        0x0
 .gnu.version_r
                0x00000000000139b8        0x0 out/arm-plat-stm32mp1/ta/trusted_keys/entry.o

.gnu.hash       0x00000000000139b8       0x2c
 .gnu.hash      0x00000000000139b8       0x2c out/arm-plat-stm32mp1/ta/trusted_keys/entry.o

.ARM.extab
 *(SORT_BY_ALIGNMENT(.ARM.extab*) SORT_BY_ALIGNMENT(.gnu.linkonce.armextab.*))
                [!provide]                        PROVIDE (__exidx_start = .)

.ARM.exidx
 *(SORT_BY_ALIGNMENT(.ARM.exidx*) SORT_BY_ALIGNMENT(.gnu.linkonce.armexidx.*))
                [!provide]                        PROVIDE (__exidx_end = .)

.ctors
 *(SORT_BY_ALIGNMENT(.ctors))

.dtors
 *(SORT_BY_ALIGNMENT(.dtors))

.dynsym         0x00000000000139e4       0x60
 *(SORT_BY_ALIGNMENT(.dynsym))
 .dynsym        0x00000000000139e4       0x60 out/arm-plat-stm32mp1/ta/trusted_keys/entry.o

.dynstr         0x0000000000013a44       0x2e
 *(SORT_BY_ALIGNMENT(.dynstr))
 .dynstr        0x0000000000013a44       0x2e out/arm-plat-stm32mp1/ta/trusted_keys/entry.o

.hash           0x0000000000013a74       0x2c
 *(SORT_BY_ALIGNMENT(.hash))
 .hash          0x0000000000013a74       0x2c out/arm-plat-stm32mp1/ta/trusted_keys/entry.o
                0x0000000000014000                . = ALIGN (0x1000)

.dynamic        0x0000000000014000       0x88
 *(SORT_BY_ALIGNMENT(.dynamic))
 .dynamic       0x0000000000014000       0x88 out/arm-plat-stm32mp1/ta/trusted_keys/entry.o
                0x0000000000014000                _DYNAMIC

.tdata
 *(SORT_BY_ALIGNMENT(.tdata) SORT_BY_ALIGNMENT(.tdata.*) SORT_BY_ALIGNMENT(.gnu.linkonce.td.*))

.tbss
 *(SORT_BY_ALIGNMENT(.tbss) SORT_BY_ALIGNMENT(.tbss.*) SORT_BY_ALIGNMENT(.gnu.linkonce.tb.*))
 *(SORT_BY_ALIGNMENT(.tcommon))

.got            0x0000000000014088       0x54
 *(SORT_BY_ALIGNMENT(.got.plt))
 .got.plt       0x0000000000014088        0xc out/arm-plat-stm32mp1/ta/trusted_keys/entry.o
                0x0000000000014088                _GLOBAL_OFFSET_TABLE_
 *(SORT_BY_ALIGNMENT(.got))
 .got           0x0000000000014094       0x48 out/arm-plat-stm32mp1/ta/trusted_keys/entry.o

.rel.text
 *(SORT_BY_ALIGNMENT(.rel.text))
 *(SORT_BY_ALIGNMENT(.rel.gnu.linkonce.t*))

.rela.text
 *(SORT_BY_ALIGNMENT(.rela.text))
 *(SORT_BY_ALIGNMENT(.rela.gnu.linkonce.t*))

.rel.data
 *(SORT_BY_ALIGNMENT(.rel.data))
 *(SORT_BY_ALIGNMENT(.rel.gnu.linkonce.d*))

.rela.data
 *(SORT_BY_ALIGNMENT(.rela.data))
 *(SORT_BY_ALIGNMENT(.rela.gnu.linkonce.d*))

.rel.tdata
 *(SORT_BY_ALIGNMENT(.rel.tdata) SORT_BY_ALIGNMENT(.rel.tdata.*) SORT_BY_ALIGNMENT(.rel.gnu.linkonce.td.*))

.rela.tdata
 *(SORT_BY_ALIGNMENT(.rela.tdata) SORT_BY_ALIGNMENT(.rela.tdata.*) SORT_BY_ALIGNMENT(.rela.gnu.linkonce.td.*))

.rel.tbss
 *(SORT_BY_ALIGNMENT(.rel.tbss) SORT_BY_ALIGNMENT(.rel.tbss.*) SORT_BY_ALIGNMENT(.rel.gnu.linkonce.tb.*))

.rela.tbss
 *(SORT_BY_ALIGNMENT(.rela.tbss) SORT_BY_ALIGNMENT(.rela.tbss.*) SORT_BY_ALIGNMENT(.rela.gnu.linkonce.tb.*))

.rel.rodata
 *(SORT_BY_ALIGNMENT(.rel.rodata))
 *(SORT_BY_ALIGNMENT(.rel.gnu.linkonce.r*))

.rela.rodata
 *(SORT_BY_ALIGNMENT(.rela.rodata))
 *(SORT_BY_ALIGNMENT(.rela.gnu.linkonce.r*))

.rel.dyn        0x00000000000140dc       0xf0
 *(SORT_BY_ALIGNMENT(.rel.dyn))
 .rel.data.rel.ro
                0x00000000000140dc        0x0 out/arm-plat-stm32mp1/ta/trusted_keys/entry.o
 .rel.iplt      0x00000000000140dc        0x0 out/arm-plat-stm32mp1/ta/trusted_keys/entry.o
 .rel.data.rel.ro.local
                0x00000000000140dc       0xc0 out/arm-plat-stm32mp1/ta/trusted_keys/entry.o
 .rel.data.rel  0x000000000001419c       0x10 out/arm-plat-stm32mp1/ta/trusted_keys/entry.o
 .rel.data.rel.local
                0x00000000000141ac       0x20 out/arm-plat-stm32mp1/ta/trusted_keys/entry.o

.rel.got        0x00000000000141cc       0x90
 *(SORT_BY_ALIGNMENT(.rel.got))
 .rel.got       0x00000000000141cc       0x90 out/arm-plat-stm32mp1/ta/trusted_keys/entry.o

.rela.got
 *(SORT_BY_ALIGNMENT(.rela.got))

.rel.ctors
 *(SORT_BY_ALIGNMENT(.rel.ctors))

.rela.ctors
 *(SORT_BY_ALIGNMENT(.rela.ctors))

.rel.dtors
 *(SORT_BY_ALIGNMENT(.rel.dtors))

.rela.dtors
 *(SORT_BY_ALIGNMENT(.rela.dtors))

.rel.init
 *(SORT_BY_ALIGNMENT(.rel.init))

.rela.init
 *(SORT_BY_ALIGNMENT(.rela.init))

.rel.fini
 *(SORT_BY_ALIGNMENT(.rel.fini))

.rela.fini
 *(SORT_BY_ALIGNMENT(.rela.fini))

.rel.bss        0x000000000001425c        0x0
 *(SORT_BY_ALIGNMENT(.rel.bss))
 .rel.bss       0x000000000001425c        0x0 out/arm-plat-stm32mp1/ta/trusted_keys/entry.o

.rela.bss
 *(SORT_BY_ALIGNMENT(.rela.bss))

.rel.plt        0x000000000001425c        0x0
 *(SORT_BY_ALIGNMENT(.rel.plt))
 .rel.plt       0x000000000001425c        0x0 out/arm-plat-stm32mp1/ta/trusted_keys/entry.o

.rela.plt
 *(SORT_BY_ALIGNMENT(.rela.plt))

.data           0x000000000001425c      0x108
 *(SORT_BY_ALIGNMENT(.data) SORT_BY_ALIGNMENT(.data.*) SORT_BY_ALIGNMENT(.gnu.linkonce.d.*))
 .data          0x000000000001425c        0x4 out/arm-plat-stm32mp1/ta/trusted_keys/user_ta_header.o
                0x000000000001425c                trace_level
 .data.rel.ro.local
                0x0000000000014260       0x54 out/arm-plat-stm32mp1/ta/trusted_keys/user_ta_header.o
                0x0000000000014260                ta_props
 .data.rel      0x00000000000142b4        0x4 out/arm-plat-stm32mp1/export-ta_arm32/lib/libutils.a(memzero_explicit.o)
 .data.rel.ro.local
                0x00000000000142b8       0x3c out/arm-plat-stm32mp1/export-ta_arm32/lib/libutee.a(tee_api_property.o)
                0x00000000000142b8                tee_props
 .data.rel.local
                0x00000000000142f4       0x10 out/arm-plat-stm32mp1/export-ta_arm32/lib/libutee.a(user_ta_entry.o)
 .data.rel      0x0000000000014304        0x4 out/arm-plat-stm32mp1/export-ta_arm32/lib/libmbedtls.a(platform_util.o)
 .data.rel.local
                0x0000000000014308       0x5c out/arm-plat-stm32mp1/export-ta_arm32/lib/libutils.a(bget_malloc.o)
 .data          0x0000000000014364        0x0 out/arm-plat-stm32mp1/ta/trusted_keys/entry.o
 .data.rel.ro   0x0000000000014364        0x0 out/arm-plat-stm32mp1/ta/trusted_keys/entry.o
 .data          0x0000000000014364        0x0 out/arm-plat-stm32mp1/ta/trusted_keys/ta_entry_a32.o
 .data          0x0000000000014364        0x0 out/arm-plat-stm32mp1/export-ta_arm32/lib/libutils.a(memcpy.o)
 .data          0x0000000000014364        0x0 out/arm-plat-stm32mp1/export-ta_arm32/lib/libutils.a(trace.o)
 .data          0x0000000000014364        0x0 out/arm-plat-stm32mp1/export-ta_arm32/lib/libutils.a(memzero_explicit.o)
 .data          0x0000000000014364        0x0 out/arm-plat-stm32mp1/export-ta_arm32/lib/libutils.a(memset.o)
 .data          0x0000000000014364        0x0 out/arm-plat-stm32mp1/export-ta_arm32/lib/libutils.a(snprintk.o)
 .data          0x0000000000014364        0x0 out/arm-plat-stm32mp1/export-ta_arm32/lib/libutils.a(memchr.o)
 .data          0x0000000000014364        0x0 out/arm-plat-stm32mp1/export-ta_arm32/lib/libutils.a(strlen.o)
 .data          0x0000000000014364        0x0 out/arm-plat-stm32mp1/export-ta_arm32/lib/libutils.a(arm32_aeabi_ldivmod_a32.o)
 .data          0x0000000000014364        0x0 out/arm-plat-stm32mp1/export-ta_arm32/lib/libutils.a(arm32_aeabi_ldivmod.o)
 .data          0x0000000000014364        0x0 out/arm-plat-stm32mp1/export-ta_arm32/lib/libutee.a(assert.o)
 .data          0x0000000000014364        0x0 out/arm-plat-stm32mp1/export-ta_arm32/lib/libutee.a(trace_ext.o)
 .data          0x0000000000014364        0x0 out/arm-plat-stm32mp1/export-ta_arm32/lib/libutee.a(tee_api.o)
 .data          0x0000000000014364        0x0 out/arm-plat-stm32mp1/export-ta_arm32/lib/libutee.a(tee_api_objects.o)
 .data          0x0000000000014364        0x0 out/arm-plat-stm32mp1/export-ta_arm32/lib/libutee.a(tee_api_operations.o)
 .data          0x0000000000014364        0x0 out/arm-plat-stm32mp1/export-ta_arm32/lib/libutee.a(tee_api_panic.o)
 .data          0x0000000000014364        0x0 out/arm-plat-stm32mp1/export-ta_arm32/lib/libutee.a(tee_api_property.o)
 .data          0x0000000000014364        0x0 out/arm-plat-stm32mp1/export-ta_arm32/lib/libutee.a(tee_system_pta.o)
 .data          0x0000000000014364        0x0 out/arm-plat-stm32mp1/export-ta_arm32/lib/libutee.a(utee_syscalls_a32.o)
 .data          0x0000000000014364        0x0 out/arm-plat-stm32mp1/export-ta_arm32/lib/libutee.a(user_ta_entry.o)
 .data          0x0000000000014364        0x0 out/arm-plat-stm32mp1/export-ta_arm32/lib/libutee.a(abort.o)
 .data          0x0000000000014364        0x0 out/arm-plat-stm32mp1/export-ta_arm32/lib/libutee.a(base64.o)
 .data          0x0000000000014364        0x0 out/arm-plat-stm32mp1/export-ta_arm32/lib/libutee.a(tee_api_arith_mpi.o)
 .data          0x0000000000014364        0x0 out/arm-plat-stm32mp1/export-ta_arm32/lib/libutee.a(tcb.o)
 .data          0x0000000000014364        0x0 out/arm-plat-stm32mp1/export-ta_arm32/lib/libmbedtls.a(bignum.o)
 .data          0x0000000000014364        0x0 out/arm-plat-stm32mp1/export-ta_arm32/lib/libmbedtls.a(platform_util.o)
 .data          0x0000000000014364        0x0 out/arm-plat-stm32mp1/export-ta_arm32/lib/libutils.a(bget_malloc.o)
 .data          0x0000000000014364        0x0 out/arm-plat-stm32mp1/export-ta_arm32/lib/libutils.a(snprintf.o)
 .data          0x0000000000014364        0x0 out/arm-plat-stm32mp1/export-ta_arm32/lib/libutils.a(memmove.o)
 .data          0x0000000000014364        0x0 out/arm-plat-stm32mp1/export-ta_arm32/lib/libutils.a(strcmp.o)
 .data          0x0000000000014364        0x0 out/arm-plat-stm32mp1/export-ta_arm32/lib/libutils.a(strlcpy.o)
 .data          0x0000000000014364        0x0 out/arm-plat-stm32mp1/export-ta_arm32/lib/libutils.a(mempool.o)
 .data          0x0000000000014364        0x0 out/arm-plat-stm32mp1/export-ta_arm32/lib/libutils.a(consttime_memcmp.o)

.igot.plt       0x0000000000014364        0x0
 .igot.plt      0x0000000000014364        0x0 out/arm-plat-stm32mp1/ta/trusted_keys/entry.o

.bss            0x0000000000014364     0x704c
 *(SORT_BY_ALIGNMENT(.bss) SORT_BY_ALIGNMENT(.bss.*) SORT_BY_ALIGNMENT(.gnu.linkonce.b.*) SORT_BY_ALIGNMENT(COMMON))
 .bss           0x0000000000014364     0x4000 out/arm-plat-stm32mp1/ta/trusted_keys/user_ta_header.o
                0x0000000000014364                ta_heap
 .bss           0x0000000000018364        0x4 out/arm-plat-stm32mp1/export-ta_arm32/lib/libutee.a(tee_api.o)
 .bss           0x0000000000018368        0x4 out/arm-plat-stm32mp1/export-ta_arm32/lib/libutee.a(tee_system_pta.o)
 .bss           0x000000000001836c       0x38 out/arm-plat-stm32mp1/export-ta_arm32/lib/libutee.a(user_ta_entry.o)
                0x000000000001836c                ta_param_types
                0x0000000000018370                ta_params
                0x0000000000018390                __elf_phdr_info
 .bss           0x00000000000183a4     0x3000 out/arm-plat-stm32mp1/export-ta_arm32/lib/libutee.a(tee_api_arith_mpi.o)
 .bss           0x000000000001b3a4        0x8 out/arm-plat-stm32mp1/export-ta_arm32/lib/libutee.a(tcb.o)
 .bss           0x000000000001b3ac        0x4 out/arm-plat-stm32mp1/export-ta_arm32/lib/libmbedtls.a(bignum.o)
                0x000000000001b3ac                mbedtls_mpi_mempool
 .bss           0x000000000001b3b0        0x0 out/arm-plat-stm32mp1/ta/trusted_keys/entry.o
 .bss           0x000000000001b3b0        0x0 out/arm-plat-stm32mp1/ta/trusted_keys/ta_entry_a32.o
 .bss           0x000000000001b3b0        0x0 out/arm-plat-stm32mp1/export-ta_arm32/lib/libutils.a(memcpy.o)
 .bss           0x000000000001b3b0        0x0 out/arm-plat-stm32mp1/export-ta_arm32/lib/libutils.a(trace.o)
 .bss           0x000000000001b3b0        0x0 out/arm-plat-stm32mp1/export-ta_arm32/lib/libutils.a(memzero_explicit.o)
 .bss           0x000000000001b3b0        0x0 out/arm-plat-stm32mp1/export-ta_arm32/lib/libutils.a(memset.o)
 .bss           0x000000000001b3b0        0x0 out/arm-plat-stm32mp1/export-ta_arm32/lib/libutils.a(snprintk.o)
 .bss           0x000000000001b3b0        0x0 out/arm-plat-stm32mp1/export-ta_arm32/lib/libutils.a(memchr.o)
 .bss           0x000000000001b3b0        0x0 out/arm-plat-stm32mp1/export-ta_arm32/lib/libutils.a(strlen.o)
 .bss           0x000000000001b3b0        0x0 out/arm-plat-stm32mp1/export-ta_arm32/lib/libutils.a(arm32_aeabi_ldivmod_a32.o)
 .bss           0x000000000001b3b0        0x0 out/arm-plat-stm32mp1/export-ta_arm32/lib/libutils.a(arm32_aeabi_ldivmod.o)
 .bss           0x000000000001b3b0        0x0 out/arm-plat-stm32mp1/export-ta_arm32/lib/libutee.a(assert.o)
 .bss           0x000000000001b3b0        0x0 out/arm-plat-stm32mp1/export-ta_arm32/lib/libutee.a(trace_ext.o)
 .bss           0x000000000001b3b0        0x0 out/arm-plat-stm32mp1/export-ta_arm32/lib/libutee.a(tee_api_objects.o)
 .bss           0x000000000001b3b0        0x0 out/arm-plat-stm32mp1/export-ta_arm32/lib/libutee.a(tee_api_operations.o)
 .bss           0x000000000001b3b0        0x0 out/arm-plat-stm32mp1/export-ta_arm32/lib/libutee.a(tee_api_panic.o)
 .bss           0x000000000001b3b0        0x0 out/arm-plat-stm32mp1/export-ta_arm32/lib/libutee.a(tee_api_property.o)
 .bss           0x000000000001b3b0        0x0 out/arm-plat-stm32mp1/export-ta_arm32/lib/libutee.a(utee_syscalls_a32.o)
 .bss           0x000000000001b3b0        0x0 out/arm-plat-stm32mp1/export-ta_arm32/lib/libutee.a(abort.o)
 .bss           0x000000000001b3b0        0x0 out/arm-plat-stm32mp1/export-ta_arm32/lib/libutee.a(base64.o)
 .bss           0x000000000001b3b0        0x0 out/arm-plat-stm32mp1/export-ta_arm32/lib/libmbedtls.a(platform_util.o)
 .bss           0x000000000001b3b0        0x0 out/arm-plat-stm32mp1/export-ta_arm32/lib/libutils.a(bget_malloc.o)
 .bss           0x000000000001b3b0        0x0 out/arm-plat-stm32mp1/export-ta_arm32/lib/libutils.a(snprintf.o)
 .bss           0x000000000001b3b0        0x0 out/arm-plat-stm32mp1/export-ta_arm32/lib/libutils.a(memmove.o)
 .bss           0x000000000001b3b0        0x0 out/arm-plat-stm32mp1/export-ta_arm32/lib/libutils.a(strcmp.o)
 .bss           0x000000000001b3b0        0x0 out/arm-plat-stm32mp1/export-ta_arm32/lib/libutils.a(strlcpy.o)
 .bss           0x000000000001b3b0        0x0 out/arm-plat-stm32mp1/export-ta_arm32/lib/libutils.a(mempool.o)
 .bss           0x000000000001b3b0        0x0 out/arm-plat-stm32mp1/export-ta_arm32/lib/libutils.a(consttime_memcmp.o)
                0x000000000001b3b0                . = ALIGN (0x8)
                0x000000000001b3b0                __ftrace_buf_start = .
                0x000000000001b3b0                . = (. + DEFINED (__gnu_mcount_nc)?0x800:0x0)
                0x000000000001b3b0                __ftrace_buf_end = .

.dynbss         0x000000000001b3b0        0x0
 .dynbss        0x000000000001b3b0        0x0 out/arm-plat-stm32mp1/ta/trusted_keys/entry.o

/DISCARD/
 *(SORT_BY_ALIGNMENT(.interp))
LOAD out/arm-plat-stm32mp1/ta/trusted_keys/entry.o
LOAD out/arm-plat-stm32mp1/ta/trusted_keys/user_ta_header.o
LOAD out/arm-plat-stm32mp1/ta/trusted_keys/ta_entry_a32.o
START GROUP
LOAD out/arm-plat-stm32mp1/export-ta_arm32/lib/libutils.a
LOAD out/arm-plat-stm32mp1/export-ta_arm32/lib/libutee.a
LOAD out/arm-plat-stm32mp1/export-ta_arm32/lib/libmbedtls.a
END GROUP
LOAD /opt/embedded/crosstools/arm-gnu-toolchain-11.3.rel1-x86_64-arm-none-linux-gnueabihf/bin/../lib/gcc/arm-none-linux-gnueabihf/11.3.1/libgcc.a
OUTPUT(out/arm-plat-stm32mp1/ta/trusted_keys/f04a0fe7-1f5d-4b9b-abf7-619b85b4ce8c.elf elf32-littlearm)
LOAD linker stubs

.debug_info     0x0000000000000000     0xec30
 .debug_info    0x0000000000000000      0xc5a out/arm-plat-stm32mp1/ta/trusted_keys/entry.o
 .debug_info    0x0000000000000c5a      0x3c9 out/arm-plat-stm32mp1/ta/trusted_keys/user_ta_header.o
 .debug_info    0x0000000000001023       0x24 out/arm-plat-stm32mp1/ta/trusted_keys/ta_entry_a32.o
 .debug_info    0x0000000000001047       0xf0 out/arm-plat-stm32mp1/export-ta_arm32/lib/libutils.a(memcpy.o)
 .debug_info    0x0000000000001137      0x3ec out/arm-plat-stm32mp1/export-ta_arm32/lib/libutils.a(trace.o)
 .debug_info    0x0000000000001523       0xcc out/arm-plat-stm32mp1/export-ta_arm32/lib/libutils.a(memzero_explicit.o)
 .debug_info    0x00000000000015ef       0xd8 out/arm-plat-stm32mp1/export-ta_arm32/lib/libutils.a(memset.o)
 .debug_info    0x00000000000016c7      0x584 out/arm-plat-stm32mp1/export-ta_arm32/lib/libutils.a(snprintk.o)
 .debug_info    0x0000000000001c4b       0xee out/arm-plat-stm32mp1/export-ta_arm32/lib/libutils.a(memchr.o)
 .debug_info    0x0000000000001d39       0xa8 out/arm-plat-stm32mp1/export-ta_arm32/lib/libutils.a(strlen.o)
 .debug_info    0x0000000000001de1       0x23 out/arm-plat-stm32mp1/export-ta_arm32/lib/libutils.a(arm32_aeabi_ldivmod_a32.o)
 .debug_info    0x0000000000001e04      0x1f4 out/arm-plat-stm32mp1/export-ta_arm32/lib/libutils.a(arm32_aeabi_ldivmod.o)
 .debug_info    0x0000000000001ff8      0x123 out/arm-plat-stm32mp1/export-ta_arm32/lib/libutee.a(assert.o)
 .debug_info    0x000000000000211b      0x232 out/arm-plat-stm32mp1/export-ta_arm32/lib/libutee.a(trace_ext.o)
 .debug_info    0x000000000000234d      0xdd6 out/arm-plat-stm32mp1/export-ta_arm32/lib/libutee.a(tee_api.o)
 .debug_info    0x0000000000003123     0x10ed out/arm-plat-stm32mp1/export-ta_arm32/lib/libutee.a(tee_api_objects.o)
 .debug_info    0x0000000000004210     0x1bc5 out/arm-plat-stm32mp1/export-ta_arm32/lib/libutee.a(tee_api_operations.o)
 .debug_info    0x0000000000005dd5      0x34e out/arm-plat-stm32mp1/export-ta_arm32/lib/libutee.a(tee_api_panic.o)
 .debug_info    0x0000000000006123      0xb90 out/arm-plat-stm32mp1/export-ta_arm32/lib/libutee.a(tee_api_property.o)
 .debug_info    0x0000000000006cb3      0x510 out/arm-plat-stm32mp1/export-ta_arm32/lib/libutee.a(tee_system_pta.o)
 .debug_info    0x00000000000071c3       0x23 out/arm-plat-stm32mp1/export-ta_arm32/lib/libutee.a(utee_syscalls_a32.o)
 .debug_info    0x00000000000071e6      0xdef out/arm-plat-stm32mp1/export-ta_arm32/lib/libutee.a(user_ta_entry.o)
 .debug_info    0x0000000000007fd5       0xa3 out/arm-plat-stm32mp1/export-ta_arm32/lib/libutee.a(abort.o)
 .debug_info    0x0000000000008078      0x295 out/arm-plat-stm32mp1/export-ta_arm32/lib/libutee.a(base64.o)
 .debug_info    0x000000000000830d     0x1f7d out/arm-plat-stm32mp1/export-ta_arm32/lib/libutee.a(tee_api_arith_mpi.o)
 .debug_info    0x000000000000a28a      0x55b out/arm-plat-stm32mp1/export-ta_arm32/lib/libutee.a(tcb.o)
 .debug_info    0x000000000000a7e5     0x2524 out/arm-plat-stm32mp1/export-ta_arm32/lib/libmbedtls.a(bignum.o)
 .debug_info    0x000000000000cd09      0x110 out/arm-plat-stm32mp1/export-ta_arm32/lib/libmbedtls.a(platform_util.o)
 .debug_info    0x000000000000ce19     0x1520 out/arm-plat-stm32mp1/export-ta_arm32/lib/libutils.a(bget_malloc.o)
 .debug_info    0x000000000000e339      0x16c out/arm-plat-stm32mp1/export-ta_arm32/lib/libutils.a(snprintf.o)
 .debug_info    0x000000000000e4a5       0xf0 out/arm-plat-stm32mp1/export-ta_arm32/lib/libutils.a(memmove.o)
 .debug_info    0x000000000000e595       0xa1 out/arm-plat-stm32mp1/export-ta_arm32/lib/libutils.a(strcmp.o)
 .debug_info    0x000000000000e636       0xf6 out/arm-plat-stm32mp1/export-ta_arm32/lib/libutils.a(strlcpy.o)
 .debug_info    0x000000000000e72c      0x41e out/arm-plat-stm32mp1/export-ta_arm32/lib/libutils.a(mempool.o)
 .debug_info    0x000000000000eb4a       0xe6 out/arm-plat-stm32mp1/export-ta_arm32/lib/libutils.a(consttime_memcmp.o)

.debug_abbrev   0x0000000000000000     0x3415
 .debug_abbrev  0x0000000000000000      0x2ef out/arm-plat-stm32mp1/ta/trusted_keys/entry.o
 .debug_abbrev  0x00000000000002ef      0x1ab out/arm-plat-stm32mp1/ta/trusted_keys/user_ta_header.o
 .debug_abbrev  0x000000000000049a       0x14 out/arm-plat-stm32mp1/ta/trusted_keys/ta_entry_a32.o
 .debug_abbrev  0x00000000000004ae       0xae out/arm-plat-stm32mp1/export-ta_arm32/lib/libutils.a(memcpy.o)
 .debug_abbrev  0x000000000000055c      0x1ff out/arm-plat-stm32mp1/export-ta_arm32/lib/libutils.a(trace.o)
 .debug_abbrev  0x000000000000075b       0xc6 out/arm-plat-stm32mp1/export-ta_arm32/lib/libutils.a(memzero_explicit.o)
 .debug_abbrev  0x0000000000000821       0xa2 out/arm-plat-stm32mp1/export-ta_arm32/lib/libutils.a(memset.o)
 .debug_abbrev  0x00000000000008c3      0x1e3 out/arm-plat-stm32mp1/export-ta_arm32/lib/libutils.a(snprintk.o)
 .debug_abbrev  0x0000000000000aa6       0xbd out/arm-plat-stm32mp1/export-ta_arm32/lib/libutils.a(memchr.o)
 .debug_abbrev  0x0000000000000b63       0x8c out/arm-plat-stm32mp1/export-ta_arm32/lib/libutils.a(strlen.o)
 .debug_abbrev  0x0000000000000bef       0x12 out/arm-plat-stm32mp1/export-ta_arm32/lib/libutils.a(arm32_aeabi_ldivmod_a32.o)
 .debug_abbrev  0x0000000000000c01       0xf7 out/arm-plat-stm32mp1/export-ta_arm32/lib/libutils.a(arm32_aeabi_ldivmod.o)
 .debug_abbrev  0x0000000000000cf8       0xa5 out/arm-plat-stm32mp1/export-ta_arm32/lib/libutee.a(assert.o)
 .debug_abbrev  0x0000000000000d9d      0x15b out/arm-plat-stm32mp1/export-ta_arm32/lib/libutee.a(trace_ext.o)
 .debug_abbrev  0x0000000000000ef8      0x2f7 out/arm-plat-stm32mp1/export-ta_arm32/lib/libutee.a(tee_api.o)
 .debug_abbrev  0x00000000000011ef      0x29f out/arm-plat-stm32mp1/export-ta_arm32/lib/libutee.a(tee_api_objects.o)
 .debug_abbrev  0x000000000000148e      0x30d out/arm-plat-stm32mp1/export-ta_arm32/lib/libutee.a(tee_api_operations.o)
 .debug_abbrev  0x000000000000179b      0x175 out/arm-plat-stm32mp1/export-ta_arm32/lib/libutee.a(tee_api_panic.o)
 .debug_abbrev  0x0000000000001910      0x29e out/arm-plat-stm32mp1/export-ta_arm32/lib/libutee.a(tee_api_property.o)
 .debug_abbrev  0x0000000000001bae      0x1c4 out/arm-plat-stm32mp1/export-ta_arm32/lib/libutee.a(tee_system_pta.o)
 .debug_abbrev  0x0000000000001d72       0x12 out/arm-plat-stm32mp1/export-ta_arm32/lib/libutee.a(utee_syscalls_a32.o)
 .debug_abbrev  0x0000000000001d84      0x37e out/arm-plat-stm32mp1/export-ta_arm32/lib/libutee.a(user_ta_entry.o)
 .debug_abbrev  0x0000000000002102       0x64 out/arm-plat-stm32mp1/export-ta_arm32/lib/libutee.a(abort.o)
 .debug_abbrev  0x0000000000002166      0x110 out/arm-plat-stm32mp1/export-ta_arm32/lib/libutee.a(base64.o)
 .debug_abbrev  0x0000000000002276      0x371 out/arm-plat-stm32mp1/export-ta_arm32/lib/libutee.a(tee_api_arith_mpi.o)
 .debug_abbrev  0x00000000000025e7      0x1f9 out/arm-plat-stm32mp1/export-ta_arm32/lib/libutee.a(tcb.o)
 .debug_abbrev  0x00000000000027e0      0x319 out/arm-plat-stm32mp1/export-ta_arm32/lib/libmbedtls.a(bignum.o)
 .debug_abbrev  0x0000000000002af9       0xbe out/arm-plat-stm32mp1/export-ta_arm32/lib/libmbedtls.a(platform_util.o)
 .debug_abbrev  0x0000000000002bb7      0x339 out/arm-plat-stm32mp1/export-ta_arm32/lib/libutils.a(bget_malloc.o)
 .debug_abbrev  0x0000000000002ef0      0x110 out/arm-plat-stm32mp1/export-ta_arm32/lib/libutils.a(snprintf.o)
 .debug_abbrev  0x0000000000003000       0xae out/arm-plat-stm32mp1/export-ta_arm32/lib/libutils.a(memmove.o)
 .debug_abbrev  0x00000000000030ae       0x80 out/arm-plat-stm32mp1/export-ta_arm32/lib/libutils.a(strcmp.o)
 .debug_abbrev  0x000000000000312e       0x8e out/arm-plat-stm32mp1/export-ta_arm32/lib/libutils.a(strlcpy.o)
 .debug_abbrev  0x00000000000031bc      0x1bf out/arm-plat-stm32mp1/export-ta_arm32/lib/libutils.a(mempool.o)
 .debug_abbrev  0x000000000000337b       0x9a out/arm-plat-stm32mp1/export-ta_arm32/lib/libutils.a(consttime_memcmp.o)

.debug_aranges  0x0000000000000000      0x628
 .debug_aranges
                0x0000000000000000       0x20 out/arm-plat-stm32mp1/ta/trusted_keys/entry.o
 .debug_aranges
                0x0000000000000020       0x20 out/arm-plat-stm32mp1/ta/trusted_keys/user_ta_header.o
 .debug_aranges
                0x0000000000000040       0x20 out/arm-plat-stm32mp1/ta/trusted_keys/ta_entry_a32.o
 .debug_aranges
                0x0000000000000060       0x20 out/arm-plat-stm32mp1/export-ta_arm32/lib/libutils.a(memcpy.o)
 .debug_aranges
                0x0000000000000080       0x20 out/arm-plat-stm32mp1/export-ta_arm32/lib/libutils.a(trace.o)
 .debug_aranges
                0x00000000000000a0       0x20 out/arm-plat-stm32mp1/export-ta_arm32/lib/libutils.a(memzero_explicit.o)
 .debug_aranges
                0x00000000000000c0       0x20 out/arm-plat-stm32mp1/export-ta_arm32/lib/libutils.a(memset.o)
 .debug_aranges
                0x00000000000000e0       0x20 out/arm-plat-stm32mp1/export-ta_arm32/lib/libutils.a(snprintk.o)
 .debug_aranges
                0x0000000000000100       0x20 out/arm-plat-stm32mp1/export-ta_arm32/lib/libutils.a(memchr.o)
 .debug_aranges
                0x0000000000000120       0x20 out/arm-plat-stm32mp1/export-ta_arm32/lib/libutils.a(strlen.o)
 .debug_aranges
                0x0000000000000140       0x28 out/arm-plat-stm32mp1/export-ta_arm32/lib/libutils.a(arm32_aeabi_ldivmod_a32.o)
 .debug_aranges
                0x0000000000000168       0x20 out/arm-plat-stm32mp1/export-ta_arm32/lib/libutils.a(arm32_aeabi_ldivmod.o)
 .debug_aranges
                0x0000000000000188       0x20 out/arm-plat-stm32mp1/export-ta_arm32/lib/libutee.a(assert.o)
 .debug_aranges
                0x00000000000001a8       0x20 out/arm-plat-stm32mp1/export-ta_arm32/lib/libutee.a(trace_ext.o)
 .debug_aranges
                0x00000000000001c8       0x20 out/arm-plat-stm32mp1/export-ta_arm32/lib/libutee.a(tee_api.o)
 .debug_aranges
                0x00000000000001e8       0x20 out/arm-plat-stm32mp1/export-ta_arm32/lib/libutee.a(tee_api_objects.o)
 .debug_aranges
                0x0000000000000208       0x20 out/arm-plat-stm32mp1/export-ta_arm32/lib/libutee.a(tee_api_operations.o)
 .debug_aranges
                0x0000000000000228       0x20 out/arm-plat-stm32mp1/export-ta_arm32/lib/libutee.a(tee_api_panic.o)
 .debug_aranges
                0x0000000000000248       0x20 out/arm-plat-stm32mp1/export-ta_arm32/lib/libutee.a(tee_api_property.o)
 .debug_aranges
                0x0000000000000268       0x20 out/arm-plat-stm32mp1/export-ta_arm32/lib/libutee.a(tee_system_pta.o)
 .debug_aranges
                0x0000000000000288      0x1e0 out/arm-plat-stm32mp1/export-ta_arm32/lib/libutee.a(utee_syscalls_a32.o)
 .debug_aranges
                0x0000000000000468       0x20 out/arm-plat-stm32mp1/export-ta_arm32/lib/libutee.a(user_ta_entry.o)
 .debug_aranges
                0x0000000000000488       0x20 out/arm-plat-stm32mp1/export-ta_arm32/lib/libutee.a(abort.o)
 .debug_aranges
                0x00000000000004a8       0x20 out/arm-plat-stm32mp1/export-ta_arm32/lib/libutee.a(base64.o)
 .debug_aranges
                0x00000000000004c8       0x20 out/arm-plat-stm32mp1/export-ta_arm32/lib/libutee.a(tee_api_arith_mpi.o)
 .debug_aranges
                0x00000000000004e8       0x20 out/arm-plat-stm32mp1/export-ta_arm32/lib/libutee.a(tcb.o)
 .debug_aranges
                0x0000000000000508       0x20 out/arm-plat-stm32mp1/export-ta_arm32/lib/libmbedtls.a(bignum.o)
 .debug_aranges
                0x0000000000000528       0x20 out/arm-plat-stm32mp1/export-ta_arm32/lib/libmbedtls.a(platform_util.o)
 .debug_aranges
                0x0000000000000548       0x20 out/arm-plat-stm32mp1/export-ta_arm32/lib/libutils.a(bget_malloc.o)
 .debug_aranges
                0x0000000000000568       0x20 out/arm-plat-stm32mp1/export-ta_arm32/lib/libutils.a(snprintf.o)
 .debug_aranges
                0x0000000000000588       0x20 out/arm-plat-stm32mp1/export-ta_arm32/lib/libutils.a(memmove.o)
 .debug_aranges
                0x00000000000005a8       0x20 out/arm-plat-stm32mp1/export-ta_arm32/lib/libutils.a(strcmp.o)
 .debug_aranges
                0x00000000000005c8       0x20 out/arm-plat-stm32mp1/export-ta_arm32/lib/libutils.a(strlcpy.o)
 .debug_aranges
                0x00000000000005e8       0x20 out/arm-plat-stm32mp1/export-ta_arm32/lib/libutils.a(mempool.o)
 .debug_aranges
                0x0000000000000608       0x20 out/arm-plat-stm32mp1/export-ta_arm32/lib/libutils.a(consttime_memcmp.o)

.debug_macro    0x0000000000000000    0x1b8ae
 .debug_macro   0x0000000000000000      0x148 out/arm-plat-stm32mp1/ta/trusted_keys/entry.o
 .debug_macro   0x0000000000000148      0xaea out/arm-plat-stm32mp1/ta/trusted_keys/entry.o
 .debug_macro   0x0000000000000c32      0x6be out/arm-plat-stm32mp1/ta/trusted_keys/entry.o
 .debug_macro   0x00000000000012f0       0xf3 out/arm-plat-stm32mp1/ta/trusted_keys/entry.o
 .debug_macro   0x00000000000013e3       0x58 out/arm-plat-stm32mp1/ta/trusted_keys/entry.o
 .debug_macro   0x000000000000143b       0x22 out/arm-plat-stm32mp1/ta/trusted_keys/entry.o
 .debug_macro   0x000000000000145d      0x16d out/arm-plat-stm32mp1/ta/trusted_keys/entry.o
 .debug_macro   0x00000000000015ca       0x34 out/arm-plat-stm32mp1/ta/trusted_keys/entry.o
 .debug_macro   0x00000000000015fe       0x79 out/arm-plat-stm32mp1/ta/trusted_keys/entry.o
 .debug_macro   0x0000000000001677       0x10 out/arm-plat-stm32mp1/ta/trusted_keys/entry.o
 .debug_macro   0x0000000000001687       0x7c out/arm-plat-stm32mp1/ta/trusted_keys/entry.o
 .debug_macro   0x0000000000001703      0x1a7 out/arm-plat-stm32mp1/ta/trusted_keys/entry.o
 .debug_macro   0x00000000000018aa       0xc4 out/arm-plat-stm32mp1/ta/trusted_keys/entry.o
 .debug_macro   0x000000000000196e       0xea out/arm-plat-stm32mp1/ta/trusted_keys/entry.o
 .debug_macro   0x0000000000001a58       0x89 out/arm-plat-stm32mp1/ta/trusted_keys/entry.o
 .debug_macro   0x0000000000001ae1       0x16 out/arm-plat-stm32mp1/ta/trusted_keys/entry.o
 .debug_macro   0x0000000000001af7      0x9b3 out/arm-plat-stm32mp1/ta/trusted_keys/entry.o
 .debug_macro   0x00000000000024aa       0x35 out/arm-plat-stm32mp1/ta/trusted_keys/entry.o
 .debug_macro   0x00000000000024df       0x10 out/arm-plat-stm32mp1/ta/trusted_keys/entry.o
 .debug_macro   0x00000000000024ef       0xdc out/arm-plat-stm32mp1/ta/trusted_keys/entry.o
 .debug_macro   0x00000000000025cb       0x22 out/arm-plat-stm32mp1/ta/trusted_keys/entry.o
 .debug_macro   0x00000000000025ed      0x16c out/arm-plat-stm32mp1/ta/trusted_keys/user_ta_header.o
 .debug_macro   0x0000000000002759      0xaea out/arm-plat-stm32mp1/ta/trusted_keys/user_ta_header.o
 .debug_macro   0x0000000000003243       0x2e out/arm-plat-stm32mp1/ta/trusted_keys/user_ta_header.o
 .debug_macro   0x0000000000003271       0x39 out/arm-plat-stm32mp1/ta/trusted_keys/user_ta_header.o
 .debug_macro   0x00000000000032aa       0xf0 out/arm-plat-stm32mp1/ta/trusted_keys/user_ta_header.o
 .debug_macro   0x000000000000339a       0x76 out/arm-plat-stm32mp1/ta/trusted_keys/user_ta_header.o
 .debug_macro   0x0000000000003410       0x1c out/arm-plat-stm32mp1/ta/trusted_keys/user_ta_header.o
 .debug_macro   0x000000000000342c       0x57 out/arm-plat-stm32mp1/export-ta_arm32/lib/libutils.a(memcpy.o)
 .debug_macro   0x0000000000003483      0xaea out/arm-plat-stm32mp1/export-ta_arm32/lib/libutils.a(memcpy.o)
 .debug_macro   0x0000000000003f6d       0x7c out/arm-plat-stm32mp1/export-ta_arm32/lib/libutils.a(memcpy.o)
 .debug_macro   0x0000000000003fe9       0xd6 out/arm-plat-stm32mp1/export-ta_arm32/lib/libutils.a(trace.o)
 .debug_macro   0x00000000000040bf      0xaea out/arm-plat-stm32mp1/export-ta_arm32/lib/libutils.a(trace.o)
 .debug_macro   0x0000000000004ba9       0x44 out/arm-plat-stm32mp1/export-ta_arm32/lib/libutils.a(memzero_explicit.o)
 .debug_macro   0x0000000000004bed      0xaea out/arm-plat-stm32mp1/export-ta_arm32/lib/libutils.a(memzero_explicit.o)
 .debug_macro   0x00000000000056d7       0x51 out/arm-plat-stm32mp1/export-ta_arm32/lib/libutils.a(memset.o)
 .debug_macro   0x0000000000005728      0xaea out/arm-plat-stm32mp1/export-ta_arm32/lib/libutils.a(memset.o)
 .debug_macro   0x0000000000006212      0x13d out/arm-plat-stm32mp1/export-ta_arm32/lib/libutils.a(snprintk.o)
 .debug_macro   0x000000000000634f      0xaea out/arm-plat-stm32mp1/export-ta_arm32/lib/libutils.a(snprintk.o)
 .debug_macro   0x0000000000006e39       0x66 out/arm-plat-stm32mp1/export-ta_arm32/lib/libutils.a(memchr.o)
 .debug_macro   0x0000000000006e9f      0xaea out/arm-plat-stm32mp1/export-ta_arm32/lib/libutils.a(memchr.o)
 .debug_macro   0x0000000000007989       0x5a out/arm-plat-stm32mp1/export-ta_arm32/lib/libutils.a(strlen.o)
 .debug_macro   0x00000000000079e3      0xaea out/arm-plat-stm32mp1/export-ta_arm32/lib/libutils.a(strlen.o)
 .debug_macro   0x00000000000084cd       0x1a out/arm-plat-stm32mp1/export-ta_arm32/lib/libutils.a(arm32_aeabi_ldivmod.o)
 .debug_macro   0x00000000000084e7      0xaea out/arm-plat-stm32mp1/export-ta_arm32/lib/libutils.a(arm32_aeabi_ldivmod.o)
 .debug_macro   0x0000000000008fd1      0x106 out/arm-plat-stm32mp1/export-ta_arm32/lib/libutee.a(assert.o)
 .debug_macro   0x00000000000090d7      0xaea out/arm-plat-stm32mp1/export-ta_arm32/lib/libutee.a(assert.o)
 .debug_macro   0x0000000000009bc1       0xf1 out/arm-plat-stm32mp1/export-ta_arm32/lib/libutee.a(trace_ext.o)
 .debug_macro   0x0000000000009cb2      0xaea out/arm-plat-stm32mp1/export-ta_arm32/lib/libutee.a(trace_ext.o)
 .debug_macro   0x000000000000a79c      0x183 out/arm-plat-stm32mp1/export-ta_arm32/lib/libutee.a(tee_api.o)
 .debug_macro   0x000000000000a91f      0xaea out/arm-plat-stm32mp1/export-ta_arm32/lib/libutee.a(tee_api.o)
 .debug_macro   0x000000000000b409      0x136 out/arm-plat-stm32mp1/export-ta_arm32/lib/libutee.a(tee_api_objects.o)
 .debug_macro   0x000000000000b53f      0xaea out/arm-plat-stm32mp1/export-ta_arm32/lib/libutee.a(tee_api_objects.o)
 .debug_macro   0x000000000000c029      0x180 out/arm-plat-stm32mp1/export-ta_arm32/lib/libutee.a(tee_api_operations.o)
 .debug_macro   0x000000000000c1a9      0xaea out/arm-plat-stm32mp1/export-ta_arm32/lib/libutee.a(tee_api_operations.o)
 .debug_macro   0x000000000000cc93       0x28 out/arm-plat-stm32mp1/export-ta_arm32/lib/libutee.a(tee_api_operations.o)
 .debug_macro   0x000000000000ccbb      0x1ef out/arm-plat-stm32mp1/export-ta_arm32/lib/libutee.a(tee_api_operations.o)
 .debug_macro   0x000000000000ceaa      0x108 out/arm-plat-stm32mp1/export-ta_arm32/lib/libutee.a(tee_api_panic.o)
 .debug_macro   0x000000000000cfb2      0xaea out/arm-plat-stm32mp1/export-ta_arm32/lib/libutee.a(tee_api_panic.o)
 .debug_macro   0x000000000000da9c      0x1e0 out/arm-plat-stm32mp1/export-ta_arm32/lib/libutee.a(tee_api_property.o)
 .debug_macro   0x000000000000dc7c      0xaea out/arm-plat-stm32mp1/export-ta_arm32/lib/libutee.a(tee_api_property.o)
 .debug_macro   0x000000000000e766       0x10 out/arm-plat-stm32mp1/export-ta_arm32/lib/libutee.a(tee_api_property.o)
 .debug_macro   0x000000000000e776       0x34 out/arm-plat-stm32mp1/export-ta_arm32/lib/libutee.a(tee_api_property.o)
 .debug_macro   0x000000000000e7aa       0x3a out/arm-plat-stm32mp1/export-ta_arm32/lib/libutee.a(tee_api_property.o)
 .debug_macro   0x000000000000e7e4      0x13b out/arm-plat-stm32mp1/export-ta_arm32/lib/libutee.a(tee_system_pta.o)
 .debug_macro   0x000000000000e91f      0xaea out/arm-plat-stm32mp1/export-ta_arm32/lib/libutee.a(tee_system_pta.o)
 .debug_macro   0x000000000000f409      0x1d6 out/arm-plat-stm32mp1/export-ta_arm32/lib/libutee.a(user_ta_entry.o)
 .debug_macro   0x000000000000f5df      0xaea out/arm-plat-stm32mp1/export-ta_arm32/lib/libutee.a(user_ta_entry.o)
 .debug_macro   0x00000000000100c9     0x15e6 out/arm-plat-stm32mp1/export-ta_arm32/lib/libutee.a(user_ta_entry.o)
 .debug_macro   0x00000000000116af       0x4a out/arm-plat-stm32mp1/export-ta_arm32/lib/libutee.a(user_ta_entry.o)
 .debug_macro   0x00000000000116f9      0x2e9 out/arm-plat-stm32mp1/export-ta_arm32/lib/libutee.a(user_ta_entry.o)
 .debug_macro   0x00000000000119e2      0x11d out/arm-plat-stm32mp1/export-ta_arm32/lib/libutee.a(abort.o)
 .debug_macro   0x0000000000011aff      0xaea out/arm-plat-stm32mp1/export-ta_arm32/lib/libutee.a(abort.o)
 .debug_macro   0x00000000000125e9       0x48 out/arm-plat-stm32mp1/export-ta_arm32/lib/libutee.a(base64.o)
 .debug_macro   0x0000000000012631      0xaea out/arm-plat-stm32mp1/export-ta_arm32/lib/libutee.a(base64.o)
 .debug_macro   0x000000000001311b      0x1af out/arm-plat-stm32mp1/export-ta_arm32/lib/libutee.a(tee_api_arith_mpi.o)
 .debug_macro   0x00000000000132ca      0xaea out/arm-plat-stm32mp1/export-ta_arm32/lib/libutee.a(tee_api_arith_mpi.o)
 .debug_macro   0x0000000000013db4      0x124 out/arm-plat-stm32mp1/export-ta_arm32/lib/libutee.a(tee_api_arith_mpi.o)
 .debug_macro   0x0000000000013ed8       0x12 out/arm-plat-stm32mp1/export-ta_arm32/lib/libutee.a(tee_api_arith_mpi.o)
 .debug_macro   0x0000000000013eea       0x79 out/arm-plat-stm32mp1/export-ta_arm32/lib/libutee.a(tee_api_arith_mpi.o)
 .debug_macro   0x0000000000013f63      0x1e9 out/arm-plat-stm32mp1/export-ta_arm32/lib/libutee.a(tee_api_arith_mpi.o)
 .debug_macro   0x000000000001414c      0x189 out/arm-plat-stm32mp1/export-ta_arm32/lib/libutee.a(tcb.o)
 .debug_macro   0x00000000000142d5      0xaea out/arm-plat-stm32mp1/export-ta_arm32/lib/libutee.a(tcb.o)
 .debug_macro   0x0000000000014dbf       0x10 out/arm-plat-stm32mp1/export-ta_arm32/lib/libutee.a(tcb.o)
 .debug_macro   0x0000000000014dcf      0x1c3 out/arm-plat-stm32mp1/export-ta_arm32/lib/libmbedtls.a(bignum.o)
 .debug_macro   0x0000000000014f92      0xaea out/arm-plat-stm32mp1/export-ta_arm32/lib/libmbedtls.a(bignum.o)
 .debug_macro   0x0000000000015a7c       0x2b out/arm-plat-stm32mp1/export-ta_arm32/lib/libmbedtls.a(bignum.o)
 .debug_macro   0x0000000000015aa7       0x1e out/arm-plat-stm32mp1/export-ta_arm32/lib/libmbedtls.a(bignum.o)
 .debug_macro   0x0000000000015ac5       0x17 out/arm-plat-stm32mp1/export-ta_arm32/lib/libmbedtls.a(bignum.o)
 .debug_macro   0x0000000000015adc       0x10 out/arm-plat-stm32mp1/export-ta_arm32/lib/libmbedtls.a(bignum.o)
 .debug_macro   0x0000000000015aec      0x15c out/arm-plat-stm32mp1/export-ta_arm32/lib/libmbedtls.a(platform_util.o)
 .debug_macro   0x0000000000015c48      0xaea out/arm-plat-stm32mp1/export-ta_arm32/lib/libmbedtls.a(platform_util.o)
 .debug_macro   0x0000000000016732       0x10 out/arm-plat-stm32mp1/export-ta_arm32/lib/libmbedtls.a(platform_util.o)
 .debug_macro   0x0000000000016742       0x7f out/arm-plat-stm32mp1/export-ta_arm32/lib/libmbedtls.a(platform_util.o)
 .debug_macro   0x00000000000167c1       0x16 out/arm-plat-stm32mp1/export-ta_arm32/lib/libmbedtls.a(platform_util.o)
 .debug_macro   0x00000000000167d7      0x153 out/arm-plat-stm32mp1/export-ta_arm32/lib/libutils.a(bget_malloc.o)
 .debug_macro   0x000000000001692a      0xaea out/arm-plat-stm32mp1/export-ta_arm32/lib/libutils.a(bget_malloc.o)
 .debug_macro   0x0000000000017414       0x16 out/arm-plat-stm32mp1/export-ta_arm32/lib/libutils.a(bget_malloc.o)
 .debug_macro   0x000000000001742a       0x10 out/arm-plat-stm32mp1/export-ta_arm32/lib/libutils.a(bget_malloc.o)
 .debug_macro   0x000000000001743a       0x3c out/arm-plat-stm32mp1/export-ta_arm32/lib/libutils.a(bget_malloc.o)
 .debug_macro   0x0000000000017476       0x4d out/arm-plat-stm32mp1/export-ta_arm32/lib/libutils.a(snprintf.o)
 .debug_macro   0x00000000000174c3      0xaea out/arm-plat-stm32mp1/export-ta_arm32/lib/libutils.a(snprintf.o)
 .debug_macro   0x0000000000017fad       0x64 out/arm-plat-stm32mp1/export-ta_arm32/lib/libutils.a(memmove.o)
 .debug_macro   0x0000000000018011      0xaea out/arm-plat-stm32mp1/export-ta_arm32/lib/libutils.a(memmove.o)
 .debug_macro   0x0000000000018afb       0x54 out/arm-plat-stm32mp1/export-ta_arm32/lib/libutils.a(strcmp.o)
 .debug_macro   0x0000000000018b4f      0xaea out/arm-plat-stm32mp1/export-ta_arm32/lib/libutils.a(strcmp.o)
 .debug_macro   0x0000000000019639       0x8b out/arm-plat-stm32mp1/export-ta_arm32/lib/libutils.a(strlcpy.o)
 .debug_macro   0x00000000000196c4      0xaea out/arm-plat-stm32mp1/export-ta_arm32/lib/libutils.a(strlcpy.o)
 .debug_macro   0x000000000001a1ae       0xed out/arm-plat-stm32mp1/export-ta_arm32/lib/libutils.a(mempool.o)
 .debug_macro   0x000000000001a29b      0xaea out/arm-plat-stm32mp1/export-ta_arm32/lib/libutils.a(mempool.o)
 .debug_macro   0x000000000001ad85       0x3f out/arm-plat-stm32mp1/export-ta_arm32/lib/libutils.a(consttime_memcmp.o)
 .debug_macro   0x000000000001adc4      0xaea out/arm-plat-stm32mp1/export-ta_arm32/lib/libutils.a(consttime_memcmp.o)

.debug_line     0x0000000000000000     0xb86a
 .debug_line    0x0000000000000000      0x5ee out/arm-plat-stm32mp1/ta/trusted_keys/entry.o
 .debug_line    0x00000000000005ee      0x321 out/arm-plat-stm32mp1/ta/trusted_keys/user_ta_header.o
 .debug_line    0x000000000000090f       0x49 out/arm-plat-stm32mp1/ta/trusted_keys/ta_entry_a32.o
 .debug_line    0x0000000000000958      0x1fd out/arm-plat-stm32mp1/export-ta_arm32/lib/libutils.a(memcpy.o)
 .debug_line    0x0000000000000b55      0x329 out/arm-plat-stm32mp1/export-ta_arm32/lib/libutils.a(trace.o)
 .debug_line    0x0000000000000e7e      0x198 out/arm-plat-stm32mp1/export-ta_arm32/lib/libutils.a(memzero_explicit.o)
 .debug_line    0x0000000000001016      0x20b out/arm-plat-stm32mp1/export-ta_arm32/lib/libutils.a(memset.o)
 .debug_line    0x0000000000001221      0x806 out/arm-plat-stm32mp1/export-ta_arm32/lib/libutils.a(snprintk.o)
 .debug_line    0x0000000000001a27      0x20a out/arm-plat-stm32mp1/export-ta_arm32/lib/libutils.a(memchr.o)
 .debug_line    0x0000000000001c31      0x1b3 out/arm-plat-stm32mp1/export-ta_arm32/lib/libutils.a(strlen.o)
 .debug_line    0x0000000000001de4       0x62 out/arm-plat-stm32mp1/export-ta_arm32/lib/libutils.a(arm32_aeabi_ldivmod_a32.o)
 .debug_line    0x0000000000001e46      0x14c out/arm-plat-stm32mp1/export-ta_arm32/lib/libutils.a(arm32_aeabi_ldivmod.o)
 .debug_line    0x0000000000001f92      0x2a4 out/arm-plat-stm32mp1/export-ta_arm32/lib/libutee.a(assert.o)
 .debug_line    0x0000000000002236      0x2c9 out/arm-plat-stm32mp1/export-ta_arm32/lib/libutee.a(trace_ext.o)
 .debug_line    0x00000000000024ff      0x6a8 out/arm-plat-stm32mp1/export-ta_arm32/lib/libutee.a(tee_api.o)
 .debug_line    0x0000000000002ba7      0x845 out/arm-plat-stm32mp1/export-ta_arm32/lib/libutee.a(tee_api_objects.o)
 .debug_line    0x00000000000033ec     0x156f out/arm-plat-stm32mp1/export-ta_arm32/lib/libutee.a(tee_api_operations.o)
 .debug_line    0x000000000000495b      0x2cb out/arm-plat-stm32mp1/export-ta_arm32/lib/libutee.a(tee_api_panic.o)
 .debug_line    0x0000000000004c26      0x821 out/arm-plat-stm32mp1/export-ta_arm32/lib/libutee.a(tee_api_property.o)
 .debug_line    0x0000000000005447      0x3bd out/arm-plat-stm32mp1/export-ta_arm32/lib/libutee.a(tee_system_pta.o)
 .debug_line    0x0000000000005804      0x425 out/arm-plat-stm32mp1/export-ta_arm32/lib/libutee.a(utee_syscalls_a32.o)
 .debug_line    0x0000000000005c29      0x7dc out/arm-plat-stm32mp1/export-ta_arm32/lib/libutee.a(user_ta_entry.o)
 .debug_line    0x0000000000006405      0x25c out/arm-plat-stm32mp1/export-ta_arm32/lib/libutee.a(abort.o)
 .debug_line    0x0000000000006661      0x371 out/arm-plat-stm32mp1/export-ta_arm32/lib/libutee.a(base64.o)
 .debug_line    0x00000000000069d2      0xa66 out/arm-plat-stm32mp1/export-ta_arm32/lib/libutee.a(tee_api_arith_mpi.o)
 .debug_line    0x0000000000007438      0x4af out/arm-plat-stm32mp1/export-ta_arm32/lib/libutee.a(tcb.o)
 .debug_line    0x00000000000078e7     0x2591 out/arm-plat-stm32mp1/export-ta_arm32/lib/libmbedtls.a(bignum.o)
 .debug_line    0x0000000000009e78      0x2dc out/arm-plat-stm32mp1/export-ta_arm32/lib/libmbedtls.a(platform_util.o)
 .debug_line    0x000000000000a154      0xa51 out/arm-plat-stm32mp1/export-ta_arm32/lib/libutils.a(bget_malloc.o)
 .debug_line    0x000000000000aba5      0x197 out/arm-plat-stm32mp1/export-ta_arm32/lib/libutils.a(snprintf.o)
 .debug_line    0x000000000000ad3c      0x238 out/arm-plat-stm32mp1/export-ta_arm32/lib/libutils.a(memmove.o)
 .debug_line    0x000000000000af74      0x1da out/arm-plat-stm32mp1/export-ta_arm32/lib/libutils.a(strcmp.o)
 .debug_line    0x000000000000b14e      0x217 out/arm-plat-stm32mp1/export-ta_arm32/lib/libutils.a(strlcpy.o)
 .debug_line    0x000000000000b365      0x2d1 out/arm-plat-stm32mp1/export-ta_arm32/lib/libutils.a(mempool.o)
 .debug_line    0x000000000000b636      0x234 out/arm-plat-stm32mp1/export-ta_arm32/lib/libutils.a(consttime_memcmp.o)

.debug_str      0x0000000000000000    0x19064
 .debug_str     0x0000000000000000     0xaf13 out/arm-plat-stm32mp1/ta/trusted_keys/entry.o
                                       0xb123 (size before relaxing)
 .debug_str     0x000000000000af13      0x803 out/arm-plat-stm32mp1/ta/trusted_keys/user_ta_header.o
                                       0xafbb (size before relaxing)
 .debug_str     0x000000000000b716       0x45 out/arm-plat-stm32mp1/ta/trusted_keys/ta_entry_a32.o
                                         0x94 (size before relaxing)
 .debug_str     0x000000000000b75b      0x3bb out/arm-plat-stm32mp1/export-ta_arm32/lib/libutils.a(memcpy.o)
                                       0x4ce0 (size before relaxing)
 .debug_str     0x000000000000bb16      0x12c out/arm-plat-stm32mp1/export-ta_arm32/lib/libutils.a(trace.o)
                                       0x6bdc (size before relaxing)
 .debug_str     0x000000000000bc42       0x67 out/arm-plat-stm32mp1/export-ta_arm32/lib/libutils.a(memzero_explicit.o)
                                       0x4a76 (size before relaxing)
 .debug_str     0x000000000000bca9       0xc5 out/arm-plat-stm32mp1/export-ta_arm32/lib/libutils.a(memset.o)
                                       0x4c87 (size before relaxing)
 .debug_str     0x000000000000bd6e      0x5bf out/arm-plat-stm32mp1/export-ta_arm32/lib/libutils.a(snprintk.o)
                                       0x6088 (size before relaxing)
 .debug_str     0x000000000000c32d       0xee out/arm-plat-stm32mp1/export-ta_arm32/lib/libutils.a(memchr.o)
                                       0x4eb8 (size before relaxing)
 .debug_str     0x000000000000c41b       0x50 out/arm-plat-stm32mp1/export-ta_arm32/lib/libutils.a(strlen.o)
                                       0x4e58 (size before relaxing)
 .debug_str     0x000000000000c46b       0x35 out/arm-plat-stm32mp1/export-ta_arm32/lib/libutils.a(arm32_aeabi_ldivmod_a32.o)
                                         0x90 (size before relaxing)
 .debug_str     0x000000000000c4a0       0xb9 out/arm-plat-stm32mp1/export-ta_arm32/lib/libutils.a(arm32_aeabi_ldivmod.o)
                                       0x4770 (size before relaxing)
 .debug_str     0x000000000000c559       0x4c out/arm-plat-stm32mp1/export-ta_arm32/lib/libutee.a(assert.o)
                                       0x9ebb (size before relaxing)
 .debug_str     0x000000000000c5a5       0x58 out/arm-plat-stm32mp1/export-ta_arm32/lib/libutee.a(trace_ext.o)
                                       0xa20a (size before relaxing)
 .debug_str     0x000000000000c5fd      0x4cf out/arm-plat-stm32mp1/export-ta_arm32/lib/libutee.a(tee_api.o)
                                       0xb22b (size before relaxing)
 .debug_str     0x000000000000cacc      0x737 out/arm-plat-stm32mp1/export-ta_arm32/lib/libutee.a(tee_api_objects.o)
                                       0xa2c5 (size before relaxing)
 .debug_str     0x000000000000d203     0x1582 out/arm-plat-stm32mp1/export-ta_arm32/lib/libutee.a(tee_api_operations.o)
                                       0xc265 (size before relaxing)
 .debug_str     0x000000000000e785      0x16b out/arm-plat-stm32mp1/export-ta_arm32/lib/libutee.a(tee_api_panic.o)
                                       0xa4b6 (size before relaxing)
 .debug_str     0x000000000000e8f0      0x52a out/arm-plat-stm32mp1/export-ta_arm32/lib/libutee.a(tee_api_property.o)
                                       0xb3e5 (size before relaxing)
 .debug_str     0x000000000000ee1a       0xa8 out/arm-plat-stm32mp1/export-ta_arm32/lib/libutee.a(tee_system_pta.o)
                                       0xac69 (size before relaxing)
 .debug_str     0x000000000000eec2       0x29 out/arm-plat-stm32mp1/export-ta_arm32/lib/libutee.a(utee_syscalls_a32.o)
                                         0x84 (size before relaxing)
 .debug_str     0x000000000000eeeb     0x75a0 out/arm-plat-stm32mp1/export-ta_arm32/lib/libutee.a(user_ta_entry.o)
                                      0x124ec (size before relaxing)
 .debug_str     0x000000000001648b       0x34 out/arm-plat-stm32mp1/export-ta_arm32/lib/libutee.a(abort.o)
                                       0x99f5 (size before relaxing)
 .debug_str     0x00000000000164bf       0x5a out/arm-plat-stm32mp1/export-ta_arm32/lib/libutee.a(base64.o)
                                       0x5224 (size before relaxing)
 .debug_str     0x0000000000016519      0xf90 out/arm-plat-stm32mp1/export-ta_arm32/lib/libutee.a(tee_api_arith_mpi.o)
                                       0xc607 (size before relaxing)
 .debug_str     0x00000000000174a9      0x255 out/arm-plat-stm32mp1/export-ta_arm32/lib/libutee.a(tcb.o)
                                      0x11c66 (size before relaxing)
 .debug_str     0x00000000000176fe      0xc43 out/arm-plat-stm32mp1/export-ta_arm32/lib/libmbedtls.a(bignum.o)
                                       0x7f35 (size before relaxing)
 .debug_str     0x0000000000018341      0x3f3 out/arm-plat-stm32mp1/export-ta_arm32/lib/libmbedtls.a(platform_util.o)
                                       0x6885 (size before relaxing)
 .debug_str     0x0000000000018734      0x716 out/arm-plat-stm32mp1/export-ta_arm32/lib/libutils.a(bget_malloc.o)
                                       0x74cb (size before relaxing)
 .debug_str     0x0000000000018e4a       0x46 out/arm-plat-stm32mp1/export-ta_arm32/lib/libutils.a(snprintf.o)
                                       0x4bb3 (size before relaxing)
 .debug_str     0x0000000000018e90       0x5b out/arm-plat-stm32mp1/export-ta_arm32/lib/libutils.a(memmove.o)
                                       0x4ecc (size before relaxing)
 .debug_str     0x0000000000018eeb       0x50 out/arm-plat-stm32mp1/export-ta_arm32/lib/libutils.a(strcmp.o)
                                       0x4e4b (size before relaxing)
 .debug_str     0x0000000000018f3b       0x42 out/arm-plat-stm32mp1/export-ta_arm32/lib/libutils.a(strlcpy.o)
                                       0x5533 (size before relaxing)
 .debug_str     0x0000000000018f7d       0x7f out/arm-plat-stm32mp1/export-ta_arm32/lib/libutils.a(mempool.o)
                                       0x6e04 (size before relaxing)
 .debug_str     0x0000000000018ffc       0x68 out/arm-plat-stm32mp1/export-ta_arm32/lib/libutils.a(consttime_memcmp.o)
                                       0x4c59 (size before relaxing)

.comment        0x0000000000000000       0x33
 .comment       0x0000000000000000       0x33 out/arm-plat-stm32mp1/ta/trusted_keys/entry.o
                                         0x34 (size before relaxing)
 .comment       0x0000000000000033       0x34 out/arm-plat-stm32mp1/ta/trusted_keys/user_ta_header.o
 .comment       0x0000000000000033       0x34 out/arm-plat-stm32mp1/export-ta_arm32/lib/libutils.a(memcpy.o)
 .comment       0x0000000000000033       0x34 out/arm-plat-stm32mp1/export-ta_arm32/lib/libutils.a(trace.o)
 .comment       0x0000000000000033       0x34 out/arm-plat-stm32mp1/export-ta_arm32/lib/libutils.a(memzero_explicit.o)
 .comment       0x0000000000000033       0x34 out/arm-plat-stm32mp1/export-ta_arm32/lib/libutils.a(memset.o)
 .comment       0x0000000000000033       0x34 out/arm-plat-stm32mp1/export-ta_arm32/lib/libutils.a(snprintk.o)
 .comment       0x0000000000000033       0x34 out/arm-plat-stm32mp1/export-ta_arm32/lib/libutils.a(memchr.o)
 .comment       0x0000000000000033       0x34 out/arm-plat-stm32mp1/export-ta_arm32/lib/libutils.a(strlen.o)
 .comment       0x0000000000000033       0x34 out/arm-plat-stm32mp1/export-ta_arm32/lib/libutils.a(arm32_aeabi_ldivmod.o)
 .comment       0x0000000000000033       0x34 out/arm-plat-stm32mp1/export-ta_arm32/lib/libutee.a(assert.o)
 .comment       0x0000000000000033       0x34 out/arm-plat-stm32mp1/export-ta_arm32/lib/libutee.a(trace_ext.o)
 .comment       0x0000000000000033       0x34 out/arm-plat-stm32mp1/export-ta_arm32/lib/libutee.a(tee_api.o)
 .comment       0x0000000000000033       0x34 out/arm-plat-stm32mp1/export-ta_arm32/lib/libutee.a(tee_api_objects.o)
 .comment       0x0000000000000033       0x34 out/arm-plat-stm32mp1/export-ta_arm32/lib/libutee.a(tee_api_operations.o)
 .comment       0x0000000000000033       0x34 out/arm-plat-stm32mp1/export-ta_arm32/lib/libutee.a(tee_api_panic.o)
 .comment       0x0000000000000033       0x34 out/arm-plat-stm32mp1/export-ta_arm32/lib/libutee.a(tee_api_property.o)
 .comment       0x0000000000000033       0x34 out/arm-plat-stm32mp1/export-ta_arm32/lib/libutee.a(tee_system_pta.o)
 .comment       0x0000000000000033       0x34 out/arm-plat-stm32mp1/export-ta_arm32/lib/libutee.a(user_ta_entry.o)
 .comment       0x0000000000000033       0x34 out/arm-plat-stm32mp1/export-ta_arm32/lib/libutee.a(abort.o)
 .comment       0x0000000000000033       0x34 out/arm-plat-stm32mp1/export-ta_arm32/lib/libutee.a(base64.o)
 .comment       0x0000000000000033       0x34 out/arm-plat-stm32mp1/export-ta_arm32/lib/libutee.a(tee_api_arith_mpi.o)
 .comment       0x0000000000000033       0x34 out/arm-plat-stm32mp1/export-ta_arm32/lib/libutee.a(tcb.o)
 .comment       0x0000000000000033       0x34 out/arm-plat-stm32mp1/export-ta_arm32/lib/libmbedtls.a(bignum.o)
 .comment       0x0000000000000033       0x34 out/arm-plat-stm32mp1/export-ta_arm32/lib/libmbedtls.a(platform_util.o)
 .comment       0x0000000000000033       0x34 out/arm-plat-stm32mp1/export-ta_arm32/lib/libutils.a(bget_malloc.o)
 .comment       0x0000000000000033       0x34 out/arm-plat-stm32mp1/export-ta_arm32/lib/libutils.a(snprintf.o)
 .comment       0x0000000000000033       0x34 out/arm-plat-stm32mp1/export-ta_arm32/lib/libutils.a(memmove.o)
 .comment       0x0000000000000033       0x34 out/arm-plat-stm32mp1/export-ta_arm32/lib/libutils.a(strcmp.o)