Archive member included to satisfy reference by file (symbol)

build/export-ta_arm32/lib/libutils.a(snprintf.o)
                              build/ta/pkcs11/src/persistent_token.o (snprintf)
build/export-ta_arm32/lib/libutils.a(memcpy.o)
                              build/ta/pkcs11/src/pkcs11_token.o (memcpy)
build/export-ta_arm32/lib/libutils.a(memset.o)
                              build/ta/pkcs11/src/persistent_token.o (memset)
build/export-ta_arm32/lib/libutils.a(strchr.o)
                              build/ta/pkcs11/src/persistent_token.o (strchr)
build/export-ta_arm32/lib/libutils.a(strcmp.o)
                              build/ta/pkcs11/src/persistent_token.o (strcmp)
build/export-ta_arm32/lib/libutils.a(strcpy.o)
                              build/ta/pkcs11/src/pkcs11_token.o (strcpy)
build/export-ta_arm32/lib/libutils.a(strlen.o)
                              build/ta/pkcs11/src/attributes.o (strlen)
build/export-ta_arm32/lib/libutils.a(strnlen.o)
                              build/ta/pkcs11/src/pkcs11_token.o (strnlen)
build/export-ta_arm32/lib/libutils.a(strstr.o)
                              build/ta/pkcs11/src/persistent_token.o (strstr)
build/export-ta_arm32/lib/libutils.a(snprintk.o)
                              build/export-ta_arm32/lib/libutils.a(snprintf.o) (__vsnprintf)
build/export-ta_arm32/lib/libutils.a(trace.o)
                              build/ta/pkcs11/src/attributes.o (trace_printf)
build/export-ta_arm32/lib/libutils.a(consttime_memcmp.o)
                              build/ta/pkcs11/src/persistent_token.o (consttime_memcmp)
build/export-ta_arm32/lib/libutils.a(memchr.o)
                              build/export-ta_arm32/lib/libutils.a(snprintk.o) (memchr)
build/export-ta_arm32/lib/libutils.a(arm32_aeabi_ldivmod_a32.o)
                              build/export-ta_arm32/lib/libutils.a(snprintk.o) (__aeabi_uldivmod)
build/export-ta_arm32/lib/libutils.a(arm32_aeabi_ldivmod.o)
                              build/export-ta_arm32/lib/libutils.a(arm32_aeabi_ldivmod_a32.o) (__ul_divmod)
build/export-ta_arm32/lib/libutee.a(assert.o)
                              build/ta/pkcs11/src/attributes.o (_assert_log)
build/export-ta_arm32/lib/libutee.a(tee_uuid_from_str.o)
                              build/ta/pkcs11/src/persistent_token.o (tee_uuid_from_str)
build/export-ta_arm32/lib/libutee.a(trace_ext.o)
                              build/export-ta_arm32/lib/libutils.a(trace.o) (trace_ext_puts)
build/export-ta_arm32/lib/libutee.a(tee_api.o)
                              build/ta/pkcs11/src/pkcs11_token.o (TEE_CloseTASession)
build/export-ta_arm32/lib/libutee.a(tee_api_objects.o)
                              build/ta/pkcs11/src/persistent_token.o (TEE_GetObjectInfo1)
build/export-ta_arm32/lib/libutee.a(tee_api_operations.o)
                              build/ta/pkcs11/src/persistent_token.o (TEE_FreeOperation)
build/export-ta_arm32/lib/libutee.a(tee_api_panic.o)
                              build/ta/pkcs11/src/attributes.o (TEE_Panic)
build/export-ta_arm32/lib/libutee.a(tee_api_property.o)
                              build/ta/pkcs11/src/pkcs11_token.o (TEE_GetPropertyAsUUID)
build/export-ta_arm32/lib/libutee.a(tee_system_pta.o)
                              build/export-ta_arm32/lib/libutee.a(tee_api.o) (tee_map_zi)
build/export-ta_arm32/lib/libutee.a(utee_syscalls_a32.o)
                              build/export-ta_arm32/lib/libutee.a(assert.o) (_utee_panic)
build/export-ta_arm32/lib/libutee.a(user_ta_entry.o)
                              build/ta/pkcs11/user_ta_header.o (__utee_entry)
build/export-ta_arm32/lib/libutee.a(abort.o)
                              build/export-ta_arm32/lib/libutee.a(user_ta_entry.o) (abort)
build/export-ta_arm32/lib/libutee.a(base64.o)
                              build/export-ta_arm32/lib/libutee.a(tee_api_property.o) (_base64_enc_len)
build/export-ta_arm32/lib/libutee.a(tee_api_arith_mpi.o)
                              build/export-ta_arm32/lib/libutee.a(user_ta_entry.o) (_TEE_MathAPI_Init)
build/export-ta_arm32/lib/libutee.a(tcb.o)
                              build/export-ta_arm32/lib/libutee.a(user_ta_entry.o) (__utee_tcb_init)
build/export-ta_arm32/lib/libmbedtls.a(bignum.o)
                              build/export-ta_arm32/lib/libutee.a(tee_api_arith_mpi.o) (mbedtls_mpi_init_mempool)
build/export-ta_arm32/lib/libmbedtls.a(platform_util.o)
                              build/export-ta_arm32/lib/libmbedtls.a(bignum.o) (mbedtls_platform_zeroize)
build/export-ta_arm32/lib/libutils.a(bget_malloc.o)
                              build/export-ta_arm32/lib/libutee.a(tee_api.o) (malloc)
build/export-ta_arm32/lib/libutils.a(isxdigit.o)
                              build/export-ta_arm32/lib/libutee.a(tee_uuid_from_str.o) (isxdigit)
build/export-ta_arm32/lib/libutils.a(tolower.o)
                              build/export-ta_arm32/lib/libutee.a(tee_uuid_from_str.o) (tolower)
build/export-ta_arm32/lib/libutils.a(memmove.o)
[...]
Memory Configuration

Name             Origin             Length             Attributes
*default*        0x0000000000000000 0xffffffffffffffff

Linker script and memory map


.ta_head        0x0000000000000000       0x20
 *(SORT_BY_ALIGNMENT(.ta_head))
 .ta_head       0x0000000000000000       0x20 build/ta/pkcs11/user_ta_header.o
                0x0000000000000000                ta_head

.text           0x0000000000000020    0x12998
                0x0000000000000020                __text_start = .
 *(SORT_BY_ALIGNMENT(.text) SORT_BY_ALIGNMENT(.text.*))
 .text          0x0000000000000020      0x524 build/ta/pkcs11/src/attributes.o
                0x0000000000000098                init_attributes_head
                0x00000000000000b0                add_attribute
                0x000000000000010a                remove_empty_attribute
                0x0000000000000110                get_attribute_ptrs
                0x00000000000001a8                get_attribute_ptr
                0x00000000000001cc                get_attribute
                0x0000000000000216                set_attribute
                0x0000000000000244                modify_attributes_list
                0x000000000000029c                get_bool
                0x00000000000002f0                attributes_match_reference
                0x000000000000036a                attributes_match_add_reference
                0x0000000000000400                trace_attributes
 .text          0x0000000000000544      0x300 build/ta/pkcs11/src/entry.o
                0x0000000000000544                TA_CreateEntryPoint
                0x0000000000000548                TA_DestroyEntryPoint
                0x000000000000054c                TA_OpenSessionEntryPoint
                0x0000000000000564                TA_CloseSessionEntryPoint
                0x0000000000000572                TA_InvokeCommandEntryPoint
 .text          0x0000000000000844      0xc74 build/ta/pkcs11/src/object.o
                0x00000000000008ca                pkcs11_handle2object
                0x00000000000008ec                pkcs11_object2handle
                0x0000000000000900                cleanup_persistent_object
                0x0000000000000944                destroy_object
                0x00000000000009dc                create_token_object
                0x00000000000009fc                create_object
                0x0000000000000b24                entry_create_object
                0x0000000000000c12                entry_destroy_object
                0x0000000000000cc8                entry_find_objects_init
                0x0000000000000ec4                entry_find_objects
                0x0000000000000f58                release_session_find_obj_context
                0x0000000000000f78                entry_find_objects_final
                0x0000000000000fd4                entry_get_attribute_value
                0x000000000000114c                entry_get_object_size
                0x00000000000011e8                entry_set_attribute_value
                0x00000000000012fc                entry_copy_object
 .text          0x00000000000014b8      0xae4 build/ta/pkcs11/src/persistent_token.o
                0x00000000000015a0                update_persistent_db
                0x0000000000001610                hash_pin
                0x000000000000164a                verify_pin
                0x0000000000001694                setup_so_identity_auth_from_client
                0x0000000000001704                setup_identity_auth_from_pin
                0x00000000000018b4                verify_identity_auth
                0x0000000000001960                close_persistent_db
                0x0000000000001962                create_object_uuid
                0x00000000000019c0                destroy_object_uuid
                0x0000000000001a00                get_persistent_objects_list
                0x0000000000001a28                unregister_persistent_object
                0x0000000000001adc                register_persistent_object
                0x0000000000001b70                load_persistent_object_attributes
                0x0000000000001ce4                release_persistent_object_attributes
                0x0000000000001cf4                update_persistent_object_attributes
                0x0000000000001d90                init_persistent_db
 .text          0x0000000000001f9c     0x1ad8 build/ta/pkcs11/src/pkcs11_attributes.o
                0x0000000000002350                check_mechanism_against_processing
                0x00000000000024a8                create_attributes_from_template
                0x0000000000002f10                object_is_private
                0x0000000000002f16                object_is_token
                0x0000000000002f1c                object_is_modifiable
                0x0000000000002f24                object_is_copyable
                0x0000000000002f2c                check_access_attrs_against_token
                0x0000000000002f62                check_created_attrs_against_token
                0x0000000000002fca                check_created_attrs_against_processing
                0x0000000000003138                check_created_attrs
                0x000000000000336c                check_parent_attrs_against_processing
                0x000000000000364c                attribute_is_exportable
                0x00000000000036be                check_attrs_against_modification
                0x00000000000038f6                set_key_data
                0x000000000000397a                get_key_data_to_wrap
                0x00000000000039a2                add_missing_attribute_id
 .text          0x0000000000003a74      0x614 build/ta/pkcs11/src/pkcs11_helpers.o
                0x0000000000003abc                tee2pkcs_error
                0x0000000000003b10                valid_pkcs11_attribute_id
                0x0000000000003b44                pkcs11_attr_is_type
                0x0000000000003b5e                pkcs11_attr_has_indirect_attributes
                0x0000000000003b72                pkcs11_class_has_type
                0x0000000000003b86                pkcs11_attr_class_is_key
                0x0000000000003b92                key_type_is_symm_key
                0x0000000000003bac                key_type_is_asymm_key
                0x0000000000003bba                pkcs11_attr2boolprop_shift
                0x0000000000003be0                pkcs2tee_load_attr
                0x0000000000003dac                pkcs2tee_load_hashed_attr
                0x0000000000003e6c                pkcs2tee_mode
                0x0000000000003ea0                id2str_rc
                0x0000000000003eb8                id2str_ta_cmd
                0x0000000000003ecc                id2str_slot_flag
                0x0000000000003ee4                id2str_token_flag
                0x0000000000003efc                id2str_session_flag
                0x0000000000003f14                id2str_session_state
                0x0000000000003f2c                id2str_attr
                0x0000000000003f5c                id2str_class
                0x0000000000003f74                id2str_key_type
                0x0000000000003f8c                id2str_type
                0x0000000000003fa0                id2str_certificate_type
                0x0000000000003fb8                id2str_attr_value
                0x0000000000004038                id2str_proc
                0x0000000000004070                id2str_function
 .text          0x0000000000004088     0x126c build/ta/pkcs11/src/pkcs11_token.o
                0x00000000000042f4                get_token
                0x0000000000004320                get_token_id
                0x000000000000436c                get_object_handle_db
                0x0000000000004372                get_session_list
                0x0000000000004378                tee_session2client
                0x0000000000004390                pkcs11_handle2session
                0x000000000000439c                register_client
                0x00000000000043e8                unregister_client
                0x0000000000004454                pkcs11_init
                0x0000000000004480                pkcs11_deinit
                0x0000000000004496                set_processing_state
                0x000000000000452c                entry_ck_slot_list
                0x0000000000004582                entry_ck_slot_info
                0x000000000000468c                entry_ck_token_info
                0x00000000000047a8                entry_ck_token_mecha_ids
                0x000000000000486c                entry_ck_token_mecha_info
                0x000000000000491a                entry_ck_open_session
                0x0000000000004aa0                entry_ck_close_session
                0x0000000000004af4                entry_ck_close_all_sessions
                0x0000000000004b5c                entry_ck_session_info
                0x0000000000004bea                entry_ck_token_initialize
                0x0000000000004da4                entry_ck_init_pin
                0x0000000000004e58                entry_ck_set_pin
                0x0000000000004f2e                entry_ck_login
                0x000000000000507e                entry_ck_logout
                0x0000000000005156                entry_ck_seed_random
                0x000000000000524c                entry_ck_generate_random
 .text          0x00000000000052f4      0xe18 build/ta/pkcs11/src/processing.o
                0x0000000000005374                release_active_processing
                0x00000000000053b0                get_object_key_bit_size
                0x0000000000005440                entry_generate_secret
                0x000000000000560c                alloc_get_tee_attribute_data
                0x0000000000005670                tee2pkcs_add_attribute
                0x00000000000056d8                entry_generate_key_pair
                0x000000000000591e                entry_processing_init
                0x0000000000005a5e                entry_processing_step
                0x0000000000005bf8                entry_processing_key
                0x0000000000005e68                entry_release_active_processing
                0x0000000000005ef0                entry_wrap_key
 .text          0x000000000000610c      0x97c build/ta/pkcs11/src/processing_asymm.o
                0x0000000000006154                processing_is_tee_asymm
                0x0000000000006184                init_asymm_operation
                0x00000000000065c0                step_asymm_operation
 .text          0x0000000000006a88      0x2f8 build/ta/pkcs11/src/processing_digest.o
                0x0000000000006a88                processing_is_tee_digest
                0x0000000000006ac8                init_digest_operation
                0x0000000000006bb0                step_digest_operation
 .text          0x0000000000006d80      0x580 build/ta/pkcs11/src/processing_ec.o
                0x0000000000006dcc                ec_params2tee_keysize
                0x0000000000006dd8                ec_params2tee_curve
                0x0000000000006e08                load_tee_ec_key_attrs
                0x0000000000006f7c                pkcs2tee_algo_ecdsa
                0x0000000000006fe8                generate_ec_keys
                0x000000000000729c                ecdsa_get_input_max_byte_size
 .text          0x0000000000007300      0x93c build/ta/pkcs11/src/processing_rsa.o
                0x0000000000007306                pkcs2tee_proc_params_rsa_pss
                0x0000000000007380                pkcs2tee_validate_rsa_pss
                0x000000000000741c                pkcs2tee_algo_rsa_pss
                0x0000000000007574                pkcs2tee_proc_params_rsa_oaep
                0x0000000000007624                pkcs2tee_algo_rsa_oaep
                0x00000000000077b0                load_tee_rsa_key_attrs
                0x0000000000007990                generate_rsa_keys
                0x0000000000007c18                rsa_get_input_max_byte_size
 .text          0x0000000000007c3c      0xec8 build/ta/pkcs11/src/processing_symm.o
                0x0000000000007d34                processing_is_tee_symm
                0x0000000000007da8                init_symm_operation
                0x0000000000008490                step_symm_operation
                0x0000000000008908                derive_key_by_symm_enc
                0x000000000000896a                wrap_data_by_symm_enc
                0x0000000000008a70                unwrap_key_by_symm
 .text          0x0000000000008b04      0x5a4 build/ta/pkcs11/src/sanitize_object.o
                0x0000000000008b6e                sanitize_consistent_class_and_type
                0x0000000000008c10                trace_attributes_from_api_head
                0x0000000000008d78                sanitize_client_object
 .text          0x00000000000090a8      0x20c build/ta/pkcs11/src/serializer.o
                0x00000000000090a8                serialargs_init
                0x00000000000090b0                serialargs_get_ptr
                0x0000000000009108                serialargs_get
                0x0000000000009190                serialargs_alloc_and_get
                0x00000000000091a6                serialargs_alloc_get_one_attribute
                0x00000000000091e6                serialargs_alloc_get_attributes
                0x0000000000009226                serialargs_remaining_bytes
                0x0000000000009238                serialargs_get_session_from_handle
                0x0000000000009266                serialize
 .text          0x00000000000092b4      0x2d8 build/ta/pkcs11/src/token_capabilities.o
                0x00000000000092b4                mechanism_string_id
                0x00000000000092e0                mechanism_is_valid
                0x0000000000009300                mechanism_flags_complies_pkcs11
                0x0000000000009384                mechanism_is_one_shot_only
                0x00000000000093b0                tee_malloc_mechanism_list
                0x0000000000009434                mechanism_supported_flags
                0x0000000000009490                pkcs11_mechanism_supported_key_sizes
                0x000000000000955a                mechanism_supported_key_sizes_bytes
 .text.__ta_entry
                0x000000000000958c        0x4 build/ta/pkcs11/ta_entry_a32.o
                0x000000000000958c                __ta_entry
 .text          0x0000000000009590       0xd8 build/export-ta_arm32/lib/libutils.a(memcpy.o)
                0x0000000000009590                memcpy
 .text          0x0000000000009668      0x6f4 build/export-ta_arm32/lib/libutils.a(snprintk.o)
                0x0000000000009668                __vsnprintf
                0x0000000000009698                vsnprintk
                0x00000000000096a6                snprintk
                0x0000000000009d44                __vsprintf
 .text          0x0000000000009d5c      0x184 build/export-ta_arm32/lib/libutils.a(trace.o)
                0x0000000000009d5c                trace_set_level
                0x0000000000009d78                trace_get_level
                0x0000000000009d8c                trace_vprintf
                0x0000000000009ec4                trace_printf
                0x0000000000009edc                dhex_dump
 .text.__aeabi_ldivmod
                0x0000000000009ee0       0x18 build/export-ta_arm32/lib/libutils.a(arm32_aeabi_ldivmod_a32.o)
                0x0000000000009ee0                __aeabi_ldivmod
 .text.__aeabi_uldivmod
                0x0000000000009ef8       0x18 build/export-ta_arm32/lib/libutils.a(arm32_aeabi_ldivmod_a32.o)
                0x0000000000009ef8                __aeabi_uldivmod
 .text          0x0000000000009f10       0x38 build/export-ta_arm32/lib/libutee.a(assert.o)
                0x0000000000009f10                _assert_log
                0x0000000000009f38                _assert_break
 .text          0x0000000000009f48      0x114 build/export-ta_arm32/lib/libutee.a(tee_uuid_from_str.o)
                0x0000000000009f94                tee_uuid_from_str
 .text          0x000000000000a05c       0x9c build/export-ta_arm32/lib/libutee.a(trace_ext.o)
                0x000000000000a05c                trace_ext_puts
                0x000000000000a070                trace_ext_get_thread_id
                0x000000000000a076                printf
                0x000000000000a0b0                puts
                0x000000000000a0d4                putchar
 .text          0x000000000000a0f8      0x4ac build/export-ta_arm32/lib/libutee.a(tee_api.o)
                0x000000000000a15e                TEE_CloseTASession
                0x000000000000a172                TEE_GetCancellationFlag
                0x000000000000a18e                TEE_UnmaskCancellation
                0x000000000000a1aa                TEE_MaskCancellation
                0x000000000000a1c6                TEE_CheckMemoryAccessRights
                0x000000000000a2fc                TEE_OpenTASession
                0x000000000000a390                TEE_InvokeTACommand
                0x000000000000a444                TEE_SetInstanceData
                0x000000000000a450                TEE_GetInstanceData
                0x000000000000a45c                TEE_MemMove
                0x000000000000a460                TEE_MemCompare
                0x000000000000a464                TEE_MemFill
                0x000000000000a468                TEE_GetSystemTime
                0x000000000000a47e                TEE_Wait
                0x000000000000a49c                TEE_GetTAPersistentTime
                0x000000000000a4d8                TEE_SetTAPersistentTime
                0x000000000000a500                TEE_GetREETime
                0x000000000000a516                TEE_Malloc
                0x000000000000a568                TEE_Free
                0x000000000000a572                TEE_Realloc
                0x000000000000a592                TEE_CacheClean
                0x000000000000a598                TEE_CacheFlush
                0x000000000000a59e                TEE_CacheInvalidate
 .text          0x000000000000a5a4      0x7e4 build/export-ta_arm32/lib/libutee.a(tee_api_objects.o)
                0x000000000000a5a4                __utee_from_attr
                0x000000000000a5ce                TEE_GetObjectInfo
                0x000000000000a5f8                TEE_GetObjectInfo1
                0x000000000000a618                TEE_RestrictObjectUsage1
                0x000000000000a638                TEE_RestrictObjectUsage
                0x000000000000a664                TEE_GetObjectBufferAttribute
                0x000000000000a6dc                TEE_GetObjectValueAttribute
                0x000000000000a778                TEE_CloseObject
                0x000000000000a78c                TEE_AllocateTransientObject
                0x000000000000a7cc                TEE_FreeTransientObject
                0x000000000000a7fc                TEE_ResetTransientObject
                0x000000000000a82c                TEE_PopulateTransientObject
                0x000000000000a8a4                TEE_InitRefAttribute
                0x000000000000a8c6                TEE_InitValueAttribute
                0x000000000000a8e8                TEE_CopyObjectAttributes1
                0x000000000000a950                TEE_CopyObjectAttributes
                0x000000000000a980                TEE_GenerateKey
                0x000000000000a9d4                TEE_OpenPersistentObject
                0x000000000000aa48                TEE_CreatePersistentObject
                0x000000000000aad4                TEE_CloseAndDeletePersistentObject1
                0x000000000000aaf8                TEE_CloseAndDeletePersistentObject
                0x000000000000ab0e                TEE_RenamePersistentObject
                0x000000000000ab48                TEE_AllocatePersistentObjectEnumerator
                0x000000000000ab7c                TEE_FreePersistentObjectEnumerator
                0x000000000000ab90                TEE_ResetPersistentObjectEnumerator
                0x000000000000aba4                TEE_StartPersistentObjectEnumerator
                0x000000000000abd0                TEE_GetNextPersistentObject
                0x000000000000ac40                TEE_ReadObjectData
                0x000000000000ac94                TEE_WriteObjectData
                0x000000000000acd4                TEE_TruncateObjectData
                0x000000000000ad0c                TEE_SeekObjectData
 .text          0x000000000000ad88     0x1b98 build/export-ta_arm32/lib/libutee.a(tee_api_operations.o)
                0x000000000000aee0                TEE_FreeOperation
                0x000000000000af06                TEE_AllocateOperation
                0x000000000000b688                TEE_GetOperationInfo
                0x000000000000b6b8                TEE_GetOperationInfoMultiple
                0x000000000000b790                TEE_ResetOperation
                0x000000000000b7d0                TEE_SetOperationKey
                0x000000000000b868                TEE_SetOperationKey2
                0x000000000000b95c                TEE_CopyOperation
                0x000000000000ba10                TEE_DigestUpdate
                0x000000000000ba40                TEE_DigestDoFinal
                0x000000000000bac4                TEE_CipherInit
                0x000000000000bb38                TEE_CipherUpdate
                0x000000000000bc24                TEE_CipherDoFinal
                0x000000000000bd5c                TEE_MACInit
                0x000000000000bdb2                TEE_MACUpdate
                0x000000000000be00                TEE_MACComputeFinal
                0x000000000000be7c                TEE_MACCompareFinal
                0x000000000000bf00                TEE_AEInit
                0x000000000000bf70                TEE_AEUpdateAAD
                0x000000000000bfb6                TEE_AEUpdate
                0x000000000000c090                TEE_AEEncryptFinal
                0x000000000000c1ac                TEE_AEDecryptFinal
                0x000000000000c2a8                TEE_AsymmetricEncrypt
                0x000000000000c368                TEE_AsymmetricDecrypt
                0x000000000000c428                TEE_AsymmetricSignDigest
                0x000000000000c4e4                TEE_AsymmetricVerifyDigest
                0x000000000000c58c                TEE_DeriveKey
                0x000000000000c66c                TEE_GenerateRandom
                0x000000000000c67e                rand
                0x000000000000c696                TEE_IsAlgorithmSupported
 .text          0x000000000000c920       0xd8 build/export-ta_arm32/lib/libutee.a(tee_api_panic.o)
                0x000000000000c940                TEE_Panic
                0x000000000000c94e                __utee_check_outbuf_annotation
                0x000000000000c97c                __utee_check_instring_annotation
                0x000000000000c994                __utee_check_outstring_annotation
                0x000000000000c9c0                __utee_check_out_annotation
                0x000000000000c9d2                __utee_check_attr_in_annotation
                0x000000000000c9e6                __utee_check_inout_annotation
 .text          0x000000000000c9f8      0x65c build/export-ta_arm32/lib/libutee.a(tee_api_property.o)
                0x000000000000cbd4                TEE_GetPropertyAsString
                0x000000000000cd24                TEE_GetPropertyAsBool
                0x000000000000cd84                TEE_GetPropertyAsU32
                0x000000000000cde8                TEE_GetPropertyAsBinaryBlock
                0x000000000000ce50                TEE_GetPropertyAsUUID
                0x000000000000ceb4                TEE_GetPropertyAsIdentity
                0x000000000000cf18                TEE_ResetPropertyEnumerator
                0x000000000000cf20                TEE_AllocatePropertyEnumerator
                0x000000000000cf48                TEE_FreePropertyEnumerator
                0x000000000000cf4c                TEE_StartPropertyEnumerator
                0x000000000000cf56                TEE_GetPropertyName
                0x000000000000cfec                TEE_GetNextProperty
 .text          0x000000000000d054      0x15c build/export-ta_arm32/lib/libutee.a(tee_system_pta.o)
                0x000000000000d0a4                tee_map_zi
                0x000000000000d0da                tee_unmap
                0x000000000000d128                tee_invoke_supp_plugin
 .text          0x000000000000d1b0        0x0 build/export-ta_arm32/lib/libutee.a(utee_syscalls_a32.o)
 .text._utee_panic
                0x000000000000d1b0       0x14 build/export-ta_arm32/lib/libutee.a(utee_syscalls_a32.o)
                0x000000000000d1b0                _utee_panic
 .text._utee_return
                0x000000000000d1c4       0x14 build/export-ta_arm32/lib/libutee.a(utee_syscalls_a32.o)
                0x000000000000d1c4                _utee_return
 .text._utee_log
                0x000000000000d1d8       0x14 build/export-ta_arm32/lib/libutee.a(utee_syscalls_a32.o)
                0x000000000000d1d8                _utee_log
 .text.__utee_panic
                0x000000000000d1ec       0x14 build/export-ta_arm32/lib/libutee.a(utee_syscalls_a32.o)
                0x000000000000d1ec                __utee_panic
 .text._utee_get_property
                0x000000000000d200       0x18 build/export-ta_arm32/lib/libutee.a(utee_syscalls_a32.o)
                0x000000000000d200                _utee_get_property
 .text._utee_get_property_name_to_index
                0x000000000000d218       0x14 build/export-ta_arm32/lib/libutee.a(utee_syscalls_a32.o)
                0x000000000000d218                _utee_get_property_name_to_index
 .text._utee_open_ta_session
                0x000000000000d22c       0x18 build/export-ta_arm32/lib/libutee.a(utee_syscalls_a32.o)
                0x000000000000d22c                _utee_open_ta_session
 .text._utee_close_ta_session
                0x000000000000d244       0x14 build/export-ta_arm32/lib/libutee.a(utee_syscalls_a32.o)
                0x000000000000d244                _utee_close_ta_session
 .text._utee_invoke_ta_command
                0x000000000000d258       0x18 build/export-ta_arm32/lib/libutee.a(utee_syscalls_a32.o)
                0x000000000000d258                _utee_invoke_ta_command
 .text._utee_get_cancellation_flag
                0x000000000000d270       0x14 build/export-ta_arm32/lib/libutee.a(utee_syscalls_a32.o)
                0x000000000000d270                _utee_get_cancellation_flag
 .text._utee_check_access_rights
                0x000000000000d284       0x14 build/export-ta_arm32/lib/libutee.a(utee_syscalls_a32.o)
                0x000000000000d284                _utee_check_access_rights
 .text._utee_unmask_cancellation
                0x000000000000d298       0x14 build/export-ta_arm32/lib/libutee.a(utee_syscalls_a32.o)
                0x000000000000d298                _utee_unmask_cancellation
 .text._utee_mask_cancellation
                0x000000000000d2ac       0x14 build/export-ta_arm32/lib/libutee.a(utee_syscalls_a32.o)
                0x000000000000d2ac                _utee_mask_cancellation
 .text._utee_wait
                0x000000000000d2c0       0x14 build/export-ta_arm32/lib/libutee.a(utee_syscalls_a32.o)
                0x000000000000d2c0                _utee_wait
 .text._utee_get_time
                0x000000000000d2d4       0x14 build/export-ta_arm32/lib/libutee.a(utee_syscalls_a32.o)
                0x000000000000d2d4                _utee_get_time
 .text._utee_set_ta_time
                0x000000000000d2e8       0x14 build/export-ta_arm32/lib/libutee.a(utee_syscalls_a32.o)
                0x000000000000d2e8                _utee_set_ta_time
 .text._utee_cryp_state_alloc
                0x000000000000d2fc       0x18 build/export-ta_arm32/lib/libutee.a(utee_syscalls_a32.o)
                0x000000000000d2fc                _utee_cryp_state_alloc
 .text._utee_cryp_state_copy
                0x000000000000d314       0x14 build/export-ta_arm32/lib/libutee.a(utee_syscalls_a32.o)
                0x000000000000d314                _utee_cryp_state_copy
 .text._utee_cryp_state_free
                0x000000000000d328       0x14 build/export-ta_arm32/lib/libutee.a(utee_syscalls_a32.o)
                0x000000000000d328                _utee_cryp_state_free
 .text._utee_hash_init
                0x000000000000d33c       0x14 build/export-ta_arm32/lib/libutee.a(utee_syscalls_a32.o)
                0x000000000000d33c                _utee_hash_init
 .text._utee_hash_update
                0x000000000000d350       0x14 build/export-ta_arm32/lib/libutee.a(utee_syscalls_a32.o)
                0x000000000000d350                _utee_hash_update
 .text._utee_hash_final
                0x000000000000d364       0x18 build/export-ta_arm32/lib/libutee.a(utee_syscalls_a32.o)
                0x000000000000d364                _utee_hash_final
 .text._utee_cipher_init
                0x000000000000d37c       0x14 build/export-ta_arm32/lib/libutee.a(utee_syscalls_a32.o)
                0x000000000000d37c                _utee_cipher_init
 .text._utee_cipher_update
                0x000000000000d390       0x18 build/export-ta_arm32/lib/libutee.a(utee_syscalls_a32.o)
                0x000000000000d390                _utee_cipher_update
 .text._utee_cipher_final
                0x000000000000d3a8       0x18 build/export-ta_arm32/lib/libutee.a(utee_syscalls_a32.o)
                0x000000000000d3a8                _utee_cipher_final
 .text._utee_cryp_obj_get_info
                0x000000000000d3c0       0x14 build/export-ta_arm32/lib/libutee.a(utee_syscalls_a32.o)
                0x000000000000d3c0                _utee_cryp_obj_get_info
 .text._utee_cryp_obj_restrict_usage
                0x000000000000d3d4       0x14 build/export-ta_arm32/lib/libutee.a(utee_syscalls_a32.o)
                0x000000000000d3d4                _utee_cryp_obj_restrict_usage
 .text._utee_cryp_obj_get_attr
                0x000000000000d3e8       0x14 build/export-ta_arm32/lib/libutee.a(utee_syscalls_a32.o)
                0x000000000000d3e8                _utee_cryp_obj_get_attr
 .text._utee_cryp_obj_alloc
                0x000000000000d3fc       0x14 build/export-ta_arm32/lib/libutee.a(utee_syscalls_a32.o)
                0x000000000000d3fc                _utee_cryp_obj_alloc
 .text._utee_cryp_obj_close
                0x000000000000d410       0x14 build/export-ta_arm32/lib/libutee.a(utee_syscalls_a32.o)
                0x000000000000d410                _utee_cryp_obj_close
 .text._utee_cryp_obj_reset
                0x000000000000d424       0x14 build/export-ta_arm32/lib/libutee.a(utee_syscalls_a32.o)
                0x000000000000d424                _utee_cryp_obj_reset
 .text._utee_cryp_obj_populate
                0x000000000000d438       0x14 build/export-ta_arm32/lib/libutee.a(utee_syscalls_a32.o)
                0x000000000000d438                _utee_cryp_obj_populate
 .text._utee_cryp_obj_copy
                0x000000000000d44c       0x14 build/export-ta_arm32/lib/libutee.a(utee_syscalls_a32.o)
                0x000000000000d44c                _utee_cryp_obj_copy
 .text._utee_cryp_derive_key
                0x000000000000d460       0x14 build/export-ta_arm32/lib/libutee.a(utee_syscalls_a32.o)
                0x000000000000d460                _utee_cryp_derive_key
 .text._utee_cryp_random_number_generate
                0x000000000000d474       0x14 build/export-ta_arm32/lib/libutee.a(utee_syscalls_a32.o)
                0x000000000000d474                _utee_cryp_random_number_generate
 .text._utee_authenc_init
                0x000000000000d488       0x18 build/export-ta_arm32/lib/libutee.a(utee_syscalls_a32.o)
                0x000000000000d488                _utee_authenc_init
 .text._utee_authenc_update_aad
                0x000000000000d4a0       0x14 build/export-ta_arm32/lib/libutee.a(utee_syscalls_a32.o)
                0x000000000000d4a0                _utee_authenc_update_aad
 .text._utee_authenc_update_payload
                0x000000000000d4b4       0x18 build/export-ta_arm32/lib/libutee.a(utee_syscalls_a32.o)
                0x000000000000d4b4                _utee_authenc_update_payload
 .text._utee_authenc_enc_final
                0x000000000000d4cc       0x18 build/export-ta_arm32/lib/libutee.a(utee_syscalls_a32.o)
                0x000000000000d4cc                _utee_authenc_enc_final
 .text._utee_authenc_dec_final
                0x000000000000d4e4       0x18 build/export-ta_arm32/lib/libutee.a(utee_syscalls_a32.o)
                0x000000000000d4e4                _utee_authenc_dec_final
 .text._utee_asymm_operate
                0x000000000000d4fc       0x18 build/export-ta_arm32/lib/libutee.a(utee_syscalls_a32.o)
                0x000000000000d4fc                _utee_asymm_operate
 .text._utee_asymm_verify
                0x000000000000d514       0x18 build/export-ta_arm32/lib/libutee.a(utee_syscalls_a32.o)
                0x000000000000d514                _utee_asymm_verify
 .text._utee_storage_obj_open
                0x000000000000d52c       0x18 build/export-ta_arm32/lib/libutee.a(utee_syscalls_a32.o)
                0x000000000000d52c                _utee_storage_obj_open
 .text._utee_storage_obj_create
                0x000000000000d544       0x18 build/export-ta_arm32/lib/libutee.a(utee_syscalls_a32.o)
                0x000000000000d544                _utee_storage_obj_create
 .text._utee_storage_obj_del
                0x000000000000d55c       0x14 build/export-ta_arm32/lib/libutee.a(utee_syscalls_a32.o)
                0x000000000000d55c                _utee_storage_obj_del
 .text._utee_storage_obj_rename
                0x000000000000d570       0x14 build/export-ta_arm32/lib/libutee.a(utee_syscalls_a32.o)
                0x000000000000d570                _utee_storage_obj_rename
 .text._utee_storage_alloc_enum
                0x000000000000d584       0x14 build/export-ta_arm32/lib/libutee.a(utee_syscalls_a32.o)
                0x000000000000d584                _utee_storage_alloc_enum
 .text._utee_storage_free_enum
                0x000000000000d598       0x14 build/export-ta_arm32/lib/libutee.a(utee_syscalls_a32.o)
                0x000000000000d598                _utee_storage_free_enum
 .text._utee_storage_reset_enum
                0x000000000000d5ac       0x14 build/export-ta_arm32/lib/libutee.a(utee_syscalls_a32.o)
                0x000000000000d5ac                _utee_storage_reset_enum
 .text._utee_storage_start_enum
                0x000000000000d5c0       0x14 build/export-ta_arm32/lib/libutee.a(utee_syscalls_a32.o)
                0x000000000000d5c0                _utee_storage_start_enum
 .text._utee_storage_next_enum
                0x000000000000d5d4       0x14 build/export-ta_arm32/lib/libutee.a(utee_syscalls_a32.o)
                0x000000000000d5d4                _utee_storage_next_enum
 .text._utee_storage_obj_read
                0x000000000000d5e8       0x14 build/export-ta_arm32/lib/libutee.a(utee_syscalls_a32.o)
                0x000000000000d5e8                _utee_storage_obj_read
 .text._utee_storage_obj_write
                0x000000000000d5fc       0x14 build/export-ta_arm32/lib/libutee.a(utee_syscalls_a32.o)
                0x000000000000d5fc                _utee_storage_obj_write
 .text._utee_storage_obj_trunc
                0x000000000000d610       0x14 build/export-ta_arm32/lib/libutee.a(utee_syscalls_a32.o)
                0x000000000000d610                _utee_storage_obj_trunc
 .text._utee_storage_obj_seek
                0x000000000000d624       0x14 build/export-ta_arm32/lib/libutee.a(utee_syscalls_a32.o)
                0x000000000000d624                _utee_storage_obj_seek
 .text._utee_cryp_obj_generate_key
                0x000000000000d638       0x14 build/export-ta_arm32/lib/libutee.a(utee_syscalls_a32.o)
                0x000000000000d638                _utee_cryp_obj_generate_key
 .text._utee_cache_operation
                0x000000000000d64c       0x14 build/export-ta_arm32/lib/libutee.a(utee_syscalls_a32.o)
                0x000000000000d64c                _utee_cache_operation
 .text          0x000000000000d660      0x47c build/export-ta_arm32/lib/libutee.a(user_ta_entry.o)
                0x000000000000d810                __utee_call_elf_init_fn
                0x000000000000d8c8                __utee_call_elf_fini_fn
                0x000000000000d944                __utee_entry
 .text.unlikely
                0x000000000000dadc       0x18 build/export-ta_arm32/lib/libutee.a(abort.o)
                0x000000000000dadc                abort
 .text          0x000000000000daf4      0x19c build/export-ta_arm32/lib/libutee.a(base64.o)
                0x000000000000daf4                _base64_enc_len
                0x000000000000db02                _base64_enc
                0x000000000000dbcc                _base64_dec
 .text          0x000000000000dc90     0x11c8 build/export-ta_arm32/lib/libutee.a(tee_api_arith_mpi.o)
                0x000000000000e288                _TEE_MathAPI_Init
                0x000000000000e2cc                TEE_BigIntInit
                0x000000000000e304                TEE_BigIntConvertFromOctetString
                0x000000000000e35c                TEE_BigIntConvertToOctetString
                0x000000000000e3b4                TEE_BigIntConvertFromS32
                0x000000000000e404                TEE_BigIntConvertToS32
                0x000000000000e460                TEE_BigIntCmp
                0x000000000000e496                TEE_BigIntCmpS32
                0x000000000000e5c8                TEE_BigIntShiftRight
                0x000000000000e6d8                TEE_BigIntGetBit
                0x000000000000e702                TEE_BigIntGetBitCount
                0x000000000000e724                TEE_BigIntAdd
                0x000000000000e740                TEE_BigIntSub
                0x000000000000e75c                TEE_BigIntNeg
                0x000000000000e7d0                TEE_BigIntMul
                0x000000000000e874                TEE_BigIntSquare
                0x000000000000e87a                TEE_BigIntDiv
                0x000000000000e968                TEE_BigIntMod
                0x000000000000e9b8                TEE_BigIntAddMod
                0x000000000000e9d4                TEE_BigIntSubMod
                0x000000000000e9f0                TEE_BigIntMulMod
                0x000000000000ea0c                TEE_BigIntSquareMod
                0x000000000000ea14                TEE_BigIntInvMod
                0x000000000000ead4                TEE_BigIntRelativePrime
                0x000000000000eb50                TEE_BigIntComputeExtendedGcd
                0x000000000000ecec                TEE_BigIntIsProbablePrime
                0x000000000000ed1c                TEE_BigIntInitFMM
                0x000000000000ed20                TEE_BigIntInitFMMContext
                0x000000000000ed22                TEE_BigIntFMMSizeInU32
                0x000000000000ed2a                TEE_BigIntFMMContextSizeInU32
                0x000000000000ed2e                TEE_BigIntConvertToFMM
                0x000000000000ed32                TEE_BigIntConvertFromFMM
                0x000000000000ed98                TEE_BigIntComputeFMM
 .text          0x000000000000ee58      0x23c build/export-ta_arm32/lib/libutee.a(tcb.o)
                0x000000000000ee58                __utee_tcb_init
                0x000000000000efd4                __tls_get_addr
                0x000000000000efec                dl_iterate_phdr
 .text          0x000000000000f094     0x29ec build/export-ta_arm32/lib/libmbedtls.a(bignum.o)
                0x000000000000f638                mbedtls_mpi_init
                0x000000000000f644                mbedtls_mpi_init_mempool
                0x000000000000f66c                mbedtls_mpi_free
                0x000000000000f6b0                mbedtls_mpi_grow
                0x000000000000f77e                mbedtls_mpi_shrink
                0x000000000000f834                mbedtls_mpi_copy
                0x000000000000f89a                mbedtls_mpi_swap
                0x000000000000f8c8                mbedtls_mpi_safe_cond_assign
                0x000000000000f92c                mbedtls_mpi_safe_cond_swap
                0x000000000000f9c0                mbedtls_mpi_lset
                0x000000000000f9f8                mbedtls_mpi_get_bit
                0x000000000000fa18                mbedtls_mpi_set_bit
                0x000000000000fa68                mbedtls_mpi_lsb
                0x000000000000fa9c                mbedtls_mpi_bitlen
                0x000000000000fad2                mbedtls_mpi_size
                0x000000000000fade                mbedtls_mpi_read_binary_le
                0x000000000000fb22                mbedtls_mpi_read_binary
                0x000000000000fb64                mbedtls_mpi_write_binary_le
                0x000000000000fbce                mbedtls_mpi_write_binary
                0x000000000000fc38                mbedtls_mpi_shift_l
                0x000000000000fcdc                mbedtls_mpi_shift_r
                0x000000000000fd54                mbedtls_mpi_cmp_abs
                0x000000000000fdb6                mbedtls_mpi_cmp_mpi
                0x000000000000fe3c                mbedtls_mpi_lt_mpi_ct
                0x000000000000fede                mbedtls_mpi_cmp_int
                0x000000000000ff0c                mbedtls_mpi_add_abs
                0x000000000000ffba                mbedtls_mpi_sub_abs
                0x000000000001009c                mbedtls_mpi_add_mpi
                0x00000000000100e4                mbedtls_mpi_sub_mpi
                0x000000000001012e                mbedtls_mpi_add_int
                0x000000000001015c                mbedtls_mpi_sub_int
                0x000000000001018a                mbedtls_mpi_mul_mpi
                0x0000000000010270                mbedtls_mpi_mul_int
                0x00000000000102cc                mbedtls_mpi_read_string
                0x00000000000103e8                mbedtls_mpi_div_mpi
                0x000000000001074c                mbedtls_mpi_div_int
                0x000000000001077a                mbedtls_mpi_mod_mpi
                0x00000000000107de                mbedtls_mpi_mod_int
                0x000000000001084c                mbedtls_mpi_write_string
                0x0000000000010a00                mbedtls_mpi_montg_init
                0x0000000000010a06                mbedtls_mpi_montmul
                0x0000000000010a0a                mbedtls_mpi_montred
                0x0000000000010a0e                mbedtls_mpi_exp_mod
                0x0000000000010e74                mbedtls_mpi_gcd
                0x0000000000010f74                mbedtls_mpi_fill_random
                0x000000000001113a                mbedtls_mpi_random
                0x0000000000011220                mbedtls_mpi_inv_mod
                0x0000000000011506                mbedtls_mpi_is_prime_ext
                0x000000000001156a                mbedtls_mpi_is_prime
                0x0000000000011574                mbedtls_mpi_gen_prime
                0x0000000000011784                mbedtls_mpi_self_test
 .text          0x0000000000011a80       0x14 build/export-ta_arm32/lib/libmbedtls.a(platform_util.o)
                0x0000000000011a80                mbedtls_platform_zeroize
 .text          0x0000000000011a94      0x9b0 build/export-ta_arm32/lib/libutils.a(bget_malloc.o)
                0x0000000000011ab4                bget
                0x0000000000011cb8                bgetz
                0x0000000000011d18                brel
                0x0000000000011f20                bgetr
                0x0000000000011fa4                bpool
                0x0000000000012040                bstats
                0x00000000000120a4                malloc_reset_stats
                0x00000000000120b8                malloc_get_stats
                0x00000000000120d4                raw_memalign
                0x0000000000012118                raw_malloc
                0x000000000001212a                raw_free
                0x0000000000012132                raw_calloc
                0x000000000001217a                raw_realloc
                0x0000000000012240                malloc
                0x0000000000012254                calloc
                0x0000000000012274                realloc
                0x0000000000012290                memalign
                0x00000000000122b0                free
                0x00000000000122c0                free_wipe
                0x00000000000122d0                raw_malloc_get_ctx_size
                0x00000000000122d4                raw_malloc_init_ctx
                0x00000000000122e6                raw_malloc_add_pool
                0x00000000000122e8                raw_malloc_get_stats
                0x0000000000012300                malloc_add_pool
                0x0000000000012310                malloc_buffer_is_within_alloced
                0x00000000000123f0                malloc_buffer_overlaps_heap
 .text          0x0000000000012444       0xf0 build/export-ta_arm32/lib/libutils.a(mempool.o)
                0x0000000000012444                mempool_alloc_pool
                0x00000000000124c8                mempool_alloc
                0x0000000000012504                mempool_calloc
                0x0000000000012528                mempool_free
 .text          0x0000000000012534       0xce build/ta/pkcs11/src/handle.o
                0x0000000000012534                handle_db_init
                0x000000000001253c                handle_db_destroy
                0x0000000000012550                handle_get
                0x00000000000125ac                handle_put
                0x00000000000125c8                handle_lookup
                0x00000000000125de                handle_lookup_handle
 .text          0x0000000000012602       0x6c build/ta/pkcs11/src/processing_aes.o
                0x0000000000012602                tee_init_ctr_operation
 .text          0x000000000001266e        0xe build/ta/pkcs11/user_ta_header.o
                0x000000000001266e                __ta_entry_c
                0x0000000000012678                tahead_get_trace_level
 .text          0x000000000001267c       0x2c build/export-ta_arm32/lib/libutils.a(snprintf.o)
                0x000000000001267c                snprintf
                0x000000000001269a                vsnprintf
 .text          0x00000000000126a8       0x10 build/export-ta_arm32/lib/libutils.a(memset.o)
                0x00000000000126a8                memset
 .text          0x00000000000126b8       0x1a build/export-ta_arm32/lib/libutils.a(strchr.o)
                0x00000000000126b8                strchr
 .text          0x00000000000126d2       0x16 build/export-ta_arm32/lib/libutils.a(strcmp.o)
                0x00000000000126d2                strcmp
 .text          0x00000000000126e8       0x10 build/export-ta_arm32/lib/libutils.a(strcpy.o)
                0x00000000000126e8                strcpy
 .text          0x00000000000126f8       0x10 build/export-ta_arm32/lib/libutils.a(strlen.o)
                0x00000000000126f8                strlen
 .text          0x0000000000012708       0x18 build/export-ta_arm32/lib/libutils.a(strnlen.o)
                0x0000000000012708                strnlen
 .text          0x0000000000012720       0x32 build/export-ta_arm32/lib/libutils.a(strstr.o)
                0x0000000000012720                strstr
 .text          0x0000000000012752       0x48 build/export-ta_arm32/lib/libutils.a(consttime_memcmp.o)
                0x0000000000012752                consttime_memcmp
 .text          0x000000000001279a       0x1c build/export-ta_arm32/lib/libutils.a(memchr.o)
                0x000000000001279a                memchr
 .text          0x00000000000127b6      0x136 build/export-ta_arm32/lib/libutils.a(arm32_aeabi_ldivmod.o)
                0x0000000000012840                __ul_divmod
                0x000000000001287a                __l_divmod
 .text          0x00000000000128ec       0x1c build/export-ta_arm32/lib/libutils.a(isxdigit.o)
                0x00000000000128ec                isxdigit
 .text          0x0000000000012908        0xc build/export-ta_arm32/lib/libutils.a(tolower.o)
                0x0000000000012908                tolower
 .text          0x0000000000012914       0x34 build/export-ta_arm32/lib/libutils.a(memmove.o)
                0x0000000000012914                memmove
 .text          0x0000000000012948       0x2a build/export-ta_arm32/lib/libutils.a(strlcpy.o)
                0x0000000000012948                strlcpy
 .text          0x0000000000012972        0x0 build/ta/pkcs11/ta_entry_a32.o
 .text          0x0000000000012972        0x0 build/export-ta_arm32/lib/libutils.a(arm32_aeabi_ldivmod_a32.o)
 .text          0x0000000000012972        0x0 build/export-ta_arm32/lib/libutee.a(abort.o)
 *fill*         0x0000000000012972        0x6 
 .text.__stub   0x0000000000012978       0x40 linker stubs
 *(SORT_BY_ALIGNMENT(.stub))
 *(SORT_BY_ALIGNMENT(.glue_7))
 .glue_7        0x00000000000129b8        0x0 linker stubs
 *(SORT_BY_ALIGNMENT(.glue_7t))
 .glue_7t       0x00000000000129b8        0x0 linker stubs
 *(SORT_BY_ALIGNMENT(.gnu.linkonce.t.*))
 *(SORT_BY_ALIGNMENT(.vfp11_veneer))
 .vfp11_veneer  0x00000000000129b8        0x0 linker stubs
                0x00000000000129b8                __text_end = .

.v4_bx          0x00000000000129b8        0x0
 .v4_bx         0x00000000000129b8        0x0 linker stubs

.iplt           0x00000000000129b8        0x0
 .iplt          0x00000000000129b8        0x0 build/ta/pkcs11/src/attributes.o

.note.gnu.property
 *(SORT_BY_ALIGNMENT(.note.gnu.property))

.plt            0x00000000000129b8        0x0
 *(SORT_BY_ALIGNMENT(.plt))
 .plt           0x00000000000129b8        0x0 build/ta/pkcs11/src/attributes.o

.eh_frame_hdr
 *(SORT_BY_ALIGNMENT(.eh_frame_hdr))
 *(SORT_BY_ALIGNMENT(.eh_frame_entry) SORT_BY_ALIGNMENT(.eh_frame_entry.*))

.eh_frame
 *(SORT_BY_ALIGNMENT(.eh_frame))
 *(SORT_BY_ALIGNMENT(.eh_frame.*))

.gcc_except_table
 *(SORT_BY_ALIGNMENT(.gcc_except_table) SORT_BY_ALIGNMENT(.gcc_except_table.*))

.rodata         0x00000000000129b8     0x57db
 *(SORT_BY_ALIGNMENT(.gnu.linkonce.r.*))
 *(SORT_BY_ALIGNMENT(.rodata) SORT_BY_ALIGNMENT(.rodata.*))
 .rodata.ta/pkcs11/src/pkcs11_attributes.c
                0x00000000000129b8      0x360 build/ta/pkcs11/src/pkcs11_attributes.o
                0x0000000000012d0c                raw_data_opt_or_null
 .rodata.ta/pkcs11/src/pkcs11_helpers.c
                0x0000000000012d18       0xaa build/ta/pkcs11/src/pkcs11_helpers.o
 *fill*         0x0000000000012dc2        0x2 
 .rodata.ta/pkcs11/src/pkcs11_token.c
                0x0000000000012dc4      0x122 build/ta/pkcs11/src/pkcs11_token.o
 *fill*         0x0000000000012ee6        0x2 
 .rodata.ta/pkcs11/src/processing_asymm.c
                0x0000000000012ee8      0x150 build/ta/pkcs11/src/processing_asymm.o
 .rodata.ta/pkcs11/src/processing_digest.c
                0x0000000000013038       0x76 build/ta/pkcs11/src/processing_digest.o
 *fill*         0x00000000000130ae        0x2 
 .rodata.ta/pkcs11/src/processing_symm.c
                0x00000000000130b0      0x232 build/ta/pkcs11/src/processing_symm.o
 *fill*         0x00000000000132e2        0x2 
 .rodata.build/export-ta_arm32/src/user_ta_header.c
                0x00000000000132e4       0x17 build/ta/pkcs11/user_ta_header.o
                0x00000000000132e4                ta_num_props
                0x00000000000132f4                ta_heap_size
                0x00000000000132f8                trace_ext_prefix
 *fill*         0x00000000000132fb        0x1 
 .rodata.lib/libutee/tee_api_property.c
                0x00000000000132fc       0x10 build/export-ta_arm32/lib/libutee.a(tee_api_property.o)
 .rodata.lib/libutee/tee_system_pta.c
                0x000000000001330c       0x31 build/export-ta_arm32/lib/libutee.a(tee_system_pta.o)
 *fill*         0x000000000001333d        0x3 
 .rodata.lib/libmbedtls/mbedtls/library/bignum.c
                0x0000000000013340      0x2c4 build/export-ta_arm32/lib/libmbedtls.a(bignum.o)
 .rodata.str1.1.ta/pkcs11/src/attributes.c
                0x0000000000013604       0x74 build/ta/pkcs11/src/attributes.o
 .rodata.ta/pkcs11/src/attributes.c
                0x0000000000013678       0x2d build/ta/pkcs11/src/attributes.o
 .rodata.str1.1.ta/pkcs11/src/entry.c
                0x00000000000136a5       0x1d build/ta/pkcs11/src/entry.o
 .rodata.ta/pkcs11/src/entry.c
                0x00000000000136c2       0x1b build/ta/pkcs11/src/entry.o
 .rodata.str1.1.ta/pkcs11/src/object.c
                0x00000000000136dd       0x6e build/ta/pkcs11/src/object.o
                                         0x78 (size before relaxing)
 .rodata.ta/pkcs11/src/object.c
                0x000000000001374b       0x27 build/ta/pkcs11/src/object.o
 .rodata.str1.1.ta/pkcs11/src/persistent_token.c
                0x0000000000013772      0x259 build/ta/pkcs11/src/persistent_token.o
 .rodata.ta/pkcs11/src/persistent_token.c
                0x00000000000139cb       0xea build/ta/pkcs11/src/persistent_token.o
 .rodata.str1.1.ta/pkcs11/src/pkcs11_attributes.c
                0x0000000000013ab5      0x562 build/ta/pkcs11/src/pkcs11_attributes.o
 .rodata.str1.1.ta/pkcs11/src/pkcs11_helpers.c
                0x0000000000014017     0x18f7 build/ta/pkcs11/src/pkcs11_helpers.o
                                       0x1a2b (size before relaxing)
 .rodata.str1.1.ta/pkcs11/src/pkcs11_token.c
                0x000000000001590e      0x139 build/ta/pkcs11/src/pkcs11_token.o
                                        0x16f (size before relaxing)
 .rodata.str1.1.ta/pkcs11/src/processing.c
                0x0000000000015a47       0x3f build/ta/pkcs11/src/processing.o
                                         0x62 (size before relaxing)
 .rodata.ta/pkcs11/src/processing.c
                0x0000000000015a86       0x4c build/ta/pkcs11/src/processing.o
 .rodata.str1.1.ta/pkcs11/src/processing_asymm.c
                0x0000000000015ad2      0x1ea build/ta/pkcs11/src/processing_asymm.o
                                        0x219 (size before relaxing)
 .rodata.str1.1.ta/pkcs11/src/processing_digest.c
                0x0000000000015cbc      0x11c build/ta/pkcs11/src/processing_digest.o
 .rodata.str1.1.ta/pkcs11/src/processing_ec.c
                0x0000000000015dd8      0x11a build/ta/pkcs11/src/processing_ec.o
                                        0x11c (size before relaxing)
 .rodata.ta/pkcs11/src/processing_ec.c
                0x0000000000015ef2      0x643 build/ta/pkcs11/src/processing_ec.o
 .rodata.str1.1.ta/pkcs11/src/processing_rsa.c
                0x0000000000016535       0x89 build/ta/pkcs11/src/processing_rsa.o
                                         0xa9 (size before relaxing)
 .rodata.ta/pkcs11/src/processing_rsa.c
                0x00000000000165be       0x5a build/ta/pkcs11/src/processing_rsa.o
 .rodata.str1.1.ta/pkcs11/src/processing_symm.c
                0x0000000000016618      0x107 build/ta/pkcs11/src/processing_symm.o
                                        0x160 (size before relaxing)
 .rodata.str1.1.ta/pkcs11/src/sanitize_object.c
                0x000000000001671f       0xfe build/ta/pkcs11/src/sanitize_object.o
                                        0x110 (size before relaxing)
 .rodata.ta/pkcs11/src/sanitize_object.c
                0x000000000001681d       0x78 build/ta/pkcs11/src/sanitize_object.o
 .rodata.str1.1.ta/pkcs11/src/serializer.c
                0x0000000000016895       0x30 build/ta/pkcs11/src/serializer.o
 .rodata.ta/pkcs11/src/serializer.c
                0x00000000000168c5       0x13 build/ta/pkcs11/src/serializer.o
 .rodata.str1.1.ta/pkcs11/src/token_capabilities.c
                0x00000000000168d8      0xadd build/ta/pkcs11/src/token_capabilities.o
 .rodata.ta/pkcs11/src/token_capabilities.c
                0x00000000000173b5       0x54 build/ta/pkcs11/src/token_capabilities.o
 .rodata.str1.1.build/export-ta_arm32/src/user_ta_header.c
                0x0000000000017409       0xa8 build/ta/pkcs11/user_ta_header.o
 .rodata.str1.1.lib/libutils/ext/snprintk.c
                0x00000000000174b1       0x38 build/export-ta_arm32/lib/libutils.a(snprintk.o)
 .rodata.lib/libutils/ext/snprintk.c
                0x00000000000174e9       0x22 build/export-ta_arm32/lib/libutils.a(snprintk.o)
 .rodata.str1.1.lib/libutils/ext/trace.c
                0x000000000001750b       0x1a build/export-ta_arm32/lib/libutils.a(trace.o)
                                         0x1b (size before relaxing)
 .rodata.lib/libutils/ext/trace.c
                0x0000000000017525        0x5 build/export-ta_arm32/lib/libutils.a(trace.o)
 .rodata.str1.1.lib/libutee/assert.c
                0x000000000001752a       0x27 build/export-ta_arm32/lib/libutee.a(assert.o)
 .rodata.str1.1.lib/libutee/trace_ext.c
                0x0000000000017551       0x27 build/export-ta_arm32/lib/libutee.a(trace_ext.o)
                                          0x2 (size before relaxing)
 .rodata.str1.1.lib/libutee/tee_api.c
                0x0000000000017551       0x11 build/export-ta_arm32/lib/libutee.a(tee_api.o)
 .rodata.lib/libutee/tee_api.c
                0x0000000000017562        0xb build/export-ta_arm32/lib/libutee.a(tee_api.o)
 .rodata.str1.1.lib/libutee/tee_api_property.c
                0x000000000001756d       0x94 build/export-ta_arm32/lib/libutee.a(tee_api_property.o)
                                         0x9c (size before relaxing)
 .rodata.str1.1.lib/libutee/tee_system_pta.c
                0x0000000000017601       0x55 build/export-ta_arm32/lib/libutee.a(tee_system_pta.o)
 .rodata.str1.1.lib/libutee/arch/arm/user_ta_entry.c
                0x0000000000017656       0x19 build/export-ta_arm32/lib/libutee.a(user_ta_entry.o)
 .rodata.lib/libutee/arch/arm/user_ta_entry.c
                0x000000000001766f       0x16 build/export-ta_arm32/lib/libutee.a(user_ta_entry.o)
 .rodata.str1.1.lib/libutee/abort.c
                0x0000000000017685        0x7 build/export-ta_arm32/lib/libutee.a(abort.o)
 .rodata.lib/libutee/base64.c
                0x000000000001768c       0x41 build/export-ta_arm32/lib/libutee.a(base64.o)
 .rodata.str1.1.lib/libutee/tee_api_arith_mpi.c
                0x00000000000176cd       0xb7 build/export-ta_arm32/lib/libutee.a(tee_api_arith_mpi.o)
 .rodata.lib/libutee/tee_api_arith_mpi.c
                0x0000000000017784      0x13d build/export-ta_arm32/lib/libutee.a(tee_api_arith_mpi.o)
 .rodata.str1.1.lib/libutee/arch/arm/tcb.c
                0x00000000000178c1       0x96 build/export-ta_arm32/lib/libutee.a(tcb.o)
 .rodata.lib/libutee/arch/arm/tcb.c
                0x0000000000017957       0x20 build/export-ta_arm32/lib/libutee.a(tcb.o)
 .rodata.str1.1.lib/libmbedtls/mbedtls/library/bignum.c
                0x0000000000017977      0x456 build/export-ta_arm32/lib/libmbedtls.a(bignum.o)
                                        0x45d (size before relaxing)
 .rodata.str1.1.lib/libutils/isoc/bget_malloc.c
                0x0000000000017dcd      0x2b9 build/export-ta_arm32/lib/libutils.a(bget_malloc.o)
                                        0x2c2 (size before relaxing)
 .rodata.lib/libutils/isoc/bget_malloc.c
                0x0000000000018086       0x58 build/export-ta_arm32/lib/libutils.a(bget_malloc.o)
 .rodata.str1.1.lib/libutils/ext/mempool.c
                0x00000000000180de       0x89 build/export-ta_arm32/lib/libutils.a(mempool.o)
 .rodata.lib/libutils/ext/mempool.c
                0x0000000000018167       0x2c build/export-ta_arm32/lib/libutils.a(mempool.o)

.gnu.version_d  0x0000000000018194        0x0
 .gnu.version_d
                0x0000000000018194        0x0 build/ta/pkcs11/src/attributes.o

.gnu.version    0x0000000000018194        0x0
 .gnu.version   0x0000000000018194        0x0 build/ta/pkcs11/src/attributes.o

.gnu.version_r  0x0000000000018194        0x0
 .gnu.version_r
                0x0000000000018194        0x0 build/ta/pkcs11/src/attributes.o

.gnu.hash       0x0000000000018194       0x2c
 .gnu.hash      0x0000000000018194       0x2c build/ta/pkcs11/src/attributes.o

.ARM.extab
 *(SORT_BY_ALIGNMENT(.ARM.extab*) SORT_BY_ALIGNMENT(.gnu.linkonce.armextab.*))
                [!provide]                        PROVIDE (__exidx_start = .)

.ARM.exidx
 *(SORT_BY_ALIGNMENT(.ARM.exidx*) SORT_BY_ALIGNMENT(.gnu.linkonce.armexidx.*))
                [!provide]                        PROVIDE (__exidx_end = .)

.ctors
 *(SORT_BY_ALIGNMENT(.ctors))

.dtors
 *(SORT_BY_ALIGNMENT(.dtors))

.dynsym         0x00000000000181c0       0x60
 *(SORT_BY_ALIGNMENT(.dynsym))
 .dynsym        0x00000000000181c0       0x60 build/ta/pkcs11/src/attributes.o

.dynstr         0x0000000000018220       0x2e
 *(SORT_BY_ALIGNMENT(.dynstr))
 .dynstr        0x0000000000018220       0x2e build/ta/pkcs11/src/attributes.o

.hash           0x0000000000018250       0x2c
 *(SORT_BY_ALIGNMENT(.hash))
 .hash          0x0000000000018250       0x2c build/ta/pkcs11/src/attributes.o
                0x0000000000019000                . = ALIGN (0x1000)

.dynamic        0x0000000000019000       0x88
 *(SORT_BY_ALIGNMENT(.dynamic))
 .dynamic       0x0000000000019000       0x88 build/ta/pkcs11/src/attributes.o
                0x0000000000019000                _DYNAMIC

.tdata
 *(SORT_BY_ALIGNMENT(.tdata) SORT_BY_ALIGNMENT(.tdata.*) SORT_BY_ALIGNMENT(.gnu.linkonce.td.*))

.tbss
 *(SORT_BY_ALIGNMENT(.tbss) SORT_BY_ALIGNMENT(.tbss.*) SORT_BY_ALIGNMENT(.gnu.linkonce.tb.*))
 *(SORT_BY_ALIGNMENT(.tcommon))

.got            0x0000000000019088       0x64
 *(SORT_BY_ALIGNMENT(.got.plt))
 .got.plt       0x0000000000019088        0xc build/ta/pkcs11/src/attributes.o
                0x0000000000019088                _GLOBAL_OFFSET_TABLE_
 *(SORT_BY_ALIGNMENT(.got))
 .got           0x0000000000019094       0x58 build/ta/pkcs11/src/attributes.o

.rel.text
 *(SORT_BY_ALIGNMENT(.rel.text))
 *(SORT_BY_ALIGNMENT(.rel.gnu.linkonce.t*))

.rela.text
 *(SORT_BY_ALIGNMENT(.rela.text))
 *(SORT_BY_ALIGNMENT(.rela.gnu.linkonce.t*))

.rel.data
 *(SORT_BY_ALIGNMENT(.rel.data))
 *(SORT_BY_ALIGNMENT(.rel.gnu.linkonce.d*))

.rela.data
 *(SORT_BY_ALIGNMENT(.rela.data))
 *(SORT_BY_ALIGNMENT(.rela.gnu.linkonce.d*))

.rel.tdata
 *(SORT_BY_ALIGNMENT(.rel.tdata) SORT_BY_ALIGNMENT(.rel.tdata.*) SORT_BY_ALIGNMENT(.rel.gnu.linkonce.td.*))

.rela.tdata
 *(SORT_BY_ALIGNMENT(.rela.tdata) SORT_BY_ALIGNMENT(.rela.tdata.*) SORT_BY_ALIGNMENT(.rela.gnu.linkonce.td.*))

.rel.tbss
 *(SORT_BY_ALIGNMENT(.rel.tbss) SORT_BY_ALIGNMENT(.rel.tbss.*) SORT_BY_ALIGNMENT(.rel.gnu.linkonce.tb.*))

.rela.tbss
 *(SORT_BY_ALIGNMENT(.rela.tbss) SORT_BY_ALIGNMENT(.rela.tbss.*) SORT_BY_ALIGNMENT(.rela.gnu.linkonce.tb.*))

.rel.rodata
 *(SORT_BY_ALIGNMENT(.rel.rodata))
 *(SORT_BY_ALIGNMENT(.rel.gnu.linkonce.r*))

.rela.rodata
 *(SORT_BY_ALIGNMENT(.rela.rodata))
 *(SORT_BY_ALIGNMENT(.rela.gnu.linkonce.r*))

.rel.dyn        0x00000000000190ec      0xc40
 *(SORT_BY_ALIGNMENT(.rel.dyn))
 .rel.data.rel.ro
                0x00000000000190ec        0x0 build/ta/pkcs11/src/attributes.o
 .rel.iplt      0x00000000000190ec        0x0 build/ta/pkcs11/src/attributes.o
 .rel.data.rel.ro.local
                0x00000000000190ec      0xc10 build/ta/pkcs11/src/attributes.o
 .rel.data.rel.local
                0x0000000000019cfc       0x28 build/ta/pkcs11/src/attributes.o
 .rel.data.rel  0x0000000000019d24        0x8 build/ta/pkcs11/src/attributes.o

.rel.got        0x0000000000019d2c       0xb0
 *(SORT_BY_ALIGNMENT(.rel.got))
 .rel.got       0x0000000000019d2c       0xb0 build/ta/pkcs11/src/attributes.o

.rela.got
 *(SORT_BY_ALIGNMENT(.rela.got))

.rel.ctors
 *(SORT_BY_ALIGNMENT(.rel.ctors))

.rela.ctors
 *(SORT_BY_ALIGNMENT(.rela.ctors))

.rel.dtors
 *(SORT_BY_ALIGNMENT(.rel.dtors))

.rela.dtors
 *(SORT_BY_ALIGNMENT(.rela.dtors))

.rel.init
 *(SORT_BY_ALIGNMENT(.rel.init))

.rela.init
 *(SORT_BY_ALIGNMENT(.rela.init))

.rel.fini
 *(SORT_BY_ALIGNMENT(.rel.fini))

.rela.fini
 *(SORT_BY_ALIGNMENT(.rela.fini))

.rel.bss        0x0000000000019ddc        0x0
 *(SORT_BY_ALIGNMENT(.rel.bss))
 .rel.bss       0x0000000000019ddc        0x0 build/ta/pkcs11/src/attributes.o

.rela.bss
 *(SORT_BY_ALIGNMENT(.rela.bss))

.rel.plt        0x0000000000019ddc        0x0
 *(SORT_BY_ALIGNMENT(.rel.plt))
 .rel.plt       0x0000000000019ddc        0x0 build/ta/pkcs11/src/attributes.o

.rela.plt
 *(SORT_BY_ALIGNMENT(.rela.plt))

.data           0x0000000000019ddc     0x10b0
 *(SORT_BY_ALIGNMENT(.data) SORT_BY_ALIGNMENT(.data.*) SORT_BY_ALIGNMENT(.gnu.linkonce.d.*))
 .data.rel.ro.local
                0x0000000000019ddc      0x8a4 build/ta/pkcs11/src/pkcs11_helpers.o
 .data.rel.local
                0x000000000001a680        0x8 build/ta/pkcs11/src/pkcs11_token.o
 .data.rel.ro.local
                0x000000000001a688       0xa0 build/ta/pkcs11/src/processing_ec.o
 .data.rel.ro.local
                0x000000000001a728      0x660 build/ta/pkcs11/src/token_capabilities.o
                0x000000000001aa58                token_mechanism
 .data          0x000000000001ad88        0x4 build/ta/pkcs11/user_ta_header.o
                0x000000000001ad88                trace_level
 .data.rel.ro.local
                0x000000000001ad8c       0x54 build/ta/pkcs11/user_ta_header.o
                0x000000000001ad8c                ta_props
 .data.rel.ro.local
                0x000000000001ade0       0x3c build/export-ta_arm32/lib/libutee.a(tee_api_property.o)
                0x000000000001ade0                tee_props
 .data.rel.local
                0x000000000001ae1c       0x10 build/export-ta_arm32/lib/libutee.a(user_ta_entry.o)
 .data.rel      0x000000000001ae2c        0x4 build/export-ta_arm32/lib/libmbedtls.a(platform_util.o)
 .data.rel.local
                0x000000000001ae30       0x5c build/export-ta_arm32/lib/libutils.a(bget_malloc.o)
 .data          0x000000000001ae8c        0x0 build/ta/pkcs11/src/attributes.o
 .data.rel.ro   0x000000000001ae8c        0x0 build/ta/pkcs11/src/attributes.o
 .data          0x000000000001ae8c        0x0 build/ta/pkcs11/src/entry.o
 .data          0x000000000001ae8c        0x0 build/ta/pkcs11/src/handle.o
 .data          0x000000000001ae8c        0x0 build/ta/pkcs11/src/object.o
 .data          0x000000000001ae8c        0x0 build/ta/pkcs11/src/persistent_token.o
 .data          0x000000000001ae8c        0x0 build/ta/pkcs11/src/pkcs11_attributes.o
 .data          0x000000000001ae8c        0x0 build/ta/pkcs11/src/pkcs11_helpers.o
 .data          0x000000000001ae8c        0x0 build/ta/pkcs11/src/pkcs11_token.o
 .data          0x000000000001ae8c        0x0 build/ta/pkcs11/src/processing.o
 .data          0x000000000001ae8c        0x0 build/ta/pkcs11/src/processing_aes.o
 .data          0x000000000001ae8c        0x0 build/ta/pkcs11/src/processing_asymm.o
 .data          0x000000000001ae8c        0x0 build/ta/pkcs11/src/processing_digest.o
 .data          0x000000000001ae8c        0x0 build/ta/pkcs11/src/processing_ec.o
 .data          0x000000000001ae8c        0x0 build/ta/pkcs11/src/processing_rsa.o
 .data          0x000000000001ae8c        0x0 build/ta/pkcs11/src/processing_symm.o
 .data          0x000000000001ae8c        0x0 build/ta/pkcs11/src/sanitize_object.o
 .data          0x000000000001ae8c        0x0 build/ta/pkcs11/src/serializer.o
 .data          0x000000000001ae8c        0x0 build/ta/pkcs11/src/token_capabilities.o
 .data          0x000000000001ae8c        0x0 build/ta/pkcs11/ta_entry_a32.o
 .data          0x000000000001ae8c        0x0 build/export-ta_arm32/lib/libutils.a(snprintf.o)
 .data          0x000000000001ae8c        0x0 build/export-ta_arm32/lib/libutils.a(memcpy.o)
 .data          0x000000000001ae8c        0x0 build/export-ta_arm32/lib/libutils.a(memset.o)
 .data          0x000000000001ae8c        0x0 build/export-ta_arm32/lib/libutils.a(strchr.o)
 .data          0x000000000001ae8c        0x0 build/export-ta_arm32/lib/libutils.a(strcmp.o)
 .data          0x000000000001ae8c        0x0 build/export-ta_arm32/lib/libutils.a(strcpy.o)
 .data          0x000000000001ae8c        0x0 build/export-ta_arm32/lib/libutils.a(strlen.o)
 .data          0x000000000001ae8c        0x0 build/export-ta_arm32/lib/libutils.a(strnlen.o)
 .data          0x000000000001ae8c        0x0 build/export-ta_arm32/lib/libutils.a(strstr.o)
 .data          0x000000000001ae8c        0x0 build/export-ta_arm32/lib/libutils.a(snprintk.o)
 .data          0x000000000001ae8c        0x0 build/export-ta_arm32/lib/libutils.a(trace.o)
 .data          0x000000000001ae8c        0x0 build/export-ta_arm32/lib/libutils.a(consttime_memcmp.o)
 .data          0x000000000001ae8c        0x0 build/export-ta_arm32/lib/libutils.a(memchr.o)
 .data          0x000000000001ae8c        0x0 build/export-ta_arm32/lib/libutils.a(arm32_aeabi_ldivmod_a32.o)
 .data          0x000000000001ae8c        0x0 build/export-ta_arm32/lib/libutils.a(arm32_aeabi_ldivmod.o)
 .data          0x000000000001ae8c        0x0 build/export-ta_arm32/lib/libutee.a(assert.o)
 .data          0x000000000001ae8c        0x0 build/export-ta_arm32/lib/libutee.a(tee_uuid_from_str.o)
 .data          0x000000000001ae8c        0x0 build/export-ta_arm32/lib/libutee.a(trace_ext.o)
 .data          0x000000000001ae8c        0x0 build/export-ta_arm32/lib/libutee.a(tee_api.o)
 .data          0x000000000001ae8c        0x0 build/export-ta_arm32/lib/libutee.a(tee_api_objects.o)
 .data          0x000000000001ae8c        0x0 build/export-ta_arm32/lib/libutee.a(tee_api_operations.o)
 .data          0x000000000001ae8c        0x0 build/export-ta_arm32/lib/libutee.a(tee_api_panic.o)
 .data          0x000000000001ae8c        0x0 build/export-ta_arm32/lib/libutee.a(tee_api_property.o)
 .data          0x000000000001ae8c        0x0 build/export-ta_arm32/lib/libutee.a(tee_system_pta.o)
 .data          0x000000000001ae8c        0x0 build/export-ta_arm32/lib/libutee.a(utee_syscalls_a32.o)
 .data          0x000000000001ae8c        0x0 build/export-ta_arm32/lib/libutee.a(user_ta_entry.o)
 .data          0x000000000001ae8c        0x0 build/export-ta_arm32/lib/libutee.a(abort.o)
 .data          0x000000000001ae8c        0x0 build/export-ta_arm32/lib/libutee.a(base64.o)
 .data          0x000000000001ae8c        0x0 build/export-ta_arm32/lib/libutee.a(tee_api_arith_mpi.o)
 .data          0x000000000001ae8c        0x0 build/export-ta_arm32/lib/libutee.a(tcb.o)
 .data          0x000000000001ae8c        0x0 build/export-ta_arm32/lib/libmbedtls.a(bignum.o)
 .data          0x000000000001ae8c        0x0 build/export-ta_arm32/lib/libmbedtls.a(platform_util.o)
 .data          0x000000000001ae8c        0x0 build/export-ta_arm32/lib/libutils.a(bget_malloc.o)
 .data          0x000000000001ae8c        0x0 build/export-ta_arm32/lib/libutils.a(isxdigit.o)
 .data          0x000000000001ae8c        0x0 build/export-ta_arm32/lib/libutils.a(tolower.o)
 .data          0x000000000001ae8c        0x0 build/export-ta_arm32/lib/libutils.a(memmove.o)
 .data          0x000000000001ae8c        0x0 build/export-ta_arm32/lib/libutils.a(strlcpy.o)
 .data          0x000000000001ae8c        0x0 build/export-ta_arm32/lib/libutils.a(mempool.o)

.igot.plt       0x000000000001ae8c        0x0
 .igot.plt      0x000000000001ae8c        0x0 build/ta/pkcs11/src/attributes.o

.bss            0x000000000001ae8c     0xb09c
 *(SORT_BY_ALIGNMENT(.bss) SORT_BY_ALIGNMENT(.bss.*) SORT_BY_ALIGNMENT(.gnu.linkonce.b.*) SORT_BY_ALIGNMENT(COMMON))
 .bss           0x000000000001ae8c        0x4 build/ta/pkcs11/src/object.o
                0x000000000001ae8c                temporary_object_list
 .bss           0x000000000001ae90       0x48 build/ta/pkcs11/src/pkcs11_token.o
                0x000000000001ae90                ck_token
 .bss           0x000000000001aed8        0x4 build/export-ta_arm32/lib/libutee.a(tee_api.o)
 .bss           0x000000000001aedc        0x4 build/export-ta_arm32/lib/libutee.a(tee_system_pta.o)
 .bss           0x000000000001aee0       0x38 build/export-ta_arm32/lib/libutee.a(user_ta_entry.o)
                0x000000000001aee8                __elf_phdr_info
                0x000000000001aef4                ta_params
                0x000000000001af14                ta_param_types
 .bss           0x000000000001af18     0x3000 build/export-ta_arm32/lib/libutee.a(tee_api_arith_mpi.o)
 .bss           0x000000000001df18        0x8 build/export-ta_arm32/lib/libutee.a(tcb.o)
 .bss           0x000000000001df20        0x4 build/export-ta_arm32/lib/libmbedtls.a(bignum.o)
                0x000000000001df20                mbedtls_mpi_mempool
 .bss           0x000000000001df24        0x0 build/ta/pkcs11/src/attributes.o
 .bss           0x000000000001df24        0x0 build/ta/pkcs11/src/entry.o
 .bss           0x000000000001df24        0x0 build/ta/pkcs11/src/handle.o
 .bss           0x000000000001df24        0x0 build/ta/pkcs11/src/persistent_token.o
 .bss           0x000000000001df24        0x0 build/ta/pkcs11/src/pkcs11_attributes.o
 .bss           0x000000000001df24        0x0 build/ta/pkcs11/src/pkcs11_helpers.o
 .bss           0x000000000001df24        0x0 build/ta/pkcs11/src/processing.o
 .bss           0x000000000001df24        0x0 build/ta/pkcs11/src/processing_aes.o
 .bss           0x000000000001df24        0x0 build/ta/pkcs11/src/processing_asymm.o
 .bss           0x000000000001df24        0x0 build/ta/pkcs11/src/processing_digest.o
 .bss           0x000000000001df24        0x0 build/ta/pkcs11/src/processing_ec.o
 .bss           0x000000000001df24        0x0 build/ta/pkcs11/src/processing_rsa.o
 .bss           0x000000000001df24        0x0 build/ta/pkcs11/src/processing_symm.o
 .bss           0x000000000001df24        0x0 build/ta/pkcs11/src/sanitize_object.o
 .bss           0x000000000001df24        0x0 build/ta/pkcs11/src/serializer.o
 .bss           0x000000000001df24        0x0 build/ta/pkcs11/src/token_capabilities.o
 .bss           0x000000000001df24     0x8000 build/ta/pkcs11/user_ta_header.o
                0x000000000001df24                ta_heap
 .bss           0x0000000000025f24        0x0 build/ta/pkcs11/ta_entry_a32.o
 .bss           0x0000000000025f24        0x0 build/export-ta_arm32/lib/libutils.a(snprintf.o)
 .bss           0x0000000000025f24        0x0 build/export-ta_arm32/lib/libutils.a(memcpy.o)
 .bss           0x0000000000025f24        0x0 build/export-ta_arm32/lib/libutils.a(memset.o)
 .bss           0x0000000000025f24        0x0 build/export-ta_arm32/lib/libutils.a(strchr.o)
 .bss           0x0000000000025f24        0x0 build/export-ta_arm32/lib/libutils.a(strcmp.o)
 .bss           0x0000000000025f24        0x0 build/export-ta_arm32/lib/libutils.a(strcpy.o)
 .bss           0x0000000000025f24        0x0 build/export-ta_arm32/lib/libutils.a(strlen.o)
 .bss           0x0000000000025f24        0x0 build/export-ta_arm32/lib/libutils.a(strnlen.o)
 .bss           0x0000000000025f24        0x0 build/export-ta_arm32/lib/libutils.a(strstr.o)
 .bss           0x0000000000025f24        0x0 build/export-ta_arm32/lib/libutils.a(snprintk.o)
 .bss           0x0000000000025f24        0x0 build/export-ta_arm32/lib/libutils.a(trace.o)
 .bss           0x0000000000025f24        0x0 build/export-ta_arm32/lib/libutils.a(consttime_memcmp.o)
 .bss           0x0000000000025f24        0x0 build/export-ta_arm32/lib/libutils.a(memchr.o)
 .bss           0x0000000000025f24        0x0 build/export-ta_arm32/lib/libutils.a(arm32_aeabi_ldivmod_a32.o)
 .bss           0x0000000000025f24        0x0 build/export-ta_arm32/lib/libutils.a(arm32_aeabi_ldivmod.o)
 .bss           0x0000000000025f24        0x0 build/export-ta_arm32/lib/libutee.a(assert.o)
 .bss           0x0000000000025f24        0x0 build/export-ta_arm32/lib/libutee.a(tee_uuid_from_str.o)
 .bss           0x0000000000025f24        0x0 build/export-ta_arm32/lib/libutee.a(trace_ext.o)
 .bss           0x0000000000025f24        0x0 build/export-ta_arm32/lib/libutee.a(tee_api_objects.o)
 .bss           0x0000000000025f24        0x0 build/export-ta_arm32/lib/libutee.a(tee_api_operations.o)
 .bss           0x0000000000025f24        0x0 build/export-ta_arm32/lib/libutee.a(tee_api_panic.o)
 .bss           0x0000000000025f24        0x0 build/export-ta_arm32/lib/libutee.a(tee_api_property.o)
 .bss           0x0000000000025f24        0x0 build/export-ta_arm32/lib/libutee.a(utee_syscalls_a32.o)
 .bss           0x0000000000025f24        0x0 build/export-ta_arm32/lib/libutee.a(abort.o)
 .bss           0x0000000000025f24        0x0 build/export-ta_arm32/lib/libutee.a(base64.o)
 .bss           0x0000000000025f24        0x0 build/export-ta_arm32/lib/libmbedtls.a(platform_util.o)
 .bss           0x0000000000025f24        0x0 build/export-ta_arm32/lib/libutils.a(bget_malloc.o)
 .bss           0x0000000000025f24        0x0 build/export-ta_arm32/lib/libutils.a(isxdigit.o)
 .bss           0x0000000000025f24        0x0 build/export-ta_arm32/lib/libutils.a(tolower.o)
 .bss           0x0000000000025f24        0x0 build/export-ta_arm32/lib/libutils.a(memmove.o)
 .bss           0x0000000000025f24        0x0 build/export-ta_arm32/lib/libutils.a(strlcpy.o)
 .bss           0x0000000000025f24        0x0 build/export-ta_arm32/lib/libutils.a(mempool.o)
                0x0000000000025f28                . = ALIGN (0x8)
 *fill*         0x0000000000025f24        0x4 
                0x0000000000025f28                __ftrace_buf_start = .
                0x0000000000025f28                . = (. + DEFINED (__gnu_mcount_nc)?0x800:0x0)
                0x0000000000025f28                __ftrace_buf_end = .

.dynbss         0x0000000000025f28        0x0
 .dynbss        0x0000000000025f28        0x0 build/ta/pkcs11/src/attributes.o

/DISCARD/
 *(SORT_BY_ALIGNMENT(.interp))
LOAD build/ta/pkcs11/src/attributes.o
LOAD build/ta/pkcs11/src/entry.o
LOAD build/ta/pkcs11/src/handle.o
LOAD build/ta/pkcs11/src/object.o
LOAD build/ta/pkcs11/src/persistent_token.o
LOAD build/ta/pkcs11/src/pkcs11_attributes.o
LOAD build/ta/pkcs11/src/pkcs11_helpers.o
LOAD build/ta/pkcs11/src/pkcs11_token.o
LOAD build/ta/pkcs11/src/processing.o
LOAD build/ta/pkcs11/src/processing_aes.o
LOAD build/ta/pkcs11/src/processing_asymm.o
LOAD build/ta/pkcs11/src/processing_digest.o
LOAD build/ta/pkcs11/src/processing_ec.o
LOAD build/ta/pkcs11/src/processing_rsa.o
LOAD build/ta/pkcs11/src/processing_symm.o
LOAD build/ta/pkcs11/src/sanitize_object.o
LOAD build/ta/pkcs11/src/serializer.o
LOAD build/ta/pkcs11/src/token_capabilities.o
LOAD build/ta/pkcs11/user_ta_header.o
LOAD build/ta/pkcs11/ta_entry_a32.o
START GROUP
LOAD build/export-ta_arm32/lib/libutils.a
LOAD build/export-ta_arm32/lib/libutee.a
LOAD build/export-ta_arm32/lib/libmbedtls.a
END GROUP
LOAD /opt/embedded/crosstools/arm-gnu-toolchain-11.3.rel1-x86_64-arm-none-linux-gnueabihf/bin/../lib/gcc/arm-none-linux-gnueabihf/11.3.1/libgcc.a
OUTPUT(build/ta/pkcs11/fd02c9da-306c-48c7-a49c-bbd827ae86ee.elf elf32-littlearm)
LOAD linker stubs

.debug_info     0x0000000000000000    0x3b867
 .debug_info    0x0000000000000000     0x1529 build/ta/pkcs11/src/attributes.o
 .debug_info    0x0000000000001529      0xf9d build/ta/pkcs11/src/entry.o
 .debug_info    0x00000000000024c6      0x2e0 build/ta/pkcs11/src/handle.o
 .debug_info    0x00000000000027a6     0x3385 build/ta/pkcs11/src/object.o
 .debug_info    0x0000000000005b2b     0x23d8 build/ta/pkcs11/src/persistent_token.o
 .debug_info    0x0000000000007f03     0x47df build/ta/pkcs11/src/pkcs11_attributes.o
 .debug_info    0x000000000000c6e2     0x1d69 build/ta/pkcs11/src/pkcs11_helpers.o
 .debug_info    0x000000000000e44b     0x4312 build/ta/pkcs11/src/pkcs11_token.o
 .debug_info    0x000000000001275d     0x333f build/ta/pkcs11/src/processing.o
 .debug_info    0x0000000000015a9c      0x594 build/ta/pkcs11/src/processing_aes.o
 .debug_info    0x0000000000016030     0x21d5 build/ta/pkcs11/src/processing_asymm.o
 .debug_info    0x0000000000018205     0x14c1 build/ta/pkcs11/src/processing_digest.o
 .debug_info    0x00000000000196c6     0x1c02 build/ta/pkcs11/src/processing_ec.o
 .debug_info    0x000000000001b2c8     0x228a build/ta/pkcs11/src/processing_rsa.o
 .debug_info    0x000000000001d552     0x2b8b build/ta/pkcs11/src/processing_symm.o
 .debug_info    0x00000000000200dd     0x18b2 build/ta/pkcs11/src/sanitize_object.o
 .debug_info    0x000000000002198f     0x1182 build/ta/pkcs11/src/serializer.o
 .debug_info    0x0000000000022b11      0x96e build/ta/pkcs11/src/token_capabilities.o
 .debug_info    0x000000000002347f      0x415 build/ta/pkcs11/user_ta_header.o
 .debug_info    0x0000000000023894       0x24 build/ta/pkcs11/ta_entry_a32.o
 .debug_info    0x00000000000238b8      0x1e2 build/export-ta_arm32/lib/libutils.a(snprintf.o)
 .debug_info    0x0000000000023a9a      0x112 build/export-ta_arm32/lib/libutils.a(memcpy.o)
 .debug_info    0x0000000000023bac       0xa7 build/export-ta_arm32/lib/libutils.a(memset.o)
 .debug_info    0x0000000000023c53       0xbe build/export-ta_arm32/lib/libutils.a(strchr.o)
 .debug_info    0x0000000000023d11       0x88 build/export-ta_arm32/lib/libutils.a(strcmp.o)
 .debug_info    0x0000000000023d99       0xa0 build/export-ta_arm32/lib/libutils.a(strcpy.o)
 .debug_info    0x0000000000023e39       0x9a build/export-ta_arm32/lib/libutils.a(strlen.o)
 .debug_info    0x0000000000023ed3       0xa8 build/export-ta_arm32/lib/libutils.a(strnlen.o)
 .debug_info    0x0000000000023f7b       0xb0 build/export-ta_arm32/lib/libutils.a(strstr.o)
 .debug_info    0x000000000002402b      0x809 build/export-ta_arm32/lib/libutils.a(snprintk.o)
 .debug_info    0x0000000000024834      0x56c build/export-ta_arm32/lib/libutils.a(trace.o)
 .debug_info    0x0000000000024da0      0x10a build/export-ta_arm32/lib/libutils.a(consttime_memcmp.o)
 .debug_info    0x0000000000024eaa       0xd3 build/export-ta_arm32/lib/libutils.a(memchr.o)
 .debug_info    0x0000000000024f7d       0x23 build/export-ta_arm32/lib/libutils.a(arm32_aeabi_ldivmod_a32.o)
 .debug_info    0x0000000000024fa0      0x2cc build/export-ta_arm32/lib/libutils.a(arm32_aeabi_ldivmod.o)
 .debug_info    0x000000000002526c      0x18c build/export-ta_arm32/lib/libutee.a(assert.o)
 .debug_info    0x00000000000253f8      0x386 build/export-ta_arm32/lib/libutee.a(tee_uuid_from_str.o)
 .debug_info    0x000000000002577e      0x2ed build/export-ta_arm32/lib/libutee.a(trace_ext.o)
 .debug_info    0x0000000000025a6b     0x139a build/export-ta_arm32/lib/libutee.a(tee_api.o)
 .debug_info    0x0000000000026e05     0x1bb3 build/export-ta_arm32/lib/libutee.a(tee_api_objects.o)
 .debug_info    0x00000000000289b8     0x2fa2 build/export-ta_arm32/lib/libutee.a(tee_api_operations.o)
 .debug_info    0x000000000002b95a      0x6a0 build/export-ta_arm32/lib/libutee.a(tee_api_panic.o)
 .debug_info    0x000000000002bffa     0x12f3 build/export-ta_arm32/lib/libutee.a(tee_api_property.o)
 .debug_info    0x000000000002d2ed      0x6e3 build/export-ta_arm32/lib/libutee.a(tee_system_pta.o)
 .debug_info    0x000000000002d9d0       0x23 build/export-ta_arm32/lib/libutee.a(utee_syscalls_a32.o)
 .debug_info    0x000000000002d9f3     0x1349 build/export-ta_arm32/lib/libutee.a(user_ta_entry.o)
 .debug_info    0x000000000002ed3c       0xcb build/export-ta_arm32/lib/libutee.a(abort.o)
 .debug_info    0x000000000002ee07      0x31a build/export-ta_arm32/lib/libutee.a(base64.o)
 .debug_info    0x000000000002f121     0x3d37 build/export-ta_arm32/lib/libutee.a(tee_api_arith_mpi.o)
 .debug_info    0x0000000000032e58      0x6b3 build/export-ta_arm32/lib/libutee.a(tcb.o)
 .debug_info    0x000000000003350b     0x5943 build/export-ta_arm32/lib/libmbedtls.a(bignum.o)
 .debug_info    0x0000000000038e4e      0x133 build/export-ta_arm32/lib/libmbedtls.a(platform_util.o)
 .debug_info    0x0000000000038f81     0x20a1 build/export-ta_arm32/lib/libutils.a(bget_malloc.o)
 .debug_info    0x000000000003b022       0x5f build/export-ta_arm32/lib/libutils.a(isxdigit.o)
 .debug_info    0x000000000003b081       0x5f build/export-ta_arm32/lib/libutils.a(tolower.o)
 .debug_info    0x000000000003b0e0       0xd6 build/export-ta_arm32/lib/libutils.a(memmove.o)
 .debug_info    0x000000000003b1b6      0x113 build/export-ta_arm32/lib/libutils.a(strlcpy.o)
 .debug_info    0x000000000003b2c9      0x59e build/export-ta_arm32/lib/libutils.a(mempool.o)

.debug_abbrev   0x0000000000000000     0x8e12
 .debug_abbrev  0x0000000000000000      0x3f7 build/ta/pkcs11/src/attributes.o
 .debug_abbrev  0x00000000000003f7      0x31d build/ta/pkcs11/src/entry.o
 .debug_abbrev  0x0000000000000714      0x189 build/ta/pkcs11/src/handle.o
 .debug_abbrev  0x000000000000089d      0x581 build/ta/pkcs11/src/object.o
 .debug_abbrev  0x0000000000000e1e      0x4c8 build/ta/pkcs11/src/persistent_token.o
 .debug_abbrev  0x00000000000012e6      0x54b build/ta/pkcs11/src/pkcs11_attributes.o
 .debug_abbrev  0x0000000000001831      0x355 build/ta/pkcs11/src/pkcs11_helpers.o
 .debug_abbrev  0x0000000000001b86      0x5df build/ta/pkcs11/src/pkcs11_token.o
 .debug_abbrev  0x0000000000002165      0x4f8 build/ta/pkcs11/src/processing.o
 .debug_abbrev  0x000000000000265d      0x16d build/ta/pkcs11/src/processing_aes.o
 .debug_abbrev  0x00000000000027ca      0x459 build/ta/pkcs11/src/processing_asymm.o
 .debug_abbrev  0x0000000000002c23      0x36f build/ta/pkcs11/src/processing_digest.o
 .debug_abbrev  0x0000000000002f92      0x3ec build/ta/pkcs11/src/processing_ec.o
 .debug_abbrev  0x000000000000337e      0x460 build/ta/pkcs11/src/processing_rsa.o
 .debug_abbrev  0x00000000000037de      0x4d7 build/ta/pkcs11/src/processing_symm.o
 .debug_abbrev  0x0000000000003cb5      0x456 build/ta/pkcs11/src/sanitize_object.o
 .debug_abbrev  0x000000000000410b      0x2d3 build/ta/pkcs11/src/serializer.o
 .debug_abbrev  0x00000000000043de      0x34d build/ta/pkcs11/src/token_capabilities.o
 .debug_abbrev  0x000000000000472b      0x1d1 build/ta/pkcs11/user_ta_header.o
 .debug_abbrev  0x00000000000048fc       0x14 build/ta/pkcs11/ta_entry_a32.o
 .debug_abbrev  0x0000000000004910      0x13c build/export-ta_arm32/lib/libutils.a(snprintf.o)
 .debug_abbrev  0x0000000000004a4c       0xc6 build/export-ta_arm32/lib/libutils.a(memcpy.o)
 .debug_abbrev  0x0000000000004b12       0xa3 build/export-ta_arm32/lib/libutils.a(memset.o)
 .debug_abbrev  0x0000000000004bb5       0x85 build/export-ta_arm32/lib/libutils.a(strchr.o)
 .debug_abbrev  0x0000000000004c3a       0x6f build/export-ta_arm32/lib/libutils.a(strcmp.o)
 .debug_abbrev  0x0000000000004ca9       0x84 build/export-ta_arm32/lib/libutils.a(strcpy.o)
 .debug_abbrev  0x0000000000004d2d       0x90 build/export-ta_arm32/lib/libutils.a(strlen.o)
 .debug_abbrev  0x0000000000004dbd       0x92 build/export-ta_arm32/lib/libutils.a(strnlen.o)
 .debug_abbrev  0x0000000000004e4f       0xa9 build/export-ta_arm32/lib/libutils.a(strstr.o)
 .debug_abbrev  0x0000000000004ef8      0x2ed build/export-ta_arm32/lib/libutils.a(snprintk.o)
 .debug_abbrev  0x00000000000051e5      0x2c3 build/export-ta_arm32/lib/libutils.a(trace.o)
 .debug_abbrev  0x00000000000054a8       0xb1 build/export-ta_arm32/lib/libutils.a(consttime_memcmp.o)
 .debug_abbrev  0x0000000000005559       0xb4 build/export-ta_arm32/lib/libutils.a(memchr.o)
 .debug_abbrev  0x000000000000560d       0x12 build/export-ta_arm32/lib/libutils.a(arm32_aeabi_ldivmod_a32.o)
 .debug_abbrev  0x000000000000561f      0x176 build/export-ta_arm32/lib/libutils.a(arm32_aeabi_ldivmod.o)
 .debug_abbrev  0x0000000000005795       0xbc build/export-ta_arm32/lib/libutee.a(assert.o)
 .debug_abbrev  0x0000000000005851      0x1c0 build/export-ta_arm32/lib/libutee.a(tee_uuid_from_str.o)
 .debug_abbrev  0x0000000000005a11      0x1b5 build/export-ta_arm32/lib/libutee.a(trace_ext.o)
 .debug_abbrev  0x0000000000005bc6      0x3ba build/export-ta_arm32/lib/libutee.a(tee_api.o)
 .debug_abbrev  0x0000000000005f80      0x3a4 build/export-ta_arm32/lib/libutee.a(tee_api_objects.o)
 .debug_abbrev  0x0000000000006324      0x43f build/export-ta_arm32/lib/libutee.a(tee_api_operations.o)
 .debug_abbrev  0x0000000000006763      0x201 build/export-ta_arm32/lib/libutee.a(tee_api_panic.o)
 .debug_abbrev  0x0000000000006964      0x33a build/export-ta_arm32/lib/libutee.a(tee_api_property.o)
 .debug_abbrev  0x0000000000006c9e      0x272 build/export-ta_arm32/lib/libutee.a(tee_system_pta.o)
 .debug_abbrev  0x0000000000006f10       0x12 build/export-ta_arm32/lib/libutee.a(utee_syscalls_a32.o)
 .debug_abbrev  0x0000000000006f22      0x558 build/export-ta_arm32/lib/libutee.a(user_ta_entry.o)
 .debug_abbrev  0x000000000000747a       0x92 build/export-ta_arm32/lib/libutee.a(abort.o)
 .debug_abbrev  0x000000000000750c      0x194 build/export-ta_arm32/lib/libutee.a(base64.o)
 .debug_abbrev  0x00000000000076a0      0x525 build/export-ta_arm32/lib/libutee.a(tee_api_arith_mpi.o)
 .debug_abbrev  0x0000000000007bc5      0x23f build/export-ta_arm32/lib/libutee.a(tcb.o)
 .debug_abbrev  0x0000000000007e04      0x5c3 build/export-ta_arm32/lib/libmbedtls.a(bignum.o)
 .debug_abbrev  0x00000000000083c7       0xd4 build/export-ta_arm32/lib/libmbedtls.a(platform_util.o)
 .debug_abbrev  0x000000000000849b      0x4f2 build/export-ta_arm32/lib/libutils.a(bget_malloc.o)
 .debug_abbrev  0x000000000000898d       0x52 build/export-ta_arm32/lib/libutils.a(isxdigit.o)
 .debug_abbrev  0x00000000000089df       0x52 build/export-ta_arm32/lib/libutils.a(tolower.o)
 .debug_abbrev  0x0000000000008a31       0xb1 build/export-ta_arm32/lib/libutils.a(memmove.o)
 .debug_abbrev  0x0000000000008ae2       0xa5 build/export-ta_arm32/lib/libutils.a(strlcpy.o)
 .debug_abbrev  0x0000000000008b87      0x28b build/export-ta_arm32/lib/libutils.a(mempool.o)

.debug_loclists
                0x0000000000000000    0x1be72
 .debug_loclists
                0x0000000000000000      0x833 build/ta/pkcs11/src/attributes.o
 .debug_loclists
                0x0000000000000833      0x299 build/ta/pkcs11/src/entry.o
 .debug_loclists
                0x0000000000000acc      0x18c build/ta/pkcs11/src/handle.o
 .debug_loclists
                0x0000000000000c58     0x16a9 build/ta/pkcs11/src/object.o
 .debug_loclists
                0x0000000000002301      0xdfd build/ta/pkcs11/src/persistent_token.o
 .debug_loclists
                0x00000000000030fe     0x1aa5 build/ta/pkcs11/src/pkcs11_attributes.o
 .debug_loclists
                0x0000000000004ba3      0x912 build/ta/pkcs11/src/pkcs11_helpers.o
 .debug_loclists
                0x00000000000054b5     0x2058 build/ta/pkcs11/src/pkcs11_token.o
 .debug_loclists
                0x000000000000750d     0x1415 build/ta/pkcs11/src/processing.o
 .debug_loclists
                0x0000000000008922       0x9c build/ta/pkcs11/src/processing_aes.o
 .debug_loclists
                0x00000000000089be      0xed4 build/ta/pkcs11/src/processing_asymm.o
 .debug_loclists
                0x0000000000009892      0x49d build/ta/pkcs11/src/processing_digest.o
 .debug_loclists
                0x0000000000009d2f      0x62e build/ta/pkcs11/src/processing_ec.o
 .debug_loclists
                0x000000000000a35d      0x79f build/ta/pkcs11/src/processing_rsa.o
 .debug_loclists
                0x000000000000aafc     0x161e build/ta/pkcs11/src/processing_symm.o
 .debug_loclists
                0x000000000000c11a      0x6e7 build/ta/pkcs11/src/sanitize_object.o
 .debug_loclists
                0x000000000000c801      0x49a build/ta/pkcs11/src/serializer.o
 .debug_loclists
                0x000000000000cc9b      0x360 build/ta/pkcs11/src/token_capabilities.o
 .debug_loclists
                0x000000000000cffb       0x5c build/ta/pkcs11/user_ta_header.o
 .debug_loclists
                0x000000000000d057       0x76 build/export-ta_arm32/lib/libutils.a(snprintf.o)
 .debug_loclists
                0x000000000000d0cd      0x22c build/export-ta_arm32/lib/libutils.a(memcpy.o)
 .debug_loclists
                0x000000000000d2f9       0x3d build/export-ta_arm32/lib/libutils.a(memset.o)
 .debug_loclists
                0x000000000000d336       0x50 build/export-ta_arm32/lib/libutils.a(strchr.o)
 .debug_loclists
                0x000000000000d386       0x50 build/export-ta_arm32/lib/libutils.a(strcmp.o)
 .debug_loclists
                0x000000000000d3d6       0x34 build/export-ta_arm32/lib/libutils.a(strcpy.o)
 .debug_loclists
                0x000000000000d40a       0x2d build/export-ta_arm32/lib/libutils.a(strlen.o)
 .debug_loclists
                0x000000000000d437       0x46 build/export-ta_arm32/lib/libutils.a(strnlen.o)
 .debug_loclists
                0x000000000000d47d       0x31 build/export-ta_arm32/lib/libutils.a(strstr.o)
 .debug_loclists
                0x000000000000d4ae      0xa4a build/export-ta_arm32/lib/libutils.a(snprintk.o)
 .debug_loclists
                0x000000000000def8      0x264 build/export-ta_arm32/lib/libutils.a(trace.o)
 .debug_loclists
                0x000000000000e15c       0xc4 build/export-ta_arm32/lib/libutils.a(consttime_memcmp.o)
 .debug_loclists
                0x000000000000e220       0xae build/export-ta_arm32/lib/libutils.a(memchr.o)
 .debug_loclists
                0x000000000000e2ce      0x26a build/export-ta_arm32/lib/libutils.a(arm32_aeabi_ldivmod.o)
 .debug_loclists
                0x000000000000e538       0x74 build/export-ta_arm32/lib/libutee.a(assert.o)
 .debug_loclists
                0x000000000000e5ac      0x212 build/export-ta_arm32/lib/libutee.a(tee_uuid_from_str.o)
 .debug_loclists
                0x000000000000e7be       0x66 build/export-ta_arm32/lib/libutee.a(trace_ext.o)
 .debug_loclists
                0x000000000000e824      0x86d build/export-ta_arm32/lib/libutee.a(tee_api.o)
 .debug_loclists
                0x000000000000f091      0xbc1 build/export-ta_arm32/lib/libutee.a(tee_api_objects.o)
 .debug_loclists
                0x000000000000fc52     0x21d3 build/export-ta_arm32/lib/libutee.a(tee_api_operations.o)
 .debug_loclists
                0x0000000000011e25      0x346 build/export-ta_arm32/lib/libutee.a(tee_api_panic.o)
 .debug_loclists
                0x000000000001216b      0x858 build/export-ta_arm32/lib/libutee.a(tee_api_property.o)
 .debug_loclists
                0x00000000000129c3      0x203 build/export-ta_arm32/lib/libutee.a(tee_system_pta.o)
 .debug_loclists