Archive member included to satisfy reference by file (symbol)

build/export-ta_arm32/lib/libutils.a(memcpy.o)
                              build/ta/trusted_keys/entry.o (memcpy)
build/export-ta_arm32/lib/libutils.a(memset.o)
                              build/ta/trusted_keys/entry.o (memset)
build/export-ta_arm32/lib/libutils.a(trace.o)
                              build/ta/trusted_keys/entry.o (trace_printf)
build/export-ta_arm32/lib/libutils.a(memzero_explicit.o)
                              build/ta/trusted_keys/entry.o (memzero_explicit)
build/export-ta_arm32/lib/libutils.a(snprintk.o)
                              build/export-ta_arm32/lib/libutils.a(trace.o) (vsnprintk)
build/export-ta_arm32/lib/libutils.a(memchr.o)
                              build/export-ta_arm32/lib/libutils.a(snprintk.o) (memchr)
build/export-ta_arm32/lib/libutils.a(strlen.o)
                              build/export-ta_arm32/lib/libutils.a(snprintk.o) (strlen)
build/export-ta_arm32/lib/libutils.a(arm32_aeabi_ldivmod_a32.o)
                              build/export-ta_arm32/lib/libutils.a(snprintk.o) (__aeabi_uldivmod)
build/export-ta_arm32/lib/libutils.a(arm32_aeabi_ldivmod.o)
                              build/export-ta_arm32/lib/libutils.a(arm32_aeabi_ldivmod_a32.o) (__ul_divmod)
build/export-ta_arm32/lib/libutee.a(assert.o)
                              build/ta/trusted_keys/entry.o (_assert_log)
build/export-ta_arm32/lib/libutee.a(trace_ext.o)
                              build/export-ta_arm32/lib/libutils.a(trace.o) (trace_ext_puts)
build/export-ta_arm32/lib/libutee.a(tee_api.o)
                              build/ta/trusted_keys/entry.o (TEE_CloseTASession)
build/export-ta_arm32/lib/libutee.a(tee_api_objects.o)
                              build/ta/trusted_keys/entry.o (TEE_AllocateTransientObject)
build/export-ta_arm32/lib/libutee.a(tee_api_operations.o)
                              build/ta/trusted_keys/entry.o (TEE_FreeOperation)
build/export-ta_arm32/lib/libutee.a(tee_api_panic.o)
                              build/export-ta_arm32/lib/libutee.a(tee_api.o) (TEE_Panic)
build/export-ta_arm32/lib/libutee.a(tee_api_property.o)
                              build/ta/trusted_keys/entry.o (TEE_GetPropertyAsIdentity)
build/export-ta_arm32/lib/libutee.a(tee_system_pta.o)
                              build/export-ta_arm32/lib/libutee.a(tee_api.o) (tee_map_zi)
build/export-ta_arm32/lib/libutee.a(utee_syscalls_a32.o)
                              build/export-ta_arm32/lib/libutee.a(assert.o) (_utee_panic)
build/export-ta_arm32/lib/libutee.a(user_ta_entry.o)
                              build/ta/trusted_keys/user_ta_header.o (__utee_entry)
build/export-ta_arm32/lib/libutee.a(abort.o)
                              build/export-ta_arm32/lib/libutee.a(user_ta_entry.o) (abort)
build/export-ta_arm32/lib/libutee.a(base64.o)
                              build/export-ta_arm32/lib/libutee.a(tee_api_property.o) (_base64_enc_len)
build/export-ta_arm32/lib/libutee.a(tee_api_arith_mpi.o)
                              build/export-ta_arm32/lib/libutee.a(user_ta_entry.o) (_TEE_MathAPI_Init)
build/export-ta_arm32/lib/libutee.a(tcb.o)
                              build/export-ta_arm32/lib/libutee.a(user_ta_entry.o) (__utee_tcb_init)
build/export-ta_arm32/lib/libmbedtls.a(bignum.o)
                              build/export-ta_arm32/lib/libutee.a(tee_api_arith_mpi.o) (mbedtls_mpi_init_mempool)
build/export-ta_arm32/lib/libmbedtls.a(platform_util.o)
                              build/export-ta_arm32/lib/libmbedtls.a(bignum.o) (mbedtls_platform_zeroize)
build/export-ta_arm32/lib/libutils.a(bget_malloc.o)
                              build/export-ta_arm32/lib/libutee.a(tee_api.o) (malloc)
build/export-ta_arm32/lib/libutils.a(snprintf.o)
                              build/export-ta_arm32/lib/libutee.a(tee_api_property.o) (snprintf)
build/export-ta_arm32/lib/libutils.a(memmove.o)
                              build/export-ta_arm32/lib/libutee.a(tee_api.o) (memmove)
build/export-ta_arm32/lib/libutils.a(strcmp.o)
                              build/export-ta_arm32/lib/libutee.a(tee_api_property.o) (strcmp)
build/export-ta_arm32/lib/libutils.a(strlcpy.o)
                              build/export-ta_arm32/lib/libutee.a(tee_api_property.o) (strlcpy)
build/export-ta_arm32/lib/libutils.a(mempool.o)
                              build/export-ta_arm32/lib/libutee.a(tee_api_arith_mpi.o) (mempool_alloc_pool)
build/export-ta_arm32/lib/libutils.a(consttime_memcmp.o)
                              build/export-ta_arm32/lib/libutee.a(tee_api.o) (consttime_memcmp)

Discarded input sections

 .group         0x0000000000000000        0xc build/ta/trusted_keys/entry.o
 .group         0x0000000000000000        0xc build/ta/trusted_keys/entry.o
 .group         0x0000000000000000        0xc build/ta/trusted_keys/entry.o
 .group         0x0000000000000000        0xc build/ta/trusted_keys/entry.o
[...]
Memory Configuration

Name             Origin             Length             Attributes
*default*        0x0000000000000000 0xffffffffffffffff

Linker script and memory map


.ta_head        0x0000000000000000       0x20
 *(SORT_BY_ALIGNMENT(.ta_head))
 .ta_head       0x0000000000000000       0x20 build/ta/trusted_keys/user_ta_header.o
                0x0000000000000000                ta_head

.text           0x0000000000000020     0x9560
                0x0000000000000020                __text_start = .
 *(SORT_BY_ALIGNMENT(.text) SORT_BY_ALIGNMENT(.text.*))
 .text          0x0000000000000020      0x41c build/ta/trusted_keys/entry.o
                0x000000000000026c                TA_CreateEntryPoint
                0x0000000000000270                TA_DestroyEntryPoint
                0x0000000000000272                TA_OpenSessionEntryPoint
                0x00000000000002cc                TA_CloseSessionEntryPoint
                0x00000000000002ce                TA_InvokeCommandEntryPoint
 .text.__ta_entry
                0x000000000000043c        0x4 build/ta/trusted_keys/ta_entry_a32.o
                0x000000000000043c                __ta_entry
 .text          0x0000000000000440       0xd8 build/export-ta_arm32/lib/libutils.a(memcpy.o)
                0x0000000000000440                memcpy
 .text          0x0000000000000518      0x184 build/export-ta_arm32/lib/libutils.a(trace.o)
                0x0000000000000518                trace_set_level
                0x0000000000000534                trace_get_level
                0x0000000000000548                trace_vprintf
                0x0000000000000680                trace_printf
                0x0000000000000698                dhex_dump
 .text          0x000000000000069c      0x6f4 build/export-ta_arm32/lib/libutils.a(snprintk.o)
                0x000000000000069c                __vsnprintf
                0x00000000000006cc                vsnprintk
                0x00000000000006da                snprintk
                0x0000000000000d78                __vsprintf
 .text.__aeabi_ldivmod
                0x0000000000000d90       0x18 build/export-ta_arm32/lib/libutils.a(arm32_aeabi_ldivmod_a32.o)
                0x0000000000000d90                __aeabi_ldivmod
 .text.__aeabi_uldivmod
                0x0000000000000da8       0x18 build/export-ta_arm32/lib/libutils.a(arm32_aeabi_ldivmod_a32.o)
                0x0000000000000da8                __aeabi_uldivmod
 .text          0x0000000000000dc0       0x38 build/export-ta_arm32/lib/libutee.a(assert.o)
                0x0000000000000dc0                _assert_log
                0x0000000000000de8                _assert_break
 .text          0x0000000000000df8       0x9c build/export-ta_arm32/lib/libutee.a(trace_ext.o)
                0x0000000000000df8                trace_ext_puts
                0x0000000000000e0c                trace_ext_get_thread_id
                0x0000000000000e12                printf
                0x0000000000000e4c                puts
                0x0000000000000e70                putchar
 .text          0x0000000000000e94      0x4ac build/export-ta_arm32/lib/libutee.a(tee_api.o)
                0x0000000000000efa                TEE_CloseTASession
                0x0000000000000f0e                TEE_GetCancellationFlag
                0x0000000000000f2a                TEE_UnmaskCancellation
                0x0000000000000f46                TEE_MaskCancellation
                0x0000000000000f62                TEE_CheckMemoryAccessRights
                0x0000000000001098                TEE_OpenTASession
                0x000000000000112c                TEE_InvokeTACommand
                0x00000000000011e0                TEE_SetInstanceData
                0x00000000000011ec                TEE_GetInstanceData
                0x00000000000011f8                TEE_MemMove
                0x00000000000011fc                TEE_MemCompare
                0x0000000000001200                TEE_MemFill
                0x0000000000001204                TEE_GetSystemTime
                0x000000000000121a                TEE_Wait
                0x0000000000001238                TEE_GetTAPersistentTime
                0x0000000000001274                TEE_SetTAPersistentTime
                0x000000000000129c                TEE_GetREETime
                0x00000000000012b2                TEE_Malloc
                0x0000000000001304                TEE_Free
                0x000000000000130e                TEE_Realloc
                0x000000000000132e                TEE_CacheClean
                0x0000000000001334                TEE_CacheFlush
                0x000000000000133a                TEE_CacheInvalidate
 .text          0x0000000000001340      0x7e4 build/export-ta_arm32/lib/libutee.a(tee_api_objects.o)
                0x0000000000001340                __utee_from_attr
                0x000000000000136a                TEE_GetObjectInfo
                0x0000000000001394                TEE_GetObjectInfo1
                0x00000000000013b4                TEE_RestrictObjectUsage1
                0x00000000000013d4                TEE_RestrictObjectUsage
                0x0000000000001400                TEE_GetObjectBufferAttribute
                0x0000000000001478                TEE_GetObjectValueAttribute
                0x0000000000001514                TEE_CloseObject
                0x0000000000001528                TEE_AllocateTransientObject
                0x0000000000001568                TEE_FreeTransientObject
                0x0000000000001598                TEE_ResetTransientObject
                0x00000000000015c8                TEE_PopulateTransientObject
                0x0000000000001640                TEE_InitRefAttribute
                0x0000000000001662                TEE_InitValueAttribute
                0x0000000000001684                TEE_CopyObjectAttributes1
                0x00000000000016ec                TEE_CopyObjectAttributes
                0x000000000000171c                TEE_GenerateKey
                0x0000000000001770                TEE_OpenPersistentObject
                0x00000000000017e4                TEE_CreatePersistentObject
                0x0000000000001870                TEE_CloseAndDeletePersistentObject1
                0x0000000000001894                TEE_CloseAndDeletePersistentObject
                0x00000000000018aa                TEE_RenamePersistentObject
                0x00000000000018e4                TEE_AllocatePersistentObjectEnumerator
                0x0000000000001918                TEE_FreePersistentObjectEnumerator
                0x000000000000192c                TEE_ResetPersistentObjectEnumerator
                0x0000000000001940                TEE_StartPersistentObjectEnumerator
                0x000000000000196c                TEE_GetNextPersistentObject
                0x00000000000019dc                TEE_ReadObjectData
                0x0000000000001a30                TEE_WriteObjectData
                0x0000000000001a70                TEE_TruncateObjectData
                0x0000000000001aa8                TEE_SeekObjectData
 .text          0x0000000000001b24     0x1b98 build/export-ta_arm32/lib/libutee.a(tee_api_operations.o)
                0x0000000000001c7c                TEE_FreeOperation
                0x0000000000001ca2                TEE_AllocateOperation
                0x0000000000002424                TEE_GetOperationInfo
                0x0000000000002454                TEE_GetOperationInfoMultiple
                0x000000000000252c                TEE_ResetOperation
                0x000000000000256c                TEE_SetOperationKey
                0x0000000000002604                TEE_SetOperationKey2
                0x00000000000026f8                TEE_CopyOperation
                0x00000000000027ac                TEE_DigestUpdate
                0x00000000000027dc                TEE_DigestDoFinal
                0x0000000000002860                TEE_CipherInit
                0x00000000000028d4                TEE_CipherUpdate
                0x00000000000029c0                TEE_CipherDoFinal
                0x0000000000002af8                TEE_MACInit
                0x0000000000002b4e                TEE_MACUpdate
                0x0000000000002b9c                TEE_MACComputeFinal
                0x0000000000002c18                TEE_MACCompareFinal
                0x0000000000002c9c                TEE_AEInit
                0x0000000000002d0c                TEE_AEUpdateAAD
                0x0000000000002d52                TEE_AEUpdate
                0x0000000000002e2c                TEE_AEEncryptFinal
                0x0000000000002f48                TEE_AEDecryptFinal
                0x0000000000003044                TEE_AsymmetricEncrypt
                0x0000000000003104                TEE_AsymmetricDecrypt
                0x00000000000031c4                TEE_AsymmetricSignDigest
                0x0000000000003280                TEE_AsymmetricVerifyDigest
                0x0000000000003328                TEE_DeriveKey
                0x0000000000003408                TEE_GenerateRandom
                0x000000000000341a                rand
                0x0000000000003432                TEE_IsAlgorithmSupported
 .text          0x00000000000036bc       0xd8 build/export-ta_arm32/lib/libutee.a(tee_api_panic.o)
                0x00000000000036dc                TEE_Panic
                0x00000000000036ea                __utee_check_outbuf_annotation
                0x0000000000003718                __utee_check_instring_annotation
                0x0000000000003730                __utee_check_outstring_annotation
                0x000000000000375c                __utee_check_out_annotation
                0x000000000000376e                __utee_check_attr_in_annotation
                0x0000000000003782                __utee_check_inout_annotation
 .text          0x0000000000003794      0x65c build/export-ta_arm32/lib/libutee.a(tee_api_property.o)
                0x0000000000003970                TEE_GetPropertyAsString
                0x0000000000003ac0                TEE_GetPropertyAsBool
                0x0000000000003b20                TEE_GetPropertyAsU32
                0x0000000000003b84                TEE_GetPropertyAsBinaryBlock
                0x0000000000003bec                TEE_GetPropertyAsUUID
                0x0000000000003c50                TEE_GetPropertyAsIdentity
                0x0000000000003cb4                TEE_ResetPropertyEnumerator
                0x0000000000003cbc                TEE_AllocatePropertyEnumerator
                0x0000000000003ce4                TEE_FreePropertyEnumerator
                0x0000000000003ce8                TEE_StartPropertyEnumerator
                0x0000000000003cf2                TEE_GetPropertyName
                0x0000000000003d88                TEE_GetNextProperty
 .text          0x0000000000003df0      0x15c build/export-ta_arm32/lib/libutee.a(tee_system_pta.o)
                0x0000000000003e40                tee_map_zi
                0x0000000000003e76                tee_unmap
                0x0000000000003ec4                tee_invoke_supp_plugin
 .text          0x0000000000003f4c        0x0 build/export-ta_arm32/lib/libutee.a(utee_syscalls_a32.o)
 .text._utee_panic
                0x0000000000003f4c       0x14 build/export-ta_arm32/lib/libutee.a(utee_syscalls_a32.o)
                0x0000000000003f4c                _utee_panic
 .text._utee_return
                0x0000000000003f60       0x14 build/export-ta_arm32/lib/libutee.a(utee_syscalls_a32.o)
                0x0000000000003f60                _utee_return
 .text._utee_log
                0x0000000000003f74       0x14 build/export-ta_arm32/lib/libutee.a(utee_syscalls_a32.o)
                0x0000000000003f74                _utee_log
 .text.__utee_panic
                0x0000000000003f88       0x14 build/export-ta_arm32/lib/libutee.a(utee_syscalls_a32.o)
                0x0000000000003f88                __utee_panic
 .text._utee_get_property
                0x0000000000003f9c       0x18 build/export-ta_arm32/lib/libutee.a(utee_syscalls_a32.o)
                0x0000000000003f9c                _utee_get_property
 .text._utee_get_property_name_to_index
                0x0000000000003fb4       0x14 build/export-ta_arm32/lib/libutee.a(utee_syscalls_a32.o)
                0x0000000000003fb4                _utee_get_property_name_to_index
 .text._utee_open_ta_session
                0x0000000000003fc8       0x18 build/export-ta_arm32/lib/libutee.a(utee_syscalls_a32.o)
                0x0000000000003fc8                _utee_open_ta_session
 .text._utee_close_ta_session
                0x0000000000003fe0       0x14 build/export-ta_arm32/lib/libutee.a(utee_syscalls_a32.o)
                0x0000000000003fe0                _utee_close_ta_session
 .text._utee_invoke_ta_command
                0x0000000000003ff4       0x18 build/export-ta_arm32/lib/libutee.a(utee_syscalls_a32.o)
                0x0000000000003ff4                _utee_invoke_ta_command
 .text._utee_get_cancellation_flag
                0x000000000000400c       0x14 build/export-ta_arm32/lib/libutee.a(utee_syscalls_a32.o)
                0x000000000000400c                _utee_get_cancellation_flag
 .text._utee_check_access_rights
                0x0000000000004020       0x14 build/export-ta_arm32/lib/libutee.a(utee_syscalls_a32.o)
                0x0000000000004020                _utee_check_access_rights
 .text._utee_unmask_cancellation
                0x0000000000004034       0x14 build/export-ta_arm32/lib/libutee.a(utee_syscalls_a32.o)
                0x0000000000004034                _utee_unmask_cancellation
 .text._utee_mask_cancellation
                0x0000000000004048       0x14 build/export-ta_arm32/lib/libutee.a(utee_syscalls_a32.o)
                0x0000000000004048                _utee_mask_cancellation
 .text._utee_wait
                0x000000000000405c       0x14 build/export-ta_arm32/lib/libutee.a(utee_syscalls_a32.o)
                0x000000000000405c                _utee_wait
 .text._utee_get_time
                0x0000000000004070       0x14 build/export-ta_arm32/lib/libutee.a(utee_syscalls_a32.o)
                0x0000000000004070                _utee_get_time
 .text._utee_set_ta_time
                0x0000000000004084       0x14 build/export-ta_arm32/lib/libutee.a(utee_syscalls_a32.o)
                0x0000000000004084                _utee_set_ta_time
 .text._utee_cryp_state_alloc
                0x0000000000004098       0x18 build/export-ta_arm32/lib/libutee.a(utee_syscalls_a32.o)
                0x0000000000004098                _utee_cryp_state_alloc
 .text._utee_cryp_state_copy
                0x00000000000040b0       0x14 build/export-ta_arm32/lib/libutee.a(utee_syscalls_a32.o)
                0x00000000000040b0                _utee_cryp_state_copy
 .text._utee_cryp_state_free
                0x00000000000040c4       0x14 build/export-ta_arm32/lib/libutee.a(utee_syscalls_a32.o)
                0x00000000000040c4                _utee_cryp_state_free
 .text._utee_hash_init
                0x00000000000040d8       0x14 build/export-ta_arm32/lib/libutee.a(utee_syscalls_a32.o)
                0x00000000000040d8                _utee_hash_init
 .text._utee_hash_update
                0x00000000000040ec       0x14 build/export-ta_arm32/lib/libutee.a(utee_syscalls_a32.o)
                0x00000000000040ec                _utee_hash_update
 .text._utee_hash_final
                0x0000000000004100       0x18 build/export-ta_arm32/lib/libutee.a(utee_syscalls_a32.o)
                0x0000000000004100                _utee_hash_final
 .text._utee_cipher_init
                0x0000000000004118       0x14 build/export-ta_arm32/lib/libutee.a(utee_syscalls_a32.o)
                0x0000000000004118                _utee_cipher_init
 .text._utee_cipher_update
                0x000000000000412c       0x18 build/export-ta_arm32/lib/libutee.a(utee_syscalls_a32.o)
                0x000000000000412c                _utee_cipher_update
 .text._utee_cipher_final
                0x0000000000004144       0x18 build/export-ta_arm32/lib/libutee.a(utee_syscalls_a32.o)
                0x0000000000004144                _utee_cipher_final
 .text._utee_cryp_obj_get_info
                0x000000000000415c       0x14 build/export-ta_arm32/lib/libutee.a(utee_syscalls_a32.o)
                0x000000000000415c                _utee_cryp_obj_get_info
 .text._utee_cryp_obj_restrict_usage
                0x0000000000004170       0x14 build/export-ta_arm32/lib/libutee.a(utee_syscalls_a32.o)
                0x0000000000004170                _utee_cryp_obj_restrict_usage
 .text._utee_cryp_obj_get_attr
                0x0000000000004184       0x14 build/export-ta_arm32/lib/libutee.a(utee_syscalls_a32.o)
                0x0000000000004184                _utee_cryp_obj_get_attr
 .text._utee_cryp_obj_alloc
                0x0000000000004198       0x14 build/export-ta_arm32/lib/libutee.a(utee_syscalls_a32.o)
                0x0000000000004198                _utee_cryp_obj_alloc
 .text._utee_cryp_obj_close
                0x00000000000041ac       0x14 build/export-ta_arm32/lib/libutee.a(utee_syscalls_a32.o)
                0x00000000000041ac                _utee_cryp_obj_close
 .text._utee_cryp_obj_reset
                0x00000000000041c0       0x14 build/export-ta_arm32/lib/libutee.a(utee_syscalls_a32.o)
                0x00000000000041c0                _utee_cryp_obj_reset
 .text._utee_cryp_obj_populate
                0x00000000000041d4       0x14 build/export-ta_arm32/lib/libutee.a(utee_syscalls_a32.o)
                0x00000000000041d4                _utee_cryp_obj_populate
 .text._utee_cryp_obj_copy
                0x00000000000041e8       0x14 build/export-ta_arm32/lib/libutee.a(utee_syscalls_a32.o)
                0x00000000000041e8                _utee_cryp_obj_copy
 .text._utee_cryp_derive_key
                0x00000000000041fc       0x14 build/export-ta_arm32/lib/libutee.a(utee_syscalls_a32.o)
                0x00000000000041fc                _utee_cryp_derive_key
 .text._utee_cryp_random_number_generate
                0x0000000000004210       0x14 build/export-ta_arm32/lib/libutee.a(utee_syscalls_a32.o)
                0x0000000000004210                _utee_cryp_random_number_generate
 .text._utee_authenc_init
                0x0000000000004224       0x18 build/export-ta_arm32/lib/libutee.a(utee_syscalls_a32.o)
                0x0000000000004224                _utee_authenc_init
 .text._utee_authenc_update_aad
                0x000000000000423c       0x14 build/export-ta_arm32/lib/libutee.a(utee_syscalls_a32.o)
                0x000000000000423c                _utee_authenc_update_aad
 .text._utee_authenc_update_payload
                0x0000000000004250       0x18 build/export-ta_arm32/lib/libutee.a(utee_syscalls_a32.o)
                0x0000000000004250                _utee_authenc_update_payload
 .text._utee_authenc_enc_final
                0x0000000000004268       0x18 build/export-ta_arm32/lib/libutee.a(utee_syscalls_a32.o)
                0x0000000000004268                _utee_authenc_enc_final
 .text._utee_authenc_dec_final
                0x0000000000004280       0x18 build/export-ta_arm32/lib/libutee.a(utee_syscalls_a32.o)
                0x0000000000004280                _utee_authenc_dec_final
 .text._utee_asymm_operate
                0x0000000000004298       0x18 build/export-ta_arm32/lib/libutee.a(utee_syscalls_a32.o)
                0x0000000000004298                _utee_asymm_operate
 .text._utee_asymm_verify
                0x00000000000042b0       0x18 build/export-ta_arm32/lib/libutee.a(utee_syscalls_a32.o)
                0x00000000000042b0                _utee_asymm_verify
 .text._utee_storage_obj_open
                0x00000000000042c8       0x18 build/export-ta_arm32/lib/libutee.a(utee_syscalls_a32.o)
                0x00000000000042c8                _utee_storage_obj_open
 .text._utee_storage_obj_create
                0x00000000000042e0       0x18 build/export-ta_arm32/lib/libutee.a(utee_syscalls_a32.o)
                0x00000000000042e0                _utee_storage_obj_create
 .text._utee_storage_obj_del
                0x00000000000042f8       0x14 build/export-ta_arm32/lib/libutee.a(utee_syscalls_a32.o)
                0x00000000000042f8                _utee_storage_obj_del
 .text._utee_storage_obj_rename
                0x000000000000430c       0x14 build/export-ta_arm32/lib/libutee.a(utee_syscalls_a32.o)
                0x000000000000430c                _utee_storage_obj_rename
 .text._utee_storage_alloc_enum
                0x0000000000004320       0x14 build/export-ta_arm32/lib/libutee.a(utee_syscalls_a32.o)
                0x0000000000004320                _utee_storage_alloc_enum
 .text._utee_storage_free_enum
                0x0000000000004334       0x14 build/export-ta_arm32/lib/libutee.a(utee_syscalls_a32.o)
                0x0000000000004334                _utee_storage_free_enum
 .text._utee_storage_reset_enum
                0x0000000000004348       0x14 build/export-ta_arm32/lib/libutee.a(utee_syscalls_a32.o)
                0x0000000000004348                _utee_storage_reset_enum
 .text._utee_storage_start_enum
                0x000000000000435c       0x14 build/export-ta_arm32/lib/libutee.a(utee_syscalls_a32.o)
                0x000000000000435c                _utee_storage_start_enum
 .text._utee_storage_next_enum
                0x0000000000004370       0x14 build/export-ta_arm32/lib/libutee.a(utee_syscalls_a32.o)
                0x0000000000004370                _utee_storage_next_enum
 .text._utee_storage_obj_read
                0x0000000000004384       0x14 build/export-ta_arm32/lib/libutee.a(utee_syscalls_a32.o)
                0x0000000000004384                _utee_storage_obj_read
 .text._utee_storage_obj_write
                0x0000000000004398       0x14 build/export-ta_arm32/lib/libutee.a(utee_syscalls_a32.o)
                0x0000000000004398                _utee_storage_obj_write
 .text._utee_storage_obj_trunc
                0x00000000000043ac       0x14 build/export-ta_arm32/lib/libutee.a(utee_syscalls_a32.o)
                0x00000000000043ac                _utee_storage_obj_trunc
 .text._utee_storage_obj_seek
                0x00000000000043c0       0x14 build/export-ta_arm32/lib/libutee.a(utee_syscalls_a32.o)
                0x00000000000043c0                _utee_storage_obj_seek
 .text._utee_cryp_obj_generate_key
                0x00000000000043d4       0x14 build/export-ta_arm32/lib/libutee.a(utee_syscalls_a32.o)
                0x00000000000043d4                _utee_cryp_obj_generate_key
 .text._utee_cache_operation
                0x00000000000043e8       0x14 build/export-ta_arm32/lib/libutee.a(utee_syscalls_a32.o)
                0x00000000000043e8                _utee_cache_operation
 .text          0x00000000000043fc      0x47c build/export-ta_arm32/lib/libutee.a(user_ta_entry.o)
                0x00000000000045ac                __utee_call_elf_init_fn
                0x0000000000004664                __utee_call_elf_fini_fn
                0x00000000000046e0                __utee_entry
 .text.unlikely
                0x0000000000004878       0x18 build/export-ta_arm32/lib/libutee.a(abort.o)
                0x0000000000004878                abort
 .text          0x0000000000004890      0x19c build/export-ta_arm32/lib/libutee.a(base64.o)
                0x0000000000004890                _base64_enc_len
                0x000000000000489e                _base64_enc
                0x0000000000004968                _base64_dec
 .text          0x0000000000004a2c     0x11c8 build/export-ta_arm32/lib/libutee.a(tee_api_arith_mpi.o)
                0x0000000000005024                _TEE_MathAPI_Init
                0x0000000000005068                TEE_BigIntInit
                0x00000000000050a0                TEE_BigIntConvertFromOctetString
                0x00000000000050f8                TEE_BigIntConvertToOctetString
                0x0000000000005150                TEE_BigIntConvertFromS32
                0x00000000000051a0                TEE_BigIntConvertToS32
                0x00000000000051fc                TEE_BigIntCmp
                0x0000000000005232                TEE_BigIntCmpS32
                0x0000000000005364                TEE_BigIntShiftRight
                0x0000000000005474                TEE_BigIntGetBit
                0x000000000000549e                TEE_BigIntGetBitCount
                0x00000000000054c0                TEE_BigIntAdd
                0x00000000000054dc                TEE_BigIntSub
                0x00000000000054f8                TEE_BigIntNeg
                0x000000000000556c                TEE_BigIntMul
                0x0000000000005610                TEE_BigIntSquare
                0x0000000000005616                TEE_BigIntDiv
                0x0000000000005704                TEE_BigIntMod
                0x0000000000005754                TEE_BigIntAddMod
                0x0000000000005770                TEE_BigIntSubMod
                0x000000000000578c                TEE_BigIntMulMod
                0x00000000000057a8                TEE_BigIntSquareMod
                0x00000000000057b0                TEE_BigIntInvMod
                0x0000000000005870                TEE_BigIntRelativePrime
                0x00000000000058ec                TEE_BigIntComputeExtendedGcd
                0x0000000000005a88                TEE_BigIntIsProbablePrime
                0x0000000000005ab8                TEE_BigIntInitFMM
                0x0000000000005abc                TEE_BigIntInitFMMContext
                0x0000000000005abe                TEE_BigIntFMMSizeInU32
                0x0000000000005ac6                TEE_BigIntFMMContextSizeInU32
                0x0000000000005aca                TEE_BigIntConvertToFMM
                0x0000000000005ace                TEE_BigIntConvertFromFMM
                0x0000000000005b34                TEE_BigIntComputeFMM
 .text          0x0000000000005bf4      0x23c build/export-ta_arm32/lib/libutee.a(tcb.o)
                0x0000000000005bf4                __utee_tcb_init
                0x0000000000005d70                __tls_get_addr
                0x0000000000005d88                dl_iterate_phdr
 .text          0x0000000000005e30     0x29ec build/export-ta_arm32/lib/libmbedtls.a(bignum.o)
                0x00000000000063d4                mbedtls_mpi_init
                0x00000000000063e0                mbedtls_mpi_init_mempool
                0x0000000000006408                mbedtls_mpi_free
                0x000000000000644c                mbedtls_mpi_grow
                0x000000000000651a                mbedtls_mpi_shrink
                0x00000000000065d0                mbedtls_mpi_copy
                0x0000000000006636                mbedtls_mpi_swap
                0x0000000000006664                mbedtls_mpi_safe_cond_assign
                0x00000000000066c8                mbedtls_mpi_safe_cond_swap
                0x000000000000675c                mbedtls_mpi_lset
                0x0000000000006794                mbedtls_mpi_get_bit
                0x00000000000067b4                mbedtls_mpi_set_bit
                0x0000000000006804                mbedtls_mpi_lsb
                0x0000000000006838                mbedtls_mpi_bitlen
                0x000000000000686e                mbedtls_mpi_size
                0x000000000000687a                mbedtls_mpi_read_binary_le
                0x00000000000068be                mbedtls_mpi_read_binary
                0x0000000000006900                mbedtls_mpi_write_binary_le
                0x000000000000696a                mbedtls_mpi_write_binary
                0x00000000000069d4                mbedtls_mpi_shift_l
                0x0000000000006a78                mbedtls_mpi_shift_r
                0x0000000000006af0                mbedtls_mpi_cmp_abs
                0x0000000000006b52                mbedtls_mpi_cmp_mpi
                0x0000000000006bd8                mbedtls_mpi_lt_mpi_ct
                0x0000000000006c7a                mbedtls_mpi_cmp_int
                0x0000000000006ca8                mbedtls_mpi_add_abs
                0x0000000000006d56                mbedtls_mpi_sub_abs
                0x0000000000006e38                mbedtls_mpi_add_mpi
                0x0000000000006e80                mbedtls_mpi_sub_mpi
                0x0000000000006eca                mbedtls_mpi_add_int
                0x0000000000006ef8                mbedtls_mpi_sub_int
                0x0000000000006f26                mbedtls_mpi_mul_mpi
                0x000000000000700c                mbedtls_mpi_mul_int
                0x0000000000007068                mbedtls_mpi_read_string
                0x0000000000007184                mbedtls_mpi_div_mpi
                0x00000000000074e8                mbedtls_mpi_div_int
                0x0000000000007516                mbedtls_mpi_mod_mpi
                0x000000000000757a                mbedtls_mpi_mod_int
                0x00000000000075e8                mbedtls_mpi_write_string
                0x000000000000779c                mbedtls_mpi_montg_init
                0x00000000000077a2                mbedtls_mpi_montmul
                0x00000000000077a6                mbedtls_mpi_montred
                0x00000000000077aa                mbedtls_mpi_exp_mod
                0x0000000000007c10                mbedtls_mpi_gcd
                0x0000000000007d10                mbedtls_mpi_fill_random
                0x0000000000007ed6                mbedtls_mpi_random
                0x0000000000007fbc                mbedtls_mpi_inv_mod
                0x00000000000082a2                mbedtls_mpi_is_prime_ext
                0x0000000000008306                mbedtls_mpi_is_prime
                0x0000000000008310                mbedtls_mpi_gen_prime
                0x0000000000008520                mbedtls_mpi_self_test
 .text          0x000000000000881c       0x14 build/export-ta_arm32/lib/libmbedtls.a(platform_util.o)
                0x000000000000881c                mbedtls_platform_zeroize
 .text          0x0000000000008830      0x9b0 build/export-ta_arm32/lib/libutils.a(bget_malloc.o)
                0x0000000000008850                bget
                0x0000000000008a54                bgetz
                0x0000000000008ab4                brel
                0x0000000000008cbc                bgetr
                0x0000000000008d40                bpool
                0x0000000000008ddc                bstats
                0x0000000000008e40                malloc_reset_stats
                0x0000000000008e54                malloc_get_stats
                0x0000000000008e70                raw_memalign
                0x0000000000008eb4                raw_malloc
                0x0000000000008ec6                raw_free
                0x0000000000008ece                raw_calloc
                0x0000000000008f16                raw_realloc
                0x0000000000008fdc                malloc
                0x0000000000008ff0                calloc
                0x0000000000009010                realloc
                0x000000000000902c                memalign
                0x000000000000904c                free
                0x000000000000905c                free_wipe
                0x000000000000906c                raw_malloc_get_ctx_size
                0x0000000000009070                raw_malloc_init_ctx
                0x0000000000009082                raw_malloc_add_pool
                0x0000000000009084                raw_malloc_get_stats
                0x000000000000909c                malloc_add_pool
                0x00000000000090ac                malloc_buffer_is_within_alloced
                0x000000000000918c                malloc_buffer_overlaps_heap
 .text          0x00000000000091e0       0xf0 build/export-ta_arm32/lib/libutils.a(mempool.o)
                0x00000000000091e0                mempool_alloc_pool
                0x0000000000009264                mempool_alloc
                0x00000000000092a0                mempool_calloc
                0x00000000000092c4                mempool_free
 .text          0x00000000000092d0        0xe build/ta/trusted_keys/user_ta_header.o
                0x00000000000092d0                __ta_entry_c
                0x00000000000092da                tahead_get_trace_level
 .text          0x00000000000092de       0x10 build/export-ta_arm32/lib/libutils.a(memset.o)
                0x00000000000092de                memset
 .text          0x00000000000092ee        0x8 build/export-ta_arm32/lib/libutils.a(memzero_explicit.o)
                0x00000000000092ee                memzero_explicit
 .text          0x00000000000092f6       0x1c build/export-ta_arm32/lib/libutils.a(memchr.o)
                0x00000000000092f6                memchr
 .text          0x0000000000009312       0x10 build/export-ta_arm32/lib/libutils.a(strlen.o)
                0x0000000000009312                strlen
 .text          0x0000000000009322      0x136 build/export-ta_arm32/lib/libutils.a(arm32_aeabi_ldivmod.o)
                0x00000000000093ac                __ul_divmod
                0x00000000000093e6                __l_divmod
 .text          0x0000000000009458       0x2c build/export-ta_arm32/lib/libutils.a(snprintf.o)
                0x0000000000009458                snprintf
                0x0000000000009476                vsnprintf
 .text          0x0000000000009484       0x34 build/export-ta_arm32/lib/libutils.a(memmove.o)
                0x0000000000009484                memmove
 .text          0x00000000000094b8       0x16 build/export-ta_arm32/lib/libutils.a(strcmp.o)
                0x00000000000094b8                strcmp
 .text          0x00000000000094ce       0x2a build/export-ta_arm32/lib/libutils.a(strlcpy.o)
                0x00000000000094ce                strlcpy
 .text          0x00000000000094f8       0x48 build/export-ta_arm32/lib/libutils.a(consttime_memcmp.o)
                0x00000000000094f8                consttime_memcmp
 .text          0x0000000000009540        0x0 build/ta/trusted_keys/ta_entry_a32.o
 .text          0x0000000000009540        0x0 build/export-ta_arm32/lib/libutils.a(arm32_aeabi_ldivmod_a32.o)
 .text          0x0000000000009540        0x0 build/export-ta_arm32/lib/libutee.a(abort.o)
 .text.__stub   0x0000000000009540       0x40 linker stubs
 *(SORT_BY_ALIGNMENT(.stub))
 *(SORT_BY_ALIGNMENT(.glue_7))
 .glue_7        0x0000000000009580        0x0 linker stubs
 *(SORT_BY_ALIGNMENT(.glue_7t))
 .glue_7t       0x0000000000009580        0x0 linker stubs
 *(SORT_BY_ALIGNMENT(.gnu.linkonce.t.*))
 *(SORT_BY_ALIGNMENT(.vfp11_veneer))
 .vfp11_veneer  0x0000000000009580        0x0 linker stubs
                0x0000000000009580                __text_end = .

.v4_bx          0x0000000000009580        0x0
 .v4_bx         0x0000000000009580        0x0 linker stubs

.iplt           0x0000000000009580        0x0
 .iplt          0x0000000000009580        0x0 build/ta/trusted_keys/entry.o

.note.gnu.property
 *(SORT_BY_ALIGNMENT(.note.gnu.property))

.plt            0x0000000000009580        0x0
 *(SORT_BY_ALIGNMENT(.plt))
 .plt           0x0000000000009580        0x0 build/ta/trusted_keys/entry.o

.eh_frame_hdr
 *(SORT_BY_ALIGNMENT(.eh_frame_hdr))
 *(SORT_BY_ALIGNMENT(.eh_frame_entry) SORT_BY_ALIGNMENT(.eh_frame_entry.*))

.eh_frame
 *(SORT_BY_ALIGNMENT(.eh_frame))
 *(SORT_BY_ALIGNMENT(.eh_frame.*))

.gcc_except_table
 *(SORT_BY_ALIGNMENT(.gcc_except_table) SORT_BY_ALIGNMENT(.gcc_except_table.*))

.rodata         0x0000000000009580     0x1210
 *(SORT_BY_ALIGNMENT(.gnu.linkonce.r.*))
 *(SORT_BY_ALIGNMENT(.rodata) SORT_BY_ALIGNMENT(.rodata.*))
 .rodata.ta/trusted_keys/entry.c
                0x0000000000009580       0x59 build/ta/trusted_keys/entry.o
 *fill*         0x00000000000095d9        0x3 
 .rodata.build/export-ta_arm32/src/user_ta_header.c
                0x00000000000095dc       0x17 build/ta/trusted_keys/user_ta_header.o
                0x00000000000095dc                ta_num_props
                0x00000000000095ec                ta_heap_size
                0x00000000000095f0                trace_ext_prefix
 *fill*         0x00000000000095f3        0x1 
 .rodata.lib/libutee/tee_api_property.c
                0x00000000000095f4       0x10 build/export-ta_arm32/lib/libutee.a(tee_api_property.o)
 .rodata.lib/libutee/tee_system_pta.c
                0x0000000000009604       0x31 build/export-ta_arm32/lib/libutee.a(tee_system_pta.o)
 *fill*         0x0000000000009635        0x3 
 .rodata.lib/libmbedtls/mbedtls/library/bignum.c
                0x0000000000009638      0x2c4 build/export-ta_arm32/lib/libmbedtls.a(bignum.o)
 .rodata.str1.1.ta/trusted_keys/entry.c
                0x00000000000098fc      0x101 build/ta/trusted_keys/entry.o
 .rodata.str1.1.build/export-ta_arm32/src/user_ta_header.c
                0x00000000000099fd       0xae build/ta/trusted_keys/user_ta_header.o
 .rodata.str1.1.lib/libutils/ext/trace.c
                0x0000000000009aab       0x1a build/export-ta_arm32/lib/libutils.a(trace.o)
                                         0x1b (size before relaxing)
 .rodata.lib/libutils/ext/trace.c
                0x0000000000009ac5        0x5 build/export-ta_arm32/lib/libutils.a(trace.o)
 .rodata.str1.1.lib/libutils/ext/snprintk.c
                0x0000000000009aca       0x38 build/export-ta_arm32/lib/libutils.a(snprintk.o)
 .rodata.lib/libutils/ext/snprintk.c
                0x0000000000009b02       0x22 build/export-ta_arm32/lib/libutils.a(snprintk.o)
 .rodata.str1.1.lib/libutee/assert.c
                0x0000000000009b24       0x27 build/export-ta_arm32/lib/libutee.a(assert.o)
 .rodata.str1.1.lib/libutee/trace_ext.c
                0x0000000000009b4b       0x27 build/export-ta_arm32/lib/libutee.a(trace_ext.o)
                                          0x2 (size before relaxing)
 .rodata.str1.1.lib/libutee/tee_api.c
                0x0000000000009b4b       0x11 build/export-ta_arm32/lib/libutee.a(tee_api.o)
 .rodata.lib/libutee/tee_api.c
                0x0000000000009b5c        0xb build/export-ta_arm32/lib/libutee.a(tee_api.o)
 .rodata.str1.1.lib/libutee/tee_api_property.c
                0x0000000000009b67       0x97 build/export-ta_arm32/lib/libutee.a(tee_api_property.o)
                                         0x9c (size before relaxing)
 .rodata.str1.1.lib/libutee/tee_system_pta.c
                0x0000000000009bfe       0x55 build/export-ta_arm32/lib/libutee.a(tee_system_pta.o)
 .rodata.str1.1.lib/libutee/arch/arm/user_ta_entry.c
                0x0000000000009c53       0x19 build/export-ta_arm32/lib/libutee.a(user_ta_entry.o)
 .rodata.lib/libutee/arch/arm/user_ta_entry.c
                0x0000000000009c6c       0x16 build/export-ta_arm32/lib/libutee.a(user_ta_entry.o)
 .rodata.str1.1.lib/libutee/abort.c
                0x0000000000009c82        0x7 build/export-ta_arm32/lib/libutee.a(abort.o)
 .rodata.lib/libutee/base64.c
                0x0000000000009c89       0x41 build/export-ta_arm32/lib/libutee.a(base64.o)
 .rodata.str1.1.lib/libutee/tee_api_arith_mpi.c
                0x0000000000009cca       0xb7 build/export-ta_arm32/lib/libutee.a(tee_api_arith_mpi.o)
 .rodata.lib/libutee/tee_api_arith_mpi.c
                0x0000000000009d81      0x13d build/export-ta_arm32/lib/libutee.a(tee_api_arith_mpi.o)
 .rodata.str1.1.lib/libutee/arch/arm/tcb.c
                0x0000000000009ebe       0x96 build/export-ta_arm32/lib/libutee.a(tcb.o)
 .rodata.lib/libutee/arch/arm/tcb.c
                0x0000000000009f54       0x20 build/export-ta_arm32/lib/libutee.a(tcb.o)
 .rodata.str1.1.lib/libmbedtls/mbedtls/library/bignum.c
                0x0000000000009f74      0x456 build/export-ta_arm32/lib/libmbedtls.a(bignum.o)
                                        0x45d (size before relaxing)
 .rodata.str1.1.lib/libutils/isoc/bget_malloc.c
                0x000000000000a3ca      0x2b9 build/export-ta_arm32/lib/libutils.a(bget_malloc.o)
                                        0x2c2 (size before relaxing)
 .rodata.lib/libutils/isoc/bget_malloc.c
                0x000000000000a683       0x58 build/export-ta_arm32/lib/libutils.a(bget_malloc.o)
 .rodata.str1.1.lib/libutils/ext/mempool.c
                0x000000000000a6db       0x89 build/export-ta_arm32/lib/libutils.a(mempool.o)
 .rodata.lib/libutils/ext/mempool.c
                0x000000000000a764       0x2c build/export-ta_arm32/lib/libutils.a(mempool.o)

.gnu.version_d  0x000000000000a790        0x0
 .gnu.version_d
                0x000000000000a790        0x0 build/ta/trusted_keys/entry.o

.gnu.version    0x000000000000a790        0x0
 .gnu.version   0x000000000000a790        0x0 build/ta/trusted_keys/entry.o

.gnu.version_r  0x000000000000a790        0x0
 .gnu.version_r
                0x000000000000a790        0x0 build/ta/trusted_keys/entry.o

.gnu.hash       0x000000000000a790       0x2c
 .gnu.hash      0x000000000000a790       0x2c build/ta/trusted_keys/entry.o

.ARM.extab
 *(SORT_BY_ALIGNMENT(.ARM.extab*) SORT_BY_ALIGNMENT(.gnu.linkonce.armextab.*))
                [!provide]                        PROVIDE (__exidx_start = .)

.ARM.exidx
 *(SORT_BY_ALIGNMENT(.ARM.exidx*) SORT_BY_ALIGNMENT(.gnu.linkonce.armexidx.*))
                [!provide]                        PROVIDE (__exidx_end = .)

.ctors
 *(SORT_BY_ALIGNMENT(.ctors))

.dtors
 *(SORT_BY_ALIGNMENT(.dtors))

.dynsym         0x000000000000a7bc       0x60
 *(SORT_BY_ALIGNMENT(.dynsym))
 .dynsym        0x000000000000a7bc       0x60 build/ta/trusted_keys/entry.o

.dynstr         0x000000000000a81c       0x2e
 *(SORT_BY_ALIGNMENT(.dynstr))
 .dynstr        0x000000000000a81c       0x2e build/ta/trusted_keys/entry.o

.hash           0x000000000000a84c       0x2c
 *(SORT_BY_ALIGNMENT(.hash))
 .hash          0x000000000000a84c       0x2c build/ta/trusted_keys/entry.o
                0x000000000000b000                . = ALIGN (0x1000)

.dynamic        0x000000000000b000       0x88
 *(SORT_BY_ALIGNMENT(.dynamic))
 .dynamic       0x000000000000b000       0x88 build/ta/trusted_keys/entry.o
                0x000000000000b000                _DYNAMIC

.tdata
 *(SORT_BY_ALIGNMENT(.tdata) SORT_BY_ALIGNMENT(.tdata.*) SORT_BY_ALIGNMENT(.gnu.linkonce.td.*))

.tbss
 *(SORT_BY_ALIGNMENT(.tbss) SORT_BY_ALIGNMENT(.tbss.*) SORT_BY_ALIGNMENT(.gnu.linkonce.tb.*))
 *(SORT_BY_ALIGNMENT(.tcommon))

.got            0x000000000000b088       0x54
 *(SORT_BY_ALIGNMENT(.got.plt))
 .got.plt       0x000000000000b088        0xc build/ta/trusted_keys/entry.o
                0x000000000000b088                _GLOBAL_OFFSET_TABLE_
 *(SORT_BY_ALIGNMENT(.got))
 .got           0x000000000000b094       0x48 build/ta/trusted_keys/entry.o

.rel.text
 *(SORT_BY_ALIGNMENT(.rel.text))
 *(SORT_BY_ALIGNMENT(.rel.gnu.linkonce.t*))

.rela.text
 *(SORT_BY_ALIGNMENT(.rela.text))
 *(SORT_BY_ALIGNMENT(.rela.gnu.linkonce.t*))

.rel.data
 *(SORT_BY_ALIGNMENT(.rel.data))
 *(SORT_BY_ALIGNMENT(.rel.gnu.linkonce.d*))

.rela.data
 *(SORT_BY_ALIGNMENT(.rela.data))
 *(SORT_BY_ALIGNMENT(.rela.gnu.linkonce.d*))

.rel.tdata
 *(SORT_BY_ALIGNMENT(.rel.tdata) SORT_BY_ALIGNMENT(.rel.tdata.*) SORT_BY_ALIGNMENT(.rel.gnu.linkonce.td.*))

.rela.tdata
 *(SORT_BY_ALIGNMENT(.rela.tdata) SORT_BY_ALIGNMENT(.rela.tdata.*) SORT_BY_ALIGNMENT(.rela.gnu.linkonce.td.*))

.rel.tbss
 *(SORT_BY_ALIGNMENT(.rel.tbss) SORT_BY_ALIGNMENT(.rel.tbss.*) SORT_BY_ALIGNMENT(.rel.gnu.linkonce.tb.*))

.rela.tbss
 *(SORT_BY_ALIGNMENT(.rela.tbss) SORT_BY_ALIGNMENT(.rela.tbss.*) SORT_BY_ALIGNMENT(.rela.gnu.linkonce.tb.*))

.rel.rodata
 *(SORT_BY_ALIGNMENT(.rel.rodata))
 *(SORT_BY_ALIGNMENT(.rel.gnu.linkonce.r*))

.rela.rodata
 *(SORT_BY_ALIGNMENT(.rela.rodata))
 *(SORT_BY_ALIGNMENT(.rela.gnu.linkonce.r*))

.rel.dyn        0x000000000000b0dc       0xe8
 *(SORT_BY_ALIGNMENT(.rel.dyn))
 .rel.data.rel.ro
                0x000000000000b0dc        0x0 build/ta/trusted_keys/entry.o
 .rel.iplt      0x000000000000b0dc        0x0 build/ta/trusted_keys/entry.o
 .rel.data.rel.ro.local
                0x000000000000b0dc       0xc0 build/ta/trusted_keys/entry.o
 .rel.data.rel.local
                0x000000000000b19c       0x20 build/ta/trusted_keys/entry.o
 .rel.data.rel  0x000000000000b1bc        0x8 build/ta/trusted_keys/entry.o

.rel.got        0x000000000000b1c4       0x90
 *(SORT_BY_ALIGNMENT(.rel.got))
 .rel.got       0x000000000000b1c4       0x90 build/ta/trusted_keys/entry.o

.rela.got
 *(SORT_BY_ALIGNMENT(.rela.got))

.rel.ctors
 *(SORT_BY_ALIGNMENT(.rel.ctors))

.rela.ctors
 *(SORT_BY_ALIGNMENT(.rela.ctors))

.rel.dtors
 *(SORT_BY_ALIGNMENT(.rel.dtors))

.rela.dtors
 *(SORT_BY_ALIGNMENT(.rela.dtors))

.rel.init
 *(SORT_BY_ALIGNMENT(.rel.init))

.rela.init
 *(SORT_BY_ALIGNMENT(.rela.init))

.rel.fini
 *(SORT_BY_ALIGNMENT(.rel.fini))

.rela.fini
 *(SORT_BY_ALIGNMENT(.rela.fini))

.rel.bss        0x000000000000b254        0x0
 *(SORT_BY_ALIGNMENT(.rel.bss))
 .rel.bss       0x000000000000b254        0x0 build/ta/trusted_keys/entry.o

.rela.bss
 *(SORT_BY_ALIGNMENT(.rela.bss))

.rel.plt        0x000000000000b254        0x0
 *(SORT_BY_ALIGNMENT(.rel.plt))
 .rel.plt       0x000000000000b254        0x0 build/ta/trusted_keys/entry.o

.rela.plt
 *(SORT_BY_ALIGNMENT(.rela.plt))

.data           0x000000000000b254      0x104
 *(SORT_BY_ALIGNMENT(.data) SORT_BY_ALIGNMENT(.data.*) SORT_BY_ALIGNMENT(.gnu.linkonce.d.*))
 .data          0x000000000000b254        0x4 build/ta/trusted_keys/user_ta_header.o
                0x000000000000b254                trace_level
 .data.rel.ro.local
                0x000000000000b258       0x54 build/ta/trusted_keys/user_ta_header.o
                0x000000000000b258                ta_props
 .data.rel.ro.local
                0x000000000000b2ac       0x3c build/export-ta_arm32/lib/libutee.a(tee_api_property.o)
                0x000000000000b2ac                tee_props
 .data.rel.local
                0x000000000000b2e8       0x10 build/export-ta_arm32/lib/libutee.a(user_ta_entry.o)
 .data.rel      0x000000000000b2f8        0x4 build/export-ta_arm32/lib/libmbedtls.a(platform_util.o)
 .data.rel.local
                0x000000000000b2fc       0x5c build/export-ta_arm32/lib/libutils.a(bget_malloc.o)
 .data          0x000000000000b358        0x0 build/ta/trusted_keys/entry.o
 .data.rel.ro   0x000000000000b358        0x0 build/ta/trusted_keys/entry.o
 .data          0x000000000000b358        0x0 build/ta/trusted_keys/ta_entry_a32.o
 .data          0x000000000000b358        0x0 build/export-ta_arm32/lib/libutils.a(memcpy.o)
 .data          0x000000000000b358        0x0 build/export-ta_arm32/lib/libutils.a(memset.o)
 .data          0x000000000000b358        0x0 build/export-ta_arm32/lib/libutils.a(trace.o)
 .data          0x000000000000b358        0x0 build/export-ta_arm32/lib/libutils.a(memzero_explicit.o)
 .data          0x000000000000b358        0x0 build/export-ta_arm32/lib/libutils.a(snprintk.o)
 .data          0x000000000000b358        0x0 build/export-ta_arm32/lib/libutils.a(memchr.o)
 .data          0x000000000000b358        0x0 build/export-ta_arm32/lib/libutils.a(strlen.o)
 .data          0x000000000000b358        0x0 build/export-ta_arm32/lib/libutils.a(arm32_aeabi_ldivmod_a32.o)
 .data          0x000000000000b358        0x0 build/export-ta_arm32/lib/libutils.a(arm32_aeabi_ldivmod.o)
 .data          0x000000000000b358        0x0 build/export-ta_arm32/lib/libutee.a(assert.o)
 .data          0x000000000000b358        0x0 build/export-ta_arm32/lib/libutee.a(trace_ext.o)
 .data          0x000000000000b358        0x0 build/export-ta_arm32/lib/libutee.a(tee_api.o)
 .data          0x000000000000b358        0x0 build/export-ta_arm32/lib/libutee.a(tee_api_objects.o)
 .data          0x000000000000b358        0x0 build/export-ta_arm32/lib/libutee.a(tee_api_operations.o)
 .data          0x000000000000b358        0x0 build/export-ta_arm32/lib/libutee.a(tee_api_panic.o)
 .data          0x000000000000b358        0x0 build/export-ta_arm32/lib/libutee.a(tee_api_property.o)
 .data          0x000000000000b358        0x0 build/export-ta_arm32/lib/libutee.a(tee_system_pta.o)
 .data          0x000000000000b358        0x0 build/export-ta_arm32/lib/libutee.a(utee_syscalls_a32.o)
 .data          0x000000000000b358        0x0 build/export-ta_arm32/lib/libutee.a(user_ta_entry.o)
 .data          0x000000000000b358        0x0 build/export-ta_arm32/lib/libutee.a(abort.o)
 .data          0x000000000000b358        0x0 build/export-ta_arm32/lib/libutee.a(base64.o)
 .data          0x000000000000b358        0x0 build/export-ta_arm32/lib/libutee.a(tee_api_arith_mpi.o)
 .data          0x000000000000b358        0x0 build/export-ta_arm32/lib/libutee.a(tcb.o)
 .data          0x000000000000b358        0x0 build/export-ta_arm32/lib/libmbedtls.a(bignum.o)
 .data          0x000000000000b358        0x0 build/export-ta_arm32/lib/libmbedtls.a(platform_util.o)
 .data          0x000000000000b358        0x0 build/export-ta_arm32/lib/libutils.a(bget_malloc.o)
 .data          0x000000000000b358        0x0 build/export-ta_arm32/lib/libutils.a(snprintf.o)
 .data          0x000000000000b358        0x0 build/export-ta_arm32/lib/libutils.a(memmove.o)
 .data          0x000000000000b358        0x0 build/export-ta_arm32/lib/libutils.a(strcmp.o)
 .data          0x000000000000b358        0x0 build/export-ta_arm32/lib/libutils.a(strlcpy.o)
 .data          0x000000000000b358        0x0 build/export-ta_arm32/lib/libutils.a(mempool.o)
 .data          0x000000000000b358        0x0 build/export-ta_arm32/lib/libutils.a(consttime_memcmp.o)

.igot.plt       0x000000000000b358        0x0
 .igot.plt      0x000000000000b358        0x0 build/ta/trusted_keys/entry.o

.bss            0x000000000000b358     0x7050
 *(SORT_BY_ALIGNMENT(.bss) SORT_BY_ALIGNMENT(.bss.*) SORT_BY_ALIGNMENT(.gnu.linkonce.b.*) SORT_BY_ALIGNMENT(COMMON))
 .bss           0x000000000000b358        0x4 build/export-ta_arm32/lib/libutee.a(tee_api.o)
 .bss           0x000000000000b35c        0x4 build/export-ta_arm32/lib/libutee.a(tee_system_pta.o)
 .bss           0x000000000000b360       0x38 build/export-ta_arm32/lib/libutee.a(user_ta_entry.o)
                0x000000000000b368                __elf_phdr_info
                0x000000000000b374                ta_params
                0x000000000000b394                ta_param_types
 .bss           0x000000000000b398     0x3000 build/export-ta_arm32/lib/libutee.a(tee_api_arith_mpi.o)
 .bss           0x000000000000e398        0x8 build/export-ta_arm32/lib/libutee.a(tcb.o)
 .bss           0x000000000000e3a0        0x4 build/export-ta_arm32/lib/libmbedtls.a(bignum.o)
                0x000000000000e3a0                mbedtls_mpi_mempool
 .bss           0x000000000000e3a4        0x0 build/ta/trusted_keys/entry.o
 .bss           0x000000000000e3a4     0x4000 build/ta/trusted_keys/user_ta_header.o
                0x000000000000e3a4                ta_heap
 .bss           0x00000000000123a4        0x0 build/ta/trusted_keys/ta_entry_a32.o
 .bss           0x00000000000123a4        0x0 build/export-ta_arm32/lib/libutils.a(memcpy.o)
 .bss           0x00000000000123a4        0x0 build/export-ta_arm32/lib/libutils.a(memset.o)
 .bss           0x00000000000123a4        0x0 build/export-ta_arm32/lib/libutils.a(trace.o)
 .bss           0x00000000000123a4        0x0 build/export-ta_arm32/lib/libutils.a(memzero_explicit.o)
 .bss           0x00000000000123a4        0x0 build/export-ta_arm32/lib/libutils.a(snprintk.o)
 .bss           0x00000000000123a4        0x0 build/export-ta_arm32/lib/libutils.a(memchr.o)
 .bss           0x00000000000123a4        0x0 build/export-ta_arm32/lib/libutils.a(strlen.o)
 .bss           0x00000000000123a4        0x0 build/export-ta_arm32/lib/libutils.a(arm32_aeabi_ldivmod_a32.o)
 .bss           0x00000000000123a4        0x0 build/export-ta_arm32/lib/libutils.a(arm32_aeabi_ldivmod.o)
 .bss           0x00000000000123a4        0x0 build/export-ta_arm32/lib/libutee.a(assert.o)
 .bss           0x00000000000123a4        0x0 build/export-ta_arm32/lib/libutee.a(trace_ext.o)
 .bss           0x00000000000123a4        0x0 build/export-ta_arm32/lib/libutee.a(tee_api_objects.o)
 .bss           0x00000000000123a4        0x0 build/export-ta_arm32/lib/libutee.a(tee_api_operations.o)
 .bss           0x00000000000123a4        0x0 build/export-ta_arm32/lib/libutee.a(tee_api_panic.o)
 .bss           0x00000000000123a4        0x0 build/export-ta_arm32/lib/libutee.a(tee_api_property.o)
 .bss           0x00000000000123a4        0x0 build/export-ta_arm32/lib/libutee.a(utee_syscalls_a32.o)
 .bss           0x00000000000123a4        0x0 build/export-ta_arm32/lib/libutee.a(abort.o)
 .bss           0x00000000000123a4        0x0 build/export-ta_arm32/lib/libutee.a(base64.o)
 .bss           0x00000000000123a4        0x0 build/export-ta_arm32/lib/libmbedtls.a(platform_util.o)
 .bss           0x00000000000123a4        0x0 build/export-ta_arm32/lib/libutils.a(bget_malloc.o)
 .bss           0x00000000000123a4        0x0 build/export-ta_arm32/lib/libutils.a(snprintf.o)
 .bss           0x00000000000123a4        0x0 build/export-ta_arm32/lib/libutils.a(memmove.o)
 .bss           0x00000000000123a4        0x0 build/export-ta_arm32/lib/libutils.a(strcmp.o)
 .bss           0x00000000000123a4        0x0 build/export-ta_arm32/lib/libutils.a(strlcpy.o)
 .bss           0x00000000000123a4        0x0 build/export-ta_arm32/lib/libutils.a(mempool.o)
 .bss           0x00000000000123a4        0x0 build/export-ta_arm32/lib/libutils.a(consttime_memcmp.o)
                0x00000000000123a8                . = ALIGN (0x8)
 *fill*         0x00000000000123a4        0x4 
                0x00000000000123a8                __ftrace_buf_start = .
                0x00000000000123a8                . = (. + DEFINED (__gnu_mcount_nc)?0x800:0x0)
                0x00000000000123a8                __ftrace_buf_end = .

.dynbss         0x00000000000123a8        0x0
 .dynbss        0x00000000000123a8        0x0 build/ta/trusted_keys/entry.o

/DISCARD/
 *(SORT_BY_ALIGNMENT(.interp))
LOAD build/ta/trusted_keys/entry.o
LOAD build/ta/trusted_keys/user_ta_header.o
LOAD build/ta/trusted_keys/ta_entry_a32.o
START GROUP
LOAD build/export-ta_arm32/lib/libutils.a
LOAD build/export-ta_arm32/lib/libutee.a
LOAD build/export-ta_arm32/lib/libmbedtls.a
END GROUP
LOAD /opt/embedded/crosstools/arm-gnu-toolchain-11.3.rel1-x86_64-arm-none-linux-gnueabihf/bin/../lib/gcc/arm-none-linux-gnueabihf/11.3.1/libgcc.a
OUTPUT(build/ta/trusted_keys/f04a0fe7-1f5d-4b9b-abf7-619b85b4ce8c.elf elf32-littlearm)
LOAD linker stubs

.debug_info     0x0000000000000000    0x1903f
 .debug_info    0x0000000000000000     0x1255 build/ta/trusted_keys/entry.o
 .debug_info    0x0000000000001255      0x415 build/ta/trusted_keys/user_ta_header.o
 .debug_info    0x000000000000166a       0x24 build/ta/trusted_keys/ta_entry_a32.o
 .debug_info    0x000000000000168e      0x112 build/export-ta_arm32/lib/libutils.a(memcpy.o)
 .debug_info    0x00000000000017a0       0xa7 build/export-ta_arm32/lib/libutils.a(memset.o)
 .debug_info    0x0000000000001847      0x56c build/export-ta_arm32/lib/libutils.a(trace.o)
 .debug_info    0x0000000000001db3       0xfc build/export-ta_arm32/lib/libutils.a(memzero_explicit.o)
 .debug_info    0x0000000000001eaf      0x809 build/export-ta_arm32/lib/libutils.a(snprintk.o)
 .debug_info    0x00000000000026b8       0xd3 build/export-ta_arm32/lib/libutils.a(memchr.o)
 .debug_info    0x000000000000278b       0x9a build/export-ta_arm32/lib/libutils.a(strlen.o)
 .debug_info    0x0000000000002825       0x23 build/export-ta_arm32/lib/libutils.a(arm32_aeabi_ldivmod_a32.o)
 .debug_info    0x0000000000002848      0x2cc build/export-ta_arm32/lib/libutils.a(arm32_aeabi_ldivmod.o)
 .debug_info    0x0000000000002b14      0x18c build/export-ta_arm32/lib/libutee.a(assert.o)
 .debug_info    0x0000000000002ca0      0x2ed build/export-ta_arm32/lib/libutee.a(trace_ext.o)
 .debug_info    0x0000000000002f8d     0x139a build/export-ta_arm32/lib/libutee.a(tee_api.o)
 .debug_info    0x0000000000004327     0x1bb3 build/export-ta_arm32/lib/libutee.a(tee_api_objects.o)
 .debug_info    0x0000000000005eda     0x2fa2 build/export-ta_arm32/lib/libutee.a(tee_api_operations.o)
 .debug_info    0x0000000000008e7c      0x6a0 build/export-ta_arm32/lib/libutee.a(tee_api_panic.o)
 .debug_info    0x000000000000951c     0x12f3 build/export-ta_arm32/lib/libutee.a(tee_api_property.o)
 .debug_info    0x000000000000a80f      0x6e3 build/export-ta_arm32/lib/libutee.a(tee_system_pta.o)
 .debug_info    0x000000000000aef2       0x23 build/export-ta_arm32/lib/libutee.a(utee_syscalls_a32.o)
 .debug_info    0x000000000000af15     0x1349 build/export-ta_arm32/lib/libutee.a(user_ta_entry.o)
 .debug_info    0x000000000000c25e       0xcb build/export-ta_arm32/lib/libutee.a(abort.o)
 .debug_info    0x000000000000c329      0x31a build/export-ta_arm32/lib/libutee.a(base64.o)
 .debug_info    0x000000000000c643     0x3d37 build/export-ta_arm32/lib/libutee.a(tee_api_arith_mpi.o)
 .debug_info    0x000000000001037a      0x6b3 build/export-ta_arm32/lib/libutee.a(tcb.o)
 .debug_info    0x0000000000010a2d     0x5943 build/export-ta_arm32/lib/libmbedtls.a(bignum.o)
 .debug_info    0x0000000000016370      0x133 build/export-ta_arm32/lib/libmbedtls.a(platform_util.o)
 .debug_info    0x00000000000164a3     0x20a1 build/export-ta_arm32/lib/libutils.a(bget_malloc.o)
 .debug_info    0x0000000000018544      0x1e2 build/export-ta_arm32/lib/libutils.a(snprintf.o)
 .debug_info    0x0000000000018726       0xd6 build/export-ta_arm32/lib/libutils.a(memmove.o)
 .debug_info    0x00000000000187fc       0x88 build/export-ta_arm32/lib/libutils.a(strcmp.o)
 .debug_info    0x0000000000018884      0x113 build/export-ta_arm32/lib/libutils.a(strlcpy.o)
 .debug_info    0x0000000000018997      0x59e build/export-ta_arm32/lib/libutils.a(mempool.o)
 .debug_info    0x0000000000018f35      0x10a build/export-ta_arm32/lib/libutils.a(consttime_memcmp.o)

.debug_abbrev   0x0000000000000000     0x473c
 .debug_abbrev  0x0000000000000000      0x40b build/ta/trusted_keys/entry.o
 .debug_abbrev  0x000000000000040b      0x1d1 build/ta/trusted_keys/user_ta_header.o
 .debug_abbrev  0x00000000000005dc       0x14 build/ta/trusted_keys/ta_entry_a32.o
 .debug_abbrev  0x00000000000005f0       0xc6 build/export-ta_arm32/lib/libutils.a(memcpy.o)
 .debug_abbrev  0x00000000000006b6       0xa3 build/export-ta_arm32/lib/libutils.a(memset.o)
 .debug_abbrev  0x0000000000000759      0x2c3 build/export-ta_arm32/lib/libutils.a(trace.o)
 .debug_abbrev  0x0000000000000a1c       0xf2 build/export-ta_arm32/lib/libutils.a(memzero_explicit.o)
 .debug_abbrev  0x0000000000000b0e      0x2ed build/export-ta_arm32/lib/libutils.a(snprintk.o)
 .debug_abbrev  0x0000000000000dfb       0xb4 build/export-ta_arm32/lib/libutils.a(memchr.o)
 .debug_abbrev  0x0000000000000eaf       0x90 build/export-ta_arm32/lib/libutils.a(strlen.o)
 .debug_abbrev  0x0000000000000f3f       0x12 build/export-ta_arm32/lib/libutils.a(arm32_aeabi_ldivmod_a32.o)
 .debug_abbrev  0x0000000000000f51      0x176 build/export-ta_arm32/lib/libutils.a(arm32_aeabi_ldivmod.o)
 .debug_abbrev  0x00000000000010c7       0xbc build/export-ta_arm32/lib/libutee.a(assert.o)
 .debug_abbrev  0x0000000000001183      0x1b5 build/export-ta_arm32/lib/libutee.a(trace_ext.o)
 .debug_abbrev  0x0000000000001338      0x3ba build/export-ta_arm32/lib/libutee.a(tee_api.o)
 .debug_abbrev  0x00000000000016f2      0x3a4 build/export-ta_arm32/lib/libutee.a(tee_api_objects.o)
 .debug_abbrev  0x0000000000001a96      0x43f build/export-ta_arm32/lib/libutee.a(tee_api_operations.o)
 .debug_abbrev  0x0000000000001ed5      0x201 build/export-ta_arm32/lib/libutee.a(tee_api_panic.o)
 .debug_abbrev  0x00000000000020d6      0x33a build/export-ta_arm32/lib/libutee.a(tee_api_property.o)
 .debug_abbrev  0x0000000000002410      0x272 build/export-ta_arm32/lib/libutee.a(tee_system_pta.o)
 .debug_abbrev  0x0000000000002682       0x12 build/export-ta_arm32/lib/libutee.a(utee_syscalls_a32.o)
 .debug_abbrev  0x0000000000002694      0x558 build/export-ta_arm32/lib/libutee.a(user_ta_entry.o)
 .debug_abbrev  0x0000000000002bec       0x92 build/export-ta_arm32/lib/libutee.a(abort.o)
 .debug_abbrev  0x0000000000002c7e      0x194 build/export-ta_arm32/lib/libutee.a(base64.o)
 .debug_abbrev  0x0000000000002e12      0x525 build/export-ta_arm32/lib/libutee.a(tee_api_arith_mpi.o)
 .debug_abbrev  0x0000000000003337      0x23f build/export-ta_arm32/lib/libutee.a(tcb.o)
 .debug_abbrev  0x0000000000003576      0x5c3 build/export-ta_arm32/lib/libmbedtls.a(bignum.o)
 .debug_abbrev  0x0000000000003b39       0xd4 build/export-ta_arm32/lib/libmbedtls.a(platform_util.o)
 .debug_abbrev  0x0000000000003c0d      0x4f2 build/export-ta_arm32/lib/libutils.a(bget_malloc.o)
 .debug_abbrev  0x00000000000040ff      0x13c build/export-ta_arm32/lib/libutils.a(snprintf.o)
 .debug_abbrev  0x000000000000423b       0xb1 build/export-ta_arm32/lib/libutils.a(memmove.o)
 .debug_abbrev  0x00000000000042ec       0x6f build/export-ta_arm32/lib/libutils.a(strcmp.o)
 .debug_abbrev  0x000000000000435b       0xa5 build/export-ta_arm32/lib/libutils.a(strlcpy.o)
 .debug_abbrev  0x0000000000004400      0x28b build/export-ta_arm32/lib/libutils.a(mempool.o)
 .debug_abbrev  0x000000000000468b       0xb1 build/export-ta_arm32/lib/libutils.a(consttime_memcmp.o)

.debug_loclists
                0x0000000000000000     0xf22b
 .debug_loclists
                0x0000000000000000      0x6d5 build/ta/trusted_keys/entry.o
 .debug_loclists
                0x00000000000006d5       0x5c build/ta/trusted_keys/user_ta_header.o
 .debug_loclists
                0x0000000000000731      0x22c build/export-ta_arm32/lib/libutils.a(memcpy.o)
 .debug_loclists
                0x000000000000095d       0x3d build/export-ta_arm32/lib/libutils.a(memset.o)
 .debug_loclists
                0x000000000000099a      0x264 build/export-ta_arm32/lib/libutils.a(trace.o)
 .debug_loclists
                0x0000000000000bfe       0x37 build/export-ta_arm32/lib/libutils.a(memzero_explicit.o)
 .debug_loclists
                0x0000000000000c35      0xa4a build/export-ta_arm32/lib/libutils.a(snprintk.o)
 .debug_loclists
                0x000000000000167f       0xae build/export-ta_arm32/lib/libutils.a(memchr.o)
 .debug_loclists
                0x000000000000172d       0x2d build/export-ta_arm32/lib/libutils.a(strlen.o)
 .debug_loclists
                0x000000000000175a      0x26a build/export-ta_arm32/lib/libutils.a(arm32_aeabi_ldivmod.o)
 .debug_loclists
                0x00000000000019c4       0x74 build/export-ta_arm32/lib/libutee.a(assert.o)
 .debug_loclists
                0x0000000000001a38       0x66 build/export-ta_arm32/lib/libutee.a(trace_ext.o)
 .debug_loclists
                0x0000000000001a9e      0x86d build/export-ta_arm32/lib/libutee.a(tee_api.o)
 .debug_loclists
                0x000000000000230b      0xbc1 build/export-ta_arm32/lib/libutee.a(tee_api_objects.o)
 .debug_loclists
                0x0000000000002ecc     0x21d3 build/export-ta_arm32/lib/libutee.a(tee_api_operations.o)
 .debug_loclists
                0x000000000000509f      0x346 build/export-ta_arm32/lib/libutee.a(tee_api_panic.o)
 .debug_loclists
                0x00000000000053e5      0x858 build/export-ta_arm32/lib/libutee.a(tee_api_property.o)
 .debug_loclists
                0x0000000000005c3d      0x203 build/export-ta_arm32/lib/libutee.a(tee_system_pta.o)
 .debug_loclists
                0x0000000000005e40      0x6a0 build/export-ta_arm32/lib/libutee.a(user_ta_entry.o)
 .debug_loclists
                0x00000000000064e0      0x349 build/export-ta_arm32/lib/libutee.a(base64.o)
 .debug_loclists
                0x0000000000006829     0x1cd2 build/export-ta_arm32/lib/libutee.a(tee_api_arith_mpi.o)
 .debug_loclists
                0x00000000000084fb      0x1f2 build/export-ta_arm32/lib/libutee.a(tcb.o)
 .debug_loclists
                0x00000000000086ed     0x4b36 build/export-ta_arm32/lib/libmbedtls.a(bignum.o)
 .debug_loclists
                0x000000000000d223       0x45 build/export-ta_arm32/lib/libmbedtls.a(platform_util.o)
 .debug_loclists
                0x000000000000d268     0x1a6b build/export-ta_arm32/lib/libutils.a(bget_malloc.o)
 .debug_loclists
                0x000000000000ecd3       0x76 build/export-ta_arm32/lib/libutils.a(snprintf.o)
 .debug_loclists
                0x000000000000ed49      0x11c build/export-ta_arm32/lib/libutils.a(memmove.o)
 .debug_loclists
                0x000000000000ee65       0x50 build/export-ta_arm32/lib/libutils.a(strcmp.o)
 .debug_loclists
                0x000000000000eeb5       0x9e build/export-ta_arm32/lib/libutils.a(strlcpy.o)
 .debug_loclists
                0x000000000000ef53      0x214 build/export-ta_arm32/lib/libutils.a(mempool.o)
 .debug_loclists
                0x000000000000f167       0xc4 build/export-ta_arm32/lib/libutils.a(consttime_memcmp.o)

.debug_aranges  0x0000000000000000      0x628
 .debug_aranges
                0x0000000000000000       0x20 build/ta/trusted_keys/entry.o
 .debug_aranges
                0x0000000000000020       0x20 build/ta/trusted_keys/user_ta_header.o
 .debug_aranges
                0x0000000000000040       0x20 build/ta/trusted_keys/ta_entry_a32.o
 .debug_aranges
                0x0000000000000060       0x20 build/export-ta_arm32/lib/libutils.a(memcpy.o)
 .debug_aranges
                0x0000000000000080       0x20 build/export-ta_arm32/lib/libutils.a(memset.o)
 .debug_aranges
                0x00000000000000a0       0x20 build/export-ta_arm32/lib/libutils.a(trace.o)
 .debug_aranges
                0x00000000000000c0       0x20 build/export-ta_arm32/lib/libutils.a(memzero_explicit.o)
 .debug_aranges
                0x00000000000000e0       0x20 build/export-ta_arm32/lib/libutils.a(snprintk.o)
 .debug_aranges
                0x0000000000000100       0x20 build/export-ta_arm32/lib/libutils.a(memchr.o)
 .debug_aranges
                0x0000000000000120       0x20 build/export-ta_arm32/lib/libutils.a(strlen.o)
 .debug_aranges
                0x0000000000000140       0x28 build/export-ta_arm32/lib/libutils.a(arm32_aeabi_ldivmod_a32.o)
 .debug_aranges
                0x0000000000000168       0x20 build/export-ta_arm32/lib/libutils.a(arm32_aeabi_ldivmod.o)
 .debug_aranges
                0x0000000000000188       0x20 build/export-ta_arm32/lib/libutee.a(assert.o)
 .debug_aranges
                0x00000000000001a8       0x20 build/export-ta_arm32/lib/libutee.a(trace_ext.o)
 .debug_aranges
                0x00000000000001c8       0x20 build/export-ta_arm32/lib/libutee.a(tee_api.o)
 .debug_aranges
                0x00000000000001e8       0x20 build/export-ta_arm32/lib/libutee.a(tee_api_objects.o)
 .debug_aranges
                0x0000000000000208       0x20 build/export-ta_arm32/lib/libutee.a(tee_api_operations.o)
 .debug_aranges
                0x0000000000000228       0x20 build/export-ta_arm32/lib/libutee.a(tee_api_panic.o)
 .debug_aranges
                0x0000000000000248       0x20 build/export-ta_arm32/lib/libutee.a(tee_api_property.o)
 .debug_aranges
                0x0000000000000268       0x20 build/export-ta_arm32/lib/libutee.a(tee_system_pta.o)
 .debug_aranges
                0x0000000000000288      0x1e0 build/export-ta_arm32/lib/libutee.a(utee_syscalls_a32.o)
 .debug_aranges
                0x0000000000000468       0x20 build/export-ta_arm32/lib/libutee.a(user_ta_entry.o)
 .debug_aranges
                0x0000000000000488       0x20 build/export-ta_arm32/lib/libutee.a(abort.o)
 .debug_aranges
                0x00000000000004a8       0x20 build/export-ta_arm32/lib/libutee.a(base64.o)
 .debug_aranges
                0x00000000000004c8       0x20 build/export-ta_arm32/lib/libutee.a(tee_api_arith_mpi.o)
 .debug_aranges
                0x00000000000004e8       0x20 build/export-ta_arm32/lib/libutee.a(tcb.o)
 .debug_aranges
                0x0000000000000508       0x20 build/export-ta_arm32/lib/libmbedtls.a(bignum.o)
 .debug_aranges
                0x0000000000000528       0x20 build/export-ta_arm32/lib/libmbedtls.a(platform_util.o)
 .debug_aranges
                0x0000000000000548       0x20 build/export-ta_arm32/lib/libutils.a(bget_malloc.o)
 .debug_aranges
                0x0000000000000568       0x20 build/export-ta_arm32/lib/libutils.a(snprintf.o)
 .debug_aranges
                0x0000000000000588       0x20 build/export-ta_arm32/lib/libutils.a(memmove.o)
 .debug_aranges
                0x00000000000005a8       0x20 build/export-ta_arm32/lib/libutils.a(strcmp.o)
 .debug_aranges
                0x00000000000005c8       0x20 build/export-ta_arm32/lib/libutils.a(strlcpy.o)
 .debug_aranges
                0x00000000000005e8       0x20 build/export-ta_arm32/lib/libutils.a(mempool.o)
 .debug_aranges
                0x0000000000000608       0x20 build/export-ta_arm32/lib/libutils.a(consttime_memcmp.o)

.debug_rnglists
                0x0000000000000000      0x75b
 .debug_rnglists
                0x0000000000000000       0x5c build/ta/trusted_keys/entry.o
 .debug_rnglists
                0x000000000000005c       0x25 build/export-ta_arm32/lib/libutils.a(trace.o)
 .debug_rnglists
                0x0000000000000081       0x17 build/export-ta_arm32/lib/libutils.a(snprintk.o)
 .debug_rnglists
                0x0000000000000098       0x19 build/export-ta_arm32/lib/libutils.a(arm32_aeabi_ldivmod_a32.o)
 .debug_rnglists
                0x00000000000000b1       0x17 build/export-ta_arm32/lib/libutils.a(arm32_aeabi_ldivmod.o)
 .debug_rnglists
                0x00000000000000c8       0x1a build/export-ta_arm32/lib/libutee.a(tee_api.o)
 .debug_rnglists
                0x00000000000000e2       0x97 build/export-ta_arm32/lib/libutee.a(tee_api_operations.o)
 .debug_rnglists
                0x0000000000000179       0x2a build/export-ta_arm32/lib/libutee.a(tee_api_panic.o)
 .debug_rnglists
                0x00000000000001a3       0x27 build/export-ta_arm32/lib/libutee.a(tee_api_property.o)
 .debug_rnglists
                0x00000000000001ca       0x17 build/export-ta_arm32/lib/libutee.a(tee_system_pta.o)
 .debug_rnglists
                0x00000000000001e1      0x163 build/export-ta_arm32/lib/libutee.a(utee_syscalls_a32.o)
 .debug_rnglists
                0x0000000000000344       0x59 build/export-ta_arm32/lib/libutee.a(user_ta_entry.o)
 .debug_rnglists
                0x000000000000039d       0x13 build/export-ta_arm32/lib/libutee.a(abort.o)
 .debug_rnglists
                0x00000000000003b0       0x25 build/export-ta_arm32/lib/libutee.a(base64.o)
 .debug_rnglists
                0x00000000000003d5      0x13c build/export-ta_arm32/lib/libutee.a(tee_api_arith_mpi.o)
 .debug_rnglists
                0x0000000000000511      0x139 build/export-ta_arm32/lib/libmbedtls.a(bignum.o)
 .debug_rnglists
                0x000000000000064a       0xfe build/export-ta_arm32/lib/libutils.a(bget_malloc.o)
 .debug_rnglists
                0x0000000000000748       0x13 build/export-ta_arm32/lib/libutils.a(mempool.o)

.debug_macro    0x0000000000000000    0x1b95a
 .debug_macro   0x0000000000000000      0x148 build/ta/trusted_keys/entry.o
 .debug_macro   0x0000000000000148      0xaf0 build/ta/trusted_keys/entry.o
 .debug_macro   0x0000000000000c38      0x6b0 build/ta/trusted_keys/entry.o
 .debug_macro   0x00000000000012e8       0xf3 build/ta/trusted_keys/entry.o
 .debug_macro   0x00000000000013db       0x58 build/ta/trusted_keys/entry.o
 .debug_macro   0x0000000000001433       0x22 build/ta/trusted_keys/entry.o
 .debug_macro   0x0000000000001455      0x16d build/ta/trusted_keys/entry.o
 .debug_macro   0x00000000000015c2       0x34 build/ta/trusted_keys/entry.o
 .debug_macro   0x00000000000015f6       0x79 build/ta/trusted_keys/entry.o
 .debug_macro   0x000000000000166f       0x10 build/ta/trusted_keys/entry.o
 .debug_macro   0x000000000000167f       0x7c build/ta/trusted_keys/entry.o
 .debug_macro   0x00000000000016fb      0x1a7 build/ta/trusted_keys/entry.o
 .debug_macro   0x00000000000018a2       0xc4 build/ta/trusted_keys/entry.o
 .debug_macro   0x0000000000001966       0xea build/ta/trusted_keys/entry.o
 .debug_macro   0x0000000000001a50       0x89 build/ta/trusted_keys/entry.o
 .debug_macro   0x0000000000001ad9       0x16 build/ta/trusted_keys/entry.o
 .debug_macro   0x0000000000001aef      0x9b3 build/ta/trusted_keys/entry.o
 .debug_macro   0x00000000000024a2       0x35 build/ta/trusted_keys/entry.o
 .debug_macro   0x00000000000024d7       0x10 build/ta/trusted_keys/entry.o
 .debug_macro   0x00000000000024e7       0xdc build/ta/trusted_keys/entry.o
 .debug_macro   0x00000000000025c3       0x22 build/ta/trusted_keys/entry.o
 .debug_macro   0x00000000000025e5      0x16c build/ta/trusted_keys/user_ta_header.o
 .debug_macro   0x0000000000002751      0xaf0 build/ta/trusted_keys/user_ta_header.o
 .debug_macro   0x0000000000003241       0x2e build/ta/trusted_keys/user_ta_header.o
 .debug_macro   0x000000000000326f       0x39 build/ta/trusted_keys/user_ta_header.o
 .debug_macro   0x00000000000032a8       0xf0 build/ta/trusted_keys/user_ta_header.o
 .debug_macro   0x0000000000003398       0x76 build/ta/trusted_keys/user_ta_header.o
 .debug_macro   0x000000000000340e       0x1c build/ta/trusted_keys/user_ta_header.o
 .debug_macro   0x000000000000342a       0x57 build/export-ta_arm32/lib/libutils.a(memcpy.o)
 .debug_macro   0x0000000000003481      0xaea build/export-ta_arm32/lib/libutils.a(memcpy.o)
 .debug_macro   0x0000000000003f6b       0x7c build/export-ta_arm32/lib/libutils.a(memcpy.o)
 .debug_macro   0x0000000000003fe7       0x51 build/export-ta_arm32/lib/libutils.a(memset.o)
 .debug_macro   0x0000000000004038      0xaf0 build/export-ta_arm32/lib/libutils.a(memset.o)
 .debug_macro   0x0000000000004b28       0xd6 build/export-ta_arm32/lib/libutils.a(trace.o)
 .debug_macro   0x0000000000004bfe      0xaf0 build/export-ta_arm32/lib/libutils.a(trace.o)
 .debug_macro   0x00000000000056ee       0x44 build/export-ta_arm32/lib/libutils.a(memzero_explicit.o)
 .debug_macro   0x0000000000005732      0xaf0 build/export-ta_arm32/lib/libutils.a(memzero_explicit.o)
 .debug_macro   0x0000000000006222      0x13d build/export-ta_arm32/lib/libutils.a(snprintk.o)
 .debug_macro   0x000000000000635f      0xaf0 build/export-ta_arm32/lib/libutils.a(snprintk.o)
 .debug_macro   0x0000000000006e4f       0x66 build/export-ta_arm32/lib/libutils.a(memchr.o)
 .debug_macro   0x0000000000006eb5      0xaf0 build/export-ta_arm32/lib/libutils.a(memchr.o)
 .debug_macro   0x00000000000079a5       0x5a build/export-ta_arm32/lib/libutils.a(strlen.o)
 .debug_macro   0x00000000000079ff      0xaf0 build/export-ta_arm32/lib/libutils.a(strlen.o)
 .debug_macro   0x00000000000084ef       0x1a build/export-ta_arm32/lib/libutils.a(arm32_aeabi_ldivmod.o)
 .debug_macro   0x0000000000008509      0xaf0 build/export-ta_arm32/lib/libutils.a(arm32_aeabi_ldivmod.o)
 .debug_macro   0x0000000000008ff9      0x106 build/export-ta_arm32/lib/libutee.a(assert.o)
 .debug_macro   0x00000000000090ff      0xaf0 build/export-ta_arm32/lib/libutee.a(assert.o)
 .debug_macro   0x0000000000009bef       0xf1 build/export-ta_arm32/lib/libutee.a(trace_ext.o)
 .debug_macro   0x0000000000009ce0      0xaf0 build/export-ta_arm32/lib/libutee.a(trace_ext.o)
 .debug_macro   0x000000000000a7d0      0x183 build/export-ta_arm32/lib/libutee.a(tee_api.o)
 .debug_macro   0x000000000000a953      0xaf0 build/export-ta_arm32/lib/libutee.a(tee_api.o)
 .debug_macro   0x000000000000b443      0x136 build/export-ta_arm32/lib/libutee.a(tee_api_objects.o)
 .debug_macro   0x000000000000b579      0xaf0 build/export-ta_arm32/lib/libutee.a(tee_api_objects.o)
 .debug_macro   0x000000000000c069      0x180 build/export-ta_arm32/lib/libutee.a(tee_api_operations.o)
 .debug_macro   0x000000000000c1e9      0xaf0 build/export-ta_arm32/lib/libutee.a(tee_api_operations.o)
 .debug_macro   0x000000000000ccd9       0x28 build/export-ta_arm32/lib/libutee.a(tee_api_operations.o)
 .debug_macro   0x000000000000cd01      0x1ef build/export-ta_arm32/lib/libutee.a(tee_api_operations.o)
 .debug_macro   0x000000000000cef0      0x108 build/export-ta_arm32/lib/libutee.a(tee_api_panic.o)
 .debug_macro   0x000000000000cff8      0xaf0 build/export-ta_arm32/lib/libutee.a(tee_api_panic.o)
 .debug_macro   0x000000000000dae8      0x1e0 build/export-ta_arm32/lib/libutee.a(tee_api_property.o)
 .debug_macro   0x000000000000dcc8      0xaf0 build/export-ta_arm32/lib/libutee.a(tee_api_property.o)
 .debug_macro   0x000000000000e7b8       0x10 build/export-ta_arm32/lib/libutee.a(tee_api_property.o)
 .debug_macro   0x000000000000e7c8       0x34 build/export-ta_arm32/lib/libutee.a(tee_api_property.o)
 .debug_macro   0x000000000000e7fc       0x3a build/export-ta_arm32/lib/libutee.a(tee_api_property.o)
 .debug_macro   0x000000000000e836      0x13b build/export-ta_arm32/lib/libutee.a(tee_system_pta.o)
 .debug_macro   0x000000000000e971      0xaf0 build/export-ta_arm32/lib/libutee.a(tee_system_pta.o)
 .debug_macro   0x000000000000f461      0x1d6 build/export-ta_arm32/lib/libutee.a(user_ta_entry.o)
 .debug_macro   0x000000000000f637      0xaf0 build/export-ta_arm32/lib/libutee.a(user_ta_entry.o)
 .debug_macro   0x0000000000010127     0x15e6 build/export-ta_arm32/lib/libutee.a(user_ta_entry.o)
 .debug_macro   0x000000000001170d       0x4a build/export-ta_arm32/lib/libutee.a(user_ta_entry.o)
 .debug_macro   0x0000000000011757      0x2e9 build/export-ta_arm32/lib/libutee.a(user_ta_entry.o)
 .debug_macro   0x0000000000011a40      0x11d build/export-ta_arm32/lib/libutee.a(abort.o)
 .debug_macro   0x0000000000011b5d      0xaf0 build/export-ta_arm32/lib/libutee.a(abort.o)
 .debug_macro   0x000000000001264d       0x48 build/export-ta_arm32/lib/libutee.a(base64.o)
 .debug_macro   0x0000000000012695      0xaf0 build/export-ta_arm32/lib/libutee.a(base64.o)
 .debug_macro   0x0000000000013185      0x1af build/export-ta_arm32/lib/libutee.a(tee_api_arith_mpi.o)
 .debug_macro   0x0000000000013334      0xaf0 build/export-ta_arm32/lib/libutee.a(tee_api_arith_mpi.o)
 .debug_macro   0x0000000000013e24      0x124 build/export-ta_arm32/lib/libutee.a(tee_api_arith_mpi.o)
 .debug_macro   0x0000000000013f48       0x12 build/export-ta_arm32/lib/libutee.a(tee_api_arith_mpi.o)
 .debug_macro   0x0000000000013f5a       0x79 build/export-ta_arm32/lib/libutee.a(tee_api_arith_mpi.o)
 .debug_macro   0x0000000000013fd3      0x1e9 build/export-ta_arm32/lib/libutee.a(tee_api_arith_mpi.o)
 .debug_macro   0x00000000000141bc      0x189 build/export-ta_arm32/lib/libutee.a(tcb.o)
 .debug_macro   0x0000000000014345      0xaf0 build/export-ta_arm32/lib/libutee.a(tcb.o)
 .debug_macro   0x0000000000014e35       0x10 build/export-ta_arm32/lib/libutee.a(tcb.o)
 .debug_macro   0x0000000000014e45      0x1c3 build/export-ta_arm32/lib/libmbedtls.a(bignum.o)
 .debug_macro   0x0000000000015008      0xaf0 build/export-ta_arm32/lib/libmbedtls.a(bignum.o)
 .debug_macro   0x0000000000015af8       0x2b build/export-ta_arm32/lib/libmbedtls.a(bignum.o)
 .debug_macro   0x0000000000015b23       0x1e build/export-ta_arm32/lib/libmbedtls.a(bignum.o)
 .debug_macro   0x0000000000015b41       0x17 build/export-ta_arm32/lib/libmbedtls.a(bignum.o)
 .debug_macro   0x0000000000015b58       0x10 build/export-ta_arm32/lib/libmbedtls.a(bignum.o)
 .debug_macro   0x0000000000015b68      0x15c build/export-ta_arm32/lib/libmbedtls.a(platform_util.o)
 .debug_macro   0x0000000000015cc4      0xaf0 build/export-ta_arm32/lib/libmbedtls.a(platform_util.o)
 .debug_macro   0x00000000000167b4       0x10 build/export-ta_arm32/lib/libmbedtls.a(platform_util.o)
 .debug_macro   0x00000000000167c4       0x7f build/export-ta_arm32/lib/libmbedtls.a(platform_util.o)
 .debug_macro   0x0000000000016843       0x16 build/export-ta_arm32/lib/libmbedtls.a(platform_util.o)
 .debug_macro   0x0000000000016859      0x153 build/export-ta_arm32/lib/libutils.a(bget_malloc.o)
 .debug_macro   0x00000000000169ac      0xaf0 build/export-ta_arm32/lib/libutils.a(bget_malloc.o)
 .debug_macro   0x000000000001749c       0x16 build/export-ta_arm32/lib/libutils.a(bget_malloc.o)
 .debug_macro   0x00000000000174b2       0x10 build/export-ta_arm32/lib/libutils.a(bget_malloc.o)
 .debug_macro   0x00000000000174c2       0x3c build/export-ta_arm32/lib/libutils.a(bget_malloc.o)
 .debug_macro   0x00000000000174fe       0x4d build/export-ta_arm32/lib/libutils.a(snprintf.o)
 .debug_macro   0x000000000001754b      0xaf0 build/export-ta_arm32/lib/libutils.a(snprintf.o)
 .debug_macro   0x000000000001803b       0x64 build/export-ta_arm32/lib/libutils.a(memmove.o)
 .debug_macro   0x000000000001809f      0xaf0 build/export-ta_arm32/lib/libutils.a(memmove.o)
 .debug_macro   0x0000000000018b8f       0x54 build/export-ta_arm32/lib/libutils.a(strcmp.o)
 .debug_macro   0x0000000000018be3      0xaf0 build/export-ta_arm32/lib/libutils.a(strcmp.o)
 .debug_macro   0x00000000000196d3       0x8b build/export-ta_arm32/lib/libutils.a(strlcpy.o)
 .debug_macro   0x000000000001975e      0xaf0 build/export-ta_arm32/lib/libutils.a(strlcpy.o)
 .debug_macro   0x000000000001a24e       0xed build/export-ta_arm32/lib/libutils.a(mempool.o)
 .debug_macro   0x000000000001a33b      0xaf0 build/export-ta_arm32/lib/libutils.a(mempool.o)
 .debug_macro   0x000000000001ae2b       0x3f build/export-ta_arm32/lib/libutils.a(consttime_memcmp.o)
 .debug_macro   0x000000000001ae6a      0xaf0 build/export-ta_arm32/lib/libutils.a(consttime_memcmp.o)

.debug_line     0x0000000000000000    0x10fba
 .debug_line    0x0000000000000000      0x703 build/ta/trusted_keys/entry.o
 .debug_line    0x0000000000000703      0x304 build/ta/trusted_keys/user_ta_header.o
 .debug_line    0x0000000000000a07       0x49 build/ta/trusted_keys/ta_entry_a32.o
 .debug_line    0x0000000000000a50      0x257 build/export-ta_arm32/lib/libutils.a(memcpy.o)
 .debug_line    0x0000000000000ca7      0x185 build/export-ta_arm32/lib/libutils.a(memset.o)
 .debug_line    0x0000000000000e2c      0x3e1 build/export-ta_arm32/lib/libutils.a(trace.o)
 .debug_line    0x000000000000120d      0x19a build/export-ta_arm32/lib/libutils.a(memzero_explicit.o)
 .debug_line    0x00000000000013a7      0x8d3 build/export-ta_arm32/lib/libutils.a(snprintk.o)
 .debug_line    0x0000000000001c7a      0x199 build/export-ta_arm32/lib/libutils.a(memchr.o)
 .debug_line    0x0000000000001e13      0x183 build/export-ta_arm32/lib/libutils.a(strlen.o)
 .debug_line    0x0000000000001f96       0x62 build/export-ta_arm32/lib/libutils.a(arm32_aeabi_ldivmod_a32.o)
 .debug_line    0x0000000000001ff8      0x228 build/export-ta_arm32/lib/libutils.a(arm32_aeabi_ldivmod.o)
 .debug_line    0x0000000000002220      0x2b3 build/export-ta_arm32/lib/libutee.a(assert.o)
 .debug_line    0x00000000000024d3      0x323 build/export-ta_arm32/lib/libutee.a(trace_ext.o)
 .debug_line    0x00000000000027f6      0xa00 build/export-ta_arm32/lib/libutee.a(tee_api.o)
 .debug_line    0x00000000000031f6      0xc6e build/export-ta_arm32/lib/libutee.a(tee_api_objects.o)
 .debug_line    0x0000000000003e64     0x1f5f build/export-ta_arm32/lib/libutee.a(tee_api_operations.o)
 .debug_line    0x0000000000005dc3      0x3c9 build/export-ta_arm32/lib/libutee.a(tee_api_panic.o)
 .debug_line    0x000000000000618c      0xb05 build/export-ta_arm32/lib/libutee.a(tee_api_property.o)
 .debug_line    0x0000000000006c91      0x46e build/export-ta_arm32/lib/libutee.a(tee_system_pta.o)
 .debug_line    0x00000000000070ff      0x425 build/export-ta_arm32/lib/libutee.a(utee_syscalls_a32.o)
 .debug_line    0x0000000000007524      0xa70 build/export-ta_arm32/lib/libutee.a(user_ta_entry.o)
 .debug_line    0x0000000000007f94      0x267 build/export-ta_arm32/lib/libutee.a(abort.o)
 .debug_line    0x00000000000081fb      0x406 build/export-ta_arm32/lib/libutee.a(base64.o)
 .debug_line    0x0000000000008601     0x1b47 build/export-ta_arm32/lib/libutee.a(tee_api_arith_mpi.o)
 .debug_line    0x000000000000a148      0x577 build/export-ta_arm32/lib/libutee.a(tcb.o)
 .debug_line    0x000000000000a6bf     0x4738 build/export-ta_arm32/lib/libmbedtls.a(bignum.o)
 .debug_line    0x000000000000edf7      0x2d6 build/export-ta_arm32/lib/libmbedtls.a(platform_util.o)
 .debug_line    0x000000000000f0cd     0x1259 build/export-ta_arm32/lib/libutils.a(bget_malloc.o)
 .debug_line    0x0000000000010326      0x1af build/export-ta_arm32/lib/libutils.a(snprintf.o)
 .debug_line    0x00000000000104d5      0x1cb build/export-ta_arm32/lib/libutils.a(memmove.o)
 .debug_line    0x00000000000106a0      0x18e build/export-ta_arm32/lib/libutils.a(strcmp.o)
 .debug_line    0x000000000001082e      0x218 build/export-ta_arm32/lib/libutils.a(strlcpy.o)
 .debug_line    0x0000000000010a46      0x342 build/export-ta_arm32/lib/libutils.a(mempool.o)
 .debug_line    0x0000000000010d88      0x232 build/export-ta_arm32/lib/libutils.a(consttime_memcmp.o)

.debug_str      0x0000000000000000    0x19126
 .debug_str     0x0000000000000000     0xaef3 build/ta/trusted_keys/entry.o
                                       0xb111 (size before relaxing)
 .debug_str     0x000000000000aef3      0x7e3 build/ta/trusted_keys/user_ta_header.o
                                       0xaf60 (size before relaxing)
 .debug_str     0x000000000000b6d6       0x35 build/ta/trusted_keys/ta_entry_a32.o
                                         0x7a (size before relaxing)
 .debug_str     0x000000000000b70b      0x3bf build/export-ta_arm32/lib/libutils.a(memcpy.o)
                                       0x4c95 (size before relaxing)
 .debug_str     0x000000000000baca      0x1b5 build/export-ta_arm32/lib/libutils.a(memset.o)
                                       0x4c26 (size before relaxing)
 .debug_str     0x000000000000bc7f      0x12c build/export-ta_arm32/lib/libutils.a(trace.o)
                                       0x6ba1 (size before relaxing)
 .debug_str     0x000000000000bdab       0x60 build/export-ta_arm32/lib/libutils.a(memzero_explicit.o)
                                       0x4a4c (size before relaxing)
 .debug_str     0x000000000000be0b      0x5d0 build/export-ta_arm32/lib/libutils.a(snprintk.o)
                                       0x605e (size before relaxing)
 .debug_str     0x000000000000c3db       0xe9 build/export-ta_arm32/lib/libutils.a(memchr.o)
                                       0x4e61 (size before relaxing)
 .debug_str     0x000000000000c4c4       0x50 build/export-ta_arm32/lib/libutils.a(strlen.o)
                                       0x4dfe (size before relaxing)
 .debug_str     0x000000000000c514       0x35 build/export-ta_arm32/lib/libutils.a(arm32_aeabi_ldivmod_a32.o)
                                         0x86 (size before relaxing)
 .debug_str     0x000000000000c549       0xb9 build/export-ta_arm32/lib/libutils.a(arm32_aeabi_ldivmod.o)
                                       0x4735 (size before relaxing)
 .debug_str     0x000000000000c602       0x4c build/export-ta_arm32/lib/libutee.a(assert.o)
                                       0x9e80 (size before relaxing)
 .debug_str     0x000000000000c64e       0x50 build/export-ta_arm32/lib/libutee.a(trace_ext.o)
                                       0xa1cf (size before relaxing)
 .debug_str     0x000000000000c69e      0x4cf build/export-ta_arm32/lib/libutee.a(tee_api.o)
                                       0xb201 (size before relaxing)
 .debug_str     0x000000000000cb6d      0x737 build/export-ta_arm32/lib/libutee.a(tee_api_objects.o)
                                       0xa28a (size before relaxing)
 .debug_str     0x000000000000d2a4     0x1582 build/export-ta_arm32/lib/libutee.a(tee_api_operations.o)
                                       0xc253 (size before relaxing)
 .debug_str     0x000000000000e826      0x16b build/export-ta_arm32/lib/libutee.a(tee_api_panic.o)
                                       0xa47b (size before relaxing)
 .debug_str     0x000000000000e991      0x52a build/export-ta_arm32/lib/libutee.a(tee_api_property.o)
                                       0xb3bb (size before relaxing)
 .debug_str     0x000000000000eebb       0xa8 build/export-ta_arm32/lib/libutee.a(tee_system_pta.o)
                                       0xac46 (size before relaxing)
 .debug_str     0x000000000000ef63       0x29 build/export-ta_arm32/lib/libutee.a(utee_syscalls_a32.o)
                                         0x7a (size before relaxing)
 .debug_str     0x000000000000ef8c     0x75a0 build/export-ta_arm32/lib/libutee.a(user_ta_entry.o)
                                      0x124c2 (size before relaxing)
 .debug_str     0x000000000001652c       0x43 build/export-ta_arm32/lib/libutee.a(abort.o)
                                       0x99ce (size before relaxing)
 .debug_str     0x000000000001656f       0x5a build/export-ta_arm32/lib/libutee.a(base64.o)
                                       0x51e9 (size before relaxing)
 .debug_str     0x00000000000165c9      0xf90 build/export-ta_arm32/lib/libutee.a(tee_api_arith_mpi.o)
                                       0xc5ee (size before relaxing)
 .debug_str     0x0000000000017559      0x255 build/export-ta_arm32/lib/libutee.a(tcb.o)
                                      0x11c4d (size before relaxing)
 .debug_str     0x00000000000177ae      0xc55 build/export-ta_arm32/lib/libmbedtls.a(bignum.o)
                                       0x7f5b (size before relaxing)
 .debug_str     0x0000000000018403      0x3f3 build/export-ta_arm32/lib/libmbedtls.a(platform_util.o)
                                       0x684a (size before relaxing)
 .debug_str     0x00000000000187f6      0x716 build/export-ta_arm32/lib/libutils.a(bget_malloc.o)
                                       0x74b2 (size before relaxing)
 .debug_str     0x0000000000018f0c       0x46 build/export-ta_arm32/lib/libutils.a(snprintf.o)
                                       0x4b78 (size before relaxing)
 .debug_str     0x0000000000018f52       0x5b build/export-ta_arm32/lib/libutils.a(memmove.o)
                                       0x4e70 (size before relaxing)
 .debug_str     0x0000000000018fad       0x50 build/export-ta_arm32/lib/libutils.a(strcmp.o)
                                       0x4dfe (size before relaxing)
 .debug_str     0x0000000000018ffd       0x42 build/export-ta_arm32/lib/libutils.a(strlcpy.o)
                                       0x54f8 (size before relaxing)
 .debug_str     0x000000000001903f       0x7f build/export-ta_arm32/lib/libutils.a(mempool.o)
                                       0x6dda (size before relaxing)
 .debug_str     0x00000000000190be       0x68 build/export-ta_arm32/lib/libutils.a(consttime_memcmp.o)
                                       0x4c1e (size before relaxing)

.comment        0x0000000000000000       0x33
 .comment       0x0000000000000000       0x33 build/ta/trusted_keys/entry.o
                                         0x34 (size before relaxing)
 .comment       0x0000000000000033       0x34 build/ta/trusted_keys/user_ta_header.o
 .comment       0x0000000000000033       0x34 build/export-ta_arm32/lib/libutils.a(memcpy.o)
 .comment       0x0000000000000033       0x34 build/export-ta_arm32/lib/libutils.a(memset.o)
 .comment       0x0000000000000033       0x34 build/export-ta_arm32/lib/libutils.a(trace.o)
 .comment       0x0000000000000033       0x34 build/export-ta_arm32/lib/libutils.a(memzero_explicit.o)
 .comment       0x0000000000000033       0x34 build/export-ta_arm32/lib/libutils.a(snprintk.o)
 .comment       0x0000000000000033       0x34 build/export-ta_arm32/lib/libutils.a(memchr.o)
 .comment       0x0000000000000033       0x34 build/export-ta_arm32/lib/libutils.a(strlen.o)
 .comment       0x0000000000000033       0x34 build/export-ta_arm32/lib/libutils.a(arm32_aeabi_ldivmod.o)
 .comment       0x0000000000000033       0x34 build/export-ta_arm32/lib/libutee.a(assert.o)
 .comment       0x0000000000000033       0x34 build/export-ta_arm32/lib/libutee.a(trace_ext.o)
 .comment       0x0000000000000033       0x34 build/export-ta_arm32/lib/libutee.a(tee_api.o)
 .comment       0x0000000000000033       0x34 build/export-ta_arm32/lib/libutee.a(tee_api_objects.o)
 .comment       0x0000000000000033       0x34 build/export-ta_arm32/lib/libutee.a(tee_api_operations.o)
 .comment       0x0000000000000033       0x34 build/export-ta_arm32/lib/libutee.a(tee_api_panic.o)
 .comment       0x0000000000000033       0x34 build/export-ta_arm32/lib/libutee.a(tee_api_property.o)
 .comment       0x0000000000000033       0x34 build/export-ta_arm32/lib/libutee.a(tee_system_pta.o)
 .comment       0x0000000000000033       0x34 build/export-ta_arm32/lib/libutee.a(user_ta_entry.o)
 .comment       0x0000000000000033       0x34 build/export-ta_arm32/lib/libutee.a(abort.o)
 .comment       0x0000000000000033       0x34 build/export-ta_arm32/lib/libutee.a(base64.o)
 .comment       0x0000000000000033       0x34 build/export-ta_arm32/lib/libutee.a(tee_api_arith_mpi.o)
 .comment       0x0000000000000033       0x34 build/export-ta_arm32/lib/libutee.a(tcb.o)
 .comment       0x0000000000000033       0x34 build/export-ta_arm32/lib/libmbedtls.a(bignum.o)
 .comment       0x0000000000000033       0x34 build/export-ta_arm32/lib/libmbedtls.a(platform_util.o)
 .comment       0x0000000000000033       0x34 build/export-ta_arm32/lib/libutils.a(bget_malloc.o)
 .comment       0x0000000000000033       0x34 build/export-ta_arm32/lib/libutils.a(snprintf.o)
 .comment       0x0000000000000033       0x34 build/export-ta_arm32/lib/libutils.a(memmove.o)
 .comment       0x0000000000000033       0x34 build/export-ta_arm32/lib/libutils.a(strcmp.o)
 .comment       0x0000000000000033       0x34 build/export-ta_arm32/lib/libutils.a(strlcpy.o)
 .comment       0x0000000000000033       0x34 build/export-ta_arm32/lib/libutils.a(mempool.o)
 .comment       0x0000000000000033       0x34 build/export-ta_arm32/lib/libutils.a(consttime_memcmp.o)

.note.GNU-stack
                0x0000000000000000        0x0
 .note.GNU-stack
                0x0000000000000000        0x0 build/ta/trusted_keys/entry.o
 .note.GNU-stack
                0x0000000000000000        0x0 build/ta/trusted_keys/user_ta_header.o
 .note.GNU-stack
                0x0000000000000000        0x0 build/export-ta_arm32/lib/libutils.a(memcpy.o)
 .note.GNU-stack
                0x0000000000000000        0x0 build/export-ta_arm32/lib/libutils.a(memset.o)
 .note.GNU-stack
                0x0000000000000000        0x0 build/export-ta_arm32/lib/libutils.a(trace.o)
 .note.GNU-stack
                0x0000000000000000        0x0 build/export-ta_arm32/lib/libutils.a(memzero_explicit.o)
 .note.GNU-stack
                0x0000000000000000        0x0 build/export-ta_arm32/lib/libutils.a(snprintk.o)
 .note.GNU-stack