Archive member included to satisfy reference by file (symbol)

out/arm-plat-stm32mp1/export-ta_arm32/lib/libutils.a(snprintf.o)
                              out/arm-plat-stm32mp1/ta/pkcs11/src/persistent_token.o (snprintf)
out/arm-plat-stm32mp1/export-ta_arm32/lib/libutils.a(memcpy.o)
                              out/arm-plat-stm32mp1/ta/pkcs11/src/pkcs11_token.o (memcpy)
out/arm-plat-stm32mp1/export-ta_arm32/lib/libutils.a(memset.o)
                              out/arm-plat-stm32mp1/ta/pkcs11/src/persistent_token.o (memset)
out/arm-plat-stm32mp1/export-ta_arm32/lib/libutils.a(strchr.o)
                              out/arm-plat-stm32mp1/ta/pkcs11/src/persistent_token.o (strchr)
out/arm-plat-stm32mp1/export-ta_arm32/lib/libutils.a(strcmp.o)
                              out/arm-plat-stm32mp1/ta/pkcs11/src/persistent_token.o (strcmp)
out/arm-plat-stm32mp1/export-ta_arm32/lib/libutils.a(strlen.o)
                              out/arm-plat-stm32mp1/ta/pkcs11/src/attributes.o (strlen)
out/arm-plat-stm32mp1/export-ta_arm32/lib/libutils.a(strnlen.o)
                              out/arm-plat-stm32mp1/ta/pkcs11/src/pkcs11_token.o (strnlen)
out/arm-plat-stm32mp1/export-ta_arm32/lib/libutils.a(strstr.o)
                              out/arm-plat-stm32mp1/ta/pkcs11/src/persistent_token.o (strstr)
out/arm-plat-stm32mp1/export-ta_arm32/lib/libutils.a(snprintk.o)
                              out/arm-plat-stm32mp1/ta/pkcs11/src/pkcs11_token.o (snprintk)
out/arm-plat-stm32mp1/export-ta_arm32/lib/libutils.a(trace.o)
                              out/arm-plat-stm32mp1/ta/pkcs11/src/attributes.o (trace_printf)
out/arm-plat-stm32mp1/export-ta_arm32/lib/libutils.a(consttime_memcmp.o)
                              out/arm-plat-stm32mp1/ta/pkcs11/src/persistent_token.o (consttime_memcmp)
out/arm-plat-stm32mp1/export-ta_arm32/lib/libutils.a(memchr.o)
                              out/arm-plat-stm32mp1/export-ta_arm32/lib/libutils.a(strstr.o) (memchr)
out/arm-plat-stm32mp1/export-ta_arm32/lib/libutils.a(memcmp.o)
                              out/arm-plat-stm32mp1/export-ta_arm32/lib/libutils.a(strstr.o) (memcmp)
out/arm-plat-stm32mp1/export-ta_arm32/lib/libutils.a(arm32_aeabi_ldivmod_a32.o)
                              out/arm-plat-stm32mp1/export-ta_arm32/lib/libutils.a(snprintk.o) (__aeabi_uldivmod)
out/arm-plat-stm32mp1/export-ta_arm32/lib/libutils.a(arm32_aeabi_ldivmod.o)
                              out/arm-plat-stm32mp1/export-ta_arm32/lib/libutils.a(arm32_aeabi_ldivmod_a32.o) (__ul_divmod)
out/arm-plat-stm32mp1/export-ta_arm32/lib/libutee.a(assert.o)
                              out/arm-plat-stm32mp1/ta/pkcs11/src/attributes.o (_assert_log)
out/arm-plat-stm32mp1/export-ta_arm32/lib/libutee.a(tee_uuid_from_str.o)
                              out/arm-plat-stm32mp1/ta/pkcs11/src/persistent_token.o (tee_uuid_from_str)
out/arm-plat-stm32mp1/export-ta_arm32/lib/libutee.a(trace_ext.o)
                              out/arm-plat-stm32mp1/export-ta_arm32/lib/libutils.a(trace.o) (trace_ext_puts)
out/arm-plat-stm32mp1/export-ta_arm32/lib/libutee.a(tee_api.o)
                              out/arm-plat-stm32mp1/ta/pkcs11/src/pkcs11_token.o (TEE_OpenTASession)
out/arm-plat-stm32mp1/export-ta_arm32/lib/libutee.a(tee_api_objects.o)
                              out/arm-plat-stm32mp1/ta/pkcs11/src/persistent_token.o (TEE_GetObjectInfo1)
out/arm-plat-stm32mp1/export-ta_arm32/lib/libutee.a(tee_api_operations.o)
                              out/arm-plat-stm32mp1/ta/pkcs11/src/persistent_token.o (TEE_AllocateOperation)
out/arm-plat-stm32mp1/export-ta_arm32/lib/libutee.a(tee_api_panic.o)
                              out/arm-plat-stm32mp1/ta/pkcs11/src/attributes.o (TEE_Panic)
out/arm-plat-stm32mp1/export-ta_arm32/lib/libutee.a(tee_api_property.o)
                              out/arm-plat-stm32mp1/ta/pkcs11/src/pkcs11_token.o (TEE_GetPropertyAsUUID)
out/arm-plat-stm32mp1/export-ta_arm32/lib/libutee.a(tee_system_pta.o)
                              out/arm-plat-stm32mp1/export-ta_arm32/lib/libutee.a(tee_api.o) (tee_map_zi)
out/arm-plat-stm32mp1/export-ta_arm32/lib/libutee.a(utee_syscalls_a32.o)
                              out/arm-plat-stm32mp1/export-ta_arm32/lib/libutee.a(assert.o) (_utee_panic)
out/arm-plat-stm32mp1/export-ta_arm32/lib/libutee.a(user_ta_entry.o)
                              out/arm-plat-stm32mp1/ta/pkcs11/user_ta_header.o (__utee_entry)
out/arm-plat-stm32mp1/export-ta_arm32/lib/libutee.a(abort.o)
                              out/arm-plat-stm32mp1/export-ta_arm32/lib/libutee.a(user_ta_entry.o) (abort)
out/arm-plat-stm32mp1/export-ta_arm32/lib/libutee.a(base64.o)
                              out/arm-plat-stm32mp1/export-ta_arm32/lib/libutee.a(tee_api_property.o) (_base64_enc_len)
out/arm-plat-stm32mp1/export-ta_arm32/lib/libutee.a(tee_api_arith_mpi.o)
                              out/arm-plat-stm32mp1/export-ta_arm32/lib/libutee.a(user_ta_entry.o) (_TEE_MathAPI_Init)
[...]
Memory Configuration

Name             Origin             Length             Attributes
*default*        0x0000000000000000 0xffffffffffffffff

Linker script and memory map


.ta_head        0x0000000000000000       0x20
 *(SORT_BY_ALIGNMENT(.ta_head))
 .ta_head       0x0000000000000000       0x20 out/arm-plat-stm32mp1/ta/pkcs11/user_ta_header.o
                0x0000000000000000                ta_head

.text           0x0000000000000020    0x23234
                0x0000000000000020                __text_start = .
 *(SORT_BY_ALIGNMENT(.text) SORT_BY_ALIGNMENT(.text.*))
 .text          0x0000000000000020      0x824 out/arm-plat-stm32mp1/ta/pkcs11/src/attributes.o
                0x0000000000000020                init_attributes_head
                0x000000000000004c                add_attribute
                0x00000000000001bc                remove_empty_attribute
                0x00000000000001da                get_attribute_ptrs
                0x00000000000002b8                get_attribute_ptr
                0x00000000000002fc                get_attribute
                0x0000000000000376                set_attribute
                0x00000000000003bc                modify_attributes_list
                0x0000000000000444                get_bool
                0x00000000000004b4                attributes_match_reference
                0x0000000000000564                attributes_match_add_reference
                0x0000000000000774                trace_attributes
 .text          0x0000000000000844      0x6bc out/arm-plat-stm32mp1/ta/pkcs11/src/entry.o
                0x0000000000000844                TA_CreateEntryPoint
                0x0000000000000852                TA_DestroyEntryPoint
                0x000000000000085e                TA_OpenSessionEntryPoint
                0x000000000000088e                TA_CloseSessionEntryPoint
                0x00000000000009be                TA_InvokeCommandEntryPoint
 .text          0x0000000000000f00     0x166c out/arm-plat-stm32mp1/ta/pkcs11/src/object.o
                0x0000000000000fde                pkcs11_handle2object
                0x0000000000001032                pkcs11_object2handle
                0x0000000000001100                cleanup_persistent_object
                0x000000000000116a                destroy_object
                0x00000000000012a0                create_token_object
                0x00000000000012cc                create_object
                0x00000000000014ec                entry_create_object
                0x000000000000167e                entry_destroy_object
                0x000000000000183a                entry_find_objects_init
                0x0000000000001b5c                entry_find_objects
                0x0000000000001c6a                release_session_find_obj_context
                0x0000000000001c8a                entry_find_objects_final
                0x0000000000001d28                entry_get_attribute_value
                0x0000000000001fae                entry_get_object_size
                0x00000000000020c0                entry_set_attribute_value
                0x00000000000022b0                entry_copy_object
 .text          0x000000000000256c     0x106c out/arm-plat-stm32mp1/ta/pkcs11/src/persistent_token.o
                0x0000000000002638                update_persistent_db
                0x0000000000002770                hash_pin
                0x00000000000027c8                verify_pin
                0x000000000000282c                setup_so_identity_auth_from_client
                0x00000000000028c4                setup_identity_auth_from_pin
                0x0000000000002b38                verify_identity_auth
                0x0000000000002c24                close_persistent_db
                0x0000000000002c96                create_object_uuid
                0x0000000000002d18                destroy_object_uuid
                0x0000000000002d70                get_persistent_objects_list
                0x0000000000002dc0                unregister_persistent_object
                0x0000000000002ee2                register_persistent_object
                0x0000000000002ffc                load_persistent_object_attributes
                0x00000000000031dc                release_persistent_object_attributes
                0x00000000000031fc                update_persistent_object_attributes
                0x00000000000032dc                init_persistent_db
 .text          0x00000000000035d8     0x2d10 out/arm-plat-stm32mp1/ta/pkcs11/src/pkcs11_attributes.o
                0x00000000000037f6                check_mechanism_against_processing
                0x00000000000048a8                create_attributes_from_template
                0x0000000000004e34                object_is_private
                0x0000000000004e4e                object_is_token
                0x0000000000004e68                object_is_modifiable
                0x0000000000004e84                object_is_copyable
                0x0000000000004ea0                check_access_attrs_against_token
                0x0000000000004efa                check_created_attrs_against_token
                0x0000000000004fd6                check_created_attrs_against_processing
                0x0000000000005324                check_created_attrs
                0x000000000000564a                check_parent_attrs_against_processing
                0x0000000000005a48                attribute_is_exportable
                0x0000000000005f34                check_attrs_against_modification
                0x0000000000006144                set_key_data
                0x0000000000006178                get_key_data_to_wrap
                0x00000000000061b6                add_missing_attribute_id
 .text          0x00000000000062e8      0xa9c out/arm-plat-stm32mp1/ta/pkcs11/src/pkcs11_helpers.o
                0x0000000000006388                tee2pkcs_error
                0x0000000000006430                valid_pkcs11_attribute_id
                0x00000000000064bc                pkcs11_attr_is_type
                0x00000000000064fa                pkcs11_attr_has_indirect_attributes
                0x0000000000006522                pkcs11_class_has_type
                0x0000000000006554                pkcs11_attr_class_is_key
                0x000000000000657a                key_type_is_symm_key
                0x00000000000065c8                key_type_is_asymm_key
                0x00000000000065f2                pkcs11_attr2boolprop_shift
                0x0000000000006638                pkcs2tee_load_attr
                0x00000000000068e0                pkcs2tee_load_hashed_attr
                0x00000000000069c4                pkcs2tee_mode
                0x0000000000006a48                id2str_rc
                0x0000000000006a74                id2str_ta_cmd
                0x0000000000006a98                id2str_slot_flag
                0x0000000000006ac4                id2str_token_flag
                0x0000000000006af0                id2str_session_flag
                0x0000000000006b1c                id2str_session_state
                0x0000000000006b48                id2str_attr
                0x0000000000006bb0                id2str_class
                0x0000000000006bdc                id2str_type
                0x0000000000006c10                id2str_key_type
                0x0000000000006c3c                id2str_certificate_type
                0x0000000000006c68                id2str_attr_value
                0x0000000000006d14                id2str_proc
                0x0000000000006d58                id2str_function
 .text          0x0000000000006d84     0x22dc out/arm-plat-stm32mp1/ta/pkcs11/src/pkcs11_token.o
                0x0000000000006e6a                get_token
                0x0000000000006ea8                get_token_id
                0x0000000000006f0c                get_object_handle_db
                0x0000000000006f26                get_session_list
                0x0000000000006f40                tee_session2client
                0x0000000000006f80                pkcs11_handle2session
                0x0000000000006fa0                register_client
                0x0000000000007038                unregister_client
                0x000000000000711a                pkcs11_init
                0x000000000000715a                pkcs11_deinit
                0x000000000000718e                set_processing_state
                0x000000000000729a                entry_ck_slot_list
                0x0000000000007418                entry_ck_slot_info
                0x0000000000007524                entry_ck_token_info
                0x0000000000007770                entry_ck_token_mecha_ids
                0x00000000000078b4                entry_ck_token_mecha_info
                0x0000000000007abc                entry_ck_open_session
                0x0000000000007d5c                entry_ck_close_session
                0x0000000000007dee                entry_ck_close_all_sessions
                0x0000000000007ec2                entry_ck_session_info
                0x0000000000007faa                entry_ck_token_initialize
                0x000000000000840c                entry_ck_init_pin
                0x00000000000087b6                entry_ck_set_pin
                0x0000000000008afa                entry_ck_login
                0x0000000000008cce                entry_ck_logout
                0x0000000000008e50                entry_ck_seed_random
                0x0000000000008f20                entry_ck_generate_random
 .text          0x0000000000009060     0x1854 out/arm-plat-stm32mp1/ta/pkcs11/src/processing.o
                0x0000000000009322                release_active_processing
                0x000000000000939c                get_object_key_bit_size
                0x0000000000009524                entry_generate_secret
                0x0000000000009748                alloc_get_tee_attribute_data
                0x00000000000097d8                tee2pkcs_add_attribute
                0x0000000000009864                entry_generate_key_pair
                0x0000000000009c1c                entry_processing_init
                0x0000000000009e2a                entry_processing_step
                0x000000000000a090                entry_processing_key
                0x000000000000a47e                entry_release_active_processing
                0x000000000000a554                entry_wrap_key
 .text          0x000000000000a8b4      0xf98 out/arm-plat-stm32mp1/ta/pkcs11/src/processing_asymm.o
                0x000000000000ab32                processing_is_tee_asymm
                0x000000000000b1bc                init_asymm_operation
                0x000000000000b24c                step_asymm_operation
 .text          0x000000000000b84c      0x4bc out/arm-plat-stm32mp1/ta/pkcs11/src/processing_digest.o
                0x000000000000b8ba                processing_is_tee_digest
                0x000000000000ba3c                init_digest_operation
                0x000000000000ba90                step_digest_operation
 .text          0x000000000000bd08      0x8fc out/arm-plat-stm32mp1/ta/pkcs11/src/processing_ec.o
                0x000000000000bdf8                ec_params2tee_keysize
                0x000000000000be22                ec_params2tee_curve
                0x000000000000be6c                load_tee_ec_key_attrs
                0x000000000000c084                pkcs2tee_algo_ecdsa
                0x000000000000c348                generate_ec_keys
                0x000000000000c554                ecdsa_get_input_max_byte_size
 .text          0x000000000000c604     0x114c out/arm-plat-stm32mp1/ta/pkcs11/src/processing_rsa.o
                0x000000000000c8a2                pkcs2tee_proc_params_rsa_pss
                0x000000000000c98a                pkcs2tee_validate_rsa_pss
                0x000000000000cab4                pkcs2tee_algo_rsa_pss
                0x000000000000cce0                pkcs2tee_proc_params_rsa_oaep
                0x000000000000ce20                pkcs2tee_algo_rsa_oaep
                0x000000000000d074                load_tee_rsa_key_attrs
                0x000000000000d50c                generate_rsa_keys
                0x000000000000d718                rsa_get_input_max_byte_size
 .text          0x000000000000d750     0x193c out/arm-plat-stm32mp1/ta/pkcs11/src/processing_symm.o
                0x000000000000d9d0                processing_is_tee_symm
                0x000000000000e564                init_symm_operation
                0x000000000000e75e                step_symm_operation
                0x000000000000ed78                derive_key_by_symm_enc
                0x000000000000ee2e                wrap_data_by_symm_enc
                0x000000000000efb8                unwrap_key_by_symm
 .text          0x000000000000f08c      0x9c0 out/arm-plat-stm32mp1/ta/pkcs11/src/sanitize_object.o
                0x000000000000f150                sanitize_consistent_class_and_type
                0x000000000000f668                sanitize_client_object
                0x000000000000f948                trace_attributes_from_api_head
 .text          0x000000000000fa4c      0x3d4 out/arm-plat-stm32mp1/ta/pkcs11/src/serializer.o
                0x000000000000fa4c                serialargs_init
                0x000000000000fa76                serialargs_get
                0x000000000000fb62                serialargs_alloc_and_get
                0x000000000000fb8e                serialargs_get_ptr
                0x000000000000fc40                serialargs_alloc_get_one_attribute
                0x000000000000fcb2                serialargs_alloc_get_attributes
                0x000000000000fd24                serialargs_remaining_bytes
                0x000000000000fd50                serialargs_get_session_from_handle
                0x000000000000fda8                serialize
 .text          0x000000000000fe20      0x610 out/arm-plat-stm32mp1/ta/pkcs11/src/token_capabilities.o
                0x000000000000fe38                mechanism_string_id
                0x000000000000fe9c                mechanism_is_valid
                0x000000000000fee4                mechanism_flags_complies_pkcs11
                0x000000000000ffd4                mechanism_is_one_shot_only
                0x0000000000010030                tee_malloc_mechanism_list
                0x0000000000010118                mechanism_supported_flags
                0x00000000000101ac                pkcs11_mechanism_supported_key_sizes
                0x00000000000103d6                mechanism_supported_key_sizes_bytes
 .text.__ta_entry
                0x0000000000010430        0x4 out/arm-plat-stm32mp1/ta/pkcs11/ta_entry_a32.o
                0x0000000000010430                __ta_entry
 .text          0x0000000000010434      0xfec out/arm-plat-stm32mp1/export-ta_arm32/lib/libutils.a(snprintk.o)
                0x0000000000010434                snprintk
                0x0000000000010464                vsnprintk
                0x000000000001048c                __vsnprintf
                0x00000000000104f2                __vsprintf
 .text          0x0000000000011420      0x44c out/arm-plat-stm32mp1/export-ta_arm32/lib/libutils.a(trace.o)
                0x0000000000011420                trace_set_level
                0x0000000000011460                trace_get_level
                0x0000000000011540                trace_printf
                0x0000000000011572                trace_vprintf
                0x0000000000011850                dhex_dump
 .text.__aeabi_ldivmod
                0x000000000001186c       0x18 out/arm-plat-stm32mp1/export-ta_arm32/lib/libutils.a(arm32_aeabi_ldivmod_a32.o)
                0x000000000001186c                __aeabi_ldivmod
 .text.__aeabi_uldivmod
                0x0000000000011884       0x18 out/arm-plat-stm32mp1/export-ta_arm32/lib/libutils.a(arm32_aeabi_ldivmod_a32.o)
                0x0000000000011884                __aeabi_uldivmod
 .text          0x000000000001189c       0x4c out/arm-plat-stm32mp1/export-ta_arm32/lib/libutee.a(assert.o)
                0x000000000001189c                _assert_log
                0x00000000000118d8                _assert_break
 .text          0x00000000000118e8      0x100 out/arm-plat-stm32mp1/export-ta_arm32/lib/libutee.a(trace_ext.o)
                0x00000000000118e8                trace_ext_puts
                0x0000000000011908                trace_ext_get_thread_id
                0x000000000001191a                printf
                0x0000000000011984                puts
                0x00000000000119b4                putchar
 .text          0x00000000000119e8      0x914 out/arm-plat-stm32mp1/export-ta_arm32/lib/libutee.a(tee_api.o)
                0x0000000000011d2e                TEE_OpenTASession
                0x0000000000011e0a                TEE_CloseTASession
                0x0000000000011e36                TEE_InvokeTACommand
                0x0000000000011f4a                TEE_GetCancellationFlag
                0x0000000000011f78                TEE_UnmaskCancellation
                0x0000000000011fa8                TEE_MaskCancellation
                0x0000000000011fd8                TEE_CheckMemoryAccessRights
                0x0000000000012012                TEE_SetInstanceData
                0x0000000000012034                TEE_GetInstanceData
                0x000000000001204c                TEE_MemMove
                0x000000000001206c                TEE_MemCompare
                0x000000000001208c                TEE_MemFill
                0x00000000000120ae                TEE_GetSystemTime
                0x00000000000120d4                TEE_Wait
                0x0000000000012106                TEE_GetTAPersistentTime
                0x000000000001217e                TEE_SetTAPersistentTime
                0x00000000000121be                TEE_GetREETime
                0x00000000000121e4                TEE_Malloc
                0x0000000000012248                TEE_Realloc
                0x0000000000012286                TEE_Free
                0x00000000000122a2                TEE_CacheClean
                0x00000000000122c0                TEE_CacheFlush
                0x00000000000122de                TEE_CacheInvalidate
 .text          0x00000000000122fc     0x3574 out/arm-plat-stm32mp1/export-ta_arm32/lib/libutee.a(tee_api_operations.o)
                0x00000000000125d6                TEE_AllocateOperation
                0x0000000000013332                TEE_FreeOperation
                0x0000000000013376                TEE_GetOperationInfo
                0x00000000000133c8                TEE_GetOperationInfoMultiple
                0x0000000000013574                TEE_ResetOperation
                0x00000000000135e6                TEE_SetOperationKey
                0x0000000000013716                TEE_SetOperationKey2
                0x0000000000013918                TEE_CopyOperation
                0x0000000000013a8a                TEE_DigestUpdate
                0x0000000000013adc                TEE_DigestDoFinal
                0x0000000000013b7e                TEE_CipherInit
                0x0000000000013f22                TEE_CipherUpdate
                0x00000000000140a4                TEE_CipherDoFinal
                0x000000000001430c                TEE_MACInit
                0x0000000000014372                TEE_MACUpdate
                0x00000000000143e8                TEE_MACComputeFinal
                0x00000000000144be                TEE_MACCompareFinal
                0x000000000001459c                TEE_AEInit
                0x0000000000014676                TEE_AEUpdateAAD
                0x00000000000146e4                TEE_AEUpdate
                0x0000000000014850                TEE_AEEncryptFinal
                0x0000000000014a30                TEE_AEDecryptFinal
                0x0000000000014bdc                TEE_AsymmetricEncrypt
                0x0000000000014d48                TEE_AsymmetricDecrypt
                0x0000000000014eb4                TEE_AsymmetricSignDigest
                0x0000000000015014                TEE_AsymmetricVerifyDigest
                0x0000000000015152                TEE_DeriveKey
                0x00000000000152c4                TEE_GenerateRandom
                0x00000000000152ec                rand
                0x000000000001530a                TEE_IsAlgorithmSupported
 .text          0x0000000000015870      0x1dc out/arm-plat-stm32mp1/export-ta_arm32/lib/libutee.a(tee_api_panic.o)
                0x0000000000015870                TEE_Panic
                0x00000000000158dc                __utee_check_outbuf_annotation
                0x000000000001592c                __utee_check_instring_annotation
                0x0000000000015964                __utee_check_outstring_annotation
                0x00000000000159b4                __utee_check_out_annotation
                0x00000000000159e4                __utee_check_attr_in_annotation
                0x0000000000015a1c                __utee_check_inout_annotation
 .text          0x0000000000015a4c      0xa2c out/arm-plat-stm32mp1/export-ta_arm32/lib/libutee.a(tee_api_property.o)
                0x0000000000015d76                TEE_GetPropertyAsString
                0x0000000000015f88                TEE_GetPropertyAsBool
                0x000000000001600e                TEE_GetPropertyAsU32
                0x000000000001608e                TEE_GetPropertyAsBinaryBlock
                0x0000000000016116                TEE_GetPropertyAsUUID
                0x0000000000016196                TEE_GetPropertyAsIdentity
                0x0000000000016216                TEE_AllocatePropertyEnumerator
                0x0000000000016276                TEE_ResetPropertyEnumerator
                0x0000000000016296                TEE_FreePropertyEnumerator
                0x00000000000162b0                TEE_StartPropertyEnumerator
                0x00000000000162de                TEE_GetPropertyName
                0x00000000000163ca                TEE_GetNextProperty
 .text          0x0000000000016478      0x2c0 out/arm-plat-stm32mp1/export-ta_arm32/lib/libutee.a(tee_system_pta.o)
                0x0000000000016560                tee_map_zi
                0x00000000000165e8                tee_unmap
                0x000000000001667c                tee_invoke_supp_plugin
 .text          0x0000000000016738        0x0 out/arm-plat-stm32mp1/export-ta_arm32/lib/libutee.a(utee_syscalls_a32.o)
 .text._utee_panic
                0x0000000000016738       0x14 out/arm-plat-stm32mp1/export-ta_arm32/lib/libutee.a(utee_syscalls_a32.o)
                0x0000000000016738                _utee_panic
 .text._utee_return
                0x000000000001674c       0x14 out/arm-plat-stm32mp1/export-ta_arm32/lib/libutee.a(utee_syscalls_a32.o)
                0x000000000001674c                _utee_return
 .text._utee_log
                0x0000000000016760       0x14 out/arm-plat-stm32mp1/export-ta_arm32/lib/libutee.a(utee_syscalls_a32.o)
                0x0000000000016760                _utee_log
 .text.__utee_panic
                0x0000000000016774       0x14 out/arm-plat-stm32mp1/export-ta_arm32/lib/libutee.a(utee_syscalls_a32.o)
                0x0000000000016774                __utee_panic
 .text._utee_get_property
                0x0000000000016788       0x18 out/arm-plat-stm32mp1/export-ta_arm32/lib/libutee.a(utee_syscalls_a32.o)
                0x0000000000016788                _utee_get_property
 .text._utee_get_property_name_to_index
                0x00000000000167a0       0x14 out/arm-plat-stm32mp1/export-ta_arm32/lib/libutee.a(utee_syscalls_a32.o)
                0x00000000000167a0                _utee_get_property_name_to_index
 .text._utee_open_ta_session
                0x00000000000167b4       0x18 out/arm-plat-stm32mp1/export-ta_arm32/lib/libutee.a(utee_syscalls_a32.o)
                0x00000000000167b4                _utee_open_ta_session
 .text._utee_close_ta_session
                0x00000000000167cc       0x14 out/arm-plat-stm32mp1/export-ta_arm32/lib/libutee.a(utee_syscalls_a32.o)
                0x00000000000167cc                _utee_close_ta_session
 .text._utee_invoke_ta_command
                0x00000000000167e0       0x18 out/arm-plat-stm32mp1/export-ta_arm32/lib/libutee.a(utee_syscalls_a32.o)
                0x00000000000167e0                _utee_invoke_ta_command
 .text._utee_get_cancellation_flag
                0x00000000000167f8       0x14 out/arm-plat-stm32mp1/export-ta_arm32/lib/libutee.a(utee_syscalls_a32.o)
                0x00000000000167f8                _utee_get_cancellation_flag
 .text._utee_check_access_rights
                0x000000000001680c       0x14 out/arm-plat-stm32mp1/export-ta_arm32/lib/libutee.a(utee_syscalls_a32.o)
                0x000000000001680c                _utee_check_access_rights
 .text._utee_unmask_cancellation
                0x0000000000016820       0x14 out/arm-plat-stm32mp1/export-ta_arm32/lib/libutee.a(utee_syscalls_a32.o)
                0x0000000000016820                _utee_unmask_cancellation
 .text._utee_mask_cancellation
                0x0000000000016834       0x14 out/arm-plat-stm32mp1/export-ta_arm32/lib/libutee.a(utee_syscalls_a32.o)
                0x0000000000016834                _utee_mask_cancellation
 .text._utee_wait
                0x0000000000016848       0x14 out/arm-plat-stm32mp1/export-ta_arm32/lib/libutee.a(utee_syscalls_a32.o)
                0x0000000000016848                _utee_wait
 .text._utee_get_time
                0x000000000001685c       0x14 out/arm-plat-stm32mp1/export-ta_arm32/lib/libutee.a(utee_syscalls_a32.o)
                0x000000000001685c                _utee_get_time
 .text._utee_set_ta_time
                0x0000000000016870       0x14 out/arm-plat-stm32mp1/export-ta_arm32/lib/libutee.a(utee_syscalls_a32.o)
                0x0000000000016870                _utee_set_ta_time
 .text._utee_cryp_state_alloc
                0x0000000000016884       0x18 out/arm-plat-stm32mp1/export-ta_arm32/lib/libutee.a(utee_syscalls_a32.o)
                0x0000000000016884                _utee_cryp_state_alloc
 .text._utee_cryp_state_copy
                0x000000000001689c       0x14 out/arm-plat-stm32mp1/export-ta_arm32/lib/libutee.a(utee_syscalls_a32.o)
                0x000000000001689c                _utee_cryp_state_copy
 .text._utee_cryp_state_free
                0x00000000000168b0       0x14 out/arm-plat-stm32mp1/export-ta_arm32/lib/libutee.a(utee_syscalls_a32.o)
                0x00000000000168b0                _utee_cryp_state_free
 .text._utee_hash_init
                0x00000000000168c4       0x14 out/arm-plat-stm32mp1/export-ta_arm32/lib/libutee.a(utee_syscalls_a32.o)
                0x00000000000168c4                _utee_hash_init
 .text._utee_hash_update
                0x00000000000168d8       0x14 out/arm-plat-stm32mp1/export-ta_arm32/lib/libutee.a(utee_syscalls_a32.o)
                0x00000000000168d8                _utee_hash_update
 .text._utee_hash_final
                0x00000000000168ec       0x18 out/arm-plat-stm32mp1/export-ta_arm32/lib/libutee.a(utee_syscalls_a32.o)
                0x00000000000168ec                _utee_hash_final
 .text._utee_cipher_init
                0x0000000000016904       0x14 out/arm-plat-stm32mp1/export-ta_arm32/lib/libutee.a(utee_syscalls_a32.o)
                0x0000000000016904                _utee_cipher_init
 .text._utee_cipher_update
                0x0000000000016918       0x18 out/arm-plat-stm32mp1/export-ta_arm32/lib/libutee.a(utee_syscalls_a32.o)
                0x0000000000016918                _utee_cipher_update
 .text._utee_cipher_final
                0x0000000000016930       0x18 out/arm-plat-stm32mp1/export-ta_arm32/lib/libutee.a(utee_syscalls_a32.o)
                0x0000000000016930                _utee_cipher_final
 .text._utee_cryp_obj_get_info
                0x0000000000016948       0x14 out/arm-plat-stm32mp1/export-ta_arm32/lib/libutee.a(utee_syscalls_a32.o)
                0x0000000000016948                _utee_cryp_obj_get_info
 .text._utee_cryp_obj_restrict_usage
                0x000000000001695c       0x14 out/arm-plat-stm32mp1/export-ta_arm32/lib/libutee.a(utee_syscalls_a32.o)
                0x000000000001695c                _utee_cryp_obj_restrict_usage
 .text._utee_cryp_obj_get_attr
                0x0000000000016970       0x14 out/arm-plat-stm32mp1/export-ta_arm32/lib/libutee.a(utee_syscalls_a32.o)
                0x0000000000016970                _utee_cryp_obj_get_attr
 .text._utee_cryp_obj_alloc
                0x0000000000016984       0x14 out/arm-plat-stm32mp1/export-ta_arm32/lib/libutee.a(utee_syscalls_a32.o)
                0x0000000000016984                _utee_cryp_obj_alloc
 .text._utee_cryp_obj_close
                0x0000000000016998       0x14 out/arm-plat-stm32mp1/export-ta_arm32/lib/libutee.a(utee_syscalls_a32.o)
                0x0000000000016998                _utee_cryp_obj_close
 .text._utee_cryp_obj_reset
                0x00000000000169ac       0x14 out/arm-plat-stm32mp1/export-ta_arm32/lib/libutee.a(utee_syscalls_a32.o)
                0x00000000000169ac                _utee_cryp_obj_reset
 .text._utee_cryp_obj_populate
                0x00000000000169c0       0x14 out/arm-plat-stm32mp1/export-ta_arm32/lib/libutee.a(utee_syscalls_a32.o)
                0x00000000000169c0                _utee_cryp_obj_populate
 .text._utee_cryp_obj_copy
                0x00000000000169d4       0x14 out/arm-plat-stm32mp1/export-ta_arm32/lib/libutee.a(utee_syscalls_a32.o)
                0x00000000000169d4                _utee_cryp_obj_copy
 .text._utee_cryp_derive_key
                0x00000000000169e8       0x14 out/arm-plat-stm32mp1/export-ta_arm32/lib/libutee.a(utee_syscalls_a32.o)
                0x00000000000169e8                _utee_cryp_derive_key
 .text._utee_cryp_random_number_generate
                0x00000000000169fc       0x14 out/arm-plat-stm32mp1/export-ta_arm32/lib/libutee.a(utee_syscalls_a32.o)
                0x00000000000169fc                _utee_cryp_random_number_generate
 .text._utee_authenc_init
                0x0000000000016a10       0x18 out/arm-plat-stm32mp1/export-ta_arm32/lib/libutee.a(utee_syscalls_a32.o)
                0x0000000000016a10                _utee_authenc_init
 .text._utee_authenc_update_aad
                0x0000000000016a28       0x14 out/arm-plat-stm32mp1/export-ta_arm32/lib/libutee.a(utee_syscalls_a32.o)
                0x0000000000016a28                _utee_authenc_update_aad
 .text._utee_authenc_update_payload
                0x0000000000016a3c       0x18 out/arm-plat-stm32mp1/export-ta_arm32/lib/libutee.a(utee_syscalls_a32.o)
                0x0000000000016a3c                _utee_authenc_update_payload
 .text._utee_authenc_enc_final
                0x0000000000016a54       0x18 out/arm-plat-stm32mp1/export-ta_arm32/lib/libutee.a(utee_syscalls_a32.o)
                0x0000000000016a54                _utee_authenc_enc_final
 .text._utee_authenc_dec_final
                0x0000000000016a6c       0x18 out/arm-plat-stm32mp1/export-ta_arm32/lib/libutee.a(utee_syscalls_a32.o)
                0x0000000000016a6c                _utee_authenc_dec_final
 .text._utee_asymm_operate
                0x0000000000016a84       0x18 out/arm-plat-stm32mp1/export-ta_arm32/lib/libutee.a(utee_syscalls_a32.o)
                0x0000000000016a84                _utee_asymm_operate
 .text._utee_asymm_verify
                0x0000000000016a9c       0x18 out/arm-plat-stm32mp1/export-ta_arm32/lib/libutee.a(utee_syscalls_a32.o)
                0x0000000000016a9c                _utee_asymm_verify
 .text._utee_storage_obj_open
                0x0000000000016ab4       0x18 out/arm-plat-stm32mp1/export-ta_arm32/lib/libutee.a(utee_syscalls_a32.o)
                0x0000000000016ab4                _utee_storage_obj_open
 .text._utee_storage_obj_create
                0x0000000000016acc       0x18 out/arm-plat-stm32mp1/export-ta_arm32/lib/libutee.a(utee_syscalls_a32.o)
                0x0000000000016acc                _utee_storage_obj_create
 .text._utee_storage_obj_del
                0x0000000000016ae4       0x14 out/arm-plat-stm32mp1/export-ta_arm32/lib/libutee.a(utee_syscalls_a32.o)
                0x0000000000016ae4                _utee_storage_obj_del
 .text._utee_storage_obj_rename
                0x0000000000016af8       0x14 out/arm-plat-stm32mp1/export-ta_arm32/lib/libutee.a(utee_syscalls_a32.o)
                0x0000000000016af8                _utee_storage_obj_rename
 .text._utee_storage_alloc_enum
                0x0000000000016b0c       0x14 out/arm-plat-stm32mp1/export-ta_arm32/lib/libutee.a(utee_syscalls_a32.o)
                0x0000000000016b0c                _utee_storage_alloc_enum
 .text._utee_storage_free_enum
                0x0000000000016b20       0x14 out/arm-plat-stm32mp1/export-ta_arm32/lib/libutee.a(utee_syscalls_a32.o)
                0x0000000000016b20                _utee_storage_free_enum
 .text._utee_storage_reset_enum
                0x0000000000016b34       0x14 out/arm-plat-stm32mp1/export-ta_arm32/lib/libutee.a(utee_syscalls_a32.o)
                0x0000000000016b34                _utee_storage_reset_enum
 .text._utee_storage_start_enum
                0x0000000000016b48       0x14 out/arm-plat-stm32mp1/export-ta_arm32/lib/libutee.a(utee_syscalls_a32.o)
                0x0000000000016b48                _utee_storage_start_enum
 .text._utee_storage_next_enum
                0x0000000000016b5c       0x14 out/arm-plat-stm32mp1/export-ta_arm32/lib/libutee.a(utee_syscalls_a32.o)
                0x0000000000016b5c                _utee_storage_next_enum
 .text._utee_storage_obj_read
                0x0000000000016b70       0x14 out/arm-plat-stm32mp1/export-ta_arm32/lib/libutee.a(utee_syscalls_a32.o)
                0x0000000000016b70                _utee_storage_obj_read
 .text._utee_storage_obj_write
                0x0000000000016b84       0x14 out/arm-plat-stm32mp1/export-ta_arm32/lib/libutee.a(utee_syscalls_a32.o)
                0x0000000000016b84                _utee_storage_obj_write
 .text._utee_storage_obj_trunc
                0x0000000000016b98       0x14 out/arm-plat-stm32mp1/export-ta_arm32/lib/libutee.a(utee_syscalls_a32.o)
                0x0000000000016b98                _utee_storage_obj_trunc
 .text._utee_storage_obj_seek
                0x0000000000016bac       0x14 out/arm-plat-stm32mp1/export-ta_arm32/lib/libutee.a(utee_syscalls_a32.o)
                0x0000000000016bac                _utee_storage_obj_seek
 .text._utee_cryp_obj_generate_key
                0x0000000000016bc0       0x14 out/arm-plat-stm32mp1/export-ta_arm32/lib/libutee.a(utee_syscalls_a32.o)
                0x0000000000016bc0                _utee_cryp_obj_generate_key
 .text._utee_cache_operation
                0x0000000000016bd4       0x14 out/arm-plat-stm32mp1/export-ta_arm32/lib/libutee.a(utee_syscalls_a32.o)
                0x0000000000016bd4                _utee_cache_operation
 .text          0x0000000000016be8      0x908 out/arm-plat-stm32mp1/export-ta_arm32/lib/libutee.a(user_ta_entry.o)
                0x0000000000016d86                __utee_call_elf_init_fn
                0x0000000000016f08                __utee_call_elf_fini_fn
                0x0000000000017482                __utee_entry
 .text          0x00000000000174f0       0x1c out/arm-plat-stm32mp1/export-ta_arm32/lib/libutee.a(abort.o)
                0x00000000000174f0                abort
 .text          0x000000000001750c      0x370 out/arm-plat-stm32mp1/export-ta_arm32/lib/libutee.a(base64.o)
                0x000000000001750c                _base64_enc_len
                0x0000000000017536                _base64_enc
                0x00000000000176ec                _base64_dec
 .text          0x000000000001787c     0x1c48 out/arm-plat-stm32mp1/export-ta_arm32/lib/libutee.a(tee_api_arith_mpi.o)
                0x00000000000178d4                _TEE_MathAPI_Init
                0x0000000000017a3c                TEE_BigIntInit
                0x0000000000017a98                TEE_BigIntConvertFromOctetString
                0x0000000000017b0a                TEE_BigIntConvertToOctetString
                0x0000000000017b88                TEE_BigIntConvertFromS32
                0x0000000000017c00                TEE_BigIntConvertToS32
                0x0000000000017cc0                TEE_BigIntCmp
                0x0000000000017d12                TEE_BigIntCmpS32
                0x0000000000017d4a                TEE_BigIntShiftRight
                0x0000000000017ef0                TEE_BigIntGetBit
                0x0000000000017f32                TEE_BigIntGetBitCount
                0x00000000000181dc                TEE_BigIntAdd
                0x000000000001820c                TEE_BigIntSub
                0x000000000001823c                TEE_BigIntNeg
                0x00000000000182e8                TEE_BigIntMul
                0x00000000000183a4                TEE_BigIntSquare
                0x00000000000183c0                TEE_BigIntDiv
                0x0000000000018528                TEE_BigIntMod
                0x0000000000018580                TEE_BigIntAddMod
                0x00000000000185b4                TEE_BigIntSubMod
                0x00000000000185e8                TEE_BigIntMulMod
                0x000000000001861c                TEE_BigIntSquareMod
                0x000000000001863c                TEE_BigIntInvMod
                0x0000000000018740                TEE_BigIntRelativePrime
                0x0000000000018fb0                TEE_BigIntComputeExtendedGcd
                0x0000000000019252                TEE_BigIntIsProbablePrime
                0x000000000001929c                TEE_BigIntInitFMM
                0x00000000000192b6                TEE_BigIntInitFMMContext
                0x00000000000192ce                TEE_BigIntFMMSizeInU32
                0x00000000000192ea                TEE_BigIntFMMContextSizeInU32
                0x0000000000019300                TEE_BigIntConvertToFMM
                0x0000000000019320                TEE_BigIntConvertFromFMM
                0x00000000000193b8                TEE_BigIntComputeFMM
 .text          0x00000000000194c4      0x3b4 out/arm-plat-stm32mp1/export-ta_arm32/lib/libutee.a(tcb.o)
                0x00000000000194c4                __utee_tcb_init
                0x0000000000019774                __tls_get_addr
                0x00000000000197a4                dl_iterate_phdr
 .text          0x0000000000019878     0x5bb0 out/arm-plat-stm32mp1/export-ta_arm32/lib/libmbedtls.a(bignum.o)
                0x00000000000198c6                mbedtls_mpi_init
                0x00000000000198de                mbedtls_mpi_init_mempool
                0x0000000000019914                mbedtls_mpi_free
                0x000000000001998c                mbedtls_mpi_grow
                0x0000000000019a78                mbedtls_mpi_shrink
                0x0000000000019bfe                mbedtls_mpi_copy
                0x0000000000019cd2                mbedtls_mpi_swap
                0x0000000000019dae                mbedtls_mpi_safe_cond_assign
                0x0000000000019e5e                mbedtls_mpi_safe_cond_swap
                0x0000000000019f82                mbedtls_mpi_lset
                0x0000000000019fe0                mbedtls_mpi_get_bit
                0x000000000001a022                mbedtls_mpi_set_bit
                0x000000000001a0cc                mbedtls_mpi_lsb
                0x000000000001a174                mbedtls_mpi_bitlen
                0x000000000001a1dc                mbedtls_mpi_size
                0x000000000001a26c                mbedtls_mpi_read_string
                0x000000000001a4de                mbedtls_mpi_write_string
                0x000000000001a75e                mbedtls_mpi_read_binary_le
                0x000000000001a7ea                mbedtls_mpi_read_binary
                0x000000000001a864                mbedtls_mpi_write_binary_le
                0x000000000001a922                mbedtls_mpi_write_binary
                0x000000000001a9ea                mbedtls_mpi_shift_l
                0x000000000001ab34                mbedtls_mpi_shift_r
                0x000000000001ac6a                mbedtls_mpi_cmp_abs
                0x000000000001ad6e                mbedtls_mpi_cmp_mpi
                0x000000000001aef4                mbedtls_mpi_lt_mpi_ct
                0x000000000001b002                mbedtls_mpi_cmp_int
                0x000000000001b046                mbedtls_mpi_add_abs
                0x000000000001b23c                mbedtls_mpi_sub_abs
                0x000000000001b37a                mbedtls_mpi_add_mpi
                0x000000000001b414                mbedtls_mpi_sub_mpi
                0x000000000001b4ae                mbedtls_mpi_add_int
                0x000000000001b4f6                mbedtls_mpi_sub_int
                0x000000000001ce3c                mbedtls_mpi_mul_mpi
                0x000000000001cfc8                mbedtls_mpi_mul_int
                0x000000000001d10c                mbedtls_mpi_div_mpi
                0x000000000001d648                mbedtls_mpi_div_int
                0x000000000001d692                mbedtls_mpi_mod_mpi
                0x000000000001d71c                mbedtls_mpi_mod_int
                0x000000000001d86e                mbedtls_mpi_montg_init
                0x000000000001d99c                mbedtls_mpi_montmul
                0x000000000001da00                mbedtls_mpi_montred
                0x000000000001dab4                mbedtls_mpi_exp_mod
                0x000000000001e0dc                mbedtls_mpi_gcd
                0x000000000001e32c                mbedtls_mpi_fill_random
                0x000000000001e38a                mbedtls_mpi_random
                0x000000000001e4be                mbedtls_mpi_inv_mod
                0x000000000001ec1e                mbedtls_mpi_is_prime_ext
                0x000000000001ecba                mbedtls_mpi_is_prime
                0x000000000001ecdc                mbedtls_mpi_gen_prime
                0x000000000001ef94                mbedtls_mpi_self_test
 .text          0x000000000001f428       0x2c out/arm-plat-stm32mp1/export-ta_arm32/lib/libmbedtls.a(platform_util.o)
                0x000000000001f428                mbedtls_platform_zeroize
 .text          0x000000000001f454     0x148c out/arm-plat-stm32mp1/export-ta_arm32/lib/libutils.a(bget_malloc.o)
                0x000000000001f53a                bget
                0x000000000001f88c                bgetz
                0x000000000001f924                bgetr
                0x000000000001f9d8                brel
                0x000000000001fce8                bpool
                0x000000000001fdd8                bstats
                0x000000000001ff54                malloc_reset_stats
                0x000000000001ffa6                malloc_get_stats
                0x0000000000020134                raw_memalign
                0x00000000000201be                raw_malloc
                0x00000000000201e6                raw_free
                0x0000000000020214                raw_calloc
                0x00000000000202be                raw_realloc
                0x00000000000203a8                malloc
                0x0000000000020438                calloc
                0x00000000000204aa                realloc
                0x00000000000204f4                memalign
                0x0000000000020562                free
                0x000000000002057a                free_wipe
                0x00000000000207fc                raw_malloc_get_ctx_size
                0x000000000002080c                raw_malloc_init_ctx
                0x0000000000020832                raw_malloc_add_pool
                0x0000000000020850                raw_malloc_get_stats
                0x000000000002086a                malloc_add_pool
                0x0000000000020890                malloc_buffer_is_within_alloced
                0x00000000000208b8                malloc_buffer_overlaps_heap
 .text          0x00000000000208e0      0x1fc out/arm-plat-stm32mp1/export-ta_arm32/lib/libutils.a(mempool.o)
                0x0000000000020988                mempool_alloc_pool
                0x00000000000209f0                mempool_alloc
                0x0000000000020a50                mempool_calloc
                0x0000000000020ab4                mempool_free
 .text          0x0000000000020adc      0x1f4 out/arm-plat-stm32mp1/ta/pkcs11/src/handle.o
                0x0000000000020adc                handle_db_init
                0x0000000000020af6                handle_db_destroy
                0x0000000000020b22                handle_get
                0x0000000000020bf4                handle_put
                0x0000000000020c46                handle_lookup
                0x0000000000020c82                handle_lookup_handle
 .text          0x0000000000020cd0       0xae out/arm-plat-stm32mp1/ta/pkcs11/src/processing_aes.o
                0x0000000000020cd0                tee_init_ctr_operation
 .text          0x0000000000020d7e       0x32 out/arm-plat-stm32mp1/ta/pkcs11/user_ta_header.o
                0x0000000000020d7e                __ta_entry_c
                0x0000000000020da0                tahead_get_trace_level
 .text          0x0000000000020db0       0x5c out/arm-plat-stm32mp1/export-ta_arm32/lib/libutils.a(snprintf.o)
                0x0000000000020db0                snprintf
                0x0000000000020de4                vsnprintf
 .text          0x0000000000020e0c       0xce out/arm-plat-stm32mp1/export-ta_arm32/lib/libutils.a(memcpy.o)
                0x0000000000020e0c                memcpy
 .text          0x0000000000020eda       0xf4 out/arm-plat-stm32mp1/export-ta_arm32/lib/libutils.a(memset.o)
                0x0000000000020eda                memset
 .text          0x0000000000020fce      0x13e out/arm-plat-stm32mp1/export-ta_arm32/lib/libutils.a(strchr.o)
                0x0000000000020fce                strchr
 .text          0x000000000002110c       0x98 out/arm-plat-stm32mp1/export-ta_arm32/lib/libutils.a(strcmp.o)
                0x000000000002110c                strcmp
 .text          0x00000000000211a4       0x78 out/arm-plat-stm32mp1/export-ta_arm32/lib/libutils.a(strlen.o)
                0x00000000000211a4                strlen
 .text          0x000000000002121c       0x3a out/arm-plat-stm32mp1/export-ta_arm32/lib/libutils.a(strnlen.o)
                0x000000000002121c                strnlen
 .text          0x0000000000021256      0x916 out/arm-plat-stm32mp1/export-ta_arm32/lib/libutils.a(strstr.o)
                0x0000000000021a9a                strstr
 .text          0x0000000000021b6c       0x8e out/arm-plat-stm32mp1/export-ta_arm32/lib/libutils.a(consttime_memcmp.o)
                0x0000000000021b6c                consttime_memcmp
 .text          0x0000000000021bfa       0xea out/arm-plat-stm32mp1/export-ta_arm32/lib/libutils.a(memchr.o)
                0x0000000000021bfa                memchr
 .text          0x0000000000021ce4       0xa2 out/arm-plat-stm32mp1/export-ta_arm32/lib/libutils.a(memcmp.o)
                0x0000000000021ce4                memcmp
 .text          0x0000000000021d86      0x288 out/arm-plat-stm32mp1/export-ta_arm32/lib/libutils.a(arm32_aeabi_ldivmod.o)
                0x0000000000021eec                __ul_divmod
                0x0000000000021f4a                __l_divmod
 .text          0x000000000002200e      0x1f0 out/arm-plat-stm32mp1/export-ta_arm32/lib/libutee.a(tee_uuid_from_str.o)
                0x00000000000220bc                tee_uuid_from_str
 .text          0x00000000000221fe      0xe76 out/arm-plat-stm32mp1/export-ta_arm32/lib/libutee.a(tee_api_objects.o)
                0x00000000000221fe                __utee_from_attr
                0x00000000000222f8                TEE_GetObjectInfo
                0x0000000000022354                TEE_GetObjectInfo1
                0x0000000000022398                TEE_RestrictObjectUsage
                0x00000000000223de                TEE_RestrictObjectUsage1
                0x0000000000022422                TEE_GetObjectBufferAttribute
                0x00000000000224d2                TEE_GetObjectValueAttribute
                0x00000000000225b2                TEE_CloseObject
                0x00000000000225e0                TEE_AllocateTransientObject
                0x0000000000022640                TEE_FreeTransientObject
                0x000000000002269a                TEE_ResetTransientObject
                0x00000000000226f4                TEE_PopulateTransientObject
                0x000000000002280e                TEE_InitRefAttribute
                0x000000000002284e                TEE_InitValueAttribute
                0x000000000002288e                TEE_CopyObjectAttributes
                0x00000000000228d4                TEE_CopyObjectAttributes1
                0x000000000002297e                TEE_GenerateKey
                0x0000000000022a5e                TEE_OpenPersistentObject
                0x0000000000022b08                TEE_CreatePersistentObject
                0x0000000000022bcc                TEE_CloseAndDeletePersistentObject
                0x0000000000022bf8                TEE_CloseAndDeletePersistentObject1
                0x0000000000022c36                TEE_RenamePersistentObject
                0x0000000000022c9a                TEE_AllocatePersistentObjectEnumerator
                0x0000000000022cea                TEE_FreePersistentObjectEnumerator
                0x0000000000022d18                TEE_ResetPersistentObjectEnumerator
                0x0000000000022d46                TEE_StartPersistentObjectEnumerator
                0x0000000000022d96                TEE_GetNextPersistentObject
                0x0000000000022e3c                TEE_ReadObjectData
                0x0000000000022eb6                TEE_WriteObjectData
                0x0000000000022f2a                TEE_TruncateObjectData
                0x0000000000022f8c                TEE_SeekObjectData
 .text          0x0000000000023074       0x42 out/arm-plat-stm32mp1/export-ta_arm32/lib/libutils.a(isxdigit.o)
                0x0000000000023074                isxdigit
 .text          0x00000000000230b6       0x28 out/arm-plat-stm32mp1/export-ta_arm32/lib/libutils.a(tolower.o)
                0x00000000000230b6                tolower
 .text          0x00000000000230de      0x114 out/arm-plat-stm32mp1/export-ta_arm32/lib/libutils.a(memmove.o)
                0x00000000000230de                memmove
 .text          0x00000000000231f2       0x62 out/arm-plat-stm32mp1/export-ta_arm32/lib/libutils.a(strlcpy.o)
                0x00000000000231f2                strlcpy
 .text          0x0000000000023254        0x0 out/arm-plat-stm32mp1/ta/pkcs11/ta_entry_a32.o
 .text          0x0000000000023254        0x0 out/arm-plat-stm32mp1/export-ta_arm32/lib/libutils.a(arm32_aeabi_ldivmod_a32.o)
 *(SORT_BY_ALIGNMENT(.stub))
 *(SORT_BY_ALIGNMENT(.glue_7))
 .glue_7        0x0000000000023254        0x0 linker stubs
 *(SORT_BY_ALIGNMENT(.glue_7t))
 .glue_7t       0x0000000000023254        0x0 linker stubs
 *(SORT_BY_ALIGNMENT(.gnu.linkonce.t.*))
 *(SORT_BY_ALIGNMENT(.vfp11_veneer))
 .vfp11_veneer  0x0000000000023254        0x0 linker stubs
                0x0000000000023254                __text_end = .

.v4_bx          0x0000000000023254        0x0
 .v4_bx         0x0000000000023254        0x0 linker stubs

.iplt           0x0000000000023254        0x0
 .iplt          0x0000000000023254        0x0 out/arm-plat-stm32mp1/ta/pkcs11/src/attributes.o

.note.gnu.property
 *(SORT_BY_ALIGNMENT(.note.gnu.property))

.plt            0x0000000000023254        0x0
 *(SORT_BY_ALIGNMENT(.plt))
 .plt           0x0000000000023254        0x0 out/arm-plat-stm32mp1/ta/pkcs11/src/attributes.o

.eh_frame_hdr
 *(SORT_BY_ALIGNMENT(.eh_frame_hdr))
 *(SORT_BY_ALIGNMENT(.eh_frame_entry) SORT_BY_ALIGNMENT(.eh_frame_entry.*))

.eh_frame
 *(SORT_BY_ALIGNMENT(.eh_frame))
 *(SORT_BY_ALIGNMENT(.eh_frame.*))

.gcc_except_table
 *(SORT_BY_ALIGNMENT(.gcc_except_table) SORT_BY_ALIGNMENT(.gcc_except_table.*))

.rodata         0x0000000000023254     0x5ec2
 *(SORT_BY_ALIGNMENT(.gnu.linkonce.r.*))
 *(SORT_BY_ALIGNMENT(.rodata) SORT_BY_ALIGNMENT(.rodata.*))
 .rodata.ta/pkcs11/src/attributes.c
                0x0000000000023254       0xa9 out/arm-plat-stm32mp1/ta/pkcs11/src/attributes.o
 *fill*         0x00000000000232fd        0x3 
 .rodata.ta/pkcs11/src/entry.c
                0x0000000000023300       0x3b out/arm-plat-stm32mp1/ta/pkcs11/src/entry.o
 *fill*         0x000000000002333b        0x1 
 .rodata.ta/pkcs11/src/object.c
                0x000000000002333c       0xa8 out/arm-plat-stm32mp1/ta/pkcs11/src/object.o
 .rodata.ta/pkcs11/src/persistent_token.c
                0x00000000000233e4      0x36f out/arm-plat-stm32mp1/ta/pkcs11/src/persistent_token.o
 *fill*         0x0000000000023753        0x1 
 .rodata.ta/pkcs11/src/pkcs11_attributes.c
                0x0000000000023754      0x8c5 out/arm-plat-stm32mp1/ta/pkcs11/src/pkcs11_attributes.o
                0x0000000000023884                raw_data_opt_or_null
 *fill*         0x0000000000024019        0x3 
 .rodata.ta/pkcs11/src/pkcs11_helpers.c
                0x000000000002401c     0x1c76 out/arm-plat-stm32mp1/ta/pkcs11/src/pkcs11_helpers.o
 *fill*         0x0000000000025c92        0x2 
 .rodata.ta/pkcs11/src/pkcs11_token.c
                0x0000000000025c94      0x2b2 out/arm-plat-stm32mp1/ta/pkcs11/src/pkcs11_token.o
 *fill*         0x0000000000025f46        0x2 
 .rodata.ta/pkcs11/src/processing.c
                0x0000000000025f48       0x92 out/arm-plat-stm32mp1/ta/pkcs11/src/processing.o
 *fill*         0x0000000000025fda        0x2 
 .rodata.ta/pkcs11/src/processing_asymm.c
                0x0000000000025fdc      0x385 out/arm-plat-stm32mp1/ta/pkcs11/src/processing_asymm.o
 *fill*         0x0000000000026361        0x3 
 .rodata.ta/pkcs11/src/processing_digest.c
                0x0000000000026364      0x19e out/arm-plat-stm32mp1/ta/pkcs11/src/processing_digest.o
 *fill*         0x0000000000026502        0x2 
 .rodata.ta/pkcs11/src/processing_ec.c
                0x0000000000026504      0x785 out/arm-plat-stm32mp1/ta/pkcs11/src/processing_ec.o
 *fill*         0x0000000000026c89        0x3 
 .rodata.ta/pkcs11/src/processing_rsa.c
                0x0000000000026c8c      0x10e out/arm-plat-stm32mp1/ta/pkcs11/src/processing_rsa.o
 *fill*         0x0000000000026d9a        0x2 
 .rodata.ta/pkcs11/src/processing_symm.c
                0x0000000000026d9c      0x3a2 out/arm-plat-stm32mp1/ta/pkcs11/src/processing_symm.o
 *fill*         0x000000000002713e        0x2 
 .rodata.ta/pkcs11/src/sanitize_object.c
                0x0000000000027140      0x197 out/arm-plat-stm32mp1/ta/pkcs11/src/sanitize_object.o
 *fill*         0x00000000000272d7        0x1 
 .rodata.ta/pkcs11/src/serializer.c
                0x00000000000272d8       0x43 out/arm-plat-stm32mp1/ta/pkcs11/src/serializer.o
 *fill*         0x000000000002731b        0x1 
 .rodata.ta/pkcs11/src/token_capabilities.c
                0x000000000002731c      0xbda out/arm-plat-stm32mp1/ta/pkcs11/src/token_capabilities.o
 *fill*         0x0000000000027ef6        0x2 
 .rodata.out/arm-plat-stm32mp1/export-ta_arm32/src/user_ta_header.c
                0x0000000000027ef8       0xcc out/arm-plat-stm32mp1/ta/pkcs11/user_ta_header.o
                0x0000000000027ef8                trace_ext_prefix
                0x0000000000027efc                ta_heap_size
                0x0000000000027fc0                ta_num_props
 .rodata.lib/libutils/ext/snprintk.c
                0x0000000000027fc4       0x7d out/arm-plat-stm32mp1/export-ta_arm32/lib/libutils.a(snprintk.o)
 *fill*         0x0000000000028041        0x3 
 .rodata.lib/libutils/ext/trace.c
                0x0000000000028044       0x29 out/arm-plat-stm32mp1/export-ta_arm32/lib/libutils.a(trace.o)
 *fill*         0x000000000002806d        0x3 
 .rodata.lib/libutee/assert.c
                0x0000000000028070       0x27 out/arm-plat-stm32mp1/export-ta_arm32/lib/libutee.a(assert.o)
 *fill*         0x0000000000028097        0x1 
 .rodata.lib/libutee/trace_ext.c
                0x0000000000028098        0x2 out/arm-plat-stm32mp1/export-ta_arm32/lib/libutee.a(trace_ext.o)
 *fill*         0x000000000002809a        0x2 
 .rodata.lib/libutee/tee_api.c
                0x000000000002809c       0x1f out/arm-plat-stm32mp1/export-ta_arm32/lib/libutee.a(tee_api.o)
 *fill*         0x00000000000280bb        0x1 
 .rodata.lib/libutee/tee_api_panic.c
                0x00000000000280bc       0x68 out/arm-plat-stm32mp1/export-ta_arm32/lib/libutee.a(tee_api_panic.o)
 .rodata.lib/libutee/tee_api_property.c
                0x0000000000028124       0xb8 out/arm-plat-stm32mp1/export-ta_arm32/lib/libutee.a(tee_api_property.o)
 .rodata.lib/libutee/tee_system_pta.c
                0x00000000000281dc       0x8b out/arm-plat-stm32mp1/export-ta_arm32/lib/libutee.a(tee_system_pta.o)
 *fill*         0x0000000000028267        0x1 
 .rodata.lib/libutee/arch/arm/user_ta_entry.c
                0x0000000000028268       0x32 out/arm-plat-stm32mp1/export-ta_arm32/lib/libutee.a(user_ta_entry.o)
 *fill*         0x000000000002829a        0x2 
 .rodata.lib/libutee/abort.c
                0x000000000002829c        0x7 out/arm-plat-stm32mp1/export-ta_arm32/lib/libutee.a(abort.o)
 *fill*         0x00000000000282a3        0x1 
 .rodata.lib/libutee/base64.c
                0x00000000000282a4       0x41 out/arm-plat-stm32mp1/export-ta_arm32/lib/libutee.a(base64.o)
 *fill*         0x00000000000282e5        0x3 
 .rodata.lib/libutee/tee_api_arith_mpi.c
                0x00000000000282e8      0x221 out/arm-plat-stm32mp1/export-ta_arm32/lib/libutee.a(tee_api_arith_mpi.o)
 *fill*         0x0000000000028509        0x3 
 .rodata.lib/libutee/arch/arm/tcb.c
                0x000000000002850c       0xbc out/arm-plat-stm32mp1/export-ta_arm32/lib/libutee.a(tcb.o)
 .rodata.lib/libmbedtls/mbedtls/library/bignum.c
                0x00000000000285c8      0x742 out/arm-plat-stm32mp1/export-ta_arm32/lib/libmbedtls.a(bignum.o)
 *fill*         0x0000000000028d0a        0x2 
 .rodata.lib/libutils/isoc/bget_malloc.c
                0x0000000000028d0c      0x350 out/arm-plat-stm32mp1/export-ta_arm32/lib/libutils.a(bget_malloc.o)
 .rodata.lib/libutils/ext/mempool.c
                0x000000000002905c       0xba out/arm-plat-stm32mp1/export-ta_arm32/lib/libutils.a(mempool.o)

.gnu.version_d  0x0000000000029118        0x0
 .gnu.version_d
                0x0000000000029118        0x0 out/arm-plat-stm32mp1/ta/pkcs11/src/attributes.o

.gnu.version    0x0000000000029116        0x0
 .gnu.version   0x0000000000029116        0x0 out/arm-plat-stm32mp1/ta/pkcs11/src/attributes.o

.gnu.version_r  0x0000000000029118        0x0
 .gnu.version_r
                0x0000000000029118        0x0 out/arm-plat-stm32mp1/ta/pkcs11/src/attributes.o

.gnu.hash       0x0000000000029118       0x2c
 .gnu.hash      0x0000000000029118       0x2c out/arm-plat-stm32mp1/ta/pkcs11/src/attributes.o

.ARM.extab
 *(SORT_BY_ALIGNMENT(.ARM.extab*) SORT_BY_ALIGNMENT(.gnu.linkonce.armextab.*))
                [!provide]                        PROVIDE (__exidx_start = .)

.ARM.exidx
 *(SORT_BY_ALIGNMENT(.ARM.exidx*) SORT_BY_ALIGNMENT(.gnu.linkonce.armexidx.*))
                [!provide]                        PROVIDE (__exidx_end = .)

.ctors
 *(SORT_BY_ALIGNMENT(.ctors))

.dtors
 *(SORT_BY_ALIGNMENT(.dtors))

.dynsym         0x0000000000029144       0x60
 *(SORT_BY_ALIGNMENT(.dynsym))
 .dynsym        0x0000000000029144       0x60 out/arm-plat-stm32mp1/ta/pkcs11/src/attributes.o

.dynstr         0x00000000000291a4       0x2e
 *(SORT_BY_ALIGNMENT(.dynstr))
 .dynstr        0x00000000000291a4       0x2e out/arm-plat-stm32mp1/ta/pkcs11/src/attributes.o

.hash           0x00000000000291d4       0x2c
 *(SORT_BY_ALIGNMENT(.hash))
 .hash          0x00000000000291d4       0x2c out/arm-plat-stm32mp1/ta/pkcs11/src/attributes.o
                0x000000000002a000                . = ALIGN (0x1000)

.dynamic        0x000000000002a000       0x88
 *(SORT_BY_ALIGNMENT(.dynamic))
 .dynamic       0x000000000002a000       0x88 out/arm-plat-stm32mp1/ta/pkcs11/src/attributes.o
                0x000000000002a000                _DYNAMIC

.tdata
 *(SORT_BY_ALIGNMENT(.tdata) SORT_BY_ALIGNMENT(.tdata.*) SORT_BY_ALIGNMENT(.gnu.linkonce.td.*))

.tbss
 *(SORT_BY_ALIGNMENT(.tbss) SORT_BY_ALIGNMENT(.tbss.*) SORT_BY_ALIGNMENT(.gnu.linkonce.tb.*))
 *(SORT_BY_ALIGNMENT(.tcommon))

.got            0x000000000002a088       0x64
 *(SORT_BY_ALIGNMENT(.got.plt))
 .got.plt       0x000000000002a088        0xc out/arm-plat-stm32mp1/ta/pkcs11/src/attributes.o
                0x000000000002a088                _GLOBAL_OFFSET_TABLE_
 *(SORT_BY_ALIGNMENT(.got))
 .got           0x000000000002a094       0x58 out/arm-plat-stm32mp1/ta/pkcs11/src/attributes.o

.rel.text
 *(SORT_BY_ALIGNMENT(.rel.text))
 *(SORT_BY_ALIGNMENT(.rel.gnu.linkonce.t*))

.rela.text
 *(SORT_BY_ALIGNMENT(.rela.text))
 *(SORT_BY_ALIGNMENT(.rela.gnu.linkonce.t*))

.rel.data
 *(SORT_BY_ALIGNMENT(.rel.data))
 *(SORT_BY_ALIGNMENT(.rel.gnu.linkonce.d*))

.rela.data
 *(SORT_BY_ALIGNMENT(.rela.data))
 *(SORT_BY_ALIGNMENT(.rela.gnu.linkonce.d*))

.rel.tdata
 *(SORT_BY_ALIGNMENT(.rel.tdata) SORT_BY_ALIGNMENT(.rel.tdata.*) SORT_BY_ALIGNMENT(.rel.gnu.linkonce.td.*))

.rela.tdata
 *(SORT_BY_ALIGNMENT(.rela.tdata) SORT_BY_ALIGNMENT(.rela.tdata.*) SORT_BY_ALIGNMENT(.rela.gnu.linkonce.td.*))

.rel.tbss
 *(SORT_BY_ALIGNMENT(.rel.tbss) SORT_BY_ALIGNMENT(.rel.tbss.*) SORT_BY_ALIGNMENT(.rel.gnu.linkonce.tb.*))

.rela.tbss
 *(SORT_BY_ALIGNMENT(.rela.tbss) SORT_BY_ALIGNMENT(.rela.tbss.*) SORT_BY_ALIGNMENT(.rela.gnu.linkonce.tb.*))

.rel.rodata
 *(SORT_BY_ALIGNMENT(.rel.rodata))
 *(SORT_BY_ALIGNMENT(.rel.gnu.linkonce.r*))

.rela.rodata
 *(SORT_BY_ALIGNMENT(.rela.rodata))
 *(SORT_BY_ALIGNMENT(.rela.gnu.linkonce.r*))

.rel.dyn        0x000000000002a0ec      0xc40
 *(SORT_BY_ALIGNMENT(.rel.dyn))
 .rel.data.rel.ro
                0x000000000002a0ec        0x0 out/arm-plat-stm32mp1/ta/pkcs11/src/attributes.o
 .rel.iplt      0x000000000002a0ec        0x0 out/arm-plat-stm32mp1/ta/pkcs11/src/attributes.o
 .rel.data.rel.ro.local
                0x000000000002a0ec      0xc10 out/arm-plat-stm32mp1/ta/pkcs11/src/attributes.o
 .rel.data.rel.local
                0x000000000002acfc       0x28 out/arm-plat-stm32mp1/ta/pkcs11/src/attributes.o
 .rel.data.rel  0x000000000002ad24        0x8 out/arm-plat-stm32mp1/ta/pkcs11/src/attributes.o

.rel.got        0x000000000002ad2c       0xb0
 *(SORT_BY_ALIGNMENT(.rel.got))
 .rel.got       0x000000000002ad2c       0xb0 out/arm-plat-stm32mp1/ta/pkcs11/src/attributes.o

.rela.got
 *(SORT_BY_ALIGNMENT(.rela.got))

.rel.ctors
 *(SORT_BY_ALIGNMENT(.rel.ctors))

.rela.ctors
 *(SORT_BY_ALIGNMENT(.rela.ctors))

.rel.dtors
 *(SORT_BY_ALIGNMENT(.rel.dtors))

.rela.dtors
 *(SORT_BY_ALIGNMENT(.rela.dtors))

.rel.init
 *(SORT_BY_ALIGNMENT(.rel.init))

.rela.init
 *(SORT_BY_ALIGNMENT(.rela.init))

.rel.fini
 *(SORT_BY_ALIGNMENT(.rel.fini))

.rela.fini
 *(SORT_BY_ALIGNMENT(.rela.fini))

.rel.bss        0x000000000002addc        0x0
 *(SORT_BY_ALIGNMENT(.rel.bss))
 .rel.bss       0x000000000002addc        0x0 out/arm-plat-stm32mp1/ta/pkcs11/src/attributes.o

.rela.bss
 *(SORT_BY_ALIGNMENT(.rela.bss))

.rel.plt        0x000000000002addc        0x0
 *(SORT_BY_ALIGNMENT(.rel.plt))
 .rel.plt       0x000000000002addc        0x0 out/arm-plat-stm32mp1/ta/pkcs11/src/attributes.o

.rela.plt
 *(SORT_BY_ALIGNMENT(.rela.plt))

.data           0x000000000002addc     0x10b0
 *(SORT_BY_ALIGNMENT(.data) SORT_BY_ALIGNMENT(.data.*) SORT_BY_ALIGNMENT(.gnu.linkonce.d.*))
 .data.rel.ro.local
                0x000000000002addc      0x8a4 out/arm-plat-stm32mp1/ta/pkcs11/src/pkcs11_helpers.o
 .data.rel.local
                0x000000000002b680        0x8 out/arm-plat-stm32mp1/ta/pkcs11/src/pkcs11_token.o
 .data.rel.ro.local
                0x000000000002b688       0xa0 out/arm-plat-stm32mp1/ta/pkcs11/src/processing_ec.o
 .data.rel.ro.local
                0x000000000002b728      0x660 out/arm-plat-stm32mp1/ta/pkcs11/src/token_capabilities.o
                0x000000000002ba58                token_mechanism
 .data          0x000000000002bd88        0x4 out/arm-plat-stm32mp1/ta/pkcs11/user_ta_header.o
                0x000000000002bd88                trace_level
 .data.rel.ro.local
                0x000000000002bd8c       0x54 out/arm-plat-stm32mp1/ta/pkcs11/user_ta_header.o
                0x000000000002bd8c                ta_props
 .data.rel.ro.local
                0x000000000002bde0       0x3c out/arm-plat-stm32mp1/export-ta_arm32/lib/libutee.a(tee_api_property.o)
                0x000000000002bde0                tee_props
 .data.rel.local
                0x000000000002be1c       0x10 out/arm-plat-stm32mp1/export-ta_arm32/lib/libutee.a(user_ta_entry.o)
 .data.rel      0x000000000002be2c        0x4 out/arm-plat-stm32mp1/export-ta_arm32/lib/libmbedtls.a(platform_util.o)
 .data.rel.local
                0x000000000002be30       0x5c out/arm-plat-stm32mp1/export-ta_arm32/lib/libutils.a(bget_malloc.o)
 .data          0x000000000002be8c        0x0 out/arm-plat-stm32mp1/ta/pkcs11/src/attributes.o
 .data.rel.ro   0x000000000002be8c        0x0 out/arm-plat-stm32mp1/ta/pkcs11/src/attributes.o
 .data          0x000000000002be8c        0x0 out/arm-plat-stm32mp1/ta/pkcs11/src/entry.o
 .data          0x000000000002be8c        0x0 out/arm-plat-stm32mp1/ta/pkcs11/src/handle.o
 .data          0x000000000002be8c        0x0 out/arm-plat-stm32mp1/ta/pkcs11/src/object.o
 .data          0x000000000002be8c        0x0 out/arm-plat-stm32mp1/ta/pkcs11/src/persistent_token.o
 .data          0x000000000002be8c        0x0 out/arm-plat-stm32mp1/ta/pkcs11/src/pkcs11_attributes.o
 .data          0x000000000002be8c        0x0 out/arm-plat-stm32mp1/ta/pkcs11/src/pkcs11_helpers.o
 .data          0x000000000002be8c        0x0 out/arm-plat-stm32mp1/ta/pkcs11/src/pkcs11_token.o
 .data          0x000000000002be8c        0x0 out/arm-plat-stm32mp1/ta/pkcs11/src/processing.o
 .data          0x000000000002be8c        0x0 out/arm-plat-stm32mp1/ta/pkcs11/src/processing_aes.o
 .data          0x000000000002be8c        0x0 out/arm-plat-stm32mp1/ta/pkcs11/src/processing_asymm.o
 .data          0x000000000002be8c        0x0 out/arm-plat-stm32mp1/ta/pkcs11/src/processing_digest.o
 .data          0x000000000002be8c        0x0 out/arm-plat-stm32mp1/ta/pkcs11/src/processing_ec.o
 .data          0x000000000002be8c        0x0 out/arm-plat-stm32mp1/ta/pkcs11/src/processing_rsa.o
 .data          0x000000000002be8c        0x0 out/arm-plat-stm32mp1/ta/pkcs11/src/processing_symm.o
 .data          0x000000000002be8c        0x0 out/arm-plat-stm32mp1/ta/pkcs11/src/sanitize_object.o
 .data          0x000000000002be8c        0x0 out/arm-plat-stm32mp1/ta/pkcs11/src/serializer.o
 .data          0x000000000002be8c        0x0 out/arm-plat-stm32mp1/ta/pkcs11/src/token_capabilities.o
 .data          0x000000000002be8c        0x0 out/arm-plat-stm32mp1/ta/pkcs11/ta_entry_a32.o
 .data          0x000000000002be8c        0x0 out/arm-plat-stm32mp1/export-ta_arm32/lib/libutils.a(snprintf.o)
 .data          0x000000000002be8c        0x0 out/arm-plat-stm32mp1/export-ta_arm32/lib/libutils.a(memcpy.o)
 .data          0x000000000002be8c        0x0 out/arm-plat-stm32mp1/export-ta_arm32/lib/libutils.a(memset.o)
 .data          0x000000000002be8c        0x0 out/arm-plat-stm32mp1/export-ta_arm32/lib/libutils.a(strchr.o)
 .data          0x000000000002be8c        0x0 out/arm-plat-stm32mp1/export-ta_arm32/lib/libutils.a(strcmp.o)
 .data          0x000000000002be8c        0x0 out/arm-plat-stm32mp1/export-ta_arm32/lib/libutils.a(strlen.o)
 .data          0x000000000002be8c        0x0 out/arm-plat-stm32mp1/export-ta_arm32/lib/libutils.a(strnlen.o)
 .data          0x000000000002be8c        0x0 out/arm-plat-stm32mp1/export-ta_arm32/lib/libutils.a(strstr.o)
 .data          0x000000000002be8c        0x0 out/arm-plat-stm32mp1/export-ta_arm32/lib/libutils.a(snprintk.o)
 .data          0x000000000002be8c        0x0 out/arm-plat-stm32mp1/export-ta_arm32/lib/libutils.a(trace.o)
 .data          0x000000000002be8c        0x0 out/arm-plat-stm32mp1/export-ta_arm32/lib/libutils.a(consttime_memcmp.o)
 .data          0x000000000002be8c        0x0 out/arm-plat-stm32mp1/export-ta_arm32/lib/libutils.a(memchr.o)
 .data          0x000000000002be8c        0x0 out/arm-plat-stm32mp1/export-ta_arm32/lib/libutils.a(memcmp.o)
 .data          0x000000000002be8c        0x0 out/arm-plat-stm32mp1/export-ta_arm32/lib/libutils.a(arm32_aeabi_ldivmod_a32.o)
 .data          0x000000000002be8c        0x0 out/arm-plat-stm32mp1/export-ta_arm32/lib/libutils.a(arm32_aeabi_ldivmod.o)
 .data          0x000000000002be8c        0x0 out/arm-plat-stm32mp1/export-ta_arm32/lib/libutee.a(assert.o)
 .data          0x000000000002be8c        0x0 out/arm-plat-stm32mp1/export-ta_arm32/lib/libutee.a(tee_uuid_from_str.o)
 .data          0x000000000002be8c        0x0 out/arm-plat-stm32mp1/export-ta_arm32/lib/libutee.a(trace_ext.o)
 .data          0x000000000002be8c        0x0 out/arm-plat-stm32mp1/export-ta_arm32/lib/libutee.a(tee_api.o)
 .data          0x000000000002be8c        0x0 out/arm-plat-stm32mp1/export-ta_arm32/lib/libutee.a(tee_api_objects.o)
 .data          0x000000000002be8c        0x0 out/arm-plat-stm32mp1/export-ta_arm32/lib/libutee.a(tee_api_operations.o)
 .data          0x000000000002be8c        0x0 out/arm-plat-stm32mp1/export-ta_arm32/lib/libutee.a(tee_api_panic.o)
 .data          0x000000000002be8c        0x0 out/arm-plat-stm32mp1/export-ta_arm32/lib/libutee.a(tee_api_property.o)
 .data          0x000000000002be8c        0x0 out/arm-plat-stm32mp1/export-ta_arm32/lib/libutee.a(tee_system_pta.o)
 .data          0x000000000002be8c        0x0 out/arm-plat-stm32mp1/export-ta_arm32/lib/libutee.a(utee_syscalls_a32.o)
 .data          0x000000000002be8c        0x0 out/arm-plat-stm32mp1/export-ta_arm32/lib/libutee.a(user_ta_entry.o)
 .data          0x000000000002be8c        0x0 out/arm-plat-stm32mp1/export-ta_arm32/lib/libutee.a(abort.o)
 .data          0x000000000002be8c        0x0 out/arm-plat-stm32mp1/export-ta_arm32/lib/libutee.a(base64.o)
 .data          0x000000000002be8c        0x0 out/arm-plat-stm32mp1/export-ta_arm32/lib/libutee.a(tee_api_arith_mpi.o)
 .data          0x000000000002be8c        0x0 out/arm-plat-stm32mp1/export-ta_arm32/lib/libutee.a(tcb.o)
 .data          0x000000000002be8c        0x0 out/arm-plat-stm32mp1/export-ta_arm32/lib/libmbedtls.a(bignum.o)
 .data          0x000000000002be8c        0x0 out/arm-plat-stm32mp1/export-ta_arm32/lib/libmbedtls.a(platform_util.o)
 .data          0x000000000002be8c        0x0 out/arm-plat-stm32mp1/export-ta_arm32/lib/libutils.a(bget_malloc.o)
 .data          0x000000000002be8c        0x0 out/arm-plat-stm32mp1/export-ta_arm32/lib/libutils.a(isxdigit.o)
 .data          0x000000000002be8c        0x0 out/arm-plat-stm32mp1/export-ta_arm32/lib/libutils.a(tolower.o)
 .data          0x000000000002be8c        0x0 out/arm-plat-stm32mp1/export-ta_arm32/lib/libutils.a(memmove.o)
 .data          0x000000000002be8c        0x0 out/arm-plat-stm32mp1/export-ta_arm32/lib/libutils.a(strlcpy.o)
 .data          0x000000000002be8c        0x0 out/arm-plat-stm32mp1/export-ta_arm32/lib/libutils.a(mempool.o)

.igot.plt       0x000000000002be8c        0x0
 .igot.plt      0x000000000002be8c        0x0 out/arm-plat-stm32mp1/ta/pkcs11/src/attributes.o

.bss            0x000000000002be8c     0xb09c
 *(SORT_BY_ALIGNMENT(.bss) SORT_BY_ALIGNMENT(.bss.*) SORT_BY_ALIGNMENT(.gnu.linkonce.b.*) SORT_BY_ALIGNMENT(COMMON))
 .bss           0x000000000002be8c        0x4 out/arm-plat-stm32mp1/ta/pkcs11/src/object.o
                0x000000000002be8c                temporary_object_list
 .bss           0x000000000002be90       0x48 out/arm-plat-stm32mp1/ta/pkcs11/src/pkcs11_token.o
                0x000000000002be90                ck_token
 .bss           0x000000000002bed8     0x8000 out/arm-plat-stm32mp1/ta/pkcs11/user_ta_header.o
                0x000000000002bed8                ta_heap
 .bss           0x0000000000033ed8        0x4 out/arm-plat-stm32mp1/export-ta_arm32/lib/libutee.a(tee_api.o)
 .bss           0x0000000000033edc        0x4 out/arm-plat-stm32mp1/export-ta_arm32/lib/libutee.a(tee_system_pta.o)
 .bss           0x0000000000033ee0       0x38 out/arm-plat-stm32mp1/export-ta_arm32/lib/libutee.a(user_ta_entry.o)
                0x0000000000033ee0                ta_param_types
                0x0000000000033ee4                ta_params
                0x0000000000033f04                __elf_phdr_info
 .bss           0x0000000000033f18     0x3000 out/arm-plat-stm32mp1/export-ta_arm32/lib/libutee.a(tee_api_arith_mpi.o)
 .bss           0x0000000000036f18        0x8 out/arm-plat-stm32mp1/export-ta_arm32/lib/libutee.a(tcb.o)
 .bss           0x0000000000036f20        0x4 out/arm-plat-stm32mp1/export-ta_arm32/lib/libmbedtls.a(bignum.o)
                0x0000000000036f20                mbedtls_mpi_mempool
 .bss           0x0000000000036f24        0x0 out/arm-plat-stm32mp1/ta/pkcs11/src/attributes.o
 .bss           0x0000000000036f24        0x0 out/arm-plat-stm32mp1/ta/pkcs11/src/entry.o
 .bss           0x0000000000036f24        0x0 out/arm-plat-stm32mp1/ta/pkcs11/src/handle.o
 .bss           0x0000000000036f24        0x0 out/arm-plat-stm32mp1/ta/pkcs11/src/persistent_token.o
 .bss           0x0000000000036f24        0x0 out/arm-plat-stm32mp1/ta/pkcs11/src/pkcs11_attributes.o
 .bss           0x0000000000036f24        0x0 out/arm-plat-stm32mp1/ta/pkcs11/src/pkcs11_helpers.o
 .bss           0x0000000000036f24        0x0 out/arm-plat-stm32mp1/ta/pkcs11/src/processing.o
 .bss           0x0000000000036f24        0x0 out/arm-plat-stm32mp1/ta/pkcs11/src/processing_aes.o
 .bss           0x0000000000036f24        0x0 out/arm-plat-stm32mp1/ta/pkcs11/src/processing_asymm.o
 .bss           0x0000000000036f24        0x0 out/arm-plat-stm32mp1/ta/pkcs11/src/processing_digest.o
 .bss           0x0000000000036f24        0x0 out/arm-plat-stm32mp1/ta/pkcs11/src/processing_ec.o
 .bss           0x0000000000036f24        0x0 out/arm-plat-stm32mp1/ta/pkcs11/src/processing_rsa.o
 .bss           0x0000000000036f24        0x0 out/arm-plat-stm32mp1/ta/pkcs11/src/processing_symm.o
 .bss           0x0000000000036f24        0x0 out/arm-plat-stm32mp1/ta/pkcs11/src/sanitize_object.o
 .bss           0x0000000000036f24        0x0 out/arm-plat-stm32mp1/ta/pkcs11/src/serializer.o
 .bss           0x0000000000036f24        0x0 out/arm-plat-stm32mp1/ta/pkcs11/src/token_capabilities.o
 .bss           0x0000000000036f24        0x0 out/arm-plat-stm32mp1/ta/pkcs11/ta_entry_a32.o
 .bss           0x0000000000036f24        0x0 out/arm-plat-stm32mp1/export-ta_arm32/lib/libutils.a(snprintf.o)
 .bss           0x0000000000036f24        0x0 out/arm-plat-stm32mp1/export-ta_arm32/lib/libutils.a(memcpy.o)
 .bss           0x0000000000036f24        0x0 out/arm-plat-stm32mp1/export-ta_arm32/lib/libutils.a(memset.o)
 .bss           0x0000000000036f24        0x0 out/arm-plat-stm32mp1/export-ta_arm32/lib/libutils.a(strchr.o)
 .bss           0x0000000000036f24        0x0 out/arm-plat-stm32mp1/export-ta_arm32/lib/libutils.a(strcmp.o)
 .bss           0x0000000000036f24        0x0 out/arm-plat-stm32mp1/export-ta_arm32/lib/libutils.a(strlen.o)
 .bss           0x0000000000036f24        0x0 out/arm-plat-stm32mp1/export-ta_arm32/lib/libutils.a(strnlen.o)
 .bss           0x0000000000036f24        0x0 out/arm-plat-stm32mp1/export-ta_arm32/lib/libutils.a(strstr.o)
 .bss           0x0000000000036f24        0x0 out/arm-plat-stm32mp1/export-ta_arm32/lib/libutils.a(snprintk.o)
 .bss           0x0000000000036f24        0x0 out/arm-plat-stm32mp1/export-ta_arm32/lib/libutils.a(trace.o)
 .bss           0x0000000000036f24        0x0 out/arm-plat-stm32mp1/export-ta_arm32/lib/libutils.a(consttime_memcmp.o)
 .bss           0x0000000000036f24        0x0 out/arm-plat-stm32mp1/export-ta_arm32/lib/libutils.a(memchr.o)
 .bss           0x0000000000036f24        0x0 out/arm-plat-stm32mp1/export-ta_arm32/lib/libutils.a(memcmp.o)
 .bss           0x0000000000036f24        0x0 out/arm-plat-stm32mp1/export-ta_arm32/lib/libutils.a(arm32_aeabi_ldivmod_a32.o)
 .bss           0x0000000000036f24        0x0 out/arm-plat-stm32mp1/export-ta_arm32/lib/libutils.a(arm32_aeabi_ldivmod.o)
 .bss           0x0000000000036f24        0x0 out/arm-plat-stm32mp1/export-ta_arm32/lib/libutee.a(assert.o)
 .bss           0x0000000000036f24        0x0 out/arm-plat-stm32mp1/export-ta_arm32/lib/libutee.a(tee_uuid_from_str.o)
 .bss           0x0000000000036f24        0x0 out/arm-plat-stm32mp1/export-ta_arm32/lib/libutee.a(trace_ext.o)
 .bss           0x0000000000036f24        0x0 out/arm-plat-stm32mp1/export-ta_arm32/lib/libutee.a(tee_api_objects.o)
 .bss           0x0000000000036f24        0x0 out/arm-plat-stm32mp1/export-ta_arm32/lib/libutee.a(tee_api_operations.o)
 .bss           0x0000000000036f24        0x0 out/arm-plat-stm32mp1/export-ta_arm32/lib/libutee.a(tee_api_panic.o)
 .bss           0x0000000000036f24        0x0 out/arm-plat-stm32mp1/export-ta_arm32/lib/libutee.a(tee_api_property.o)
 .bss           0x0000000000036f24        0x0 out/arm-plat-stm32mp1/export-ta_arm32/lib/libutee.a(utee_syscalls_a32.o)
 .bss           0x0000000000036f24        0x0 out/arm-plat-stm32mp1/export-ta_arm32/lib/libutee.a(abort.o)
 .bss           0x0000000000036f24        0x0 out/arm-plat-stm32mp1/export-ta_arm32/lib/libutee.a(base64.o)
 .bss           0x0000000000036f24        0x0 out/arm-plat-stm32mp1/export-ta_arm32/lib/libmbedtls.a(platform_util.o)
 .bss           0x0000000000036f24        0x0 out/arm-plat-stm32mp1/export-ta_arm32/lib/libutils.a(bget_malloc.o)
 .bss           0x0000000000036f24        0x0 out/arm-plat-stm32mp1/export-ta_arm32/lib/libutils.a(isxdigit.o)
 .bss           0x0000000000036f24        0x0 out/arm-plat-stm32mp1/export-ta_arm32/lib/libutils.a(tolower.o)
 .bss           0x0000000000036f24        0x0 out/arm-plat-stm32mp1/export-ta_arm32/lib/libutils.a(memmove.o)
 .bss           0x0000000000036f24        0x0 out/arm-plat-stm32mp1/export-ta_arm32/lib/libutils.a(strlcpy.o)
 .bss           0x0000000000036f24        0x0 out/arm-plat-stm32mp1/export-ta_arm32/lib/libutils.a(mempool.o)
                0x0000000000036f28                . = ALIGN (0x8)
 *fill*         0x0000000000036f24        0x4 
                0x0000000000036f28                __ftrace_buf_start = .
                0x0000000000036f28                . = (. + DEFINED (__gnu_mcount_nc)?0x800:0x0)
                0x0000000000036f28                __ftrace_buf_end = .

.dynbss         0x0000000000036f28        0x0
 .dynbss        0x0000000000036f28        0x0 out/arm-plat-stm32mp1/ta/pkcs11/src/attributes.o

/DISCARD/
 *(SORT_BY_ALIGNMENT(.interp))
LOAD out/arm-plat-stm32mp1/ta/pkcs11/src/attributes.o
LOAD out/arm-plat-stm32mp1/ta/pkcs11/src/entry.o
LOAD out/arm-plat-stm32mp1/ta/pkcs11/src/handle.o
LOAD out/arm-plat-stm32mp1/ta/pkcs11/src/object.o
LOAD out/arm-plat-stm32mp1/ta/pkcs11/src/persistent_token.o
LOAD out/arm-plat-stm32mp1/ta/pkcs11/src/pkcs11_attributes.o
LOAD out/arm-plat-stm32mp1/ta/pkcs11/src/pkcs11_helpers.o
LOAD out/arm-plat-stm32mp1/ta/pkcs11/src/pkcs11_token.o
LOAD out/arm-plat-stm32mp1/ta/pkcs11/src/processing.o
LOAD out/arm-plat-stm32mp1/ta/pkcs11/src/processing_aes.o
LOAD out/arm-plat-stm32mp1/ta/pkcs11/src/processing_asymm.o
LOAD out/arm-plat-stm32mp1/ta/pkcs11/src/processing_digest.o
LOAD out/arm-plat-stm32mp1/ta/pkcs11/src/processing_ec.o
LOAD out/arm-plat-stm32mp1/ta/pkcs11/src/processing_rsa.o
LOAD out/arm-plat-stm32mp1/ta/pkcs11/src/processing_symm.o
LOAD out/arm-plat-stm32mp1/ta/pkcs11/src/sanitize_object.o
LOAD out/arm-plat-stm32mp1/ta/pkcs11/src/serializer.o
LOAD out/arm-plat-stm32mp1/ta/pkcs11/src/token_capabilities.o
LOAD out/arm-plat-stm32mp1/ta/pkcs11/user_ta_header.o
LOAD out/arm-plat-stm32mp1/ta/pkcs11/ta_entry_a32.o
START GROUP
LOAD out/arm-plat-stm32mp1/export-ta_arm32/lib/libutils.a
LOAD out/arm-plat-stm32mp1/export-ta_arm32/lib/libutee.a
LOAD out/arm-plat-stm32mp1/export-ta_arm32/lib/libmbedtls.a
END GROUP
LOAD /opt/embedded/crosstools/arm-gnu-toolchain-11.3.rel1-x86_64-arm-none-linux-gnueabihf/bin/../lib/gcc/arm-none-linux-gnueabihf/11.3.1/libgcc.a
OUTPUT(out/arm-plat-stm32mp1/ta/pkcs11/fd02c9da-306c-48c7-a49c-bbd827ae86ee.elf elf32-littlearm)
LOAD linker stubs

.debug_info     0x0000000000000000    0x27642
 .debug_info    0x0000000000000000      0xeb7 out/arm-plat-stm32mp1/ta/pkcs11/src/attributes.o
 .debug_info    0x0000000000000eb7      0xc22 out/arm-plat-stm32mp1/ta/pkcs11/src/entry.o
 .debug_info    0x0000000000001ad9      0x25e out/arm-plat-stm32mp1/ta/pkcs11/src/handle.o
 .debug_info    0x0000000000001d37     0x2298 out/arm-plat-stm32mp1/ta/pkcs11/src/object.o
 .debug_info    0x0000000000003fcf     0x1534 out/arm-plat-stm32mp1/ta/pkcs11/src/persistent_token.o
 .debug_info    0x0000000000005503     0x2a8d out/arm-plat-stm32mp1/ta/pkcs11/src/pkcs11_attributes.o
 .debug_info    0x0000000000007f90     0x18ad out/arm-plat-stm32mp1/ta/pkcs11/src/pkcs11_helpers.o
 .debug_info    0x000000000000983d     0x2c07 out/arm-plat-stm32mp1/ta/pkcs11/src/pkcs11_token.o
 .debug_info    0x000000000000c444     0x22b1 out/arm-plat-stm32mp1/ta/pkcs11/src/processing.o
 .debug_info    0x000000000000e6f5      0x50b out/arm-plat-stm32mp1/ta/pkcs11/src/processing_aes.o
 .debug_info    0x000000000000ec00     0x1af2 out/arm-plat-stm32mp1/ta/pkcs11/src/processing_asymm.o
 .debug_info    0x00000000000106f2     0x12aa out/arm-plat-stm32mp1/ta/pkcs11/src/processing_digest.o
 .debug_info    0x000000000001199c     0x14a3 out/arm-plat-stm32mp1/ta/pkcs11/src/processing_ec.o
 .debug_info    0x0000000000012e3f     0x1806 out/arm-plat-stm32mp1/ta/pkcs11/src/processing_rsa.o
 .debug_info    0x0000000000014645     0x1fc8 out/arm-plat-stm32mp1/ta/pkcs11/src/processing_symm.o
 .debug_info    0x000000000001660d     0x114a out/arm-plat-stm32mp1/ta/pkcs11/src/sanitize_object.o
 .debug_info    0x0000000000017757      0xee4 out/arm-plat-stm32mp1/ta/pkcs11/src/serializer.o
 .debug_info    0x000000000001863b      0x7bb out/arm-plat-stm32mp1/ta/pkcs11/src/token_capabilities.o
 .debug_info    0x0000000000018df6      0x3c9 out/arm-plat-stm32mp1/ta/pkcs11/user_ta_header.o
 .debug_info    0x00000000000191bf       0x24 out/arm-plat-stm32mp1/ta/pkcs11/ta_entry_a32.o
 .debug_info    0x00000000000191e3      0x16c out/arm-plat-stm32mp1/export-ta_arm32/lib/libutils.a(snprintf.o)
 .debug_info    0x000000000001934f       0xf0 out/arm-plat-stm32mp1/export-ta_arm32/lib/libutils.a(memcpy.o)
 .debug_info    0x000000000001943f       0xd8 out/arm-plat-stm32mp1/export-ta_arm32/lib/libutils.a(memset.o)
 .debug_info    0x0000000000019517       0xde out/arm-plat-stm32mp1/export-ta_arm32/lib/libutils.a(strchr.o)
 .debug_info    0x00000000000195f5       0xa1 out/arm-plat-stm32mp1/export-ta_arm32/lib/libutils.a(strcmp.o)
 .debug_info    0x0000000000019696       0xa8 out/arm-plat-stm32mp1/export-ta_arm32/lib/libutils.a(strlen.o)
 .debug_info    0x000000000001973e       0x99 out/arm-plat-stm32mp1/export-ta_arm32/lib/libutils.a(strnlen.o)
 .debug_info    0x00000000000197d7      0x3cb out/arm-plat-stm32mp1/export-ta_arm32/lib/libutils.a(strstr.o)
 .debug_info    0x0000000000019ba2      0x584 out/arm-plat-stm32mp1/export-ta_arm32/lib/libutils.a(snprintk.o)
 .debug_info    0x000000000001a126      0x3ec out/arm-plat-stm32mp1/export-ta_arm32/lib/libutils.a(trace.o)
 .debug_info    0x000000000001a512       0xe6 out/arm-plat-stm32mp1/export-ta_arm32/lib/libutils.a(consttime_memcmp.o)
 .debug_info    0x000000000001a5f8       0xee out/arm-plat-stm32mp1/export-ta_arm32/lib/libutils.a(memchr.o)
 .debug_info    0x000000000001a6e6       0xce out/arm-plat-stm32mp1/export-ta_arm32/lib/libutils.a(memcmp.o)
 .debug_info    0x000000000001a7b4       0x23 out/arm-plat-stm32mp1/export-ta_arm32/lib/libutils.a(arm32_aeabi_ldivmod_a32.o)
 .debug_info    0x000000000001a7d7      0x1f4 out/arm-plat-stm32mp1/export-ta_arm32/lib/libutils.a(arm32_aeabi_ldivmod.o)
 .debug_info    0x000000000001a9cb      0x123 out/arm-plat-stm32mp1/export-ta_arm32/lib/libutee.a(assert.o)
 .debug_info    0x000000000001aaee      0x27e out/arm-plat-stm32mp1/export-ta_arm32/lib/libutee.a(tee_uuid_from_str.o)
 .debug_info    0x000000000001ad6c      0x232 out/arm-plat-stm32mp1/export-ta_arm32/lib/libutee.a(trace_ext.o)
 .debug_info    0x000000000001af9e      0xdd6 out/arm-plat-stm32mp1/export-ta_arm32/lib/libutee.a(tee_api.o)
 .debug_info    0x000000000001bd74     0x10ed out/arm-plat-stm32mp1/export-ta_arm32/lib/libutee.a(tee_api_objects.o)
 .debug_info    0x000000000001ce61     0x1bc5 out/arm-plat-stm32mp1/export-ta_arm32/lib/libutee.a(tee_api_operations.o)
 .debug_info    0x000000000001ea26      0x34e out/arm-plat-stm32mp1/export-ta_arm32/lib/libutee.a(tee_api_panic.o)
 .debug_info    0x000000000001ed74      0xb90 out/arm-plat-stm32mp1/export-ta_arm32/lib/libutee.a(tee_api_property.o)
 .debug_info    0x000000000001f904      0x510 out/arm-plat-stm32mp1/export-ta_arm32/lib/libutee.a(tee_system_pta.o)
 .debug_info    0x000000000001fe14       0x23 out/arm-plat-stm32mp1/export-ta_arm32/lib/libutee.a(utee_syscalls_a32.o)
 .debug_info    0x000000000001fe37      0xdef out/arm-plat-stm32mp1/export-ta_arm32/lib/libutee.a(user_ta_entry.o)
 .debug_info    0x0000000000020c26       0xa3 out/arm-plat-stm32mp1/export-ta_arm32/lib/libutee.a(abort.o)
 .debug_info    0x0000000000020cc9      0x295 out/arm-plat-stm32mp1/export-ta_arm32/lib/libutee.a(base64.o)
 .debug_info    0x0000000000020f5e     0x1f7d out/arm-plat-stm32mp1/export-ta_arm32/lib/libutee.a(tee_api_arith_mpi.o)
 .debug_info    0x0000000000022edb      0x55b out/arm-plat-stm32mp1/export-ta_arm32/lib/libutee.a(tcb.o)
 .debug_info    0x0000000000023436     0x2524 out/arm-plat-stm32mp1/export-ta_arm32/lib/libmbedtls.a(bignum.o)
 .debug_info    0x000000000002595a      0x110 out/arm-plat-stm32mp1/export-ta_arm32/lib/libmbedtls.a(platform_util.o)
 .debug_info    0x0000000000025a6a     0x1520 out/arm-plat-stm32mp1/export-ta_arm32/lib/libutils.a(bget_malloc.o)
 .debug_info    0x0000000000026f8a       0x5a out/arm-plat-stm32mp1/export-ta_arm32/lib/libutils.a(isxdigit.o)
 .debug_info    0x0000000000026fe4       0x5a out/arm-plat-stm32mp1/export-ta_arm32/lib/libutils.a(tolower.o)
 .debug_info    0x000000000002703e       0xf0 out/arm-plat-stm32mp1/export-ta_arm32/lib/libutils.a(memmove.o)
 .debug_info    0x000000000002712e       0xf6 out/arm-plat-stm32mp1/export-ta_arm32/lib/libutils.a(strlcpy.o)
 .debug_info    0x0000000000027224      0x41e out/arm-plat-stm32mp1/export-ta_arm32/lib/libutils.a(mempool.o)

.debug_abbrev   0x0000000000000000     0x68cc
 .debug_abbrev  0x0000000000000000      0x2b8 out/arm-plat-stm32mp1/ta/pkcs11/src/attributes.o
 .debug_abbrev  0x00000000000002b8      0x2ae out/arm-plat-stm32mp1/ta/pkcs11/src/entry.o
 .debug_abbrev  0x0000000000000566      0x15a out/arm-plat-stm32mp1/ta/pkcs11/src/handle.o
 .debug_abbrev  0x00000000000006c0      0x3c3 out/arm-plat-stm32mp1/ta/pkcs11/src/object.o
 .debug_abbrev  0x0000000000000a83      0x34a out/arm-plat-stm32mp1/ta/pkcs11/src/persistent_token.o
 .debug_abbrev  0x0000000000000dcd      0x374 out/arm-plat-stm32mp1/ta/pkcs11/src/pkcs11_attributes.o
 .debug_abbrev  0x0000000000001141      0x2a9 out/arm-plat-stm32mp1/ta/pkcs11/src/pkcs11_helpers.o
 .debug_abbrev  0x00000000000013ea      0x3ce out/arm-plat-stm32mp1/ta/pkcs11/src/pkcs11_token.o
 .debug_abbrev  0x00000000000017b8      0x34d out/arm-plat-stm32mp1/ta/pkcs11/src/processing.o
 .debug_abbrev  0x0000000000001b05      0x14a out/arm-plat-stm32mp1/ta/pkcs11/src/processing_aes.o
 .debug_abbrev  0x0000000000001c4f      0x34e out/arm-plat-stm32mp1/ta/pkcs11/src/processing_asymm.o
 .debug_abbrev  0x0000000000001f9d      0x2c6 out/arm-plat-stm32mp1/ta/pkcs11/src/processing_digest.o
 .debug_abbrev  0x0000000000002263      0x2d0 out/arm-plat-stm32mp1/ta/pkcs11/src/processing_ec.o
 .debug_abbrev  0x0000000000002533      0x328 out/arm-plat-stm32mp1/ta/pkcs11/src/processing_rsa.o
 .debug_abbrev  0x000000000000285b      0x386 out/arm-plat-stm32mp1/ta/pkcs11/src/processing_symm.o
 .debug_abbrev  0x0000000000002be1      0x2ac out/arm-plat-stm32mp1/ta/pkcs11/src/sanitize_object.o
 .debug_abbrev  0x0000000000002e8d      0x26d out/arm-plat-stm32mp1/ta/pkcs11/src/serializer.o
 .debug_abbrev  0x00000000000030fa      0x27e out/arm-plat-stm32mp1/ta/pkcs11/src/token_capabilities.o
 .debug_abbrev  0x0000000000003378      0x1ab out/arm-plat-stm32mp1/ta/pkcs11/user_ta_header.o
 .debug_abbrev  0x0000000000003523       0x14 out/arm-plat-stm32mp1/ta/pkcs11/ta_entry_a32.o
 .debug_abbrev  0x0000000000003537      0x110 out/arm-plat-stm32mp1/export-ta_arm32/lib/libutils.a(snprintf.o)
 .debug_abbrev  0x0000000000003647       0xae out/arm-plat-stm32mp1/export-ta_arm32/lib/libutils.a(memcpy.o)
 .debug_abbrev  0x00000000000036f5       0xa2 out/arm-plat-stm32mp1/export-ta_arm32/lib/libutils.a(memset.o)
 .debug_abbrev  0x0000000000003797       0x91 out/arm-plat-stm32mp1/export-ta_arm32/lib/libutils.a(strchr.o)
 .debug_abbrev  0x0000000000003828       0x80 out/arm-plat-stm32mp1/export-ta_arm32/lib/libutils.a(strcmp.o)
 .debug_abbrev  0x00000000000038a8       0x8c out/arm-plat-stm32mp1/export-ta_arm32/lib/libutils.a(strlen.o)
 .debug_abbrev  0x0000000000003934       0x8c out/arm-plat-stm32mp1/export-ta_arm32/lib/libutils.a(strnlen.o)
 .debug_abbrev  0x00000000000039c0      0x175 out/arm-plat-stm32mp1/export-ta_arm32/lib/libutils.a(strstr.o)
 .debug_abbrev  0x0000000000003b35      0x1e3 out/arm-plat-stm32mp1/export-ta_arm32/lib/libutils.a(snprintk.o)
 .debug_abbrev  0x0000000000003d18      0x1ff out/arm-plat-stm32mp1/export-ta_arm32/lib/libutils.a(trace.o)
 .debug_abbrev  0x0000000000003f17       0x9a out/arm-plat-stm32mp1/export-ta_arm32/lib/libutils.a(consttime_memcmp.o)
 .debug_abbrev  0x0000000000003fb1       0xbd out/arm-plat-stm32mp1/export-ta_arm32/lib/libutils.a(memchr.o)
 .debug_abbrev  0x000000000000406e       0x8f out/arm-plat-stm32mp1/export-ta_arm32/lib/libutils.a(memcmp.o)
 .debug_abbrev  0x00000000000040fd       0x12 out/arm-plat-stm32mp1/export-ta_arm32/lib/libutils.a(arm32_aeabi_ldivmod_a32.o)
 .debug_abbrev  0x000000000000410f       0xf7 out/arm-plat-stm32mp1/export-ta_arm32/lib/libutils.a(arm32_aeabi_ldivmod.o)
 .debug_abbrev  0x0000000000004206       0xa5 out/arm-plat-stm32mp1/export-ta_arm32/lib/libutee.a(assert.o)
 .debug_abbrev  0x00000000000042ab      0x135 out/arm-plat-stm32mp1/export-ta_arm32/lib/libutee.a(tee_uuid_from_str.o)
 .debug_abbrev  0x00000000000043e0      0x15b out/arm-plat-stm32mp1/export-ta_arm32/lib/libutee.a(trace_ext.o)
 .debug_abbrev  0x000000000000453b      0x2f7 out/arm-plat-stm32mp1/export-ta_arm32/lib/libutee.a(tee_api.o)
 .debug_abbrev  0x0000000000004832      0x29f out/arm-plat-stm32mp1/export-ta_arm32/lib/libutee.a(tee_api_objects.o)
 .debug_abbrev  0x0000000000004ad1      0x30d out/arm-plat-stm32mp1/export-ta_arm32/lib/libutee.a(tee_api_operations.o)
 .debug_abbrev  0x0000000000004dde      0x175 out/arm-plat-stm32mp1/export-ta_arm32/lib/libutee.a(tee_api_panic.o)
 .debug_abbrev  0x0000000000004f53      0x29e out/arm-plat-stm32mp1/export-ta_arm32/lib/libutee.a(tee_api_property.o)
 .debug_abbrev  0x00000000000051f1      0x1c4 out/arm-plat-stm32mp1/export-ta_arm32/lib/libutee.a(tee_system_pta.o)
 .debug_abbrev  0x00000000000053b5       0x12 out/arm-plat-stm32mp1/export-ta_arm32/lib/libutee.a(utee_syscalls_a32.o)
 .debug_abbrev  0x00000000000053c7      0x37e out/arm-plat-stm32mp1/export-ta_arm32/lib/libutee.a(user_ta_entry.o)
 .debug_abbrev  0x0000000000005745       0x64 out/arm-plat-stm32mp1/export-ta_arm32/lib/libutee.a(abort.o)
 .debug_abbrev  0x00000000000057a9      0x110 out/arm-plat-stm32mp1/export-ta_arm32/lib/libutee.a(base64.o)
 .debug_abbrev  0x00000000000058b9      0x371 out/arm-plat-stm32mp1/export-ta_arm32/lib/libutee.a(tee_api_arith_mpi.o)
 .debug_abbrev  0x0000000000005c2a      0x1f9 out/arm-plat-stm32mp1/export-ta_arm32/lib/libutee.a(tcb.o)
 .debug_abbrev  0x0000000000005e23      0x319 out/arm-plat-stm32mp1/export-ta_arm32/lib/libmbedtls.a(bignum.o)
 .debug_abbrev  0x000000000000613c       0xbe out/arm-plat-stm32mp1/export-ta_arm32/lib/libmbedtls.a(platform_util.o)
 .debug_abbrev  0x00000000000061fa      0x339 out/arm-plat-stm32mp1/export-ta_arm32/lib/libutils.a(bget_malloc.o)
 .debug_abbrev  0x0000000000006533       0x4f out/arm-plat-stm32mp1/export-ta_arm32/lib/libutils.a(isxdigit.o)
 .debug_abbrev  0x0000000000006582       0x4f out/arm-plat-stm32mp1/export-ta_arm32/lib/libutils.a(tolower.o)
 .debug_abbrev  0x00000000000065d1       0xae out/arm-plat-stm32mp1/export-ta_arm32/lib/libutils.a(memmove.o)
 .debug_abbrev  0x000000000000667f       0x8e out/arm-plat-stm32mp1/export-ta_arm32/lib/libutils.a(strlcpy.o)
 .debug_abbrev  0x000000000000670d      0x1bf out/arm-plat-stm32mp1/export-ta_arm32/lib/libutils.a(mempool.o)

.debug_aranges  0x0000000000000000      0x908
 .debug_aranges
                0x0000000000000000       0x20 out/arm-plat-stm32mp1/ta/pkcs11/src/attributes.o
 .debug_aranges
                0x0000000000000020       0x20 out/arm-plat-stm32mp1/ta/pkcs11/src/entry.o
 .debug_aranges
                0x0000000000000040       0x20 out/arm-plat-stm32mp1/ta/pkcs11/src/handle.o
 .debug_aranges
                0x0000000000000060       0x20 out/arm-plat-stm32mp1/ta/pkcs11/src/object.o
 .debug_aranges
                0x0000000000000080       0x20 out/arm-plat-stm32mp1/ta/pkcs11/src/persistent_token.o
 .debug_aranges
                0x00000000000000a0       0x20 out/arm-plat-stm32mp1/ta/pkcs11/src/pkcs11_attributes.o
 .debug_aranges
                0x00000000000000c0       0x20 out/arm-plat-stm32mp1/ta/pkcs11/src/pkcs11_helpers.o
 .debug_aranges
                0x00000000000000e0       0x20 out/arm-plat-stm32mp1/ta/pkcs11/src/pkcs11_token.o
 .debug_aranges
                0x0000000000000100       0x20 out/arm-plat-stm32mp1/ta/pkcs11/src/processing.o
 .debug_aranges
                0x0000000000000120       0x20 out/arm-plat-stm32mp1/ta/pkcs11/src/processing_aes.o
 .debug_aranges
                0x0000000000000140       0x20 out/arm-plat-stm32mp1/ta/pkcs11/src/processing_asymm.o
 .debug_aranges