Archive member included to satisfy reference by file (symbol)

out/ldelf-lib/libutee/libutee.a(assert.o)
                              out/ldelf/main.o (_assert_log)
out/ldelf-lib/libutee/libutee.a(tee_uuid_from_str.o)
                              out/ldelf/ta_elf.o (tee_uuid_from_str)
out/ldelf-lib/libutee/libutee.a(utee_syscalls_a32.o)
                              out/ldelf-lib/libutee/libutee.a(assert.o) (_utee_panic)
out/ldelf-lib/libutils/libutils.a(bget_malloc.o)
                              out/ldelf/ta_elf.o (malloc)
out/ldelf-lib/libutils/libutils.a(isxdigit.o)
                              out/ldelf-lib/libutee/libutee.a(tee_uuid_from_str.o) (isxdigit)
out/ldelf-lib/libutils/libutils.a(snprintf.o)
                              out/ldelf/ta_elf.o (snprintf)
out/ldelf-lib/libutils/libutils.a(stack_check.o)
                              out/ldelf/dl.o (__stack_chk_fail)
out/ldelf-lib/libutils/libutils.a(tolower.o)
                              out/ldelf-lib/libutee/libutee.a(tee_uuid_from_str.o) (tolower)
out/ldelf-lib/libutils/libutils.a(memcmp.o)
                              out/ldelf/dl.o (memcmp)
out/ldelf-lib/libutils/libutils.a(memcpy.o)
                              out/ldelf/ta_elf.o (memcpy)
out/ldelf-lib/libutils/libutils.a(memset.o)
                              out/ldelf/dl.o (memset)
out/ldelf-lib/libutils/libutils.a(strcmp.o)
                              out/ldelf/ta_elf_rel.o (strcmp)
out/ldelf-lib/libutils/libutils.a(strcpy.o)
                              out/ldelf/ta_elf.o (strcpy)
out/ldelf-lib/libutils/libutils.a(strnlen.o)
                              out/ldelf-lib/libutee/libutee.a(tee_uuid_from_str.o) (strnlen)
out/ldelf-lib/libutils/libutils.a(arm32_aeabi_ldivmod_a32.o)
                              out/ldelf/ta_elf.o (__aeabi_uldivmod)
out/ldelf-lib/libutils/libutils.a(arm32_aeabi_ldivmod.o)
                              out/ldelf-lib/libutils/libutils.a(arm32_aeabi_ldivmod_a32.o) (__ul_divmod)
out/ldelf-lib/libutils/libutils.a(snprintk.o)
                              out/ldelf-lib/libutils/libutils.a(snprintf.o) (__vsnprintf)
out/ldelf-lib/libutils/libutils.a(trace.o)
                              out/ldelf/main.o (trace_vprintf)
out/ldelf-lib/libutils/libutils.a(memchr.o)
                              out/ldelf-lib/libutils/libutils.a(snprintk.o) (memchr)
out/ldelf-lib/libutils/libutils.a(strlen.o)
                              out/ldelf-lib/libutils/libutils.a(snprintk.o) (strlen)
out/ldelf-lib/libutee/libutee.a(trace_ext.o)
                              out/ldelf-lib/libutils/libutils.a(trace.o) (trace_ext_puts)

Discarded input sections

 .text          0x0000000000000000        0x0 out/ldelf/start_a32.o
 .data          0x0000000000000000        0x0 out/ldelf/start_a32.o
 .bss           0x0000000000000000        0x0 out/ldelf/start_a32.o
 .text          0x0000000000000000        0x0 out/ldelf/syscalls_a32.o
 .data          0x0000000000000000        0x0 out/ldelf/syscalls_a32.o
 .bss           0x0000000000000000        0x0 out/ldelf/syscalls_a32.o
 .group         0x0000000000000000        0xc out/ldelf/dl.o
 .group         0x0000000000000000        0xc out/ldelf/dl.o
 .group         0x0000000000000000        0xc out/ldelf/dl.o
 .group         0x0000000000000000        0xc out/ldelf/dl.o
 .group         0x0000000000000000        0xc out/ldelf/dl.o
 .group         0x0000000000000000        0xc out/ldelf/dl.o
 .group         0x0000000000000000        0xc out/ldelf/dl.o
 .group         0x0000000000000000        0xc out/ldelf/dl.o
 .group         0x0000000000000000        0xc out/ldelf/dl.o
 .group         0x0000000000000000        0xc out/ldelf/dl.o
 .group         0x0000000000000000        0xc out/ldelf/dl.o
 .group         0x0000000000000000        0xc out/ldelf/dl.o
 .group         0x0000000000000000        0xc out/ldelf/dl.o
 .group         0x0000000000000000        0xc out/ldelf/dl.o
 .group         0x0000000000000000        0xc out/ldelf/dl.o
 .group         0x0000000000000000        0xc out/ldelf/dl.o
 .group         0x0000000000000000        0xc out/ldelf/dl.o
 .text          0x0000000000000000        0x0 out/ldelf/dl.o
 .data          0x0000000000000000        0x0 out/ldelf/dl.o
 .bss           0x0000000000000000        0x0 out/ldelf/dl.o
 .group         0x0000000000000000        0xc out/ldelf/main.o
 .group         0x0000000000000000        0xc out/ldelf/main.o
 .group         0x0000000000000000        0xc out/ldelf/main.o
 .group         0x0000000000000000        0xc out/ldelf/main.o
 .group         0x0000000000000000        0xc out/ldelf/main.o
 .group         0x0000000000000000        0xc out/ldelf/main.o
 .group         0x0000000000000000        0xc out/ldelf/main.o
 .group         0x0000000000000000        0xc out/ldelf/main.o
 .group         0x0000000000000000        0xc out/ldelf/main.o
 .group         0x0000000000000000        0xc out/ldelf/main.o
 .group         0x0000000000000000        0xc out/ldelf/main.o
[...]
Memory Configuration

Name             Origin             Length             Attributes
*default*        0x0000000000000000 0xffffffffffffffff

Linker script and memory map


.text           0x0000000000000000     0x45f0
                0x0000000000000000                __text_start = .
 *(SORT_BY_ALIGNMENT(.text._ldelf_start))
 .text._ldelf_start
                0x0000000000000000       0x64 out/ldelf/start_a32.o
                0x0000000000000000                _ldelf_start
 *(SORT_BY_ALIGNMENT(.text) SORT_BY_ALIGNMENT(.text.*))
 .text._ldelf_panic
                0x0000000000000064       0x14 out/ldelf/syscalls_a32.o
                0x0000000000000064                _ldelf_panic
 .text._ldelf_return
                0x0000000000000078       0x14 out/ldelf/syscalls_a32.o
                0x0000000000000078                _ldelf_return
 .text._ldelf_log
                0x000000000000008c       0x14 out/ldelf/syscalls_a32.o
                0x000000000000008c                _ldelf_log
 .text.__ldelf_panic
                0x00000000000000a0       0x14 out/ldelf/syscalls_a32.o
                0x00000000000000a0                __ldelf_panic
 .text._ldelf_map_zi
                0x00000000000000b4       0x18 out/ldelf/syscalls_a32.o
                0x00000000000000b4                _ldelf_map_zi
 .text._ldelf_unmap
                0x00000000000000cc       0x14 out/ldelf/syscalls_a32.o
                0x00000000000000cc                _ldelf_unmap
 .text._ldelf_open_bin
                0x00000000000000e0       0x14 out/ldelf/syscalls_a32.o
                0x00000000000000e0                _ldelf_open_bin
 .text._ldelf_close_bin
                0x00000000000000f4       0x14 out/ldelf/syscalls_a32.o
                0x00000000000000f4                _ldelf_close_bin
 .text._ldelf_map_bin
                0x0000000000000108       0x18 out/ldelf/syscalls_a32.o
                0x0000000000000108                _ldelf_map_bin
 .text._ldelf_cp_from_bin
                0x0000000000000120       0x14 out/ldelf/syscalls_a32.o
                0x0000000000000120                _ldelf_cp_from_bin
 .text._ldelf_set_prot
                0x0000000000000134       0x14 out/ldelf/syscalls_a32.o
                0x0000000000000134                _ldelf_set_prot
 .text._ldelf_remap
                0x0000000000000148       0x18 out/ldelf/syscalls_a32.o
                0x0000000000000148                _ldelf_remap
 .text._ldelf_gen_rnd_num
                0x0000000000000160       0x14 out/ldelf/syscalls_a32.o
                0x0000000000000160                _ldelf_gen_rnd_num
 .text.dlopen_entry
                0x0000000000000174       0x8c out/ldelf/dl.o
                0x0000000000000174                dlopen_entry
 .text.dlsym_entry
                0x0000000000000200       0x98 out/ldelf/dl.o
                0x0000000000000200                dlsym_entry
 .text.dl_entry
                0x0000000000000298       0x28 out/ldelf/main.o
 .text.dump_ta_state
                0x00000000000002c0       0xb0 out/ldelf/main.o
 .text.ldelf    0x0000000000000370       0xe0 out/ldelf/main.o
                0x0000000000000370                ldelf
 .text.__panic  0x0000000000000450       0x84 out/ldelf/sys.o
                0x0000000000000450                __panic
 .text.check_range
                0x00000000000004d4       0x84 out/ldelf/ta_elf.o
 .text.check_hashtab
                0x0000000000000558       0x74 out/ldelf/ta_elf.o
 .text.queue_elf_helper
                0x00000000000005cc       0x44 out/ldelf/ta_elf.o
 .text.add_segment
                0x0000000000000610       0x90 out/ldelf/ta_elf.o
 .text.get_pad_begin
                0x00000000000006a0       0x54 out/ldelf/ta_elf.o
 .text.populate_segments
                0x00000000000006f4      0x3d8 out/ldelf/ta_elf.o
 .text.ta_elf_add_bti
                0x0000000000000acc       0x4c out/ldelf/ta_elf.o
 .text.init_elf
                0x0000000000000b18      0x1bc out/ldelf/ta_elf.o
 .text.copy_section_headers
                0x0000000000000cd4       0xf4 out/ldelf/ta_elf.o
 .text.close_handle
                0x0000000000000dc8       0x3c out/ldelf/ta_elf.o
 .text.print_wrapper
                0x0000000000000e04       0x58 out/ldelf/ta_elf.o
 .text.print_seg
                0x0000000000000e5c      0x118 out/ldelf/ta_elf.o
 .text.map_segments
                0x0000000000000f74      0x424 out/ldelf/ta_elf.o
 .text.check_phdr_in_range.constprop.0
                0x0000000000001398       0x60 out/ldelf/ta_elf.o
 .text.save_soname_from_segment
                0x00000000000013f8       0xe8 out/ldelf/ta_elf.o
 .text.save_hashtab_from_segment
                0x00000000000014e0       0xc0 out/ldelf/ta_elf.o
 .text.save_symtab
                0x00000000000015a0      0x268 out/ldelf/ta_elf.o
 .text.get_init_fini_array.constprop.0
                0x0000000000001808       0xfc out/ldelf/ta_elf.o
 .text.ta_elf_find_elf
                0x0000000000001904       0x2c out/ldelf/ta_elf.o
                0x0000000000001904                ta_elf_find_elf
 .text.queue_elf
                0x0000000000001930       0x40 out/ldelf/ta_elf.o
 .text.add_deps_from_segment
                0x0000000000001970      0x160 out/ldelf/ta_elf.o
 .text.ta_elf_load_main
                0x0000000000001ad0      0x360 out/ldelf/ta_elf.o
                0x0000000000001ad0                ta_elf_load_main
 .text.ta_elf_load_dependency
                0x0000000000001e30       0xa8 out/ldelf/ta_elf.o
                0x0000000000001e30                ta_elf_load_dependency
 .text.ta_elf_finalize_mappings
                0x0000000000001ed8       0x58 out/ldelf/ta_elf.o
                0x0000000000001ed8                ta_elf_finalize_mappings
 .text.ta_elf_print_mappings
                0x0000000000001f30      0x224 out/ldelf/ta_elf.o
                0x0000000000001f30                ta_elf_print_mappings
 .text.ta_elf_set_init_fini_info_compat
                0x0000000000002154      0x1e8 out/ldelf/ta_elf.o
                0x0000000000002154                ta_elf_set_init_fini_info_compat
 .text.ta_elf_set_elf_phdr_info
                0x000000000000233c      0x1bc out/ldelf/ta_elf.o
                0x000000000000233c                ta_elf_set_elf_phdr_info
 .text.ta_elf_finalize_load_main
                0x00000000000024f8       0xa8 out/ldelf/ta_elf.o
                0x00000000000024f8                ta_elf_finalize_load_main
 .text.ta_elf_add_library
                0x00000000000025a0       0x6c out/ldelf/ta_elf.o
                0x00000000000025a0                ta_elf_add_library
 .text.__resolve_sym.part.0
                0x000000000000260c       0xe4 out/ldelf/ta_elf_rel.o
 .text.e32_get_sym_name.isra.0
                0x00000000000026f0       0x68 out/ldelf/ta_elf_rel.o
 .text.resolve_sym_helper
                0x0000000000002758      0x108 out/ldelf/ta_elf_rel.o
 .text.ta_elf_resolve_sym
                0x0000000000002860       0xb8 out/ldelf/ta_elf_rel.o
                0x0000000000002860                ta_elf_resolve_sym
 .text.resolve_sym
                0x0000000000002918       0x38 out/ldelf/ta_elf_rel.o
 .text.ta_elf_relocate
                0x0000000000002950      0x4e4 out/ldelf/ta_elf_rel.o
                0x0000000000002950                ta_elf_relocate
 .text._assert_log
                0x0000000000002e34       0x28 out/ldelf-lib/libutee/libutee.a(assert.o)
                0x0000000000002e34                _assert_log
 .text._assert_break
                0x0000000000002e5c       0x10 out/ldelf-lib/libutee/libutee.a(assert.o)
                0x0000000000002e5c                _assert_break
 .text.parse_hex
                0x0000000000002e6c       0x4c out/ldelf-lib/libutee/libutee.a(tee_uuid_from_str.o)
 .text.tee_uuid_from_str
                0x0000000000002eb8       0xf8 out/ldelf-lib/libutee/libutee.a(tee_uuid_from_str.o)
                0x0000000000002eb8                tee_uuid_from_str
 .text._utee_panic
                0x0000000000002fb0       0x14 out/ldelf-lib/libutee/libutee.a(utee_syscalls_a32.o)
                0x0000000000002fb0                _utee_panic
 .text.__utee_panic
                0x0000000000002fc4       0x14 out/ldelf-lib/libutee/libutee.a(utee_syscalls_a32.o)
                0x0000000000002fc4                __utee_panic
 .text.bget     0x0000000000002fd8      0x208 out/ldelf-lib/libutils/libutils.a(bget_malloc.o)
                0x0000000000002fd8                bget
 .text.bgetz    0x00000000000031e0       0x60 out/ldelf-lib/libutils/libutils.a(bget_malloc.o)
                0x00000000000031e0                bgetz
 .text.brel     0x0000000000003240      0x1f0 out/ldelf-lib/libutils/libutils.a(bget_malloc.o)
                0x0000000000003240                brel
 .text.bgetr    0x0000000000003430       0x80 out/ldelf-lib/libutils/libutils.a(bget_malloc.o)
                0x0000000000003430                bgetr
 .text.bpool    0x00000000000034b0       0x98 out/ldelf-lib/libutils/libutils.a(bget_malloc.o)
                0x00000000000034b0                bpool
 .text.gen_malloc_add_pool
                0x0000000000003548       0x80 out/ldelf-lib/libutils/libutils.a(bget_malloc.o)
 .text.malloc   0x00000000000035c8       0x14 out/ldelf-lib/libutils/libutils.a(bget_malloc.o)
                0x00000000000035c8                malloc
 .text.calloc   0x00000000000035dc       0x20 out/ldelf-lib/libutils/libutils.a(bget_malloc.o)
                0x00000000000035dc                calloc
 .text.realloc  0x00000000000035fc       0x1c out/ldelf-lib/libutils/libutils.a(bget_malloc.o)
                0x00000000000035fc                realloc
 .text.free     0x0000000000003618       0x10 out/ldelf-lib/libutils/libutils.a(bget_malloc.o)
                0x0000000000003618                free
 .text.malloc_add_pool
                0x0000000000003628       0x10 out/ldelf-lib/libutils/libutils.a(bget_malloc.o)
                0x0000000000003628                malloc_add_pool
 .text.snprintf
                0x0000000000003638       0x58 out/ldelf-lib/libutils/libutils.a(snprintf.o)
                0x0000000000003638                snprintf
 .text.memcpy   0x0000000000003690       0xd8 out/ldelf-lib/libutils/libutils.a(memcpy.o)
                0x0000000000003690                memcpy
 .text.__aeabi_uldivmod
                0x0000000000003768       0x18 out/ldelf-lib/libutils/libutils.a(arm32_aeabi_ldivmod_a32.o)
                0x0000000000003768                __aeabi_uldivmod
 .text.__ul_divmod
                0x0000000000003780       0x74 out/ldelf-lib/libutils/libutils.a(arm32_aeabi_ldivmod.o)
                0x0000000000003780                __ul_divmod
 .text.__vsnprintf
                0x00000000000037f4       0x64 out/ldelf-lib/libutils/libutils.a(snprintk.o)
                0x00000000000037f4                __vsnprintf
 .text.snprintk
                0x0000000000003858       0x58 out/ldelf-lib/libutils/libutils.a(snprintk.o)
                0x0000000000003858                snprintk
 .text.kprintf.constprop.0
                0x00000000000038b0      0x720 out/ldelf-lib/libutils/libutils.a(snprintk.o)
 .text.trace_vprintf
                0x0000000000003fd0      0x174 out/ldelf-lib/libutils/libutils.a(trace.o)
                0x0000000000003fd0                trace_vprintf
 .text.trace_printf
                0x0000000000004144       0x58 out/ldelf-lib/libutils/libutils.a(trace.o)
                0x0000000000004144                trace_printf
 .text.print_to_console
                0x000000000000419c       0x18 out/ldelf/main.o
 .text.sys_return_cleanup
                0x00000000000041b4        0x8 out/ldelf/sys.o
                0x00000000000041b4                sys_return_cleanup
 .text.sys_map_zi
                0x00000000000041bc       0x14 out/ldelf/sys.o
                0x00000000000041bc                sys_map_zi
 .text.sys_unmap
                0x00000000000041d0        0x4 out/ldelf/sys.o
                0x00000000000041d0                sys_unmap
 .text.sys_open_ta_bin
                0x00000000000041d4        0x8 out/ldelf/sys.o
                0x00000000000041d4                sys_open_ta_bin
 .text.sys_close_ta_bin
                0x00000000000041dc        0x4 out/ldelf/sys.o
                0x00000000000041dc                sys_close_ta_bin
 .text.sys_map_ta_bin
                0x00000000000041e0       0x16 out/ldelf/sys.o
                0x00000000000041e0                sys_map_ta_bin
 .text.sys_copy_from_ta_bin
                0x00000000000041f6       0x10 out/ldelf/sys.o
                0x00000000000041f6                sys_copy_from_ta_bin
 .text.sys_set_prot
                0x0000000000004206        0x4 out/ldelf/sys.o
                0x0000000000004206                sys_set_prot
 .text.sys_remap
                0x000000000000420a        0x4 out/ldelf/sys.o
                0x000000000000420a                sys_remap
 .text.sys_gen_random_num
                0x000000000000420e        0x4 out/ldelf/sys.o
                0x000000000000420e                sys_gen_random_num
 .text.read_dyn
                0x0000000000004212       0x2a out/ldelf/ta_elf.o
 .text.elf_get_init_fini_array.constprop.0
                0x000000000000423c       0x5e out/ldelf/ta_elf.o
 .text.add_dependencies
                0x000000000000429a       0x4a out/ldelf/ta_elf.o
 .text.confine_array_index
                0x00000000000042e4        0xc out/ldelf/ta_elf_rel.o
 .text.raw_malloc_return_hook
                0x00000000000042f0       0x20 out/ldelf-lib/libutils/libutils.a(bget_malloc.o)
 .text.raw_malloc
                0x0000000000004310       0x30 out/ldelf-lib/libutils/libutils.a(bget_malloc.o)
                0x0000000000004310                raw_malloc
 .text.raw_free
                0x0000000000004340        0x8 out/ldelf-lib/libutils/libutils.a(bget_malloc.o)
                0x0000000000004340                raw_free
 .text.raw_calloc
                0x0000000000004348       0x48 out/ldelf-lib/libutils/libutils.a(bget_malloc.o)
                0x0000000000004348                raw_calloc
 .text.raw_realloc
                0x0000000000004390       0x44 out/ldelf-lib/libutils/libutils.a(bget_malloc.o)
                0x0000000000004390                raw_realloc
 .text.isxdigit
                0x00000000000043d4       0x1c out/ldelf-lib/libutils/libutils.a(isxdigit.o)
                0x00000000000043d4                isxdigit
 .text.__stack_chk_fail
                0x00000000000043f0        0x2 out/ldelf-lib/libutils/libutils.a(stack_check.o)
                0x00000000000043f0                __stack_chk_fail
 .text.tolower  0x00000000000043f2        0xc out/ldelf-lib/libutils/libutils.a(tolower.o)
                0x00000000000043f2                tolower
 .text.memcmp   0x00000000000043fe       0x20 out/ldelf-lib/libutils/libutils.a(memcmp.o)
                0x00000000000043fe                memcmp
 .text.memset   0x000000000000441e       0x10 out/ldelf-lib/libutils/libutils.a(memset.o)
                0x000000000000441e                memset
 .text.strcmp   0x000000000000442e       0x16 out/ldelf-lib/libutils/libutils.a(strcmp.o)
                0x000000000000442e                strcmp
 .text.strcpy   0x0000000000004444       0x10 out/ldelf-lib/libutils/libutils.a(strcpy.o)
                0x0000000000004444                strcpy
 .text.strnlen  0x0000000000004454       0x18 out/ldelf-lib/libutils/libutils.a(strnlen.o)
                0x0000000000004454                strnlen
 .text.ul_div_qr
                0x000000000000446c       0x8e out/ldelf-lib/libutils/libutils.a(arm32_aeabi_ldivmod.o)
 .text.vsnprintk
                0x00000000000044fa        0xe out/ldelf-lib/libutils/libutils.a(snprintk.o)
                0x00000000000044fa                vsnprintk
 .text.memchr   0x0000000000004508       0x1c out/ldelf-lib/libutils/libutils.a(memchr.o)
                0x0000000000004508                memchr
 .text.strlen   0x0000000000004524       0x10 out/ldelf-lib/libutils/libutils.a(strlen.o)
                0x0000000000004524                strlen
 .text.trace_ext_puts
                0x0000000000004534       0x14 out/ldelf-lib/libutee/libutee.a(trace_ext.o)
                0x0000000000004534                trace_ext_puts
 .text.trace_ext_get_thread_id
                0x0000000000004548        0x6 out/ldelf-lib/libutee/libutee.a(trace_ext.o)
                0x0000000000004548                trace_ext_get_thread_id
 *fill*         0x000000000000454e        0x2 
 .text.trace_ext_get_thread_id.__stub
                0x0000000000004550       0xa0 linker stubs
 *(SORT_BY_ALIGNMENT(.stub))
 *(SORT_BY_ALIGNMENT(.glue_7))
 .glue_7        0x00000000000045f0        0x0 linker stubs
 *(SORT_BY_ALIGNMENT(.glue_7t))
 .glue_7t       0x00000000000045f0        0x0 linker stubs
 *(SORT_BY_ALIGNMENT(.gnu.linkonce.t.*))
 *(SORT_BY_ALIGNMENT(.vfp11_veneer))
 .vfp11_veneer  0x00000000000045f0        0x0 linker stubs
                0x00000000000045f0                __text_end = .

.v4_bx          0x00000000000045f0        0x0
 .v4_bx         0x00000000000045f0        0x0 linker stubs

.iplt           0x00000000000045f0        0x0
 .iplt          0x00000000000045f0        0x0 out/ldelf/start_a32.o

.note.gnu.property
 *(SORT_BY_ALIGNMENT(.note.gnu.property))

.plt            0x00000000000045f0        0x0
 *(SORT_BY_ALIGNMENT(.plt))
 .plt           0x00000000000045f0        0x0 out/ldelf/start_a32.o

.eh_frame
 *(SORT_BY_ALIGNMENT(.eh_frame))

.rodata         0x00000000000045f0     0x103f
 *(SORT_BY_ALIGNMENT(.gnu.linkonce.r.*))
 *(SORT_BY_ALIGNMENT(.rodata) SORT_BY_ALIGNMENT(.rodata.*))
 .rodata.dump_ta_state.str1.1
                0x00000000000045f0       0x49 out/ldelf/main.o
 .rodata.ldelf.str1.1
                0x0000000000004639       0x1b out/ldelf/main.o
 .rodata.__func__.0
                0x0000000000004654        0xe out/ldelf/main.o
 .rodata.__func__.1
                0x0000000000004662        0x6 out/ldelf/main.o
 .rodata.__panic.str1.1
                0x0000000000004668       0x22 out/ldelf/sys.o
                                         0x23 (size before relaxing)
 .rodata.trace_ext_prefix
                0x000000000000468a        0x3 out/ldelf/sys.o
                0x000000000000468a                trace_ext_prefix
 .rodata.check_range.str1.1
                0x000000000000468d       0x3e out/ldelf/ta_elf.o
 .rodata.check_hashtab.str1.1
                0x00000000000046cb       0x35 out/ldelf/ta_elf.o
 .rodata.add_segment.str1.1
                0x0000000000004700       0x21 out/ldelf/ta_elf.o
 .rodata.populate_segments.str1.1
                0x0000000000004721       0xae out/ldelf/ta_elf.o
 .rodata.ta_elf_add_bti.str1.1
                0x00000000000047cf        0xd out/ldelf/ta_elf.o
 .rodata.init_elf.str1.1
                0x00000000000047dc       0x72 out/ldelf/ta_elf.o
 .rodata.copy_section_headers.str1.1
                0x000000000000484e       0x33 out/ldelf/ta_elf.o
 .rodata.close_handle.str1.1
                0x0000000000004881       0x11 out/ldelf/ta_elf.o
 .rodata.print_seg.str1.1
                0x0000000000004892       0x62 out/ldelf/ta_elf.o
 .rodata.map_segments.str1.1
                0x00000000000048f4      0x1a0 out/ldelf/ta_elf.o
 .rodata.check_phdr_in_range.constprop.0.str1.1
                0x0000000000004a94       0x3d out/ldelf/ta_elf.o
 .rodata.save_soname_from_segment.str1.1
                0x0000000000004ad1       0x17 out/ldelf/ta_elf.o
 .rodata.save_symtab.str1.1
                0x0000000000004ae8      0x129 out/ldelf/ta_elf.o
 .rodata.queue_elf.str1.1
                0x0000000000004c11       0x11 out/ldelf/ta_elf.o
 .rodata.add_deps_from_segment.str1.1
                0x0000000000004c22       0x28 out/ldelf/ta_elf.o
 .rodata.ta_elf_load_main.str1.1
                0x0000000000004c4a       0x61 out/ldelf/ta_elf.o
                                         0x70 (size before relaxing)
 .rodata.ta_elf_load_dependency.str1.1
                0x0000000000004cab       0x26 out/ldelf/ta_elf.o
                                         0x29 (size before relaxing)
 .rodata.ta_elf_print_mappings.str1.1
                0x0000000000004cd1       0x63 out/ldelf/ta_elf.o
 .rodata.ta_elf_set_init_fini_info_compat.str1.1
                0x0000000000004d34       0x41 out/ldelf/ta_elf.o
 .rodata.ta_elf_set_elf_phdr_info.str1.1
                0x0000000000004d75       0x36 out/ldelf/ta_elf.o
 .rodata.ta_elf_finalize_load_main.str1.1
                0x0000000000004dab       0x3a out/ldelf/ta_elf.o
                                         0x47 (size before relaxing)
 .rodata.__func__.0
                0x0000000000004de5       0x13 out/ldelf/ta_elf.o
 .rodata.__func__.1
                0x0000000000004df8       0x19 out/ldelf/ta_elf.o
 .rodata.__func__.10
                0x0000000000004e11       0x1a out/ldelf/ta_elf.o
 .rodata.__func__.11
                0x0000000000004e2b        0xd out/ldelf/ta_elf.o
 .rodata.__func__.12
                0x0000000000004e38       0x19 out/ldelf/ta_elf.o
 .rodata.__func__.13
                0x0000000000004e51        0xe out/ldelf/ta_elf.o
 .rodata.__func__.14
                0x0000000000004e5f       0x1a out/ldelf/ta_elf.o
 .rodata.__func__.15
                0x0000000000004e79       0x10 out/ldelf/ta_elf.o
 .rodata.__func__.16
                0x0000000000004e89       0x10 out/ldelf/ta_elf.o
 .rodata.__func__.17
                0x0000000000004e99       0x15 out/ldelf/ta_elf.o
 .rodata.__func__.18
                0x0000000000004eae        0xc out/ldelf/ta_elf.o
 .rodata.__func__.19
                0x0000000000004eba       0x14 out/ldelf/ta_elf.o
 .rodata.__func__.2
                0x0000000000004ece       0x14 out/ldelf/ta_elf.o
 .rodata.__func__.20
                0x0000000000004ee2       0x16 out/ldelf/ta_elf.o
 .rodata.__func__.21
                0x0000000000004ef8       0x19 out/ldelf/ta_elf.o
 .rodata.__func__.22
                0x0000000000004f11       0x10 out/ldelf/ta_elf.o
 .rodata.__func__.23
                0x0000000000004f21        0xc out/ldelf/ta_elf.o
 .rodata.__func__.24
                0x0000000000004f2d       0x12 out/ldelf/ta_elf.o
 .rodata.__func__.26
                0x0000000000004f3f        0xd out/ldelf/ta_elf.o
 .rodata.__func__.27
                0x0000000000004f4c        0x9 out/ldelf/ta_elf.o
 .rodata.__func__.28
                0x0000000000004f55       0x14 out/ldelf/ta_elf.o
 .rodata.__func__.29
                0x0000000000004f69        0xf out/ldelf/ta_elf.o
 .rodata.__func__.3
                0x0000000000004f78        0x9 out/ldelf/ta_elf.o
 .rodata.__func__.30
                0x0000000000004f81       0x11 out/ldelf/ta_elf.o
 .rodata.__func__.31
                0x0000000000004f92       0x12 out/ldelf/ta_elf.o
 .rodata.__func__.32
                0x0000000000004fa4        0xa out/ldelf/ta_elf.o
 .rodata.__func__.33
                0x0000000000004fae        0xa out/ldelf/ta_elf.o
 .rodata.__func__.34
                0x0000000000004fb8       0x11 out/ldelf/ta_elf.o
 .rodata.__func__.4
                0x0000000000004fc9       0x21 out/ldelf/ta_elf.o
 .rodata.__func__.5
                0x0000000000004fea       0x12 out/ldelf/ta_elf.o
 .rodata.__func__.7
                0x0000000000004ffc       0x16 out/ldelf/ta_elf.o
 .rodata.__func__.8
                0x0000000000005012       0x19 out/ldelf/ta_elf.o
 .rodata.__func__.9
                0x000000000000502b       0x17 out/ldelf/ta_elf.o
 .rodata.__resolve_sym.part.0.str1.1
                0x0000000000005042       0x50 out/ldelf/ta_elf_rel.o
 .rodata.e32_get_sym_name.isra.0.str1.1
                0x0000000000005092       0x32 out/ldelf/ta_elf_rel.o
 .rodata.resolve_sym_helper.str1.1
                0x00000000000050c4       0x13 out/ldelf/ta_elf_rel.o
 .rodata.resolve_sym.str1.1
                0x00000000000050d7       0x14 out/ldelf/ta_elf_rel.o
 .rodata.ta_elf_relocate.str1.1
                0x00000000000050eb      0x162 out/ldelf/ta_elf_rel.o
                                        0x176 (size before relaxing)
 .rodata.__func__.0
                0x000000000000524d        0xd out/ldelf/ta_elf_rel.o
 .rodata.__func__.1
                0x000000000000525a       0x13 out/ldelf/ta_elf_rel.o
 .rodata.__func__.2
                0x000000000000526d        0xc out/ldelf/ta_elf_rel.o
 .rodata.__func__.3
                0x0000000000005279       0x11 out/ldelf/ta_elf_rel.o
 .rodata.__func__.4
                0x000000000000528a        0xd out/ldelf/ta_elf_rel.o
 .rodata.__func__.5
                0x0000000000005297        0xe out/ldelf/ta_elf_rel.o
 .rodata.__func__.6
                0x00000000000052a5       0x13 out/ldelf/ta_elf_rel.o
 .rodata._assert_log.str1.1
                0x00000000000052b8       0x27 out/ldelf-lib/libutee/libutee.a(assert.o)
 .rodata.bget.str1.1
                0x00000000000052df      0x11e out/ldelf-lib/libutils/libutils.a(bget_malloc.o)
                                        0x127 (size before relaxing)
 .rodata.bgetz.str1.1
                0x00000000000053fd        0xe out/ldelf-lib/libutils/libutils.a(bget_malloc.o)
 .rodata.brel.str1.1
                0x000000000000540b      0x11c out/ldelf-lib/libutils/libutils.a(bget_malloc.o)
 .rodata.bgetr.str1.1
                0x0000000000005527        0xa out/ldelf-lib/libutils/libutils.a(bget_malloc.o)
 .rodata.bpool.str1.1
                0x0000000000005531       0x35 out/ldelf-lib/libutils/libutils.a(bget_malloc.o)
 .rodata.gen_malloc_add_pool.str1.1
                0x0000000000005566       0x20 out/ldelf-lib/libutils/libutils.a(bget_malloc.o)
                                         0x22 (size before relaxing)
 .rodata.__func__.2
                0x0000000000005586       0x14 out/ldelf-lib/libutils/libutils.a(bget_malloc.o)
 .rodata.__func__.4
                0x000000000000559a        0x6 out/ldelf-lib/libutils/libutils.a(bget_malloc.o)
 .rodata.__func__.5
                0x00000000000055a0        0x5 out/ldelf-lib/libutils/libutils.a(bget_malloc.o)
 .rodata.__func__.6
                0x00000000000055a5        0x6 out/ldelf-lib/libutils/libutils.a(bget_malloc.o)
 .rodata.__func__.7
                0x00000000000055ab        0x6 out/ldelf-lib/libutils/libutils.a(bget_malloc.o)
 .rodata.__func__.8
                0x00000000000055b1        0x5 out/ldelf-lib/libutils/libutils.a(bget_malloc.o)
 .rodata.kprintf.constprop.0.str1.1
                0x00000000000055b6       0x38 out/ldelf-lib/libutils/libutils.a(snprintk.o)
 .rodata.HEXDIGITS
                0x00000000000055ee       0x11 out/ldelf-lib/libutils/libutils.a(snprintk.o)
 .rodata.hexdigits
                0x00000000000055ff       0x11 out/ldelf-lib/libutils/libutils.a(snprintk.o)
 .rodata.trace_vprintf.str1.1
                0x0000000000005610       0x1a out/ldelf-lib/libutils/libutils.a(trace.o)
                                         0x1b (size before relaxing)
 .rodata.lvl_strs.0
                0x000000000000562a        0x5 out/ldelf-lib/libutils/libutils.a(trace.o)

.gnu.version_d  0x0000000000005630        0x0
 .gnu.version_d
                0x0000000000005630        0x0 out/ldelf/start_a32.o

.gnu.version    0x0000000000005630        0x0
 .gnu.version   0x0000000000005630        0x0 out/ldelf/start_a32.o

.gnu.version_r  0x0000000000005630        0x0
 .gnu.version_r
                0x0000000000005630        0x0 out/ldelf/start_a32.o

.gnu.hash       0x0000000000005630       0x18
 .gnu.hash      0x0000000000005630       0x18 out/ldelf/start_a32.o

.ARM.exidx
 *(SORT_BY_ALIGNMENT(.ARM.exidx*) SORT_BY_ALIGNMENT(.gnu.linkonce.armexidx.*))

.ARM.extab
 *(SORT_BY_ALIGNMENT(.ARM.extab*))

.ctors
 *(SORT_BY_ALIGNMENT(.ctors))

.dtors
 *(SORT_BY_ALIGNMENT(.dtors))

.dynsym         0x0000000000005648       0x30
 *(SORT_BY_ALIGNMENT(.dynsym))
 .dynsym        0x0000000000005648       0x30 out/ldelf/start_a32.o

.dynstr         0x0000000000005678        0x1
 *(SORT_BY_ALIGNMENT(.dynstr))
 .dynstr        0x0000000000005678        0x1 out/ldelf/start_a32.o

.hash           0x000000000000567c       0x18
 *(SORT_BY_ALIGNMENT(.hash))
 .hash          0x000000000000567c       0x18 out/ldelf/start_a32.o
                0x0000000000005698                . = ALIGN (0x8)
                0x0000000000005698                __reloc_begin = .

.rel.got        0x0000000000005698       0x20
 *(SORT_BY_ALIGNMENT(.rel.got))
 .rel.got       0x0000000000005698       0x20 out/ldelf/start_a32.o

.rela.got
 *(SORT_BY_ALIGNMENT(.rela.got))

.rel.text
 *(SORT_BY_ALIGNMENT(.rel.text))
 *(SORT_BY_ALIGNMENT(.rel.gnu.linkonce.t*))

.rela.text
 *(SORT_BY_ALIGNMENT(.rela.text))
 *(SORT_BY_ALIGNMENT(.rela.gnu.linkonce.t*))

.rel.data
 *(SORT_BY_ALIGNMENT(.rel.data))
 *(SORT_BY_ALIGNMENT(.rel.gnu.linkonce.d*))

.rela.data
 *(SORT_BY_ALIGNMENT(.rela.data))
 *(SORT_BY_ALIGNMENT(.rela.gnu.linkonce.d*))

.rel.rodata
 *(SORT_BY_ALIGNMENT(.rel.rodata))
 *(SORT_BY_ALIGNMENT(.rel.gnu.linkonce.r*))

.rela.rodata
 *(SORT_BY_ALIGNMENT(.rela.rodata))
 *(SORT_BY_ALIGNMENT(.rela.gnu.linkonce.r*))

.rel.dyn        0x00000000000056b8       0x18
 *(SORT_BY_ALIGNMENT(.rel.dyn))
 .rel.data.rel.ro
                0x00000000000056b8        0x0 out/ldelf/start_a32.o
 .rel.iplt      0x00000000000056b8        0x0 out/ldelf/start_a32.o
 .rel.text._ldelf_start
                0x00000000000056b8        0x0 out/ldelf/start_a32.o
 .rel.data.rel.local.main_elf_queue
                0x00000000000056b8        0x8 out/ldelf/start_a32.o
 .rel.data.rel.local.malloc_ctx
                0x00000000000056c0       0x10 out/ldelf/start_a32.o

.rela.dyn
 *(SORT_BY_ALIGNMENT(.rela.dyn))

.rel.ctors
 *(SORT_BY_ALIGNMENT(.rel.ctors))

.rela.ctors
 *(SORT_BY_ALIGNMENT(.rela.ctors))

.rel.dtors
 *(SORT_BY_ALIGNMENT(.rel.dtors))

.rela.dtors
 *(SORT_BY_ALIGNMENT(.rela.dtors))

.rel.init
 *(SORT_BY_ALIGNMENT(.rel.init))

.rela.init
 *(SORT_BY_ALIGNMENT(.rela.init))

.rel.fini
 *(SORT_BY_ALIGNMENT(.rel.fini))

.rela.fini
 *(SORT_BY_ALIGNMENT(.rela.fini))

.rel.bss        0x00000000000056d0        0x0
 *(SORT_BY_ALIGNMENT(.rel.bss))
 .rel.bss       0x00000000000056d0        0x0 out/ldelf/start_a32.o

.rela.bss
 *(SORT_BY_ALIGNMENT(.rela.bss))

.rel.plt        0x00000000000056d0        0x0
 *(SORT_BY_ALIGNMENT(.rel.plt))
 .rel.plt       0x00000000000056d0        0x0 out/ldelf/start_a32.o

.rela.plt
 *(SORT_BY_ALIGNMENT(.rela.plt))
                0x00000000000056d0                __reloc_end = .
                0x0000000000006000                . = ALIGN (0x1000)

.dynamic        0x0000000000006000       0x88
 *(SORT_BY_ALIGNMENT(.dynamic))
 .dynamic       0x0000000000006000       0x88 out/ldelf/start_a32.o
                0x0000000000006000                _DYNAMIC

.got            0x0000000000006088       0x1c
 *(SORT_BY_ALIGNMENT(.got.plt))
 .got.plt       0x0000000000006088        0xc out/ldelf/start_a32.o
                0x0000000000006088                _GLOBAL_OFFSET_TABLE_
 *(SORT_BY_ALIGNMENT(.got))
 .got           0x0000000000006094       0x10 out/ldelf/start_a32.o

.data           0x00000000000060a4       0x70
 *(SORT_BY_ALIGNMENT(.data) SORT_BY_ALIGNMENT(.data.*) SORT_BY_ALIGNMENT(.gnu.linkonce.d.*))
 .data.trace_level
                0x00000000000060a4        0x4 out/ldelf/sys.o
                0x00000000000060a4                trace_level
 .data.last_tls_mod_id.25
                0x00000000000060a8        0x4 out/ldelf/ta_elf.o
 .data.rel.local.main_elf_queue
                0x00000000000060ac        0x8 out/ldelf/ta_elf.o
                0x00000000000060ac                main_elf_queue
 .data.rel.local.malloc_ctx
                0x00000000000060b4       0x5c out/ldelf-lib/libutils/libutils.a(bget_malloc.o)
 .data.__stack_chk_guard
                0x0000000000006110        0x4 out/ldelf-lib/libutils/libutils.a(stack_check.o)
                0x0000000000006110                __stack_chk_guard
 .data.rel.ro   0x0000000000006114        0x0 out/ldelf/start_a32.o

.igot.plt       0x0000000000006114        0x0
 .igot.plt      0x0000000000006114        0x0 out/ldelf/start_a32.o

.bss            0x0000000000006114        0x8
 *(SORT_BY_ALIGNMENT(.bss) SORT_BY_ALIGNMENT(.bss.*) SORT_BY_ALIGNMENT(.gnu.linkonce.b.*) SORT_BY_ALIGNMENT(COMMON))
 .bss.mpool_base
                0x0000000000006114        0x4 out/ldelf/main.o
 .bss.ta_stack  0x0000000000006118        0x4 out/ldelf/ta_elf.o

.dynbss         0x000000000000611c        0x0
 .dynbss        0x000000000000611c        0x0 out/ldelf/start_a32.o

/DISCARD/
 *(SORT_BY_ALIGNMENT(.interp))
LOAD out/ldelf/start_a32.o
LOAD out/ldelf/syscalls_a32.o
LOAD out/ldelf/dl.o
LOAD out/ldelf/main.o
LOAD out/ldelf/sys.o
LOAD out/ldelf/ta_elf.o
LOAD out/ldelf/ta_elf_rel.o
START GROUP
LOAD out/ldelf-lib/libunw/libunw.a
LOAD out/ldelf-lib/libutee/libutee.a
LOAD out/ldelf-lib/libutils/libutils.a
END GROUP
LOAD /home/aom1/Work/Linux/target/STM32MP1-DK2/buildroot/buildroot/output/host/opt/ext-toolchain/bin/../lib/gcc/arm-none-linux-gnueabihf/10.3.1/libgcc.a
OUTPUT(out/ldelf/ldelf.elf elf32-littlearm)
LOAD linker stubs

.ARM.attributes
                0x0000000000000000       0x31
 .ARM.attributes
                0x0000000000000000       0x25 out/ldelf/start_a32.o
 .ARM.attributes
                0x0000000000000025       0x25 out/ldelf/syscalls_a32.o
 .ARM.attributes
                0x000000000000004a       0x33 out/ldelf/dl.o
 .ARM.attributes
                0x000000000000007d       0x33 out/ldelf/main.o
 .ARM.attributes
                0x00000000000000b0       0x33 out/ldelf/sys.o
 .ARM.attributes
                0x00000000000000e3       0x33 out/ldelf/ta_elf.o
 .ARM.attributes
                0x0000000000000116       0x33 out/ldelf/ta_elf_rel.o
 .ARM.attributes
                0x0000000000000149       0x33 out/ldelf-lib/libutee/libutee.a(assert.o)
 .ARM.attributes
                0x000000000000017c       0x33 out/ldelf-lib/libutee/libutee.a(tee_uuid_from_str.o)
 .ARM.attributes
                0x00000000000001af       0x25 out/ldelf-lib/libutee/libutee.a(utee_syscalls_a32.o)
 .ARM.attributes
                0x00000000000001d4       0x33 out/ldelf-lib/libutils/libutils.a(bget_malloc.o)
 .ARM.attributes
                0x0000000000000207       0x33 out/ldelf-lib/libutils/libutils.a(isxdigit.o)
 .ARM.attributes
                0x000000000000023a       0x33 out/ldelf-lib/libutils/libutils.a(snprintf.o)
 .ARM.attributes
                0x000000000000026d       0x33 out/ldelf-lib/libutils/libutils.a(stack_check.o)
 .ARM.attributes
                0x00000000000002a0       0x33 out/ldelf-lib/libutils/libutils.a(tolower.o)
 .ARM.attributes
                0x00000000000002d3       0x33 out/ldelf-lib/libutils/libutils.a(memcmp.o)
 .ARM.attributes
                0x0000000000000306       0x33 out/ldelf-lib/libutils/libutils.a(memcpy.o)
 .ARM.attributes
                0x0000000000000339       0x33 out/ldelf-lib/libutils/libutils.a(memset.o)
 .ARM.attributes
                0x000000000000036c       0x33 out/ldelf-lib/libutils/libutils.a(strcmp.o)
 .ARM.attributes
                0x000000000000039f       0x33 out/ldelf-lib/libutils/libutils.a(strcpy.o)
 .ARM.attributes
                0x00000000000003d2       0x33 out/ldelf-lib/libutils/libutils.a(strnlen.o)
 .ARM.attributes
                0x0000000000000405       0x25 out/ldelf-lib/libutils/libutils.a(arm32_aeabi_ldivmod_a32.o)
 .ARM.attributes
                0x000000000000042a       0x33 out/ldelf-lib/libutils/libutils.a(arm32_aeabi_ldivmod.o)
 .ARM.attributes
                0x000000000000045d       0x33 out/ldelf-lib/libutils/libutils.a(snprintk.o)
 .ARM.attributes
                0x0000000000000490       0x33 out/ldelf-lib/libutils/libutils.a(trace.o)
 .ARM.attributes
                0x00000000000004c3       0x33 out/ldelf-lib/libutils/libutils.a(memchr.o)
 .ARM.attributes
                0x00000000000004f6       0x33 out/ldelf-lib/libutils/libutils.a(strlen.o)
 .ARM.attributes
                0x0000000000000529       0x33 out/ldelf-lib/libutee/libutee.a(trace_ext.o)

.comment        0x0000000000000000       0x5d
 .comment       0x0000000000000000       0x5d out/ldelf/dl.o
                                         0x5e (size before relaxing)
 .comment       0x000000000000005d       0x5e out/ldelf/main.o
 .comment       0x000000000000005d       0x5e out/ldelf/sys.o
 .comment       0x000000000000005d       0x5e out/ldelf/ta_elf.o
 .comment       0x000000000000005d       0x5e out/ldelf/ta_elf_rel.o
 .comment       0x000000000000005d       0x5e out/ldelf-lib/libutee/libutee.a(assert.o)
 .comment       0x000000000000005d       0x5e out/ldelf-lib/libutee/libutee.a(tee_uuid_from_str.o)
 .comment       0x000000000000005d       0x5e out/ldelf-lib/libutils/libutils.a(bget_malloc.o)
 .comment       0x000000000000005d       0x5e out/ldelf-lib/libutils/libutils.a(isxdigit.o)
 .comment       0x000000000000005d       0x5e out/ldelf-lib/libutils/libutils.a(snprintf.o)
 .comment       0x000000000000005d       0x5e out/ldelf-lib/libutils/libutils.a(stack_check.o)
 .comment       0x000000000000005d       0x5e out/ldelf-lib/libutils/libutils.a(tolower.o)
 .comment       0x000000000000005d       0x5e out/ldelf-lib/libutils/libutils.a(memcmp.o)
 .comment       0x000000000000005d       0x5e out/ldelf-lib/libutils/libutils.a(memcpy.o)
 .comment       0x000000000000005d       0x5e out/ldelf-lib/libutils/libutils.a(memset.o)
 .comment       0x000000000000005d       0x5e out/ldelf-lib/libutils/libutils.a(strcmp.o)
 .comment       0x000000000000005d       0x5e out/ldelf-lib/libutils/libutils.a(strcpy.o)
 .comment       0x000000000000005d       0x5e out/ldelf-lib/libutils/libutils.a(strnlen.o)
 .comment       0x000000000000005d       0x5e out/ldelf-lib/libutils/libutils.a(arm32_aeabi_ldivmod.o)
 .comment       0x000000000000005d       0x5e out/ldelf-lib/libutils/libutils.a(snprintk.o)
 .comment       0x000000000000005d       0x5e out/ldelf-lib/libutils/libutils.a(trace.o)
 .comment       0x000000000000005d       0x5e out/ldelf-lib/libutils/libutils.a(memchr.o)
 .comment       0x000000000000005d       0x5e out/ldelf-lib/libutils/libutils.a(strlen.o)
 .comment       0x000000000000005d       0x5e out/ldelf-lib/libutee/libutee.a(trace_ext.o)

.note.GNU-stack
                0x0000000000000000        0x0
 .note.GNU-stack
                0x0000000000000000        0x0 out/ldelf/dl.o
 .note.GNU-stack
                0x0000000000000000        0x0 out/ldelf/main.o
 .note.GNU-stack
                0x0000000000000000        0x0 out/ldelf/sys.o
 .note.GNU-stack
                0x0000000000000000        0x0 out/ldelf/ta_elf.o
 .note.GNU-stack
                0x0000000000000000        0x0 out/ldelf/ta_elf_rel.o
 .note.GNU-stack
                0x0000000000000000        0x0 out/ldelf-lib/libutee/libutee.a(assert.o)
 .note.GNU-stack
                0x0000000000000000        0x0 out/ldelf-lib/libutee/libutee.a(tee_uuid_from_str.o)
 .note.GNU-stack
                0x0000000000000000        0x0 out/ldelf-lib/libutils/libutils.a(bget_malloc.o)
 .note.GNU-stack
                0x0000000000000000        0x0 out/ldelf-lib/libutils/libutils.a(isxdigit.o)
 .note.GNU-stack
                0x0000000000000000        0x0 out/ldelf-lib/libutils/libutils.a(snprintf.o)
 .note.GNU-stack
                0x0000000000000000        0x0 out/ldelf-lib/libutils/libutils.a(stack_check.o)
 .note.GNU-stack
                0x0000000000000000        0x0 out/ldelf-lib/libutils/libutils.a(tolower.o)
 .note.GNU-stack
                0x0000000000000000        0x0 out/ldelf-lib/libutils/libutils.a(memcmp.o)
 .note.GNU-stack
                0x0000000000000000        0x0 out/ldelf-lib/libutils/libutils.a(memcpy.o)
 .note.GNU-stack
                0x0000000000000000        0x0 out/ldelf-lib/libutils/libutils.a(memset.o)
 .note.GNU-stack
                0x0000000000000000        0x0 out/ldelf-lib/libutils/libutils.a(strcmp.o)
 .note.GNU-stack
                0x0000000000000000        0x0 out/ldelf-lib/libutils/libutils.a(strcpy.o)
 .note.GNU-stack
                0x0000000000000000        0x0 out/ldelf-lib/libutils/libutils.a(strnlen.o)
 .note.GNU-stack
                0x0000000000000000        0x0 out/ldelf-lib/libutils/libutils.a(arm32_aeabi_ldivmod.o)
 .note.GNU-stack
                0x0000000000000000        0x0 out/ldelf-lib/libutils/libutils.a(snprintk.o)
 .note.GNU-stack
                0x0000000000000000        0x0 out/ldelf-lib/libutils/libutils.a(trace.o)
 .note.GNU-stack
                0x0000000000000000        0x0 out/ldelf-lib/libutils/libutils.a(memchr.o)
 .note.GNU-stack
                0x0000000000000000        0x0 out/ldelf-lib/libutils/libutils.a(strlen.o)
 .note.GNU-stack
                0x0000000000000000        0x0 out/ldelf-lib/libutee/libutee.a(trace_ext.o)

.debug_line     0x0000000000000000     0x8673
 .debug_line    0x0000000000000000       0x57 out/ldelf/start_a32.o
 .debug_line    0x0000000000000057      0x124 out/ldelf/syscalls_a32.o
 .debug_line    0x000000000000017b      0x345 out/ldelf/dl.o
 .debug_line    0x00000000000004c0      0x477 out/ldelf/main.o
 .debug_line    0x0000000000000937      0x39e out/ldelf/sys.o
 .debug_line    0x0000000000000cd5     0x29a4 out/ldelf/ta_elf.o
 .debug_line    0x0000000000003679      0xa8c out/ldelf/ta_elf_rel.o
 .debug_line    0x0000000000004105      0x2c7 out/ldelf-lib/libutee/libutee.a(assert.o)
 .debug_line    0x00000000000043cc      0x45d out/ldelf-lib/libutee/libutee.a(tee_uuid_from_str.o)
 .debug_line    0x0000000000004829      0x446 out/ldelf-lib/libutee/libutee.a(utee_syscalls_a32.o)
 .debug_line    0x0000000000004c6f     0x14bd out/ldelf-lib/libutils/libutils.a(bget_malloc.o)
 .debug_line    0x000000000000612c       0xac out/ldelf-lib/libutils/libutils.a(isxdigit.o)
 .debug_line    0x00000000000061d8      0x1c2 out/ldelf-lib/libutils/libutils.a(snprintf.o)
 .debug_line    0x000000000000639a       0xaf out/ldelf-lib/libutils/libutils.a(stack_check.o)
 .debug_line    0x0000000000006449       0xa7 out/ldelf-lib/libutils/libutils.a(tolower.o)
 .debug_line    0x00000000000064f0      0x1a7 out/ldelf-lib/libutils/libutils.a(memcmp.o)
 .debug_line    0x0000000000006697      0x254 out/ldelf-lib/libutils/libutils.a(memcpy.o)
 .debug_line    0x00000000000068eb      0x188 out/ldelf-lib/libutils/libutils.a(memset.o)
 .debug_line    0x0000000000006a73      0x195 out/ldelf-lib/libutils/libutils.a(strcmp.o)
 .debug_line    0x0000000000006c08      0x1a6 out/ldelf-lib/libutils/libutils.a(strcpy.o)
 .debug_line    0x0000000000006dae      0x18f out/ldelf-lib/libutils/libutils.a(strnlen.o)
 .debug_line    0x0000000000006f3d       0x7d out/ldelf-lib/libutils/libutils.a(arm32_aeabi_ldivmod_a32.o)
 .debug_line    0x0000000000006fba      0x264 out/ldelf-lib/libutils/libutils.a(arm32_aeabi_ldivmod.o)
 .debug_line    0x000000000000721e      0x95f out/ldelf-lib/libutils/libutils.a(snprintk.o)
 .debug_line    0x0000000000007b7d      0x431 out/ldelf-lib/libutils/libutils.a(trace.o)
 .debug_line    0x0000000000007fae      0x1a0 out/ldelf-lib/libutils/libutils.a(memchr.o)
 .debug_line    0x000000000000814e      0x188 out/ldelf-lib/libutils/libutils.a(strlen.o)
 .debug_line    0x00000000000082d6      0x39d out/ldelf-lib/libutee/libutee.a(trace_ext.o)

.debug_info     0x0000000000000000     0xc5a5
 .debug_info    0x0000000000000000       0x26 out/ldelf/start_a32.o
 .debug_info    0x0000000000000026       0x22 out/ldelf/syscalls_a32.o
 .debug_info    0x0000000000000048      0x6d6 out/ldelf/dl.o
 .debug_info    0x000000000000071e      0xb9f out/ldelf/main.o
 .debug_info    0x00000000000012bd      0x78e out/ldelf/sys.o
 .debug_info    0x0000000000001a4b     0x4f1e out/ldelf/ta_elf.o
 .debug_info    0x0000000000006969     0x17bd out/ldelf/ta_elf_rel.o
 .debug_info    0x0000000000008126      0x174 out/ldelf-lib/libutee/libutee.a(assert.o)
 .debug_info    0x000000000000829a      0x3bb out/ldelf-lib/libutee/libutee.a(tee_uuid_from_str.o)
 .debug_info    0x0000000000008655       0x22 out/ldelf-lib/libutee/libutee.a(utee_syscalls_a32.o)
 .debug_info    0x0000000000008677     0x21fc out/ldelf-lib/libutils/libutils.a(bget_malloc.o)
 .debug_info    0x000000000000a873       0x5e out/ldelf-lib/libutils/libutils.a(isxdigit.o)
 .debug_info    0x000000000000a8d1      0x1de out/ldelf-lib/libutils/libutils.a(snprintf.o)
 .debug_info    0x000000000000aaaf       0x50 out/ldelf-lib/libutils/libutils.a(stack_check.o)
 .debug_info    0x000000000000aaff       0x5e out/ldelf-lib/libutils/libutils.a(tolower.o)
 .debug_info    0x000000000000ab5d       0xd1 out/ldelf-lib/libutils/libutils.a(memcmp.o)
 .debug_info    0x000000000000ac2e      0x11e out/ldelf-lib/libutils/libutils.a(memcpy.o)
 .debug_info    0x000000000000ad4c       0xaa out/ldelf-lib/libutils/libutils.a(memset.o)
 .debug_info    0x000000000000adf6       0x8b out/ldelf-lib/libutils/libutils.a(strcmp.o)
 .debug_info    0x000000000000ae81       0xa5 out/ldelf-lib/libutils/libutils.a(strcpy.o)
 .debug_info    0x000000000000af26       0xab out/ldelf-lib/libutils/libutils.a(strnlen.o)
 .debug_info    0x000000000000afd1       0x22 out/ldelf-lib/libutils/libutils.a(arm32_aeabi_ldivmod_a32.o)
 .debug_info    0x000000000000aff3      0x35c out/ldelf-lib/libutils/libutils.a(arm32_aeabi_ldivmod.o)
 .debug_info    0x000000000000b34f      0x86c out/ldelf-lib/libutils/libutils.a(snprintk.o)
 .debug_info    0x000000000000bbbb      0x59c out/ldelf-lib/libutils/libutils.a(trace.o)
 .debug_info    0x000000000000c157       0xda out/ldelf-lib/libutils/libutils.a(memchr.o)
 .debug_info    0x000000000000c231       0x99 out/ldelf-lib/libutils/libutils.a(strlen.o)
 .debug_info    0x000000000000c2ca      0x2db out/ldelf-lib/libutee/libutee.a(trace_ext.o)

.debug_abbrev   0x0000000000000000     0x2604
 .debug_abbrev  0x0000000000000000       0x14 out/ldelf/start_a32.o
 .debug_abbrev  0x0000000000000014       0x12 out/ldelf/syscalls_a32.o
 .debug_abbrev  0x0000000000000026      0x18f out/ldelf/dl.o
 .debug_abbrev  0x00000000000001b5      0x23f out/ldelf/main.o
 .debug_abbrev  0x00000000000003f4      0x178 out/ldelf/sys.o
 .debug_abbrev  0x000000000000056c      0x633 out/ldelf/ta_elf.o
 .debug_abbrev  0x0000000000000b9f      0x3b1 out/ldelf/ta_elf_rel.o
 .debug_abbrev  0x0000000000000f50       0xb6 out/ldelf-lib/libutee/libutee.a(assert.o)
 .debug_abbrev  0x0000000000001006      0x1da out/ldelf-lib/libutee/libutee.a(tee_uuid_from_str.o)
 .debug_abbrev  0x00000000000011e0       0x12 out/ldelf-lib/libutee/libutee.a(utee_syscalls_a32.o)
 .debug_abbrev  0x00000000000011f2      0x49d out/ldelf-lib/libutils/libutils.a(bget_malloc.o)
 .debug_abbrev  0x000000000000168f       0x54 out/ldelf-lib/libutils/libutils.a(isxdigit.o)
 .debug_abbrev  0x00000000000016e3      0x13f out/ldelf-lib/libutils/libutils.a(snprintf.o)
 .debug_abbrev  0x0000000000001822       0x4e out/ldelf-lib/libutils/libutils.a(stack_check.o)
 .debug_abbrev  0x0000000000001870       0x54 out/ldelf-lib/libutils/libutils.a(tolower.o)
 .debug_abbrev  0x00000000000018c4       0x90 out/ldelf-lib/libutils/libutils.a(memcmp.o)
 .debug_abbrev  0x0000000000001954       0xc3 out/ldelf-lib/libutils/libutils.a(memcpy.o)
 .debug_abbrev  0x0000000000001a17       0xa3 out/ldelf-lib/libutils/libutils.a(memset.o)
 .debug_abbrev  0x0000000000001aba       0x6f out/ldelf-lib/libutils/libutils.a(strcmp.o)
 .debug_abbrev  0x0000000000001b29       0x83 out/ldelf-lib/libutils/libutils.a(strcpy.o)
 .debug_abbrev  0x0000000000001bac       0x92 out/ldelf-lib/libutils/libutils.a(strnlen.o)
 .debug_abbrev  0x0000000000001c3e       0x12 out/ldelf-lib/libutils/libutils.a(arm32_aeabi_ldivmod_a32.o)
 .debug_abbrev  0x0000000000001c50      0x199 out/ldelf-lib/libutils/libutils.a(arm32_aeabi_ldivmod.o)
 .debug_abbrev  0x0000000000001de9      0x2d4 out/ldelf-lib/libutils/libutils.a(snprintk.o)
 .debug_abbrev  0x00000000000020bd      0x27a out/ldelf-lib/libutils/libutils.a(trace.o)
 .debug_abbrev  0x0000000000002337       0xb2 out/ldelf-lib/libutils/libutils.a(memchr.o)
 .debug_abbrev  0x00000000000023e9       0x92 out/ldelf-lib/libutils/libutils.a(strlen.o)
 .debug_abbrev  0x000000000000247b      0x189 out/ldelf-lib/libutee/libutee.a(trace_ext.o)

.debug_aranges  0x0000000000000000      0x8a0
 .debug_aranges
                0x0000000000000000       0x20 out/ldelf/start_a32.o
 .debug_aranges
                0x0000000000000020       0x80 out/ldelf/syscalls_a32.o
 .debug_aranges
                0x00000000000000a0       0x28 out/ldelf/dl.o
 .debug_aranges
                0x00000000000000c8       0x38 out/ldelf/main.o
 .debug_aranges
                0x0000000000000100       0x70 out/ldelf/sys.o
 .debug_aranges
                0x0000000000000170      0x118 out/ldelf/ta_elf.o
 .debug_aranges
                0x0000000000000288       0x50 out/ldelf/ta_elf_rel.o
 .debug_aranges
                0x00000000000002d8       0x28 out/ldelf-lib/libutee/libutee.a(assert.o)
 .debug_aranges
                0x0000000000000300       0x28 out/ldelf-lib/libutee/libutee.a(tee_uuid_from_str.o)
 .debug_aranges
                0x0000000000000328      0x1e0 out/ldelf-lib/libutee/libutee.a(utee_syscalls_a32.o)
 .debug_aranges
                0x0000000000000508       0xf8 out/ldelf-lib/libutils/libutils.a(bget_malloc.o)
 .debug_aranges
                0x0000000000000600       0x20 out/ldelf-lib/libutils/libutils.a(isxdigit.o)
 .debug_aranges
                0x0000000000000620       0x28 out/ldelf-lib/libutils/libutils.a(snprintf.o)
 .debug_aranges
                0x0000000000000648       0x20 out/ldelf-lib/libutils/libutils.a(stack_check.o)
 .debug_aranges
                0x0000000000000668       0x20 out/ldelf-lib/libutils/libutils.a(tolower.o)
 .debug_aranges
                0x0000000000000688       0x20 out/ldelf-lib/libutils/libutils.a(memcmp.o)
 .debug_aranges
                0x00000000000006a8       0x20 out/ldelf-lib/libutils/libutils.a(memcpy.o)
 .debug_aranges
                0x00000000000006c8       0x20 out/ldelf-lib/libutils/libutils.a(memset.o)
 .debug_aranges
                0x00000000000006e8       0x20 out/ldelf-lib/libutils/libutils.a(strcmp.o)
 .debug_aranges
                0x0000000000000708       0x20 out/ldelf-lib/libutils/libutils.a(strcpy.o)
 .debug_aranges
                0x0000000000000728       0x20 out/ldelf-lib/libutils/libutils.a(strnlen.o)
 .debug_aranges
                0x0000000000000748       0x28 out/ldelf-lib/libutils/libutils.a(arm32_aeabi_ldivmod_a32.o)
 .debug_aranges
                0x0000000000000770       0x30 out/ldelf-lib/libutils/libutils.a(arm32_aeabi_ldivmod.o)
 .debug_aranges
                0x00000000000007a0       0x40 out/ldelf-lib/libutils/libutils.a(snprintk.o)
 .debug_aranges
                0x00000000000007e0       0x40 out/ldelf-lib/libutils/libutils.a(trace.o)
 .debug_aranges
                0x0000000000000820       0x20 out/ldelf-lib/libutils/libutils.a(memchr.o)
 .debug_aranges
                0x0000000000000840       0x20 out/ldelf-lib/libutils/libutils.a(strlen.o)
 .debug_aranges
                0x0000000000000860       0x40 out/ldelf-lib/libutee/libutee.a(trace_ext.o)

.debug_str      0x0000000000000000    0x14eaa
 .debug_str     0x0000000000000000       0x7b out/ldelf/start_a32.o
 .debug_str     0x000000000000007b       0x15 out/ldelf/syscalls_a32.o
                                         0x7e (size before relaxing)
 .debug_str     0x0000000000000090     0xd863 out/ldelf/dl.o
                                       0xdac8 (size before relaxing)
 .debug_str     0x000000000000d8f3      0x90b out/ldelf/main.o
                                       0xe37c (size before relaxing)
 .debug_str     0x000000000000e1fe      0x18d out/ldelf/sys.o
                                       0xa994 (size before relaxing)
 .debug_str     0x000000000000e38b     0x4ec0 out/ldelf/ta_elf.o
                                      0x1328b (size before relaxing)
 .debug_str     0x000000000001324b      0x1a9 out/ldelf/ta_elf_rel.o
                                      0x1226b (size before relaxing)
 .debug_str     0x00000000000133f4       0x9e out/ldelf-lib/libutee/libutee.a(assert.o)
                                       0x9e77 (size before relaxing)
 .debug_str     0x0000000000013492       0x76 out/ldelf-lib/libutee/libutee.a(tee_uuid_from_str.o)
                                       0x9e4c (size before relaxing)
 .debug_str     0x0000000000013508       0x29 out/ldelf-lib/libutee/libutee.a(utee_syscalls_a32.o)
                                         0x92 (size before relaxing)
 .debug_str     0x0000000000013531      0x713 out/ldelf-lib/libutils/libutils.a(bget_malloc.o)
                                       0x74a9 (size before relaxing)
 .debug_str     0x0000000000013c44       0x46 out/ldelf-lib/libutils/libutils.a(isxdigit.o)
                                       0x4691 (size before relaxing)
 .debug_str     0x0000000000013c8a       0x59 out/ldelf-lib/libutils/libutils.a(snprintf.o)
                                       0x4b7a (size before relaxing)
 .debug_str     0x0000000000013ce3       0x5e out/ldelf-lib/libutils/libutils.a(stack_check.o)
                                       0x4dc3 (size before relaxing)
 .debug_str     0x0000000000013d41       0x44 out/ldelf-lib/libutils/libutils.a(tolower.o)
                                       0x468e (size before relaxing)
 .debug_str     0x0000000000013d85      0x26f out/ldelf-lib/libutils/libutils.a(memcmp.o)
                                       0x4c2a (size before relaxing)
 .debug_str     0x0000000000013ff4      0x22d out/ldelf-lib/libutils/libutils.a(memcpy.o)
                                       0x4c8c (size before relaxing)
 .debug_str     0x0000000000014221      0x1c6 out/ldelf-lib/libutils/libutils.a(memset.o)
                                       0x4c1d (size before relaxing)
 .debug_str     0x00000000000143e7       0x8a out/ldelf-lib/libutils/libutils.a(strcmp.o)
                                       0x4df5 (size before relaxing)
 .debug_str     0x0000000000014471       0xda out/ldelf-lib/libutils/libutils.a(strcpy.o)
                                       0x4dfe (size before relaxing)
 .debug_str     0x000000000001454b       0x62 out/ldelf-lib/libutils/libutils.a(strnlen.o)
                                       0x4bab (size before relaxing)
 .debug_str     0x00000000000145ad       0x35 out/ldelf-lib/libutils/libutils.a(arm32_aeabi_ldivmod_a32.o)
                                         0x9e (size before relaxing)
 .debug_str     0x00000000000145e2       0xc3 out/ldelf-lib/libutils/libutils.a(arm32_aeabi_ldivmod.o)
                                       0x4755 (size before relaxing)
 .debug_str     0x00000000000146a5      0x5b0 out/ldelf-lib/libutils/libutils.a(snprintk.o)
                                       0x6066 (size before relaxing)
 .debug_str     0x0000000000014c55       0xf6 out/ldelf-lib/libutils/libutils.a(trace.o)
                                       0x6ba9 (size before relaxing)
 .debug_str     0x0000000000014d4b       0xb6 out/ldelf-lib/libutils/libutils.a(memchr.o)
                                       0x4e58 (size before relaxing)
 .debug_str     0x0000000000014e01       0x50 out/ldelf-lib/libutils/libutils.a(strlen.o)
                                       0x4df5 (size before relaxing)
 .debug_str     0x0000000000014e51       0x59 out/ldelf-lib/libutee/libutee.a(trace_ext.o)
                                       0xa2c3 (size before relaxing)

.debug_ranges   0x0000000000000000     0x1410
 .debug_ranges  0x0000000000000000       0x78 out/ldelf/syscalls_a32.o
 .debug_ranges  0x0000000000000078       0x18 out/ldelf/dl.o
 .debug_ranges  0x0000000000000090       0x28 out/ldelf/main.o
 .debug_ranges  0x00000000000000b8       0x60 out/ldelf/sys.o
 .debug_ranges  0x0000000000000118      0x958 out/ldelf/ta_elf.o
 .debug_ranges  0x0000000000000a70      0x190 out/ldelf/ta_elf_rel.o
 .debug_ranges  0x0000000000000c00       0x18 out/ldelf-lib/libutee/libutee.a(assert.o)
 .debug_ranges  0x0000000000000c18       0x38 out/ldelf-lib/libutee/libutee.a(tee_uuid_from_str.o)
 .debug_ranges  0x0000000000000c50      0x1d8 out/ldelf-lib/libutee/libutee.a(utee_syscalls_a32.o)
 .debug_ranges  0x0000000000000e28      0x3d8 out/ldelf-lib/libutils/libutils.a(bget_malloc.o)
 .debug_ranges  0x0000000000001200       0x10 out/ldelf-lib/libutils/libutils.a(isxdigit.o)
 .debug_ranges  0x0000000000001210       0x18 out/ldelf-lib/libutils/libutils.a(snprintf.o)
 .debug_ranges  0x0000000000001228       0x10 out/ldelf-lib/libutils/libutils.a(stack_check.o)
 .debug_ranges  0x0000000000001238       0x10 out/ldelf-lib/libutils/libutils.a(tolower.o)
 .debug_ranges  0x0000000000001248       0x10 out/ldelf-lib/libutils/libutils.a(memcmp.o)
 .debug_ranges  0x0000000000001258       0x10 out/ldelf-lib/libutils/libutils.a(memcpy.o)
 .debug_ranges  0x0000000000001268       0x10 out/ldelf-lib/libutils/libutils.a(memset.o)
 .debug_ranges  0x0000000000001278       0x10 out/ldelf-lib/libutils/libutils.a(strcmp.o)
 .debug_ranges  0x0000000000001288       0x10 out/ldelf-lib/libutils/libutils.a(strcpy.o)
 .debug_ranges  0x0000000000001298       0x10 out/ldelf-lib/libutils/libutils.a(strnlen.o)
 .debug_ranges  0x00000000000012a8       0x20 out/ldelf-lib/libutils/libutils.a(arm32_aeabi_ldivmod_a32.o)
 .debug_ranges  0x00000000000012c8       0x40 out/ldelf-lib/libutils/libutils.a(arm32_aeabi_ldivmod.o)
 .debug_ranges  0x0000000000001308       0x50 out/ldelf-lib/libutils/libutils.a(snprintk.o)
 .debug_ranges  0x0000000000001358       0x68 out/ldelf-lib/libutils/libutils.a(trace.o)
 .debug_ranges  0x00000000000013c0       0x10 out/ldelf-lib/libutils/libutils.a(memchr.o)
 .debug_ranges  0x00000000000013d0       0x10 out/ldelf-lib/libutils/libutils.a(strlen.o)
 .debug_ranges  0x00000000000013e0       0x30 out/ldelf-lib/libutee/libutee.a(trace_ext.o)

.debug_loc      0x0000000000000000     0xafec
 .debug_loc     0x0000000000000000      0x106 out/ldelf/dl.o
 .debug_loc     0x0000000000000106      0x1a4 out/ldelf/main.o
 .debug_loc     0x00000000000002aa      0x68f out/ldelf/sys.o
 .debug_loc     0x0000000000000939     0x43aa out/ldelf/ta_elf.o
 .debug_loc     0x0000000000004ce3     0x1182 out/ldelf/ta_elf_rel.o
 .debug_loc     0x0000000000005e65       0xcc out/ldelf-lib/libutee/libutee.a(assert.o)
 .debug_loc     0x0000000000005f31      0x361 out/ldelf-lib/libutee/libutee.a(tee_uuid_from_str.o)
 .debug_loc     0x0000000000006292     0x2b74 out/ldelf-lib/libutils/libutils.a(bget_malloc.o)
 .debug_loc     0x0000000000008e06       0x40 out/ldelf-lib/libutils/libutils.a(isxdigit.o)
 .debug_loc     0x0000000000008e46       0xf0 out/ldelf-lib/libutils/libutils.a(snprintf.o)
 .debug_loc     0x0000000000008f36       0x25 out/ldelf-lib/libutils/libutils.a(tolower.o)
 .debug_loc     0x0000000000008f5b       0xf3 out/ldelf-lib/libutils/libutils.a(memcmp.o)
 .debug_loc     0x000000000000904e      0x33a out/ldelf-lib/libutils/libutils.a(memcpy.o)
 .debug_loc     0x0000000000009388       0x63 out/ldelf-lib/libutils/libutils.a(memset.o)
 .debug_loc     0x00000000000093eb       0x76 out/ldelf-lib/libutils/libutils.a(strcmp.o)
 .debug_loc     0x0000000000009461       0x5b out/ldelf-lib/libutils/libutils.a(strcpy.o)
 .debug_loc     0x00000000000094bc       0x79 out/ldelf-lib/libutils/libutils.a(strnlen.o)
 .debug_loc     0x0000000000009535      0x3d7 out/ldelf-lib/libutils/libutils.a(arm32_aeabi_ldivmod.o)
 .debug_loc     0x000000000000990c     0x10d3 out/ldelf-lib/libutils/libutils.a(snprintk.o)
 .debug_loc     0x000000000000a9df      0x3e2 out/ldelf-lib/libutils/libutils.a(trace.o)
 .debug_loc     0x000000000000adc1      0x11f out/ldelf-lib/libutils/libutils.a(memchr.o)
 .debug_loc     0x000000000000aee0       0x47 out/ldelf-lib/libutils/libutils.a(strlen.o)
 .debug_loc     0x000000000000af27       0xc5 out/ldelf-lib/libutee/libutee.a(trace_ext.o)

.debug_macro    0x0000000000000000    0x14ebe
 .debug_macro   0x0000000000000000       0xfd out/ldelf/dl.o
 .debug_macro   0x00000000000000fd      0xaf6 out/ldelf/dl.o
 .debug_macro   0x0000000000000bf3      0x6b7 out/ldelf/dl.o
 .debug_macro   0x00000000000012aa       0x7c out/ldelf/dl.o
 .debug_macro   0x0000000000001326      0x16d out/ldelf/dl.o
 .debug_macro   0x0000000000001493      0x1a7 out/ldelf/dl.o
 .debug_macro   0x000000000000163a       0xc4 out/ldelf/dl.o
 .debug_macro   0x00000000000016fe       0x22 out/ldelf/dl.o
 .debug_macro   0x0000000000001720       0x2e out/ldelf/dl.o
 .debug_macro   0x000000000000174e       0xf3 out/ldelf/dl.o
 .debug_macro   0x0000000000001841      0x9b3 out/ldelf/dl.o
 .debug_macro   0x00000000000021f4       0x35 out/ldelf/dl.o
 .debug_macro   0x0000000000002229       0xf0 out/ldelf/dl.o
 .debug_macro   0x0000000000002319       0x76 out/ldelf/dl.o
 .debug_macro   0x000000000000238f       0xb2 out/ldelf/dl.o
 .debug_macro   0x0000000000002441       0x16 out/ldelf/dl.o
 .debug_macro   0x0000000000002457       0x58 out/ldelf/dl.o
 .debug_macro   0x00000000000024af      0x2e9 out/ldelf/dl.o
 .debug_macro   0x0000000000002798      0x174 out/ldelf/main.o
 .debug_macro   0x000000000000290c      0xaf6 out/ldelf/main.o
 .debug_macro   0x0000000000003402       0x34 out/ldelf/main.o
 .debug_macro   0x0000000000003436       0x79 out/ldelf/main.o
 .debug_macro   0x00000000000034af       0x10 out/ldelf/main.o
 .debug_macro   0x00000000000034bf       0x39 out/ldelf/main.o
 .debug_macro   0x00000000000034f8       0x22 out/ldelf/main.o
 .debug_macro   0x000000000000351a      0x106 out/ldelf/sys.o
 .debug_macro   0x0000000000003620      0xaf6 out/ldelf/sys.o
 .debug_macro   0x0000000000004116      0x22c out/ldelf/ta_elf.o
 .debug_macro   0x0000000000004342      0xaf6 out/ldelf/ta_elf.o
 .debug_macro   0x0000000000004e38       0x28 out/ldelf/ta_elf.o
 .debug_macro   0x0000000000004e60     0x15e6 out/ldelf/ta_elf.o
 .debug_macro   0x0000000000006446       0x4a out/ldelf/ta_elf.o
 .debug_macro   0x0000000000006490       0x5f out/ldelf/ta_elf.o
 .debug_macro   0x00000000000064ef       0xdc out/ldelf/ta_elf.o
 .debug_macro   0x00000000000065cb      0x180 out/ldelf/ta_elf_rel.o
 .debug_macro   0x000000000000674b      0xaf6 out/ldelf/ta_elf_rel.o
 .debug_macro   0x0000000000007241       0x7c out/ldelf/ta_elf_rel.o
 .debug_macro   0x00000000000072bd      0x106 out/ldelf-lib/libutee/libutee.a(assert.o)
 .debug_macro   0x00000000000073c3      0xaf6 out/ldelf-lib/libutee/libutee.a(assert.o)
 .debug_macro   0x0000000000007eb9       0x10 out/ldelf-lib/libutee/libutee.a(assert.o)
 .debug_macro   0x0000000000007ec9       0xdf out/ldelf-lib/libutee/libutee.a(tee_uuid_from_str.o)
 .debug_macro   0x0000000000007fa8      0xaf6 out/ldelf-lib/libutee/libutee.a(tee_uuid_from_str.o)
 .debug_macro   0x0000000000008a9e      0x153 out/ldelf-lib/libutils/libutils.a(bget_malloc.o)
 .debug_macro   0x0000000000008bf1      0xaf6 out/ldelf-lib/libutils/libutils.a(bget_malloc.o)
 .debug_macro   0x00000000000096e7       0x16 out/ldelf-lib/libutils/libutils.a(bget_malloc.o)
 .debug_macro   0x00000000000096fd       0x10 out/ldelf-lib/libutils/libutils.a(bget_malloc.o)
 .debug_macro   0x000000000000970d       0x3c out/ldelf-lib/libutils/libutils.a(bget_malloc.o)
 .debug_macro   0x0000000000009749       0x24 out/ldelf-lib/libutils/libutils.a(isxdigit.o)
 .debug_macro   0x000000000000976d      0xaf6 out/ldelf-lib/libutils/libutils.a(isxdigit.o)
 .debug_macro   0x000000000000a263       0x4d out/ldelf-lib/libutils/libutils.a(snprintf.o)
 .debug_macro   0x000000000000a2b0      0xaf6 out/ldelf-lib/libutils/libutils.a(snprintf.o)
 .debug_macro   0x000000000000ada6       0x23 out/ldelf-lib/libutils/libutils.a(stack_check.o)
 .debug_macro   0x000000000000adc9      0xaf6 out/ldelf-lib/libutils/libutils.a(stack_check.o)
 .debug_macro   0x000000000000b8bf       0x24 out/ldelf-lib/libutils/libutils.a(tolower.o)
 .debug_macro   0x000000000000b8e3      0xaf6 out/ldelf-lib/libutils/libutils.a(tolower.o)
 .debug_macro   0x000000000000c3d9       0x51 out/ldelf-lib/libutils/libutils.a(memcmp.o)
 .debug_macro   0x000000000000c42a      0xaf6 out/ldelf-lib/libutils/libutils.a(memcmp.o)
 .debug_macro   0x000000000000cf20       0x7c out/ldelf-lib/libutils/libutils.a(memcmp.o)
 .debug_macro   0x000000000000cf9c       0x57 out/ldelf-lib/libutils/libutils.a(memcpy.o)
 .debug_macro   0x000000000000cff3      0xaf0 out/ldelf-lib/libutils/libutils.a(memcpy.o)
 .debug_macro   0x000000000000dae3       0x51 out/ldelf-lib/libutils/libutils.a(memset.o)
 .debug_macro   0x000000000000db34      0xaf6 out/ldelf-lib/libutils/libutils.a(memset.o)
 .debug_macro   0x000000000000e62a       0x54 out/ldelf-lib/libutils/libutils.a(strcmp.o)
 .debug_macro   0x000000000000e67e      0xaf6 out/ldelf-lib/libutils/libutils.a(strcmp.o)
 .debug_macro   0x000000000000f174       0x54 out/ldelf-lib/libutils/libutils.a(strcpy.o)
 .debug_macro   0x000000000000f1c8      0xaf6 out/ldelf-lib/libutils/libutils.a(strcpy.o)
 .debug_macro   0x000000000000fcbe       0x45 out/ldelf-lib/libutils/libutils.a(strnlen.o)
 .debug_macro   0x000000000000fd03      0xaf6 out/ldelf-lib/libutils/libutils.a(strnlen.o)
 .debug_macro   0x00000000000107f9       0x1a out/ldelf-lib/libutils/libutils.a(arm32_aeabi_ldivmod.o)
 .debug_macro   0x0000000000010813      0xaf6 out/ldelf-lib/libutils/libutils.a(arm32_aeabi_ldivmod.o)
 .debug_macro   0x0000000000011309      0x13d out/ldelf-lib/libutils/libutils.a(snprintk.o)
 .debug_macro   0x0000000000011446      0xaf6 out/ldelf-lib/libutils/libutils.a(snprintk.o)
 .debug_macro   0x0000000000011f3c       0xd6 out/ldelf-lib/libutils/libutils.a(trace.o)
 .debug_macro   0x0000000000012012      0xaf6 out/ldelf-lib/libutils/libutils.a(trace.o)
 .debug_macro   0x0000000000012b08       0xea out/ldelf-lib/libutils/libutils.a(trace.o)
 .debug_macro   0x0000000000012bf2       0x66 out/ldelf-lib/libutils/libutils.a(memchr.o)
 .debug_macro   0x0000000000012c58      0xaf6 out/ldelf-lib/libutils/libutils.a(memchr.o)
 .debug_macro   0x000000000001374e       0x5a out/ldelf-lib/libutils/libutils.a(strlen.o)
 .debug_macro   0x00000000000137a8      0xaf6 out/ldelf-lib/libutils/libutils.a(strlen.o)
 .debug_macro   0x000000000001429e      0x12a out/ldelf-lib/libutee/libutee.a(trace_ext.o)
 .debug_macro   0x00000000000143c8      0xaf6 out/ldelf-lib/libutee/libutee.a(trace_ext.o)

.debug_frame    0x0000000000000000      0xf5c
 .debug_frame   0x0000000000000000       0x64 out/ldelf/dl.o
 .debug_frame   0x0000000000000064       0x70 out/ldelf/main.o
 .debug_frame   0x00000000000000d4       0xf8 out/ldelf/sys.o
 .debug_frame   0x00000000000001cc      0x4c0 out/ldelf/ta_elf.o
 .debug_frame   0x000000000000068c      0x110 out/ldelf/ta_elf_rel.o
 .debug_frame   0x000000000000079c       0x40 out/ldelf-lib/libutee/libutee.a(assert.o)
 .debug_frame   0x00000000000007dc       0x5c out/ldelf-lib/libutee/libutee.a(tee_uuid_from_str.o)
 .debug_frame   0x0000000000000838      0x2c8 out/ldelf-lib/libutils/libutils.a(bget_malloc.o)
 .debug_frame   0x0000000000000b00       0x20 out/ldelf-lib/libutils/libutils.a(isxdigit.o)
 .debug_frame   0x0000000000000b20       0x58 out/ldelf-lib/libutils/libutils.a(snprintf.o)
 .debug_frame   0x0000000000000b78       0x20 out/ldelf-lib/libutils/libutils.a(stack_check.o)
 .debug_frame   0x0000000000000b98       0x20 out/ldelf-lib/libutils/libutils.a(tolower.o)
 .debug_frame   0x0000000000000bb8       0x28 out/ldelf-lib/libutils/libutils.a(memcmp.o)
 .debug_frame   0x0000000000000be0       0x34 out/ldelf-lib/libutils/libutils.a(memcpy.o)
 .debug_frame   0x0000000000000c14       0x20 out/ldelf-lib/libutils/libutils.a(memset.o)
 .debug_frame   0x0000000000000c34       0x20 out/ldelf-lib/libutils/libutils.a(strcmp.o)
 .debug_frame   0x0000000000000c54       0x20 out/ldelf-lib/libutils/libutils.a(strcpy.o)
 .debug_frame   0x0000000000000c74       0x28 out/ldelf-lib/libutils/libutils.a(strnlen.o)
 .debug_frame   0x0000000000000c9c       0x80 out/ldelf-lib/libutils/libutils.a(arm32_aeabi_ldivmod.o)
 .debug_frame   0x0000000000000d1c       0xc0 out/ldelf-lib/libutils/libutils.a(snprintk.o)
 .debug_frame   0x0000000000000ddc       0x90 out/ldelf-lib/libutils/libutils.a(trace.o)
 .debug_frame   0x0000000000000e6c       0x28 out/ldelf-lib/libutils/libutils.a(memchr.o)
 .debug_frame   0x0000000000000e94       0x20 out/ldelf-lib/libutils/libutils.a(strlen.o)
 .debug_frame   0x0000000000000eb4       0xa8 out/ldelf-lib/libutee/libutee.a(trace_ext.o)
