Archive member included to satisfy reference by file (symbol)

build/export-ta_arm32/lib/libutils.a(memset.o)
                              build/ta/stm32mp_nvmem/ta_stm32mp_nvmem.o (memset)
build/export-ta_arm32/lib/libutils.a(trace.o)
                              build/ta/stm32mp_nvmem/ta_stm32mp_nvmem.o (trace_printf)
build/export-ta_arm32/lib/libutils.a(snprintk.o)
                              build/export-ta_arm32/lib/libutils.a(trace.o) (vsnprintk)
build/export-ta_arm32/lib/libutils.a(memchr.o)
                              build/export-ta_arm32/lib/libutils.a(snprintk.o) (memchr)
build/export-ta_arm32/lib/libutils.a(strlen.o)
                              build/export-ta_arm32/lib/libutils.a(snprintk.o) (strlen)
build/export-ta_arm32/lib/libutils.a(arm32_aeabi_ldivmod_a32.o)
                              build/export-ta_arm32/lib/libutils.a(snprintk.o) (__aeabi_uldivmod)
build/export-ta_arm32/lib/libutils.a(arm32_aeabi_ldivmod.o)
                              build/export-ta_arm32/lib/libutils.a(arm32_aeabi_ldivmod_a32.o) (__ul_divmod)
build/export-ta_arm32/lib/libutee.a(trace_ext.o)
                              build/export-ta_arm32/lib/libutils.a(trace.o) (trace_ext_puts)
build/export-ta_arm32/lib/libutee.a(tee_api.o)
                              build/ta/stm32mp_nvmem/ta_stm32mp_nvmem.o (TEE_CloseTASession)
build/export-ta_arm32/lib/libutee.a(tee_api_panic.o)
                              build/export-ta_arm32/lib/libutee.a(tee_api.o) (TEE_Panic)
build/export-ta_arm32/lib/libutee.a(tee_api_property.o)
                              build/ta/stm32mp_nvmem/ta_stm32mp_nvmem.o (TEE_GetPropertyAsIdentity)
build/export-ta_arm32/lib/libutee.a(tee_system_pta.o)
                              build/export-ta_arm32/lib/libutee.a(tee_api.o) (tee_map_zi)
build/export-ta_arm32/lib/libutee.a(utee_syscalls_a32.o)
                              build/export-ta_arm32/lib/libutee.a(tee_api_panic.o) (_utee_panic)
build/export-ta_arm32/lib/libutee.a(user_ta_entry.o)
                              build/ta/stm32mp_nvmem/user_ta_header.o (__utee_entry)
build/export-ta_arm32/lib/libutee.a(abort.o)
                              build/export-ta_arm32/lib/libutee.a(user_ta_entry.o) (abort)
build/export-ta_arm32/lib/libutee.a(base64.o)
                              build/export-ta_arm32/lib/libutee.a(tee_api_property.o) (_base64_enc_len)
build/export-ta_arm32/lib/libutee.a(tee_api_arith_mpi.o)
                              build/export-ta_arm32/lib/libutee.a(user_ta_entry.o) (_TEE_MathAPI_Init)
build/export-ta_arm32/lib/libutee.a(tcb.o)
                              build/export-ta_arm32/lib/libutee.a(user_ta_entry.o) (__utee_tcb_init)
build/export-ta_arm32/lib/libutee.a(assert.o)
                              build/export-ta_arm32/lib/libutee.a(tcb.o) (_assert_log)
build/export-ta_arm32/lib/libmbedtls.a(bignum.o)
                              build/export-ta_arm32/lib/libutee.a(tee_api_arith_mpi.o) (mbedtls_mpi_init_mempool)
build/export-ta_arm32/lib/libmbedtls.a(platform_util.o)
                              build/export-ta_arm32/lib/libmbedtls.a(bignum.o) (mbedtls_platform_zeroize)
build/export-ta_arm32/lib/libutils.a(bget_malloc.o)
                              build/export-ta_arm32/lib/libutee.a(tee_api.o) (malloc)
build/export-ta_arm32/lib/libutils.a(snprintf.o)
                              build/export-ta_arm32/lib/libutee.a(tee_api_property.o) (snprintf)
build/export-ta_arm32/lib/libutils.a(memcpy.o)
                              build/export-ta_arm32/lib/libutee.a(tee_api.o) (memcpy)
build/export-ta_arm32/lib/libutils.a(memmove.o)
                              build/export-ta_arm32/lib/libutee.a(tee_api.o) (memmove)
build/export-ta_arm32/lib/libutils.a(strcmp.o)
                              build/export-ta_arm32/lib/libutee.a(tee_api_property.o) (strcmp)
build/export-ta_arm32/lib/libutils.a(strlcpy.o)
                              build/export-ta_arm32/lib/libutee.a(tee_api_property.o) (strlcpy)
build/export-ta_arm32/lib/libutils.a(mempool.o)
                              build/export-ta_arm32/lib/libutee.a(tee_api_arith_mpi.o) (mempool_alloc_pool)
build/export-ta_arm32/lib/libutils.a(consttime_memcmp.o)
                              build/export-ta_arm32/lib/libutee.a(tee_api.o) (consttime_memcmp)

Discarded input sections

 .group         0x0000000000000000        0xc build/ta/stm32mp_nvmem/ta_stm32mp_nvmem.o
 .group         0x0000000000000000        0xc build/ta/stm32mp_nvmem/ta_stm32mp_nvmem.o
 .group         0x0000000000000000        0xc build/ta/stm32mp_nvmem/ta_stm32mp_nvmem.o
 .group         0x0000000000000000        0xc build/ta/stm32mp_nvmem/ta_stm32mp_nvmem.o
 .group         0x0000000000000000        0xc build/ta/stm32mp_nvmem/ta_stm32mp_nvmem.o
 .group         0x0000000000000000        0xc build/ta/stm32mp_nvmem/ta_stm32mp_nvmem.o
 .group         0x0000000000000000        0xc build/ta/stm32mp_nvmem/ta_stm32mp_nvmem.o
[...]
Memory Configuration

Name             Origin             Length             Attributes
*default*        0x0000000000000000 0xffffffffffffffff

Linker script and memory map


.ta_head        0x0000000000000000       0x20
 *(SORT_BY_ALIGNMENT(.ta_head))
 .ta_head       0x0000000000000000       0x20 build/ta/stm32mp_nvmem/user_ta_header.o
                0x0000000000000000                ta_head

.text           0x0000000000000020     0x7048
                0x0000000000000020                __text_start = .
 *(SORT_BY_ALIGNMENT(.text) SORT_BY_ALIGNMENT(.text.*))
 .text          0x0000000000000020      0x288 build/ta/stm32mp_nvmem/ta_stm32mp_nvmem.o
                0x0000000000000020                TA_CreateEntryPoint
                0x0000000000000024                TA_DestroyEntryPoint
                0x0000000000000026                TA_OpenSessionEntryPoint
                0x00000000000000bc                TA_CloseSessionEntryPoint
                0x00000000000000d4                TA_InvokeCommandEntryPoint
 .text.__ta_entry
                0x00000000000002a8        0x4 build/ta/stm32mp_nvmem/ta_entry_a32.o
                0x00000000000002a8                __ta_entry
 .text          0x00000000000002ac      0x184 build/export-ta_arm32/lib/libutils.a(trace.o)
                0x00000000000002ac                trace_set_level
                0x00000000000002c8                trace_get_level
                0x00000000000002dc                trace_vprintf
                0x0000000000000414                trace_printf
                0x000000000000042c                dhex_dump
 .text          0x0000000000000430      0x6f4 build/export-ta_arm32/lib/libutils.a(snprintk.o)
                0x0000000000000430                __vsnprintf
                0x0000000000000460                vsnprintk
                0x000000000000046e                snprintk
                0x0000000000000b0c                __vsprintf
 .text.__aeabi_ldivmod
                0x0000000000000b24       0x18 build/export-ta_arm32/lib/libutils.a(arm32_aeabi_ldivmod_a32.o)
                0x0000000000000b24                __aeabi_ldivmod
 .text.__aeabi_uldivmod
                0x0000000000000b3c       0x18 build/export-ta_arm32/lib/libutils.a(arm32_aeabi_ldivmod_a32.o)
                0x0000000000000b3c                __aeabi_uldivmod
 .text          0x0000000000000b54       0x9c build/export-ta_arm32/lib/libutee.a(trace_ext.o)
                0x0000000000000b54                trace_ext_puts
                0x0000000000000b68                trace_ext_get_thread_id
                0x0000000000000b6e                printf
                0x0000000000000ba8                puts
                0x0000000000000bcc                putchar
 .text          0x0000000000000bf0      0x4ac build/export-ta_arm32/lib/libutee.a(tee_api.o)
                0x0000000000000c56                TEE_CloseTASession
                0x0000000000000c6a                TEE_GetCancellationFlag
                0x0000000000000c86                TEE_UnmaskCancellation
                0x0000000000000ca2                TEE_MaskCancellation
                0x0000000000000cbe                TEE_CheckMemoryAccessRights
                0x0000000000000df4                TEE_OpenTASession
                0x0000000000000e88                TEE_InvokeTACommand
                0x0000000000000f3c                TEE_SetInstanceData
                0x0000000000000f48                TEE_GetInstanceData
                0x0000000000000f54                TEE_MemMove
                0x0000000000000f58                TEE_MemCompare
                0x0000000000000f5c                TEE_MemFill
                0x0000000000000f60                TEE_GetSystemTime
                0x0000000000000f76                TEE_Wait
                0x0000000000000f94                TEE_GetTAPersistentTime
                0x0000000000000fd0                TEE_SetTAPersistentTime
                0x0000000000000ff8                TEE_GetREETime
                0x000000000000100e                TEE_Malloc
                0x0000000000001060                TEE_Free
                0x000000000000106a                TEE_Realloc
                0x000000000000108a                TEE_CacheClean
                0x0000000000001090                TEE_CacheFlush
                0x0000000000001096                TEE_CacheInvalidate
 .text          0x000000000000109c       0xd8 build/export-ta_arm32/lib/libutee.a(tee_api_panic.o)
                0x00000000000010bc                TEE_Panic
                0x00000000000010ca                __utee_check_outbuf_annotation
                0x00000000000010f8                __utee_check_instring_annotation
                0x0000000000001110                __utee_check_outstring_annotation
                0x000000000000113c                __utee_check_out_annotation
                0x000000000000114e                __utee_check_attr_in_annotation
                0x0000000000001162                __utee_check_inout_annotation
 .text          0x0000000000001174      0x65c build/export-ta_arm32/lib/libutee.a(tee_api_property.o)
                0x0000000000001350                TEE_GetPropertyAsString
                0x00000000000014a0                TEE_GetPropertyAsBool
                0x0000000000001500                TEE_GetPropertyAsU32
                0x0000000000001564                TEE_GetPropertyAsBinaryBlock
                0x00000000000015cc                TEE_GetPropertyAsUUID
                0x0000000000001630                TEE_GetPropertyAsIdentity
                0x0000000000001694                TEE_ResetPropertyEnumerator
                0x000000000000169c                TEE_AllocatePropertyEnumerator
                0x00000000000016c4                TEE_FreePropertyEnumerator
                0x00000000000016c8                TEE_StartPropertyEnumerator
                0x00000000000016d2                TEE_GetPropertyName
                0x0000000000001768                TEE_GetNextProperty
 .text          0x00000000000017d0      0x15c build/export-ta_arm32/lib/libutee.a(tee_system_pta.o)
                0x0000000000001820                tee_map_zi
                0x0000000000001856                tee_unmap
                0x00000000000018a4                tee_invoke_supp_plugin
 .text          0x000000000000192c        0x0 build/export-ta_arm32/lib/libutee.a(utee_syscalls_a32.o)
 .text._utee_panic
                0x000000000000192c       0x14 build/export-ta_arm32/lib/libutee.a(utee_syscalls_a32.o)
                0x000000000000192c                _utee_panic
 .text._utee_return
                0x0000000000001940       0x14 build/export-ta_arm32/lib/libutee.a(utee_syscalls_a32.o)
                0x0000000000001940                _utee_return
 .text._utee_log
                0x0000000000001954       0x14 build/export-ta_arm32/lib/libutee.a(utee_syscalls_a32.o)
                0x0000000000001954                _utee_log
 .text.__utee_panic
                0x0000000000001968       0x14 build/export-ta_arm32/lib/libutee.a(utee_syscalls_a32.o)
                0x0000000000001968                __utee_panic
 .text._utee_get_property
                0x000000000000197c       0x18 build/export-ta_arm32/lib/libutee.a(utee_syscalls_a32.o)
                0x000000000000197c                _utee_get_property
 .text._utee_get_property_name_to_index
                0x0000000000001994       0x14 build/export-ta_arm32/lib/libutee.a(utee_syscalls_a32.o)
                0x0000000000001994                _utee_get_property_name_to_index
 .text._utee_open_ta_session
                0x00000000000019a8       0x18 build/export-ta_arm32/lib/libutee.a(utee_syscalls_a32.o)
                0x00000000000019a8                _utee_open_ta_session
 .text._utee_close_ta_session
                0x00000000000019c0       0x14 build/export-ta_arm32/lib/libutee.a(utee_syscalls_a32.o)
                0x00000000000019c0                _utee_close_ta_session
 .text._utee_invoke_ta_command
                0x00000000000019d4       0x18 build/export-ta_arm32/lib/libutee.a(utee_syscalls_a32.o)
                0x00000000000019d4                _utee_invoke_ta_command
 .text._utee_get_cancellation_flag
                0x00000000000019ec       0x14 build/export-ta_arm32/lib/libutee.a(utee_syscalls_a32.o)
                0x00000000000019ec                _utee_get_cancellation_flag
 .text._utee_check_access_rights
                0x0000000000001a00       0x14 build/export-ta_arm32/lib/libutee.a(utee_syscalls_a32.o)
                0x0000000000001a00                _utee_check_access_rights
 .text._utee_unmask_cancellation
                0x0000000000001a14       0x14 build/export-ta_arm32/lib/libutee.a(utee_syscalls_a32.o)
                0x0000000000001a14                _utee_unmask_cancellation
 .text._utee_mask_cancellation
                0x0000000000001a28       0x14 build/export-ta_arm32/lib/libutee.a(utee_syscalls_a32.o)
                0x0000000000001a28                _utee_mask_cancellation
 .text._utee_wait
                0x0000000000001a3c       0x14 build/export-ta_arm32/lib/libutee.a(utee_syscalls_a32.o)
                0x0000000000001a3c                _utee_wait
 .text._utee_get_time
                0x0000000000001a50       0x14 build/export-ta_arm32/lib/libutee.a(utee_syscalls_a32.o)
                0x0000000000001a50                _utee_get_time
 .text._utee_set_ta_time
                0x0000000000001a64       0x14 build/export-ta_arm32/lib/libutee.a(utee_syscalls_a32.o)
                0x0000000000001a64                _utee_set_ta_time
 .text._utee_cryp_state_alloc
                0x0000000000001a78       0x18 build/export-ta_arm32/lib/libutee.a(utee_syscalls_a32.o)
                0x0000000000001a78                _utee_cryp_state_alloc
 .text._utee_cryp_state_copy
                0x0000000000001a90       0x14 build/export-ta_arm32/lib/libutee.a(utee_syscalls_a32.o)
                0x0000000000001a90                _utee_cryp_state_copy
 .text._utee_cryp_state_free
                0x0000000000001aa4       0x14 build/export-ta_arm32/lib/libutee.a(utee_syscalls_a32.o)
                0x0000000000001aa4                _utee_cryp_state_free
 .text._utee_hash_init
                0x0000000000001ab8       0x14 build/export-ta_arm32/lib/libutee.a(utee_syscalls_a32.o)
                0x0000000000001ab8                _utee_hash_init
 .text._utee_hash_update
                0x0000000000001acc       0x14 build/export-ta_arm32/lib/libutee.a(utee_syscalls_a32.o)
                0x0000000000001acc                _utee_hash_update
 .text._utee_hash_final
                0x0000000000001ae0       0x18 build/export-ta_arm32/lib/libutee.a(utee_syscalls_a32.o)
                0x0000000000001ae0                _utee_hash_final
 .text._utee_cipher_init
                0x0000000000001af8       0x14 build/export-ta_arm32/lib/libutee.a(utee_syscalls_a32.o)
                0x0000000000001af8                _utee_cipher_init
 .text._utee_cipher_update
                0x0000000000001b0c       0x18 build/export-ta_arm32/lib/libutee.a(utee_syscalls_a32.o)
                0x0000000000001b0c                _utee_cipher_update
 .text._utee_cipher_final
                0x0000000000001b24       0x18 build/export-ta_arm32/lib/libutee.a(utee_syscalls_a32.o)
                0x0000000000001b24                _utee_cipher_final
 .text._utee_cryp_obj_get_info
                0x0000000000001b3c       0x14 build/export-ta_arm32/lib/libutee.a(utee_syscalls_a32.o)
                0x0000000000001b3c                _utee_cryp_obj_get_info
 .text._utee_cryp_obj_restrict_usage
                0x0000000000001b50       0x14 build/export-ta_arm32/lib/libutee.a(utee_syscalls_a32.o)
                0x0000000000001b50                _utee_cryp_obj_restrict_usage
 .text._utee_cryp_obj_get_attr
                0x0000000000001b64       0x14 build/export-ta_arm32/lib/libutee.a(utee_syscalls_a32.o)
                0x0000000000001b64                _utee_cryp_obj_get_attr
 .text._utee_cryp_obj_alloc
                0x0000000000001b78       0x14 build/export-ta_arm32/lib/libutee.a(utee_syscalls_a32.o)
                0x0000000000001b78                _utee_cryp_obj_alloc
 .text._utee_cryp_obj_close
                0x0000000000001b8c       0x14 build/export-ta_arm32/lib/libutee.a(utee_syscalls_a32.o)
                0x0000000000001b8c                _utee_cryp_obj_close
 .text._utee_cryp_obj_reset
                0x0000000000001ba0       0x14 build/export-ta_arm32/lib/libutee.a(utee_syscalls_a32.o)
                0x0000000000001ba0                _utee_cryp_obj_reset
 .text._utee_cryp_obj_populate
                0x0000000000001bb4       0x14 build/export-ta_arm32/lib/libutee.a(utee_syscalls_a32.o)
                0x0000000000001bb4                _utee_cryp_obj_populate
 .text._utee_cryp_obj_copy
                0x0000000000001bc8       0x14 build/export-ta_arm32/lib/libutee.a(utee_syscalls_a32.o)
                0x0000000000001bc8                _utee_cryp_obj_copy
 .text._utee_cryp_derive_key
                0x0000000000001bdc       0x14 build/export-ta_arm32/lib/libutee.a(utee_syscalls_a32.o)
                0x0000000000001bdc                _utee_cryp_derive_key
 .text._utee_cryp_random_number_generate
                0x0000000000001bf0       0x14 build/export-ta_arm32/lib/libutee.a(utee_syscalls_a32.o)
                0x0000000000001bf0                _utee_cryp_random_number_generate
 .text._utee_authenc_init
                0x0000000000001c04       0x18 build/export-ta_arm32/lib/libutee.a(utee_syscalls_a32.o)
                0x0000000000001c04                _utee_authenc_init
 .text._utee_authenc_update_aad
                0x0000000000001c1c       0x14 build/export-ta_arm32/lib/libutee.a(utee_syscalls_a32.o)
                0x0000000000001c1c                _utee_authenc_update_aad
 .text._utee_authenc_update_payload
                0x0000000000001c30       0x18 build/export-ta_arm32/lib/libutee.a(utee_syscalls_a32.o)
                0x0000000000001c30                _utee_authenc_update_payload
 .text._utee_authenc_enc_final
                0x0000000000001c48       0x18 build/export-ta_arm32/lib/libutee.a(utee_syscalls_a32.o)
                0x0000000000001c48                _utee_authenc_enc_final
 .text._utee_authenc_dec_final
                0x0000000000001c60       0x18 build/export-ta_arm32/lib/libutee.a(utee_syscalls_a32.o)
                0x0000000000001c60                _utee_authenc_dec_final
 .text._utee_asymm_operate
                0x0000000000001c78       0x18 build/export-ta_arm32/lib/libutee.a(utee_syscalls_a32.o)
                0x0000000000001c78                _utee_asymm_operate
 .text._utee_asymm_verify
                0x0000000000001c90       0x18 build/export-ta_arm32/lib/libutee.a(utee_syscalls_a32.o)
                0x0000000000001c90                _utee_asymm_verify
 .text._utee_storage_obj_open
                0x0000000000001ca8       0x18 build/export-ta_arm32/lib/libutee.a(utee_syscalls_a32.o)
                0x0000000000001ca8                _utee_storage_obj_open
 .text._utee_storage_obj_create
                0x0000000000001cc0       0x18 build/export-ta_arm32/lib/libutee.a(utee_syscalls_a32.o)
                0x0000000000001cc0                _utee_storage_obj_create
 .text._utee_storage_obj_del
                0x0000000000001cd8       0x14 build/export-ta_arm32/lib/libutee.a(utee_syscalls_a32.o)
                0x0000000000001cd8                _utee_storage_obj_del
 .text._utee_storage_obj_rename
                0x0000000000001cec       0x14 build/export-ta_arm32/lib/libutee.a(utee_syscalls_a32.o)
                0x0000000000001cec                _utee_storage_obj_rename
 .text._utee_storage_alloc_enum
                0x0000000000001d00       0x14 build/export-ta_arm32/lib/libutee.a(utee_syscalls_a32.o)
                0x0000000000001d00                _utee_storage_alloc_enum
 .text._utee_storage_free_enum
                0x0000000000001d14       0x14 build/export-ta_arm32/lib/libutee.a(utee_syscalls_a32.o)
                0x0000000000001d14                _utee_storage_free_enum
 .text._utee_storage_reset_enum
                0x0000000000001d28       0x14 build/export-ta_arm32/lib/libutee.a(utee_syscalls_a32.o)
                0x0000000000001d28                _utee_storage_reset_enum
 .text._utee_storage_start_enum
                0x0000000000001d3c       0x14 build/export-ta_arm32/lib/libutee.a(utee_syscalls_a32.o)
                0x0000000000001d3c                _utee_storage_start_enum
 .text._utee_storage_next_enum
                0x0000000000001d50       0x14 build/export-ta_arm32/lib/libutee.a(utee_syscalls_a32.o)
                0x0000000000001d50                _utee_storage_next_enum
 .text._utee_storage_obj_read
                0x0000000000001d64       0x14 build/export-ta_arm32/lib/libutee.a(utee_syscalls_a32.o)
                0x0000000000001d64                _utee_storage_obj_read
 .text._utee_storage_obj_write
                0x0000000000001d78       0x14 build/export-ta_arm32/lib/libutee.a(utee_syscalls_a32.o)
                0x0000000000001d78                _utee_storage_obj_write
 .text._utee_storage_obj_trunc
                0x0000000000001d8c       0x14 build/export-ta_arm32/lib/libutee.a(utee_syscalls_a32.o)
                0x0000000000001d8c                _utee_storage_obj_trunc
 .text._utee_storage_obj_seek
                0x0000000000001da0       0x14 build/export-ta_arm32/lib/libutee.a(utee_syscalls_a32.o)
                0x0000000000001da0                _utee_storage_obj_seek
 .text._utee_cryp_obj_generate_key
                0x0000000000001db4       0x14 build/export-ta_arm32/lib/libutee.a(utee_syscalls_a32.o)
                0x0000000000001db4                _utee_cryp_obj_generate_key
 .text._utee_cache_operation
                0x0000000000001dc8       0x14 build/export-ta_arm32/lib/libutee.a(utee_syscalls_a32.o)
                0x0000000000001dc8                _utee_cache_operation
 .text          0x0000000000001ddc      0x47c build/export-ta_arm32/lib/libutee.a(user_ta_entry.o)
                0x0000000000001f8c                __utee_call_elf_init_fn
                0x0000000000002044                __utee_call_elf_fini_fn
                0x00000000000020c0                __utee_entry
 .text.unlikely
                0x0000000000002258       0x18 build/export-ta_arm32/lib/libutee.a(abort.o)
                0x0000000000002258                abort
 .text          0x0000000000002270      0x19c build/export-ta_arm32/lib/libutee.a(base64.o)
                0x0000000000002270                _base64_enc_len
                0x000000000000227e                _base64_enc
                0x0000000000002348                _base64_dec
 .text          0x000000000000240c     0x11c8 build/export-ta_arm32/lib/libutee.a(tee_api_arith_mpi.o)
                0x0000000000002a04                _TEE_MathAPI_Init
                0x0000000000002a48                TEE_BigIntInit
                0x0000000000002a80                TEE_BigIntConvertFromOctetString
                0x0000000000002ad8                TEE_BigIntConvertToOctetString
                0x0000000000002b30                TEE_BigIntConvertFromS32
                0x0000000000002b80                TEE_BigIntConvertToS32
                0x0000000000002bdc                TEE_BigIntCmp
                0x0000000000002c12                TEE_BigIntCmpS32
                0x0000000000002d44                TEE_BigIntShiftRight
                0x0000000000002e54                TEE_BigIntGetBit
                0x0000000000002e7e                TEE_BigIntGetBitCount
                0x0000000000002ea0                TEE_BigIntAdd
                0x0000000000002ebc                TEE_BigIntSub
                0x0000000000002ed8                TEE_BigIntNeg
                0x0000000000002f4c                TEE_BigIntMul
                0x0000000000002ff0                TEE_BigIntSquare
                0x0000000000002ff6                TEE_BigIntDiv
                0x00000000000030e4                TEE_BigIntMod
                0x0000000000003134                TEE_BigIntAddMod
                0x0000000000003150                TEE_BigIntSubMod
                0x000000000000316c                TEE_BigIntMulMod
                0x0000000000003188                TEE_BigIntSquareMod
                0x0000000000003190                TEE_BigIntInvMod
                0x0000000000003250                TEE_BigIntRelativePrime
                0x00000000000032cc                TEE_BigIntComputeExtendedGcd
                0x0000000000003468                TEE_BigIntIsProbablePrime
                0x0000000000003498                TEE_BigIntInitFMM
                0x000000000000349c                TEE_BigIntInitFMMContext
                0x000000000000349e                TEE_BigIntFMMSizeInU32
                0x00000000000034a6                TEE_BigIntFMMContextSizeInU32
                0x00000000000034aa                TEE_BigIntConvertToFMM
                0x00000000000034ae                TEE_BigIntConvertFromFMM
                0x0000000000003514                TEE_BigIntComputeFMM
 .text          0x00000000000035d4      0x23c build/export-ta_arm32/lib/libutee.a(tcb.o)
                0x00000000000035d4                __utee_tcb_init
                0x0000000000003750                __tls_get_addr
                0x0000000000003768                dl_iterate_phdr
 .text          0x0000000000003810       0x38 build/export-ta_arm32/lib/libutee.a(assert.o)
                0x0000000000003810                _assert_log
                0x0000000000003838                _assert_break
 .text          0x0000000000003848     0x29ec build/export-ta_arm32/lib/libmbedtls.a(bignum.o)
                0x0000000000003dec                mbedtls_mpi_init
                0x0000000000003df8                mbedtls_mpi_init_mempool
                0x0000000000003e20                mbedtls_mpi_free
                0x0000000000003e64                mbedtls_mpi_grow
                0x0000000000003f32                mbedtls_mpi_shrink
                0x0000000000003fe8                mbedtls_mpi_copy
                0x000000000000404e                mbedtls_mpi_swap
                0x000000000000407c                mbedtls_mpi_safe_cond_assign
                0x00000000000040e0                mbedtls_mpi_safe_cond_swap
                0x0000000000004174                mbedtls_mpi_lset
                0x00000000000041ac                mbedtls_mpi_get_bit
                0x00000000000041cc                mbedtls_mpi_set_bit
                0x000000000000421c                mbedtls_mpi_lsb
                0x0000000000004250                mbedtls_mpi_bitlen
                0x0000000000004286                mbedtls_mpi_size
                0x0000000000004292                mbedtls_mpi_read_binary_le
                0x00000000000042d6                mbedtls_mpi_read_binary
                0x0000000000004318                mbedtls_mpi_write_binary_le
                0x0000000000004382                mbedtls_mpi_write_binary
                0x00000000000043ec                mbedtls_mpi_shift_l
                0x0000000000004490                mbedtls_mpi_shift_r
                0x0000000000004508                mbedtls_mpi_cmp_abs
                0x000000000000456a                mbedtls_mpi_cmp_mpi
                0x00000000000045f0                mbedtls_mpi_lt_mpi_ct
                0x0000000000004692                mbedtls_mpi_cmp_int
                0x00000000000046c0                mbedtls_mpi_add_abs
                0x000000000000476e                mbedtls_mpi_sub_abs
                0x0000000000004850                mbedtls_mpi_add_mpi
                0x0000000000004898                mbedtls_mpi_sub_mpi
                0x00000000000048e2                mbedtls_mpi_add_int
                0x0000000000004910                mbedtls_mpi_sub_int
                0x000000000000493e                mbedtls_mpi_mul_mpi
                0x0000000000004a24                mbedtls_mpi_mul_int
                0x0000000000004a80                mbedtls_mpi_read_string
                0x0000000000004b9c                mbedtls_mpi_div_mpi
                0x0000000000004f00                mbedtls_mpi_div_int
                0x0000000000004f2e                mbedtls_mpi_mod_mpi
                0x0000000000004f92                mbedtls_mpi_mod_int
                0x0000000000005000                mbedtls_mpi_write_string
                0x00000000000051b4                mbedtls_mpi_montg_init
                0x00000000000051ba                mbedtls_mpi_montmul
                0x00000000000051be                mbedtls_mpi_montred
                0x00000000000051c2                mbedtls_mpi_exp_mod
                0x0000000000005628                mbedtls_mpi_gcd
                0x0000000000005728                mbedtls_mpi_fill_random
                0x00000000000058ee                mbedtls_mpi_random
                0x00000000000059d4                mbedtls_mpi_inv_mod
                0x0000000000005cba                mbedtls_mpi_is_prime_ext
                0x0000000000005d1e                mbedtls_mpi_is_prime
                0x0000000000005d28                mbedtls_mpi_gen_prime
                0x0000000000005f38                mbedtls_mpi_self_test
 .text          0x0000000000006234       0x14 build/export-ta_arm32/lib/libmbedtls.a(platform_util.o)
                0x0000000000006234                mbedtls_platform_zeroize
 .text          0x0000000000006248      0x9b0 build/export-ta_arm32/lib/libutils.a(bget_malloc.o)
                0x0000000000006268                bget
                0x000000000000646c                bgetz
                0x00000000000064cc                brel
                0x00000000000066d4                bgetr
                0x0000000000006758                bpool
                0x00000000000067f4                bstats
                0x0000000000006858                malloc_reset_stats
                0x000000000000686c                malloc_get_stats
                0x0000000000006888                raw_memalign
                0x00000000000068cc                raw_malloc
                0x00000000000068de                raw_free
                0x00000000000068e6                raw_calloc
                0x000000000000692e                raw_realloc
                0x00000000000069f4                malloc
                0x0000000000006a08                calloc
                0x0000000000006a28                realloc
                0x0000000000006a44                memalign
                0x0000000000006a64                free
                0x0000000000006a74                free_wipe
                0x0000000000006a84                raw_malloc_get_ctx_size
                0x0000000000006a88                raw_malloc_init_ctx
                0x0000000000006a9a                raw_malloc_add_pool
                0x0000000000006a9c                raw_malloc_get_stats
                0x0000000000006ab4                malloc_add_pool
                0x0000000000006ac4                malloc_buffer_is_within_alloced
                0x0000000000006ba4                malloc_buffer_overlaps_heap
 .text          0x0000000000006bf8       0xd8 build/export-ta_arm32/lib/libutils.a(memcpy.o)
                0x0000000000006bf8                memcpy
 .text          0x0000000000006cd0       0xf0 build/export-ta_arm32/lib/libutils.a(mempool.o)
                0x0000000000006cd0                mempool_alloc_pool
                0x0000000000006d54                mempool_alloc
                0x0000000000006d90                mempool_calloc
                0x0000000000006db4                mempool_free
 .text          0x0000000000006dc0        0xe build/ta/stm32mp_nvmem/user_ta_header.o
                0x0000000000006dc0                __ta_entry_c
                0x0000000000006dca                tahead_get_trace_level
 .text          0x0000000000006dce       0x10 build/export-ta_arm32/lib/libutils.a(memset.o)
                0x0000000000006dce                memset
 .text          0x0000000000006dde       0x1c build/export-ta_arm32/lib/libutils.a(memchr.o)
                0x0000000000006dde                memchr
 .text          0x0000000000006dfa       0x10 build/export-ta_arm32/lib/libutils.a(strlen.o)
                0x0000000000006dfa                strlen
 .text          0x0000000000006e0a      0x136 build/export-ta_arm32/lib/libutils.a(arm32_aeabi_ldivmod.o)
                0x0000000000006e94                __ul_divmod
                0x0000000000006ece                __l_divmod
 .text          0x0000000000006f40       0x2c build/export-ta_arm32/lib/libutils.a(snprintf.o)
                0x0000000000006f40                snprintf
                0x0000000000006f5e                vsnprintf
 .text          0x0000000000006f6c       0x34 build/export-ta_arm32/lib/libutils.a(memmove.o)
                0x0000000000006f6c                memmove
 .text          0x0000000000006fa0       0x16 build/export-ta_arm32/lib/libutils.a(strcmp.o)
                0x0000000000006fa0                strcmp
 .text          0x0000000000006fb6       0x2a build/export-ta_arm32/lib/libutils.a(strlcpy.o)
                0x0000000000006fb6                strlcpy
 .text          0x0000000000006fe0       0x48 build/export-ta_arm32/lib/libutils.a(consttime_memcmp.o)
                0x0000000000006fe0                consttime_memcmp
 .text          0x0000000000007028        0x0 build/ta/stm32mp_nvmem/ta_entry_a32.o
 .text          0x0000000000007028        0x0 build/export-ta_arm32/lib/libutils.a(arm32_aeabi_ldivmod_a32.o)
 .text          0x0000000000007028        0x0 build/export-ta_arm32/lib/libutee.a(abort.o)
 .text.__stub   0x0000000000007028       0x40 linker stubs
 *(SORT_BY_ALIGNMENT(.stub))
 *(SORT_BY_ALIGNMENT(.glue_7))
 .glue_7        0x0000000000007068        0x0 linker stubs
 *(SORT_BY_ALIGNMENT(.glue_7t))
 .glue_7t       0x0000000000007068        0x0 linker stubs
 *(SORT_BY_ALIGNMENT(.gnu.linkonce.t.*))
 *(SORT_BY_ALIGNMENT(.vfp11_veneer))
 .vfp11_veneer  0x0000000000007068        0x0 linker stubs
                0x0000000000007068                __text_end = .

.v4_bx          0x0000000000007068        0x0
 .v4_bx         0x0000000000007068        0x0 linker stubs

.iplt           0x0000000000007068        0x0
 .iplt          0x0000000000007068        0x0 build/ta/stm32mp_nvmem/ta_stm32mp_nvmem.o

.note.gnu.property
 *(SORT_BY_ALIGNMENT(.note.gnu.property))

.plt            0x0000000000007068        0x0
 *(SORT_BY_ALIGNMENT(.plt))
 .plt           0x0000000000007068        0x0 build/ta/stm32mp_nvmem/ta_stm32mp_nvmem.o

.eh_frame_hdr
 *(SORT_BY_ALIGNMENT(.eh_frame_hdr))
 *(SORT_BY_ALIGNMENT(.eh_frame_entry) SORT_BY_ALIGNMENT(.eh_frame_entry.*))

.eh_frame
 *(SORT_BY_ALIGNMENT(.eh_frame))
 *(SORT_BY_ALIGNMENT(.eh_frame.*))

.gcc_except_table
 *(SORT_BY_ALIGNMENT(.gcc_except_table) SORT_BY_ALIGNMENT(.gcc_except_table.*))

.rodata         0x0000000000007068     0x10ff
 *(SORT_BY_ALIGNMENT(.gnu.linkonce.r.*))
 *(SORT_BY_ALIGNMENT(.rodata) SORT_BY_ALIGNMENT(.rodata.*))
 .rodata.ta/stm32mp_nvmem/ta_stm32mp_nvmem.c
                0x0000000000007068       0x2b build/ta/stm32mp_nvmem/ta_stm32mp_nvmem.o
 *fill*         0x0000000000007093        0x1 
 .rodata.build/export-ta_arm32/src/user_ta_header.c
                0x0000000000007094       0x17 build/ta/stm32mp_nvmem/user_ta_header.o
                0x0000000000007094                ta_num_props
                0x00000000000070a4                ta_heap_size
                0x00000000000070a8                trace_ext_prefix
 *fill*         0x00000000000070ab        0x1 
 .rodata.lib/libutee/tee_api_property.c
                0x00000000000070ac       0x10 build/export-ta_arm32/lib/libutee.a(tee_api_property.o)
 .rodata.lib/libutee/tee_system_pta.c
                0x00000000000070bc       0x31 build/export-ta_arm32/lib/libutee.a(tee_system_pta.o)
 *fill*         0x00000000000070ed        0x3 
 .rodata.lib/libmbedtls/mbedtls/library/bignum.c
                0x00000000000070f0      0x2c4 build/export-ta_arm32/lib/libmbedtls.a(bignum.o)
 .rodata.str1.1.ta/stm32mp_nvmem/ta_stm32mp_nvmem.c
                0x00000000000073b4       0x20 build/ta/stm32mp_nvmem/ta_stm32mp_nvmem.o
 .rodata.str1.1.build/export-ta_arm32/src/user_ta_header.c
                0x00000000000073d4       0xae build/ta/stm32mp_nvmem/user_ta_header.o
 .rodata.str1.1.lib/libutils/ext/trace.c
                0x0000000000007482       0x1a build/export-ta_arm32/lib/libutils.a(trace.o)
                                         0x1b (size before relaxing)
 .rodata.lib/libutils/ext/trace.c
                0x000000000000749c        0x5 build/export-ta_arm32/lib/libutils.a(trace.o)
 .rodata.str1.1.lib/libutils/ext/snprintk.c
                0x00000000000074a1       0x38 build/export-ta_arm32/lib/libutils.a(snprintk.o)
 .rodata.lib/libutils/ext/snprintk.c
                0x00000000000074d9       0x22 build/export-ta_arm32/lib/libutils.a(snprintk.o)
 .rodata.str1.1.lib/libutee/trace_ext.c
                0x00000000000074fb       0x38 build/export-ta_arm32/lib/libutee.a(trace_ext.o)
                                          0x2 (size before relaxing)
 .rodata.str1.1.lib/libutee/tee_api.c
                0x00000000000074fb       0x11 build/export-ta_arm32/lib/libutee.a(tee_api.o)
 .rodata.lib/libutee/tee_api.c
                0x000000000000750c        0xb build/export-ta_arm32/lib/libutee.a(tee_api.o)
 .rodata.str1.1.lib/libutee/tee_api_property.c
                0x0000000000007517       0x97 build/export-ta_arm32/lib/libutee.a(tee_api_property.o)
                                         0x9c (size before relaxing)
 .rodata.str1.1.lib/libutee/tee_system_pta.c
                0x00000000000075ae       0x55 build/export-ta_arm32/lib/libutee.a(tee_system_pta.o)
 .rodata.str1.1.lib/libutee/arch/arm/user_ta_entry.c
                0x0000000000007603       0x19 build/export-ta_arm32/lib/libutee.a(user_ta_entry.o)
 .rodata.lib/libutee/arch/arm/user_ta_entry.c
                0x000000000000761c       0x16 build/export-ta_arm32/lib/libutee.a(user_ta_entry.o)
 .rodata.str1.1.lib/libutee/abort.c
                0x0000000000007632        0x7 build/export-ta_arm32/lib/libutee.a(abort.o)
 .rodata.lib/libutee/base64.c
                0x0000000000007639       0x41 build/export-ta_arm32/lib/libutee.a(base64.o)
 .rodata.str1.1.lib/libutee/tee_api_arith_mpi.c
                0x000000000000767a       0xb7 build/export-ta_arm32/lib/libutee.a(tee_api_arith_mpi.o)
 .rodata.lib/libutee/tee_api_arith_mpi.c
                0x0000000000007731      0x13d build/export-ta_arm32/lib/libutee.a(tee_api_arith_mpi.o)
 .rodata.str1.1.lib/libutee/arch/arm/tcb.c
                0x000000000000786e       0x96 build/export-ta_arm32/lib/libutee.a(tcb.o)
 .rodata.lib/libutee/arch/arm/tcb.c
                0x0000000000007904       0x20 build/export-ta_arm32/lib/libutee.a(tcb.o)
 .rodata.str1.1.lib/libutee/assert.c
                0x0000000000007924       0x27 build/export-ta_arm32/lib/libutee.a(assert.o)
 .rodata.str1.1.lib/libmbedtls/mbedtls/library/bignum.c
                0x000000000000794b      0x456 build/export-ta_arm32/lib/libmbedtls.a(bignum.o)
                                        0x45d (size before relaxing)
 .rodata.str1.1.lib/libutils/isoc/bget_malloc.c
                0x0000000000007da1      0x2b9 build/export-ta_arm32/lib/libutils.a(bget_malloc.o)
                                        0x2c2 (size before relaxing)
 .rodata.lib/libutils/isoc/bget_malloc.c
                0x000000000000805a       0x58 build/export-ta_arm32/lib/libutils.a(bget_malloc.o)
 .rodata.str1.1.lib/libutils/ext/mempool.c
                0x00000000000080b2       0x89 build/export-ta_arm32/lib/libutils.a(mempool.o)
 .rodata.lib/libutils/ext/mempool.c
                0x000000000000813b       0x2c build/export-ta_arm32/lib/libutils.a(mempool.o)

.gnu.version_d  0x0000000000008168        0x0
 .gnu.version_d
                0x0000000000008168        0x0 build/ta/stm32mp_nvmem/ta_stm32mp_nvmem.o

.gnu.version    0x0000000000008168        0x0
 .gnu.version   0x0000000000008168        0x0 build/ta/stm32mp_nvmem/ta_stm32mp_nvmem.o

.gnu.version_r  0x0000000000008168        0x0
 .gnu.version_r
                0x0000000000008168        0x0 build/ta/stm32mp_nvmem/ta_stm32mp_nvmem.o

.gnu.hash       0x0000000000008168       0x2c
 .gnu.hash      0x0000000000008168       0x2c build/ta/stm32mp_nvmem/ta_stm32mp_nvmem.o

.ARM.extab
 *(SORT_BY_ALIGNMENT(.ARM.extab*) SORT_BY_ALIGNMENT(.gnu.linkonce.armextab.*))
                [!provide]                        PROVIDE (__exidx_start = .)

.ARM.exidx
 *(SORT_BY_ALIGNMENT(.ARM.exidx*) SORT_BY_ALIGNMENT(.gnu.linkonce.armexidx.*))
                [!provide]                        PROVIDE (__exidx_end = .)

.ctors
 *(SORT_BY_ALIGNMENT(.ctors))

.dtors
 *(SORT_BY_ALIGNMENT(.dtors))

.dynsym         0x0000000000008194       0x60
 *(SORT_BY_ALIGNMENT(.dynsym))
 .dynsym        0x0000000000008194       0x60 build/ta/stm32mp_nvmem/ta_stm32mp_nvmem.o

.dynstr         0x00000000000081f4       0x2e
 *(SORT_BY_ALIGNMENT(.dynstr))
 .dynstr        0x00000000000081f4       0x2e build/ta/stm32mp_nvmem/ta_stm32mp_nvmem.o

.hash           0x0000000000008224       0x2c
 *(SORT_BY_ALIGNMENT(.hash))
 .hash          0x0000000000008224       0x2c build/ta/stm32mp_nvmem/ta_stm32mp_nvmem.o
                0x0000000000009000                . = ALIGN (0x1000)

.dynamic        0x0000000000009000       0x88
 *(SORT_BY_ALIGNMENT(.dynamic))
 .dynamic       0x0000000000009000       0x88 build/ta/stm32mp_nvmem/ta_stm32mp_nvmem.o
                0x0000000000009000                _DYNAMIC

.tdata
 *(SORT_BY_ALIGNMENT(.tdata) SORT_BY_ALIGNMENT(.tdata.*) SORT_BY_ALIGNMENT(.gnu.linkonce.td.*))

.tbss
 *(SORT_BY_ALIGNMENT(.tbss) SORT_BY_ALIGNMENT(.tbss.*) SORT_BY_ALIGNMENT(.gnu.linkonce.tb.*))
 *(SORT_BY_ALIGNMENT(.tcommon))

.got            0x0000000000009088       0x4c
 *(SORT_BY_ALIGNMENT(.got.plt))
 .got.plt       0x0000000000009088        0xc build/ta/stm32mp_nvmem/ta_stm32mp_nvmem.o
                0x0000000000009088                _GLOBAL_OFFSET_TABLE_
 *(SORT_BY_ALIGNMENT(.got))
 .got           0x0000000000009094       0x40 build/ta/stm32mp_nvmem/ta_stm32mp_nvmem.o

.rel.text
 *(SORT_BY_ALIGNMENT(.rel.text))
 *(SORT_BY_ALIGNMENT(.rel.gnu.linkonce.t*))

.rela.text
 *(SORT_BY_ALIGNMENT(.rela.text))
 *(SORT_BY_ALIGNMENT(.rela.gnu.linkonce.t*))

.rel.data
 *(SORT_BY_ALIGNMENT(.rel.data))
 *(SORT_BY_ALIGNMENT(.rel.gnu.linkonce.d*))

.rela.data
 *(SORT_BY_ALIGNMENT(.rela.data))
 *(SORT_BY_ALIGNMENT(.rela.gnu.linkonce.d*))

.rel.tdata
 *(SORT_BY_ALIGNMENT(.rel.tdata) SORT_BY_ALIGNMENT(.rel.tdata.*) SORT_BY_ALIGNMENT(.rel.gnu.linkonce.td.*))

.rela.tdata
 *(SORT_BY_ALIGNMENT(.rela.tdata) SORT_BY_ALIGNMENT(.rela.tdata.*) SORT_BY_ALIGNMENT(.rela.gnu.linkonce.td.*))

.rel.tbss
 *(SORT_BY_ALIGNMENT(.rel.tbss) SORT_BY_ALIGNMENT(.rel.tbss.*) SORT_BY_ALIGNMENT(.rel.gnu.linkonce.tb.*))

.rela.tbss
 *(SORT_BY_ALIGNMENT(.rela.tbss) SORT_BY_ALIGNMENT(.rela.tbss.*) SORT_BY_ALIGNMENT(.rela.gnu.linkonce.tb.*))

.rel.rodata
 *(SORT_BY_ALIGNMENT(.rel.rodata))
 *(SORT_BY_ALIGNMENT(.rel.gnu.linkonce.r*))

.rela.rodata
 *(SORT_BY_ALIGNMENT(.rela.rodata))
 *(SORT_BY_ALIGNMENT(.rela.gnu.linkonce.r*))

.rel.dyn        0x00000000000090d4       0xe8
 *(SORT_BY_ALIGNMENT(.rel.dyn))
 .rel.data.rel.ro
                0x00000000000090d4        0x0 build/ta/stm32mp_nvmem/ta_stm32mp_nvmem.o
 .rel.iplt      0x00000000000090d4        0x0 build/ta/stm32mp_nvmem/ta_stm32mp_nvmem.o
 .rel.data.rel.ro.local
                0x00000000000090d4       0xc0 build/ta/stm32mp_nvmem/ta_stm32mp_nvmem.o
 .rel.data.rel.local
                0x0000000000009194       0x20 build/ta/stm32mp_nvmem/ta_stm32mp_nvmem.o
 .rel.data.rel  0x00000000000091b4        0x8 build/ta/stm32mp_nvmem/ta_stm32mp_nvmem.o

.rel.got        0x00000000000091bc       0x80
 *(SORT_BY_ALIGNMENT(.rel.got))
 .rel.got       0x00000000000091bc       0x80 build/ta/stm32mp_nvmem/ta_stm32mp_nvmem.o

.rela.got
 *(SORT_BY_ALIGNMENT(.rela.got))

.rel.ctors
 *(SORT_BY_ALIGNMENT(.rel.ctors))

.rela.ctors
 *(SORT_BY_ALIGNMENT(.rela.ctors))

.rel.dtors
 *(SORT_BY_ALIGNMENT(.rel.dtors))

.rela.dtors
 *(SORT_BY_ALIGNMENT(.rela.dtors))

.rel.init
 *(SORT_BY_ALIGNMENT(.rel.init))

.rela.init
 *(SORT_BY_ALIGNMENT(.rela.init))

.rel.fini
 *(SORT_BY_ALIGNMENT(.rel.fini))

.rela.fini
 *(SORT_BY_ALIGNMENT(.rela.fini))

.rel.bss        0x000000000000923c        0x0
 *(SORT_BY_ALIGNMENT(.rel.bss))
 .rel.bss       0x000000000000923c        0x0 build/ta/stm32mp_nvmem/ta_stm32mp_nvmem.o

.rela.bss
 *(SORT_BY_ALIGNMENT(.rela.bss))

.rel.plt        0x000000000000923c        0x0
 *(SORT_BY_ALIGNMENT(.rel.plt))
 .rel.plt       0x000000000000923c        0x0 build/ta/stm32mp_nvmem/ta_stm32mp_nvmem.o

.rela.plt
 *(SORT_BY_ALIGNMENT(.rela.plt))

.data           0x000000000000923c      0x104
 *(SORT_BY_ALIGNMENT(.data) SORT_BY_ALIGNMENT(.data.*) SORT_BY_ALIGNMENT(.gnu.linkonce.d.*))
 .data          0x000000000000923c        0x4 build/ta/stm32mp_nvmem/user_ta_header.o
                0x000000000000923c                trace_level
 .data.rel.ro.local
                0x0000000000009240       0x54 build/ta/stm32mp_nvmem/user_ta_header.o
                0x0000000000009240                ta_props
 .data.rel.ro.local
                0x0000000000009294       0x3c build/export-ta_arm32/lib/libutee.a(tee_api_property.o)
                0x0000000000009294                tee_props
 .data.rel.local
                0x00000000000092d0       0x10 build/export-ta_arm32/lib/libutee.a(user_ta_entry.o)
 .data.rel      0x00000000000092e0        0x4 build/export-ta_arm32/lib/libmbedtls.a(platform_util.o)
 .data.rel.local
                0x00000000000092e4       0x5c build/export-ta_arm32/lib/libutils.a(bget_malloc.o)
 .data          0x0000000000009340        0x0 build/ta/stm32mp_nvmem/ta_stm32mp_nvmem.o
 .data.rel.ro   0x0000000000009340        0x0 build/ta/stm32mp_nvmem/ta_stm32mp_nvmem.o
 .data          0x0000000000009340        0x0 build/ta/stm32mp_nvmem/ta_entry_a32.o
 .data          0x0000000000009340        0x0 build/export-ta_arm32/lib/libutils.a(memset.o)
 .data          0x0000000000009340        0x0 build/export-ta_arm32/lib/libutils.a(trace.o)
 .data          0x0000000000009340        0x0 build/export-ta_arm32/lib/libutils.a(snprintk.o)
 .data          0x0000000000009340        0x0 build/export-ta_arm32/lib/libutils.a(memchr.o)
 .data          0x0000000000009340        0x0 build/export-ta_arm32/lib/libutils.a(strlen.o)
 .data          0x0000000000009340        0x0 build/export-ta_arm32/lib/libutils.a(arm32_aeabi_ldivmod_a32.o)
 .data          0x0000000000009340        0x0 build/export-ta_arm32/lib/libutils.a(arm32_aeabi_ldivmod.o)
 .data          0x0000000000009340        0x0 build/export-ta_arm32/lib/libutee.a(trace_ext.o)
 .data          0x0000000000009340        0x0 build/export-ta_arm32/lib/libutee.a(tee_api.o)
 .data          0x0000000000009340        0x0 build/export-ta_arm32/lib/libutee.a(tee_api_panic.o)
 .data          0x0000000000009340        0x0 build/export-ta_arm32/lib/libutee.a(tee_api_property.o)
 .data          0x0000000000009340        0x0 build/export-ta_arm32/lib/libutee.a(tee_system_pta.o)
 .data          0x0000000000009340        0x0 build/export-ta_arm32/lib/libutee.a(utee_syscalls_a32.o)
 .data          0x0000000000009340        0x0 build/export-ta_arm32/lib/libutee.a(user_ta_entry.o)
 .data          0x0000000000009340        0x0 build/export-ta_arm32/lib/libutee.a(abort.o)
 .data          0x0000000000009340        0x0 build/export-ta_arm32/lib/libutee.a(base64.o)
 .data          0x0000000000009340        0x0 build/export-ta_arm32/lib/libutee.a(tee_api_arith_mpi.o)
 .data          0x0000000000009340        0x0 build/export-ta_arm32/lib/libutee.a(tcb.o)
 .data          0x0000000000009340        0x0 build/export-ta_arm32/lib/libutee.a(assert.o)
 .data          0x0000000000009340        0x0 build/export-ta_arm32/lib/libmbedtls.a(bignum.o)
 .data          0x0000000000009340        0x0 build/export-ta_arm32/lib/libmbedtls.a(platform_util.o)
 .data          0x0000000000009340        0x0 build/export-ta_arm32/lib/libutils.a(bget_malloc.o)
 .data          0x0000000000009340        0x0 build/export-ta_arm32/lib/libutils.a(snprintf.o)
 .data          0x0000000000009340        0x0 build/export-ta_arm32/lib/libutils.a(memcpy.o)
 .data          0x0000000000009340        0x0 build/export-ta_arm32/lib/libutils.a(memmove.o)
 .data          0x0000000000009340        0x0 build/export-ta_arm32/lib/libutils.a(strcmp.o)
 .data          0x0000000000009340        0x0 build/export-ta_arm32/lib/libutils.a(strlcpy.o)
 .data          0x0000000000009340        0x0 build/export-ta_arm32/lib/libutils.a(mempool.o)
 .data          0x0000000000009340        0x0 build/export-ta_arm32/lib/libutils.a(consttime_memcmp.o)

.igot.plt       0x0000000000009340        0x0
 .igot.plt      0x0000000000009340        0x0 build/ta/stm32mp_nvmem/ta_stm32mp_nvmem.o

.bss            0x0000000000009340     0x7058
 *(SORT_BY_ALIGNMENT(.bss) SORT_BY_ALIGNMENT(.bss.*) SORT_BY_ALIGNMENT(.gnu.linkonce.b.*) SORT_BY_ALIGNMENT(COMMON))
 .bss           0x0000000000009340        0x8 build/ta/stm32mp_nvmem/ta_stm32mp_nvmem.o
 .bss           0x0000000000009348        0x4 build/export-ta_arm32/lib/libutee.a(tee_api.o)
 .bss           0x000000000000934c        0x4 build/export-ta_arm32/lib/libutee.a(tee_system_pta.o)
 .bss           0x0000000000009350       0x38 build/export-ta_arm32/lib/libutee.a(user_ta_entry.o)
                0x0000000000009358                __elf_phdr_info
                0x0000000000009364                ta_params
                0x0000000000009384                ta_param_types
 .bss           0x0000000000009388     0x3000 build/export-ta_arm32/lib/libutee.a(tee_api_arith_mpi.o)
 .bss           0x000000000000c388        0x8 build/export-ta_arm32/lib/libutee.a(tcb.o)
 .bss           0x000000000000c390        0x4 build/export-ta_arm32/lib/libmbedtls.a(bignum.o)
                0x000000000000c390                mbedtls_mpi_mempool
 .bss           0x000000000000c394     0x4000 build/ta/stm32mp_nvmem/user_ta_header.o
                0x000000000000c394                ta_heap
 .bss           0x0000000000010394        0x0 build/ta/stm32mp_nvmem/ta_entry_a32.o
 .bss           0x0000000000010394        0x0 build/export-ta_arm32/lib/libutils.a(memset.o)
 .bss           0x0000000000010394        0x0 build/export-ta_arm32/lib/libutils.a(trace.o)
 .bss           0x0000000000010394        0x0 build/export-ta_arm32/lib/libutils.a(snprintk.o)
 .bss           0x0000000000010394        0x0 build/export-ta_arm32/lib/libutils.a(memchr.o)
 .bss           0x0000000000010394        0x0 build/export-ta_arm32/lib/libutils.a(strlen.o)
 .bss           0x0000000000010394        0x0 build/export-ta_arm32/lib/libutils.a(arm32_aeabi_ldivmod_a32.o)
 .bss           0x0000000000010394        0x0 build/export-ta_arm32/lib/libutils.a(arm32_aeabi_ldivmod.o)
 .bss           0x0000000000010394        0x0 build/export-ta_arm32/lib/libutee.a(trace_ext.o)
 .bss           0x0000000000010394        0x0 build/export-ta_arm32/lib/libutee.a(tee_api_panic.o)
 .bss           0x0000000000010394        0x0 build/export-ta_arm32/lib/libutee.a(tee_api_property.o)
 .bss           0x0000000000010394        0x0 build/export-ta_arm32/lib/libutee.a(utee_syscalls_a32.o)
 .bss           0x0000000000010394        0x0 build/export-ta_arm32/lib/libutee.a(abort.o)
 .bss           0x0000000000010394        0x0 build/export-ta_arm32/lib/libutee.a(base64.o)
 .bss           0x0000000000010394        0x0 build/export-ta_arm32/lib/libutee.a(assert.o)
 .bss           0x0000000000010394        0x0 build/export-ta_arm32/lib/libmbedtls.a(platform_util.o)
 .bss           0x0000000000010394        0x0 build/export-ta_arm32/lib/libutils.a(bget_malloc.o)
 .bss           0x0000000000010394        0x0 build/export-ta_arm32/lib/libutils.a(snprintf.o)
 .bss           0x0000000000010394        0x0 build/export-ta_arm32/lib/libutils.a(memcpy.o)
 .bss           0x0000000000010394        0x0 build/export-ta_arm32/lib/libutils.a(memmove.o)
 .bss           0x0000000000010394        0x0 build/export-ta_arm32/lib/libutils.a(strcmp.o)
 .bss           0x0000000000010394        0x0 build/export-ta_arm32/lib/libutils.a(strlcpy.o)
 .bss           0x0000000000010394        0x0 build/export-ta_arm32/lib/libutils.a(mempool.o)
 .bss           0x0000000000010394        0x0 build/export-ta_arm32/lib/libutils.a(consttime_memcmp.o)
                0x0000000000010398                . = ALIGN (0x8)
 *fill*         0x0000000000010394        0x4 
                0x0000000000010398                __ftrace_buf_start = .
                0x0000000000010398                . = (. + DEFINED (__gnu_mcount_nc)?0x800:0x0)
                0x0000000000010398                __ftrace_buf_end = .

.dynbss         0x0000000000010398        0x0
 .dynbss        0x0000000000010398        0x0 build/ta/stm32mp_nvmem/ta_stm32mp_nvmem.o

/DISCARD/
 *(SORT_BY_ALIGNMENT(.interp))
LOAD build/ta/stm32mp_nvmem/ta_stm32mp_nvmem.o
LOAD build/ta/stm32mp_nvmem/user_ta_header.o
LOAD build/ta/stm32mp_nvmem/ta_entry_a32.o
START GROUP
LOAD build/export-ta_arm32/lib/libutils.a
LOAD build/export-ta_arm32/lib/libutee.a
LOAD build/export-ta_arm32/lib/libmbedtls.a
END GROUP
LOAD /opt/embedded/crosstools/arm-gnu-toolchain-11.3.rel1-x86_64-arm-none-linux-gnueabihf/bin/../lib/gcc/arm-none-linux-gnueabihf/11.3.1/libgcc.a
OUTPUT(build/ta/stm32mp_nvmem/1a8342cc-81a5-4512-99fe-9e2b3e37d626.elf elf32-littlearm)
LOAD linker stubs

.debug_info     0x0000000000000000    0x13ab9
 .debug_info    0x0000000000000000      0x920 build/ta/stm32mp_nvmem/ta_stm32mp_nvmem.o
 .debug_info    0x0000000000000920      0x415 build/ta/stm32mp_nvmem/user_ta_header.o
 .debug_info    0x0000000000000d35       0x24 build/ta/stm32mp_nvmem/ta_entry_a32.o
 .debug_info    0x0000000000000d59       0xa7 build/export-ta_arm32/lib/libutils.a(memset.o)
 .debug_info    0x0000000000000e00      0x56c build/export-ta_arm32/lib/libutils.a(trace.o)
 .debug_info    0x000000000000136c      0x809 build/export-ta_arm32/lib/libutils.a(snprintk.o)
 .debug_info    0x0000000000001b75       0xd3 build/export-ta_arm32/lib/libutils.a(memchr.o)
 .debug_info    0x0000000000001c48       0x9a build/export-ta_arm32/lib/libutils.a(strlen.o)
 .debug_info    0x0000000000001ce2       0x23 build/export-ta_arm32/lib/libutils.a(arm32_aeabi_ldivmod_a32.o)
 .debug_info    0x0000000000001d05      0x2cc build/export-ta_arm32/lib/libutils.a(arm32_aeabi_ldivmod.o)
 .debug_info    0x0000000000001fd1      0x2ed build/export-ta_arm32/lib/libutee.a(trace_ext.o)
 .debug_info    0x00000000000022be     0x139a build/export-ta_arm32/lib/libutee.a(tee_api.o)
 .debug_info    0x0000000000003658      0x6a0 build/export-ta_arm32/lib/libutee.a(tee_api_panic.o)
 .debug_info    0x0000000000003cf8     0x12f3 build/export-ta_arm32/lib/libutee.a(tee_api_property.o)
 .debug_info    0x0000000000004feb      0x6e3 build/export-ta_arm32/lib/libutee.a(tee_system_pta.o)
 .debug_info    0x00000000000056ce       0x23 build/export-ta_arm32/lib/libutee.a(utee_syscalls_a32.o)
 .debug_info    0x00000000000056f1     0x1349 build/export-ta_arm32/lib/libutee.a(user_ta_entry.o)
 .debug_info    0x0000000000006a3a       0xcb build/export-ta_arm32/lib/libutee.a(abort.o)
 .debug_info    0x0000000000006b05      0x31a build/export-ta_arm32/lib/libutee.a(base64.o)
 .debug_info    0x0000000000006e1f     0x3d37 build/export-ta_arm32/lib/libutee.a(tee_api_arith_mpi.o)
 .debug_info    0x000000000000ab56      0x6b3 build/export-ta_arm32/lib/libutee.a(tcb.o)
 .debug_info    0x000000000000b209      0x18c build/export-ta_arm32/lib/libutee.a(assert.o)
 .debug_info    0x000000000000b395     0x5943 build/export-ta_arm32/lib/libmbedtls.a(bignum.o)
 .debug_info    0x0000000000010cd8      0x133 build/export-ta_arm32/lib/libmbedtls.a(platform_util.o)
 .debug_info    0x0000000000010e0b     0x20a1 build/export-ta_arm32/lib/libutils.a(bget_malloc.o)
 .debug_info    0x0000000000012eac      0x1e2 build/export-ta_arm32/lib/libutils.a(snprintf.o)
 .debug_info    0x000000000001308e      0x112 build/export-ta_arm32/lib/libutils.a(memcpy.o)
 .debug_info    0x00000000000131a0       0xd6 build/export-ta_arm32/lib/libutils.a(memmove.o)
 .debug_info    0x0000000000013276       0x88 build/export-ta_arm32/lib/libutils.a(strcmp.o)
 .debug_info    0x00000000000132fe      0x113 build/export-ta_arm32/lib/libutils.a(strlcpy.o)
 .debug_info    0x0000000000013411      0x59e build/export-ta_arm32/lib/libutils.a(mempool.o)
 .debug_info    0x00000000000139af      0x10a build/export-ta_arm32/lib/libutils.a(consttime_memcmp.o)

.debug_abbrev   0x0000000000000000     0x3d74
 .debug_abbrev  0x0000000000000000      0x318 build/ta/stm32mp_nvmem/ta_stm32mp_nvmem.o
 .debug_abbrev  0x0000000000000318      0x1d1 build/ta/stm32mp_nvmem/user_ta_header.o
 .debug_abbrev  0x00000000000004e9       0x14 build/ta/stm32mp_nvmem/ta_entry_a32.o
 .debug_abbrev  0x00000000000004fd       0xa3 build/export-ta_arm32/lib/libutils.a(memset.o)
 .debug_abbrev  0x00000000000005a0      0x2c3 build/export-ta_arm32/lib/libutils.a(trace.o)
 .debug_abbrev  0x0000000000000863      0x2ed build/export-ta_arm32/lib/libutils.a(snprintk.o)
 .debug_abbrev  0x0000000000000b50       0xb4 build/export-ta_arm32/lib/libutils.a(memchr.o)
 .debug_abbrev  0x0000000000000c04       0x90 build/export-ta_arm32/lib/libutils.a(strlen.o)
 .debug_abbrev  0x0000000000000c94       0x12 build/export-ta_arm32/lib/libutils.a(arm32_aeabi_ldivmod_a32.o)
 .debug_abbrev  0x0000000000000ca6      0x176 build/export-ta_arm32/lib/libutils.a(arm32_aeabi_ldivmod.o)
 .debug_abbrev  0x0000000000000e1c      0x1b5 build/export-ta_arm32/lib/libutee.a(trace_ext.o)
 .debug_abbrev  0x0000000000000fd1      0x3ba build/export-ta_arm32/lib/libutee.a(tee_api.o)
 .debug_abbrev  0x000000000000138b      0x201 build/export-ta_arm32/lib/libutee.a(tee_api_panic.o)
 .debug_abbrev  0x000000000000158c      0x33a build/export-ta_arm32/lib/libutee.a(tee_api_property.o)
 .debug_abbrev  0x00000000000018c6      0x272 build/export-ta_arm32/lib/libutee.a(tee_system_pta.o)
 .debug_abbrev  0x0000000000001b38       0x12 build/export-ta_arm32/lib/libutee.a(utee_syscalls_a32.o)
 .debug_abbrev  0x0000000000001b4a      0x558 build/export-ta_arm32/lib/libutee.a(user_ta_entry.o)
 .debug_abbrev  0x00000000000020a2       0x92 build/export-ta_arm32/lib/libutee.a(abort.o)
 .debug_abbrev  0x0000000000002134      0x194 build/export-ta_arm32/lib/libutee.a(base64.o)
 .debug_abbrev  0x00000000000022c8      0x525 build/export-ta_arm32/lib/libutee.a(tee_api_arith_mpi.o)
 .debug_abbrev  0x00000000000027ed      0x23f build/export-ta_arm32/lib/libutee.a(tcb.o)
 .debug_abbrev  0x0000000000002a2c       0xbc build/export-ta_arm32/lib/libutee.a(assert.o)
 .debug_abbrev  0x0000000000002ae8      0x5c3 build/export-ta_arm32/lib/libmbedtls.a(bignum.o)
 .debug_abbrev  0x00000000000030ab       0xd4 build/export-ta_arm32/lib/libmbedtls.a(platform_util.o)
 .debug_abbrev  0x000000000000317f      0x4f2 build/export-ta_arm32/lib/libutils.a(bget_malloc.o)
 .debug_abbrev  0x0000000000003671      0x13c build/export-ta_arm32/lib/libutils.a(snprintf.o)
 .debug_abbrev  0x00000000000037ad       0xc6 build/export-ta_arm32/lib/libutils.a(memcpy.o)
 .debug_abbrev  0x0000000000003873       0xb1 build/export-ta_arm32/lib/libutils.a(memmove.o)
 .debug_abbrev  0x0000000000003924       0x6f build/export-ta_arm32/lib/libutils.a(strcmp.o)
 .debug_abbrev  0x0000000000003993       0xa5 build/export-ta_arm32/lib/libutils.a(strlcpy.o)
 .debug_abbrev  0x0000000000003a38      0x28b build/export-ta_arm32/lib/libutils.a(mempool.o)
 .debug_abbrev  0x0000000000003cc3       0xb1 build/export-ta_arm32/lib/libutils.a(consttime_memcmp.o)

.debug_loclists
                0x0000000000000000     0xc14f
 .debug_loclists
                0x0000000000000000      0x3c4 build/ta/stm32mp_nvmem/ta_stm32mp_nvmem.o
 .debug_loclists
                0x00000000000003c4       0x5c build/ta/stm32mp_nvmem/user_ta_header.o
 .debug_loclists
                0x0000000000000420       0x3d build/export-ta_arm32/lib/libutils.a(memset.o)
 .debug_loclists
                0x000000000000045d      0x264 build/export-ta_arm32/lib/libutils.a(trace.o)
 .debug_loclists
                0x00000000000006c1      0xa4a build/export-ta_arm32/lib/libutils.a(snprintk.o)
 .debug_loclists
                0x000000000000110b       0xae build/export-ta_arm32/lib/libutils.a(memchr.o)
 .debug_loclists
                0x00000000000011b9       0x2d build/export-ta_arm32/lib/libutils.a(strlen.o)
 .debug_loclists
                0x00000000000011e6      0x26a build/export-ta_arm32/lib/libutils.a(arm32_aeabi_ldivmod.o)
 .debug_loclists
                0x0000000000001450       0x66 build/export-ta_arm32/lib/libutee.a(trace_ext.o)
 .debug_loclists
                0x00000000000014b6      0x86d build/export-ta_arm32/lib/libutee.a(tee_api.o)
 .debug_loclists
                0x0000000000001d23      0x346 build/export-ta_arm32/lib/libutee.a(tee_api_panic.o)
 .debug_loclists
                0x0000000000002069      0x858 build/export-ta_arm32/lib/libutee.a(tee_api_property.o)
 .debug_loclists
                0x00000000000028c1      0x203 build/export-ta_arm32/lib/libutee.a(tee_system_pta.o)
 .debug_loclists
                0x0000000000002ac4      0x6a0 build/export-ta_arm32/lib/libutee.a(user_ta_entry.o)
 .debug_loclists
                0x0000000000003164      0x349 build/export-ta_arm32/lib/libutee.a(base64.o)
 .debug_loclists
                0x00000000000034ad     0x1cd2 build/export-ta_arm32/lib/libutee.a(tee_api_arith_mpi.o)
 .debug_loclists
                0x000000000000517f      0x1f2 build/export-ta_arm32/lib/libutee.a(tcb.o)
 .debug_loclists
                0x0000000000005371       0x74 build/export-ta_arm32/lib/libutee.a(assert.o)
 .debug_loclists
                0x00000000000053e5     0x4b36 build/export-ta_arm32/lib/libmbedtls.a(bignum.o)
 .debug_loclists
                0x0000000000009f1b       0x45 build/export-ta_arm32/lib/libmbedtls.a(platform_util.o)
 .debug_loclists
                0x0000000000009f60     0x1a6b build/export-ta_arm32/lib/libutils.a(bget_malloc.o)
 .debug_loclists
                0x000000000000b9cb       0x76 build/export-ta_arm32/lib/libutils.a(snprintf.o)
 .debug_loclists
                0x000000000000ba41      0x22c build/export-ta_arm32/lib/libutils.a(memcpy.o)
 .debug_loclists
                0x000000000000bc6d      0x11c build/export-ta_arm32/lib/libutils.a(memmove.o)
 .debug_loclists
                0x000000000000bd89       0x50 build/export-ta_arm32/lib/libutils.a(strcmp.o)
 .debug_loclists
                0x000000000000bdd9       0x9e build/export-ta_arm32/lib/libutils.a(strlcpy.o)
 .debug_loclists
                0x000000000000be77      0x214 build/export-ta_arm32/lib/libutils.a(mempool.o)
 .debug_loclists
                0x000000000000c08b       0xc4 build/export-ta_arm32/lib/libutils.a(consttime_memcmp.o)

.debug_aranges  0x0000000000000000      0x5c8
 .debug_aranges
                0x0000000000000000       0x20 build/ta/stm32mp_nvmem/ta_stm32mp_nvmem.o
 .debug_aranges
                0x0000000000000020       0x20 build/ta/stm32mp_nvmem/user_ta_header.o
 .debug_aranges
                0x0000000000000040       0x20 build/ta/stm32mp_nvmem/ta_entry_a32.o
 .debug_aranges
                0x0000000000000060       0x20 build/export-ta_arm32/lib/libutils.a(memset.o)
 .debug_aranges
                0x0000000000000080       0x20 build/export-ta_arm32/lib/libutils.a(trace.o)
 .debug_aranges
                0x00000000000000a0       0x20 build/export-ta_arm32/lib/libutils.a(snprintk.o)
 .debug_aranges
                0x00000000000000c0       0x20 build/export-ta_arm32/lib/libutils.a(memchr.o)
 .debug_aranges
                0x00000000000000e0       0x20 build/export-ta_arm32/lib/libutils.a(strlen.o)
 .debug_aranges
                0x0000000000000100       0x28 build/export-ta_arm32/lib/libutils.a(arm32_aeabi_ldivmod_a32.o)
 .debug_aranges
                0x0000000000000128       0x20 build/export-ta_arm32/lib/libutils.a(arm32_aeabi_ldivmod.o)
 .debug_aranges
                0x0000000000000148       0x20 build/export-ta_arm32/lib/libutee.a(trace_ext.o)
 .debug_aranges
                0x0000000000000168       0x20 build/export-ta_arm32/lib/libutee.a(tee_api.o)
 .debug_aranges
                0x0000000000000188       0x20 build/export-ta_arm32/lib/libutee.a(tee_api_panic.o)
 .debug_aranges
                0x00000000000001a8       0x20 build/export-ta_arm32/lib/libutee.a(tee_api_property.o)
 .debug_aranges
                0x00000000000001c8       0x20 build/export-ta_arm32/lib/libutee.a(tee_system_pta.o)
 .debug_aranges
                0x00000000000001e8      0x1e0 build/export-ta_arm32/lib/libutee.a(utee_syscalls_a32.o)
 .debug_aranges
                0x00000000000003c8       0x20 build/export-ta_arm32/lib/libutee.a(user_ta_entry.o)
 .debug_aranges
                0x00000000000003e8       0x20 build/export-ta_arm32/lib/libutee.a(abort.o)
 .debug_aranges
                0x0000000000000408       0x20 build/export-ta_arm32/lib/libutee.a(base64.o)
 .debug_aranges
                0x0000000000000428       0x20 build/export-ta_arm32/lib/libutee.a(tee_api_arith_mpi.o)
 .debug_aranges
                0x0000000000000448       0x20 build/export-ta_arm32/lib/libutee.a(tcb.o)
 .debug_aranges
                0x0000000000000468       0x20 build/export-ta_arm32/lib/libutee.a(assert.o)
 .debug_aranges
                0x0000000000000488       0x20 build/export-ta_arm32/lib/libmbedtls.a(bignum.o)
 .debug_aranges
                0x00000000000004a8       0x20 build/export-ta_arm32/lib/libmbedtls.a(platform_util.o)
 .debug_aranges
                0x00000000000004c8       0x20 build/export-ta_arm32/lib/libutils.a(bget_malloc.o)
 .debug_aranges
                0x00000000000004e8       0x20 build/export-ta_arm32/lib/libutils.a(snprintf.o)
 .debug_aranges
                0x0000000000000508       0x20 build/export-ta_arm32/lib/libutils.a(memcpy.o)
 .debug_aranges
                0x0000000000000528       0x20 build/export-ta_arm32/lib/libutils.a(memmove.o)
 .debug_aranges
                0x0000000000000548       0x20 build/export-ta_arm32/lib/libutils.a(strcmp.o)
 .debug_aranges
                0x0000000000000568       0x20 build/export-ta_arm32/lib/libutils.a(strlcpy.o)
 .debug_aranges
                0x0000000000000588       0x20 build/export-ta_arm32/lib/libutils.a(mempool.o)
 .debug_aranges
                0x00000000000005a8       0x20 build/export-ta_arm32/lib/libutils.a(consttime_memcmp.o)

.debug_rnglists
                0x0000000000000000      0x6aa
 .debug_rnglists
                0x0000000000000000       0x42 build/ta/stm32mp_nvmem/ta_stm32mp_nvmem.o
 .debug_rnglists
                0x0000000000000042       0x25 build/export-ta_arm32/lib/libutils.a(trace.o)
 .debug_rnglists
                0x0000000000000067       0x17 build/export-ta_arm32/lib/libutils.a(snprintk.o)
 .debug_rnglists
                0x000000000000007e       0x19 build/export-ta_arm32/lib/libutils.a(arm32_aeabi_ldivmod_a32.o)
 .debug_rnglists
                0x0000000000000097       0x17 build/export-ta_arm32/lib/libutils.a(arm32_aeabi_ldivmod.o)
 .debug_rnglists
                0x00000000000000ae       0x1a build/export-ta_arm32/lib/libutee.a(tee_api.o)
 .debug_rnglists
                0x00000000000000c8       0x2a build/export-ta_arm32/lib/libutee.a(tee_api_panic.o)
 .debug_rnglists
                0x00000000000000f2       0x27 build/export-ta_arm32/lib/libutee.a(tee_api_property.o)
 .debug_rnglists
                0x0000000000000119       0x17 build/export-ta_arm32/lib/libutee.a(tee_system_pta.o)
 .debug_rnglists
                0x0000000000000130      0x163 build/export-ta_arm32/lib/libutee.a(utee_syscalls_a32.o)
 .debug_rnglists
                0x0000000000000293       0x59 build/export-ta_arm32/lib/libutee.a(user_ta_entry.o)
 .debug_rnglists
                0x00000000000002ec       0x13 build/export-ta_arm32/lib/libutee.a(abort.o)
 .debug_rnglists
                0x00000000000002ff       0x25 build/export-ta_arm32/lib/libutee.a(base64.o)
 .debug_rnglists
                0x0000000000000324      0x13c build/export-ta_arm32/lib/libutee.a(tee_api_arith_mpi.o)
 .debug_rnglists
                0x0000000000000460      0x139 build/export-ta_arm32/lib/libmbedtls.a(bignum.o)
 .debug_rnglists
                0x0000000000000599       0xfe build/export-ta_arm32/lib/libutils.a(bget_malloc.o)
 .debug_rnglists
                0x0000000000000697       0x13 build/export-ta_arm32/lib/libutils.a(mempool.o)

.debug_macro    0x0000000000000000    0x19460
 .debug_macro   0x0000000000000000      0x1af build/ta/stm32mp_nvmem/ta_stm32mp_nvmem.o
 .debug_macro   0x00000000000001af      0xaf0 build/ta/stm32mp_nvmem/ta_stm32mp_nvmem.o
 .debug_macro   0x0000000000000c9f      0x6b0 build/ta/stm32mp_nvmem/ta_stm32mp_nvmem.o
 .debug_macro   0x000000000000134f       0xf3 build/ta/stm32mp_nvmem/ta_stm32mp_nvmem.o
 .debug_macro   0x0000000000001442       0x58 build/ta/stm32mp_nvmem/ta_stm32mp_nvmem.o
 .debug_macro   0x000000000000149a       0x22 build/ta/stm32mp_nvmem/ta_stm32mp_nvmem.o
 .debug_macro   0x00000000000014bc      0x16d build/ta/stm32mp_nvmem/ta_stm32mp_nvmem.o
 .debug_macro   0x0000000000001629       0x34 build/ta/stm32mp_nvmem/ta_stm32mp_nvmem.o
 .debug_macro   0x000000000000165d       0x79 build/ta/stm32mp_nvmem/ta_stm32mp_nvmem.o
 .debug_macro   0x00000000000016d6       0x10 build/ta/stm32mp_nvmem/ta_stm32mp_nvmem.o
 .debug_macro   0x00000000000016e6       0x58 build/ta/stm32mp_nvmem/ta_stm32mp_nvmem.o
 .debug_macro   0x000000000000173e       0x7c build/ta/stm32mp_nvmem/ta_stm32mp_nvmem.o
 .debug_macro   0x00000000000017ba      0x1a7 build/ta/stm32mp_nvmem/ta_stm32mp_nvmem.o
 .debug_macro   0x0000000000001961       0xc4 build/ta/stm32mp_nvmem/ta_stm32mp_nvmem.o
 .debug_macro   0x0000000000001a25       0xea build/ta/stm32mp_nvmem/ta_stm32mp_nvmem.o
 .debug_macro   0x0000000000001b0f       0x89 build/ta/stm32mp_nvmem/ta_stm32mp_nvmem.o
 .debug_macro   0x0000000000001b98       0x2e build/ta/stm32mp_nvmem/ta_stm32mp_nvmem.o
 .debug_macro   0x0000000000001bc6       0x39 build/ta/stm32mp_nvmem/ta_stm32mp_nvmem.o
 .debug_macro   0x0000000000001bff       0x16 build/ta/stm32mp_nvmem/ta_stm32mp_nvmem.o
 .debug_macro   0x0000000000001c15       0x22 build/ta/stm32mp_nvmem/ta_stm32mp_nvmem.o
 .debug_macro   0x0000000000001c37      0x9b3 build/ta/stm32mp_nvmem/ta_stm32mp_nvmem.o
 .debug_macro   0x00000000000025ea       0x35 build/ta/stm32mp_nvmem/ta_stm32mp_nvmem.o
 .debug_macro   0x000000000000261f       0x10 build/ta/stm32mp_nvmem/ta_stm32mp_nvmem.o
 .debug_macro   0x000000000000262f       0xdc build/ta/stm32mp_nvmem/ta_stm32mp_nvmem.o
 .debug_macro   0x000000000000270b      0x16c build/ta/stm32mp_nvmem/user_ta_header.o
 .debug_macro   0x0000000000002877      0xaf0 build/ta/stm32mp_nvmem/user_ta_header.o
 .debug_macro   0x0000000000003367       0xf0 build/ta/stm32mp_nvmem/user_ta_header.o
 .debug_macro   0x0000000000003457       0x76 build/ta/stm32mp_nvmem/user_ta_header.o
 .debug_macro   0x00000000000034cd       0x1c build/ta/stm32mp_nvmem/user_ta_header.o
 .debug_macro   0x00000000000034e9       0x51 build/export-ta_arm32/lib/libutils.a(memset.o)
 .debug_macro   0x000000000000353a      0xaf0 build/export-ta_arm32/lib/libutils.a(memset.o)
 .debug_macro   0x000000000000402a       0x7c build/export-ta_arm32/lib/libutils.a(memset.o)
 .debug_macro   0x00000000000040a6       0xd6 build/export-ta_arm32/lib/libutils.a(trace.o)
 .debug_macro   0x000000000000417c      0xaf0 build/export-ta_arm32/lib/libutils.a(trace.o)
 .debug_macro   0x0000000000004c6c      0x13d build/export-ta_arm32/lib/libutils.a(snprintk.o)
 .debug_macro   0x0000000000004da9      0xaf0 build/export-ta_arm32/lib/libutils.a(snprintk.o)
 .debug_macro   0x0000000000005899       0x66 build/export-ta_arm32/lib/libutils.a(memchr.o)
 .debug_macro   0x00000000000058ff      0xaf0 build/export-ta_arm32/lib/libutils.a(memchr.o)
 .debug_macro   0x00000000000063ef       0x5a build/export-ta_arm32/lib/libutils.a(strlen.o)
 .debug_macro   0x0000000000006449      0xaf0 build/export-ta_arm32/lib/libutils.a(strlen.o)
 .debug_macro   0x0000000000006f39       0x1a build/export-ta_arm32/lib/libutils.a(arm32_aeabi_ldivmod.o)
 .debug_macro   0x0000000000006f53      0xaf0 build/export-ta_arm32/lib/libutils.a(arm32_aeabi_ldivmod.o)
 .debug_macro   0x0000000000007a43       0xf1 build/export-ta_arm32/lib/libutee.a(trace_ext.o)
 .debug_macro   0x0000000000007b34      0xaf0 build/export-ta_arm32/lib/libutee.a(trace_ext.o)
 .debug_macro   0x0000000000008624      0x183 build/export-ta_arm32/lib/libutee.a(tee_api.o)
 .debug_macro   0x00000000000087a7      0xaf0 build/export-ta_arm32/lib/libutee.a(tee_api.o)
 .debug_macro   0x0000000000009297      0x108 build/export-ta_arm32/lib/libutee.a(tee_api_panic.o)
 .debug_macro   0x000000000000939f      0xaf0 build/export-ta_arm32/lib/libutee.a(tee_api_panic.o)
 .debug_macro   0x0000000000009e8f       0x28 build/export-ta_arm32/lib/libutee.a(tee_api_panic.o)
 .debug_macro   0x0000000000009eb7      0x1e0 build/export-ta_arm32/lib/libutee.a(tee_api_property.o)
 .debug_macro   0x000000000000a097      0xaf0 build/export-ta_arm32/lib/libutee.a(tee_api_property.o)
 .debug_macro   0x000000000000ab87       0x10 build/export-ta_arm32/lib/libutee.a(tee_api_property.o)
 .debug_macro   0x000000000000ab97       0x34 build/export-ta_arm32/lib/libutee.a(tee_api_property.o)
 .debug_macro   0x000000000000abcb       0x3a build/export-ta_arm32/lib/libutee.a(tee_api_property.o)
 .debug_macro   0x000000000000ac05      0x13b build/export-ta_arm32/lib/libutee.a(tee_system_pta.o)
 .debug_macro   0x000000000000ad40      0xaf0 build/export-ta_arm32/lib/libutee.a(tee_system_pta.o)
 .debug_macro   0x000000000000b830      0x1d6 build/export-ta_arm32/lib/libutee.a(user_ta_entry.o)
 .debug_macro   0x000000000000ba06      0xaf0 build/export-ta_arm32/lib/libutee.a(user_ta_entry.o)
 .debug_macro   0x000000000000c4f6     0x15e6 build/export-ta_arm32/lib/libutee.a(user_ta_entry.o)
 .debug_macro   0x000000000000dadc       0x4a build/export-ta_arm32/lib/libutee.a(user_ta_entry.o)
 .debug_macro   0x000000000000db26      0x2e9 build/export-ta_arm32/lib/libutee.a(user_ta_entry.o)
 .debug_macro   0x000000000000de0f      0x11d build/export-ta_arm32/lib/libutee.a(abort.o)
 .debug_macro   0x000000000000df2c      0xaf0 build/export-ta_arm32/lib/libutee.a(abort.o)
 .debug_macro   0x000000000000ea1c       0x48 build/export-ta_arm32/lib/libutee.a(base64.o)
 .debug_macro   0x000000000000ea64      0xaf0 build/export-ta_arm32/lib/libutee.a(base64.o)
 .debug_macro   0x000000000000f554      0x1af build/export-ta_arm32/lib/libutee.a(tee_api_arith_mpi.o)
 .debug_macro   0x000000000000f703      0xaf0 build/export-ta_arm32/lib/libutee.a(tee_api_arith_mpi.o)
 .debug_macro   0x00000000000101f3      0x124 build/export-ta_arm32/lib/libutee.a(tee_api_arith_mpi.o)
 .debug_macro   0x0000000000010317       0x12 build/export-ta_arm32/lib/libutee.a(tee_api_arith_mpi.o)
 .debug_macro   0x0000000000010329       0x79 build/export-ta_arm32/lib/libutee.a(tee_api_arith_mpi.o)
 .debug_macro   0x00000000000103a2      0x1e9 build/export-ta_arm32/lib/libutee.a(tee_api_arith_mpi.o)
 .debug_macro   0x000000000001058b      0x189 build/export-ta_arm32/lib/libutee.a(tcb.o)
 .debug_macro   0x0000000000010714      0xaf0 build/export-ta_arm32/lib/libutee.a(tcb.o)
 .debug_macro   0x0000000000011204       0x10 build/export-ta_arm32/lib/libutee.a(tcb.o)
 .debug_macro   0x0000000000011214      0x106 build/export-ta_arm32/lib/libutee.a(assert.o)
 .debug_macro   0x000000000001131a      0xaf0 build/export-ta_arm32/lib/libutee.a(assert.o)
 .debug_macro   0x0000000000011e0a      0x1c3 build/export-ta_arm32/lib/libmbedtls.a(bignum.o)
 .debug_macro   0x0000000000011fcd      0xaf0 build/export-ta_arm32/lib/libmbedtls.a(bignum.o)
 .debug_macro   0x0000000000012abd       0x2b build/export-ta_arm32/lib/libmbedtls.a(bignum.o)
 .debug_macro   0x0000000000012ae8       0x1e build/export-ta_arm32/lib/libmbedtls.a(bignum.o)
 .debug_macro   0x0000000000012b06       0x17 build/export-ta_arm32/lib/libmbedtls.a(bignum.o)
 .debug_macro   0x0000000000012b1d       0x10 build/export-ta_arm32/lib/libmbedtls.a(bignum.o)
 .debug_macro   0x0000000000012b2d      0x15c build/export-ta_arm32/lib/libmbedtls.a(platform_util.o)
 .debug_macro   0x0000000000012c89      0xaf0 build/export-ta_arm32/lib/libmbedtls.a(platform_util.o)
 .debug_macro   0x0000000000013779       0x10 build/export-ta_arm32/lib/libmbedtls.a(platform_util.o)
 .debug_macro   0x0000000000013789       0x7f build/export-ta_arm32/lib/libmbedtls.a(platform_util.o)
 .debug_macro   0x0000000000013808       0x16 build/export-ta_arm32/lib/libmbedtls.a(platform_util.o)
 .debug_macro   0x000000000001381e      0x153 build/export-ta_arm32/lib/libutils.a(bget_malloc.o)
 .debug_macro   0x0000000000013971      0xaf0 build/export-ta_arm32/lib/libutils.a(bget_malloc.o)
 .debug_macro   0x0000000000014461       0x16 build/export-ta_arm32/lib/libutils.a(bget_malloc.o)
 .debug_macro   0x0000000000014477       0x10 build/export-ta_arm32/lib/libutils.a(bget_malloc.o)
 .debug_macro   0x0000000000014487       0x3c build/export-ta_arm32/lib/libutils.a(bget_malloc.o)
 .debug_macro   0x00000000000144c3       0x4d build/export-ta_arm32/lib/libutils.a(snprintf.o)
 .debug_macro   0x0000000000014510      0xaf0 build/export-ta_arm32/lib/libutils.a(snprintf.o)
 .debug_macro   0x0000000000015000       0x57 build/export-ta_arm32/lib/libutils.a(memcpy.o)
 .debug_macro   0x0000000000015057      0xaea build/export-ta_arm32/lib/libutils.a(memcpy.o)
 .debug_macro   0x0000000000015b41       0x64 build/export-ta_arm32/lib/libutils.a(memmove.o)
 .debug_macro   0x0000000000015ba5      0xaf0 build/export-ta_arm32/lib/libutils.a(memmove.o)
 .debug_macro   0x0000000000016695       0x54 build/export-ta_arm32/lib/libutils.a(strcmp.o)
 .debug_macro   0x00000000000166e9      0xaf0 build/export-ta_arm32/lib/libutils.a(strcmp.o)
 .debug_macro   0x00000000000171d9       0x8b build/export-ta_arm32/lib/libutils.a(strlcpy.o)
 .debug_macro   0x0000000000017264      0xaf0 build/export-ta_arm32/lib/libutils.a(strlcpy.o)
 .debug_macro   0x0000000000017d54       0xed build/export-ta_arm32/lib/libutils.a(mempool.o)
 .debug_macro   0x0000000000017e41      0xaf0 build/export-ta_arm32/lib/libutils.a(mempool.o)
 .debug_macro   0x0000000000018931       0x3f build/export-ta_arm32/lib/libutils.a(consttime_memcmp.o)
 .debug_macro   0x0000000000018970      0xaf0 build/export-ta_arm32/lib/libutils.a(consttime_memcmp.o)

.debug_line     0x0000000000000000     0xe17e
 .debug_line    0x0000000000000000      0x628 build/ta/stm32mp_nvmem/ta_stm32mp_nvmem.o
 .debug_line    0x0000000000000628      0x30a build/ta/stm32mp_nvmem/user_ta_header.o
 .debug_line    0x0000000000000932       0x49 build/ta/stm32mp_nvmem/ta_entry_a32.o
 .debug_line    0x000000000000097b      0x185 build/export-ta_arm32/lib/libutils.a(memset.o)
 .debug_line    0x0000000000000b00      0x3e1 build/export-ta_arm32/lib/libutils.a(trace.o)
 .debug_line    0x0000000000000ee1      0x8d3 build/export-ta_arm32/lib/libutils.a(snprintk.o)
 .debug_line    0x00000000000017b4      0x199 build/export-ta_arm32/lib/libutils.a(memchr.o)
 .debug_line    0x000000000000194d      0x183 build/export-ta_arm32/lib/libutils.a(strlen.o)
 .debug_line    0x0000000000001ad0       0x62 build/export-ta_arm32/lib/libutils.a(arm32_aeabi_ldivmod_a32.o)
 .debug_line    0x0000000000001b32      0x228 build/export-ta_arm32/lib/libutils.a(arm32_aeabi_ldivmod.o)
 .debug_line    0x0000000000001d5a      0x323 build/export-ta_arm32/lib/libutee.a(trace_ext.o)
 .debug_line    0x000000000000207d      0xa00 build/export-ta_arm32/lib/libutee.a(tee_api.o)
 .debug_line    0x0000000000002a7d      0x3c9 build/export-ta_arm32/lib/libutee.a(tee_api_panic.o)
 .debug_line    0x0000000000002e46      0xb05 build/export-ta_arm32/lib/libutee.a(tee_api_property.o)
 .debug_line    0x000000000000394b      0x46e build/export-ta_arm32/lib/libutee.a(tee_system_pta.o)
 .debug_line    0x0000000000003db9      0x425 build/export-ta_arm32/lib/libutee.a(utee_syscalls_a32.o)
 .debug_line    0x00000000000041de      0xa70 build/export-ta_arm32/lib/libutee.a(user_ta_entry.o)
 .debug_line    0x0000000000004c4e      0x267 build/export-ta_arm32/lib/libutee.a(abort.o)
 .debug_line    0x0000000000004eb5      0x406 build/export-ta_arm32/lib/libutee.a(base64.o)
 .debug_line    0x00000000000052bb     0x1b47 build/export-ta_arm32/lib/libutee.a(tee_api_arith_mpi.o)
 .debug_line    0x0000000000006e02      0x577 build/export-ta_arm32/lib/libutee.a(tcb.o)
 .debug_line    0x0000000000007379      0x2b3 build/export-ta_arm32/lib/libutee.a(assert.o)
 .debug_line    0x000000000000762c     0x4738 build/export-ta_arm32/lib/libmbedtls.a(bignum.o)
 .debug_line    0x000000000000bd64      0x2d6 build/export-ta_arm32/lib/libmbedtls.a(platform_util.o)
 .debug_line    0x000000000000c03a     0x1259 build/export-ta_arm32/lib/libutils.a(bget_malloc.o)
 .debug_line    0x000000000000d293      0x1af build/export-ta_arm32/lib/libutils.a(snprintf.o)
 .debug_line    0x000000000000d442      0x257 build/export-ta_arm32/lib/libutils.a(memcpy.o)
 .debug_line    0x000000000000d699      0x1cb build/export-ta_arm32/lib/libutils.a(memmove.o)
 .debug_line    0x000000000000d864      0x18e build/export-ta_arm32/lib/libutils.a(strcmp.o)
 .debug_line    0x000000000000d9f2      0x218 build/export-ta_arm32/lib/libutils.a(strlcpy.o)
 .debug_line    0x000000000000dc0a      0x342 build/export-ta_arm32/lib/libutils.a(mempool.o)
 .debug_line    0x000000000000df4c      0x232 build/export-ta_arm32/lib/libutils.a(consttime_memcmp.o)

.debug_str      0x0000000000000000    0x18215
 .debug_str     0x0000000000000000     0xb0af build/ta/stm32mp_nvmem/ta_stm32mp_nvmem.o
                                       0xb284 (size before relaxing)
 .debug_str     0x000000000000b0af      0x5c8 build/ta/stm32mp_nvmem/user_ta_header.o
                                       0xaf67 (size before relaxing)
 .debug_str     0x000000000000b677       0x35 build/ta/stm32mp_nvmem/ta_entry_a32.o
                                         0x7a (size before relaxing)
 .debug_str     0x000000000000b6ac      0x345 build/export-ta_arm32/lib/libutils.a(memset.o)
                                       0x4c26 (size before relaxing)
 .debug_str     0x000000000000b9f1      0x12c build/export-ta_arm32/lib/libutils.a(trace.o)
                                       0x6ba1 (size before relaxing)
 .debug_str     0x000000000000bb1d      0x5d0 build/export-ta_arm32/lib/libutils.a(snprintk.o)
                                       0x605e (size before relaxing)
 .debug_str     0x000000000000c0ed       0xf0 build/export-ta_arm32/lib/libutils.a(memchr.o)
                                       0x4e61 (size before relaxing)
 .debug_str     0x000000000000c1dd       0x50 build/export-ta_arm32/lib/libutils.a(strlen.o)
                                       0x4dfe (size before relaxing)
 .debug_str     0x000000000000c22d       0x35 build/export-ta_arm32/lib/libutils.a(arm32_aeabi_ldivmod_a32.o)
                                         0x86 (size before relaxing)
 .debug_str     0x000000000000c262       0xb9 build/export-ta_arm32/lib/libutils.a(arm32_aeabi_ldivmod.o)
                                       0x4735 (size before relaxing)
 .debug_str     0x000000000000c31b       0x50 build/export-ta_arm32/lib/libutee.a(trace_ext.o)
                                       0xa1cf (size before relaxing)
 .debug_str     0x000000000000c36b      0x4e9 build/export-ta_arm32/lib/libutee.a(tee_api.o)
                                       0xb201 (size before relaxing)
 .debug_str     0x000000000000c854      0x2de build/export-ta_arm32/lib/libutee.a(tee_api_panic.o)
                                       0xa47b (size before relaxing)
 .debug_str     0x000000000000cb32      0x52a build/export-ta_arm32/lib/libutee.a(tee_api_property.o)
                                       0xb3bb (size before relaxing)
 .debug_str     0x000000000000d05c       0xa8 build/export-ta_arm32/lib/libutee.a(tee_system_pta.o)
                                       0xac46 (size before relaxing)
 .debug_str     0x000000000000d104       0x29 build/export-ta_arm32/lib/libutee.a(utee_syscalls_a32.o)
                                         0x7a (size before relaxing)
 .debug_str     0x000000000000d12d     0x75a9 build/export-ta_arm32/lib/libutee.a(user_ta_entry.o)
                                      0x124c2 (size before relaxing)
 .debug_str     0x00000000000146d6       0x43 build/export-ta_arm32/lib/libutee.a(abort.o)
                                       0x99ce (size before relaxing)
 .debug_str     0x0000000000014719       0x5f build/export-ta_arm32/lib/libutee.a(base64.o)
                                       0x51e9 (size before relaxing)
 .debug_str     0x0000000000014778     0x1c50 build/export-ta_arm32/lib/libutee.a(tee_api_arith_mpi.o)
                                       0xc5ee (size before relaxing)
 .debug_str     0x00000000000163c8      0x255 build/export-ta_arm32/lib/libutee.a(tcb.o)
                                      0x11c4d (size before relaxing)
 .debug_str     0x000000000001661d       0x40 build/export-ta_arm32/lib/libutee.a(assert.o)
                                       0x9e80 (size before relaxing)
 .debug_str     0x000000000001665d      0xc5a build/export-ta_arm32/lib/libmbedtls.a(bignum.o)
                                       0x7f5b (size before relaxing)
 .debug_str     0x00000000000172b7      0x3ff build/export-ta_arm32/lib/libmbedtls.a(platform_util.o)
                                       0x684a (size before relaxing)
 .debug_str     0x00000000000176b6      0x716 build/export-ta_arm32/lib/libutils.a(bget_malloc.o)
                                       0x74b2 (size before relaxing)
 .debug_str     0x0000000000017dcc       0x46 build/export-ta_arm32/lib/libutils.a(snprintf.o)
                                       0x4b78 (size before relaxing)
 .debug_str     0x0000000000017e12      0x22f build/export-ta_arm32/lib/libutils.a(memcpy.o)
                                       0x4c95 (size before relaxing)
 .debug_str     0x0000000000018041       0x5b build/export-ta_arm32/lib/libutils.a(memmove.o)
                                       0x4e70 (size before relaxing)
 .debug_str     0x000000000001809c       0x50 build/export-ta_arm32/lib/libutils.a(strcmp.o)
                                       0x4dfe (size before relaxing)
 .debug_str     0x00000000000180ec       0x42 build/export-ta_arm32/lib/libutils.a(strlcpy.o)
                                       0x54f8 (size before relaxing)
 .debug_str     0x000000000001812e       0x7f build/export-ta_arm32/lib/libutils.a(mempool.o)
                                       0x6dda (size before relaxing)
 .debug_str     0x00000000000181ad       0x68 build/export-ta_arm32/lib/libutils.a(consttime_memcmp.o)
                                       0x4c1e (size before relaxing)

.comment        0x0000000000000000       0x33
 .comment       0x0000000000000000       0x33 build/ta/stm32mp_nvmem/ta_stm32mp_nvmem.o
                                         0x34 (size before relaxing)
 .comment       0x0000000000000033       0x34 build/ta/stm32mp_nvmem/user_ta_header.o
 .comment       0x0000000000000033       0x34 build/export-ta_arm32/lib/libutils.a(memset.o)
 .comment       0x0000000000000033       0x34 build/export-ta_arm32/lib/libutils.a(trace.o)
 .comment       0x0000000000000033       0x34 build/export-ta_arm32/lib/libutils.a(snprintk.o)
 .comment       0x0000000000000033       0x34 build/export-ta_arm32/lib/libutils.a(memchr.o)
 .comment       0x0000000000000033       0x34 build/export-ta_arm32/lib/libutils.a(strlen.o)
 .comment       0x0000000000000033       0x34 build/export-ta_arm32/lib/libutils.a(arm32_aeabi_ldivmod.o)
 .comment       0x0000000000000033       0x34 build/export-ta_arm32/lib/libutee.a(trace_ext.o)
 .comment       0x0000000000000033       0x34 build/export-ta_arm32/lib/libutee.a(tee_api.o)
 .comment       0x0000000000000033       0x34 build/export-ta_arm32/lib/libutee.a(tee_api_panic.o)
 .comment       0x0000000000000033       0x34 build/export-ta_arm32/lib/libutee.a(tee_api_property.o)
 .comment       0x0000000000000033       0x34 build/export-ta_arm32/lib/libutee.a(tee_system_pta.o)
 .comment       0x0000000000000033       0x34 build/export-ta_arm32/lib/libutee.a(user_ta_entry.o)
 .comment       0x0000000000000033       0x34 build/export-ta_arm32/lib/libutee.a(abort.o)
 .comment       0x0000000000000033       0x34 build/export-ta_arm32/lib/libutee.a(base64.o)
 .comment       0x0000000000000033       0x34 build/export-ta_arm32/lib/libutee.a(tee_api_arith_mpi.o)
 .comment       0x0000000000000033       0x34 build/export-ta_arm32/lib/libutee.a(tcb.o)
 .comment       0x0000000000000033       0x34 build/export-ta_arm32/lib/libutee.a(assert.o)
 .comment       0x0000000000000033       0x34 build/export-ta_arm32/lib/libmbedtls.a(bignum.o)
 .comment       0x0000000000000033       0x34 build/export-ta_arm32/lib/libmbedtls.a(platform_util.o)
 .comment       0x0000000000000033       0x34 build/export-ta_arm32/lib/libutils.a(bget_malloc.o)
 .comment       0x0000000000000033       0x34 build/export-ta_arm32/lib/libutils.a(snprintf.o)
 .comment       0x0000000000000033       0x34 build/export-ta_arm32/lib/libutils.a(memcpy.o)
 .comment       0x0000000000000033       0x34 build/export-ta_arm32/lib/libutils.a(memmove.o)
 .comment       0x0000000000000033       0x34 build/export-ta_arm32/lib/libutils.a(strcmp.o)
 .comment       0x0000000000000033       0x34 build/export-ta_arm32/lib/libutils.a(strlcpy.o)
 .comment       0x0000000000000033       0x34 build/export-ta_arm32/lib/libutils.a(mempool.o)
 .comment       0x0000000000000033       0x34 build/export-ta_arm32/lib/libutils.a(consttime_memcmp.o)

.note.GNU-stack
                0x0000000000000000        0x0
 .note.GNU-stack
                0x0000000000000000        0x0 build/ta/stm32mp_nvmem/ta_stm32mp_nvmem.o
 .note.GNU-stack
                0x0000000000000000        0x0 build/ta/stm32mp_nvmem/user_ta_header.o
 .note.GNU-stack
                0x0000000000000000        0x0 build/export-ta_arm32/lib/libutils.a(memset.o)
 .note.GNU-stack
                0x0000000000000000        0x0 build/export-ta_arm32/lib/libutils.a(trace.o)
 .note.GNU-stack
                0x0000000000000000        0x0 build/export-ta_arm32/lib/libutils.a(snprintk.o)
 .note.GNU-stack
                0x0000000000000000        0x0 build/export-ta_arm32/lib/libutils.a(memchr.o)
 .note.GNU-stack
                0x0000000000000000        0x0 build/export-ta_arm32/lib/libutils.a(strlen.o)
 .note.GNU-stack
                0x0000000000000000        0x0 build/export-ta_arm32/lib/libutils.a(arm32_aeabi_ldivmod.o)
 .note.GNU-stack
                0x0000000000000000        0x0 build/export-ta_arm32/lib/libutee.a(trace_ext.o)
 .note.GNU-stack
                0x0000000000000000        0x0 build/export-ta_arm32/lib/libutee.a(tee_api.o)
 .note.GNU-stack
                0x0000000000000000        0x0 build/export-ta_arm32/lib/libutee.a(tee_api_panic.o)
 .note.GNU-stack
                0x0000000000000000        0x0 build/export-ta_arm32/lib/libutee.a(tee_api_property.o)
 .note.GNU-stack
                0x0000000000000000        0x0 build/export-ta_arm32/lib/libutee.a(tee_system_pta.o)
 .note.GNU-stack
                0x0000000000000000        0x0 build/export-ta_arm32/lib/libutee.a(user_ta_entry.o)
 .note.GNU-stack
                0x0000000000000000        0x0 build/export-ta_arm32/lib/libutee.a(abort.o)
 .note.GNU-stack
                0x0000000000000000        0x0 build/export-ta_arm32/lib/libutee.a(base64.o)
 .note.GNU-stack
                0x0000000000000000        0x0 build/export-ta_arm32/lib/libutee.a(tee_api_arith_mpi.o)
 .note.GNU-stack
                0x0000000000000000        0x0 build/export-ta_arm32/lib/libutee.a(tcb.o)
 .note.GNU-stack
                0x0000000000000000        0x0 build/export-ta_arm32/lib/libutee.a(assert.o)
 .note.GNU-stack
                0x0000000000000000        0x0 build/export-ta_arm32/lib/libmbedtls.a(bignum.o)
 .note.GNU-stack
                0x0000000000000000        0x0 build/export-ta_arm32/lib/libmbedtls.a(platform_util.o)
 .note.GNU-stack
                0x0000000000000000        0x0 build/export-ta_arm32/lib/libutils.a(bget_malloc.o)
 .note.GNU-stack
                0x0000000000000000        0x0 build/export-ta_arm32/lib/libutils.a(snprintf.o)
 .note.GNU-stack
                0x0000000000000000        0x0 build/export-ta_arm32/lib/libutils.a(memcpy.o)
 .note.GNU-stack
                0x0000000000000000        0x0 build/export-ta_arm32/lib/libutils.a(memmove.o)
 .note.GNU-stack
                0x0000000000000000        0x0 build/export-ta_arm32/lib/libutils.a(strcmp.o)
 .note.GNU-stack
                0x0000000000000000        0x0 build/export-ta_arm32/lib/libutils.a(strlcpy.o)
 .note.GNU-stack
                0x0000000000000000        0x0 build/export-ta_arm32/lib/libutils.a(mempool.o)
 .note.GNU-stack
                0x0000000000000000        0x0 build/export-ta_arm32/lib/libutils.a(consttime_memcmp.o)

.ARM.attributes
                0x0000000000000000       0x33
 .ARM.attributes
                0x0000000000000000       0x35 build/ta/stm32mp_nvmem/ta_stm32mp_nvmem.o
 .ARM.attributes
                0x0000000000000035       0x35 build/ta/stm32mp_nvmem/user_ta_header.o
 .ARM.attributes
                0x000000000000006a       0x27 build/ta/stm32mp_nvmem/ta_entry_a32.o
 .ARM.attributes
                0x0000000000000091       0x35 build/export-ta_arm32/lib/libutils.a(memset.o)
 .ARM.attributes
                0x00000000000000c6       0x35 build/export-ta_arm32/lib/libutils.a(trace.o)
 .ARM.attributes
                0x00000000000000fb       0x35 build/export-ta_arm32/lib/libutils.a(snprintk.o)
 .ARM.attributes
                0x0000000000000130       0x35 build/export-ta_arm32/lib/libutils.a(memchr.o)
 .ARM.attributes
                0x0000000000000165       0x35 build/export-ta_arm32/lib/libutils.a(strlen.o)
 .ARM.attributes
                0x000000000000019a       0x27 build/export-ta_arm32/lib/libutils.a(arm32_aeabi_ldivmod_a32.o)
 .ARM.attributes
                0x00000000000001c1       0x35 build/export-ta_arm32/lib/libutils.a(arm32_aeabi_ldivmod.o)
 .ARM.attributes
                0x00000000000001f6       0x35 build/export-ta_arm32/lib/libutee.a(trace_ext.o)
 .ARM.attributes
                0x000000000000022b       0x35 build/export-ta_arm32/lib/libutee.a(tee_api.o)
 .ARM.attributes
                0x0000000000000260       0x35 build/export-ta_arm32/lib/libutee.a(tee_api_panic.o)
 .ARM.attributes
                0x0000000000000295       0x35 build/export-ta_arm32/lib/libutee.a(tee_api_property.o)
 .ARM.attributes
                0x00000000000002ca       0x35 build/export-ta_arm32/lib/libutee.a(tee_system_pta.o)
 .ARM.attributes
                0x00000000000002ff       0x27 build/export-ta_arm32/lib/libutee.a(utee_syscalls_a32.o)
 .ARM.attributes
                0x0000000000000326       0x35 build/export-ta_arm32/lib/libutee.a(user_ta_entry.o)
 .ARM.attributes
                0x000000000000035b       0x35 build/export-ta_arm32/lib/libutee.a(abort.o)
 .ARM.attributes
                0x0000000000000390       0x35 build/export-ta_arm32/lib/libutee.a(base64.o)
 .ARM.attributes
                0x00000000000003c5       0x35 build/export-ta_arm32/lib/libutee.a(tee_api_arith_mpi.o)
 .ARM.attributes
                0x00000000000003fa       0x35 build/export-ta_arm32/lib/libutee.a(tcb.o)
 .ARM.attributes
                0x000000000000042f       0x35 build/export-ta_arm32/lib/libutee.a(assert.o)
 .ARM.attributes
                0x0000000000000464       0x35 build/export-ta_arm32/lib/libmbedtls.a(bignum.o)
 .ARM.attributes
                0x0000000000000499       0x35 build/export-ta_arm32/lib/libmbedtls.a(platform_util.o)
 .ARM.attributes
                0x00000000000004ce       0x35 build/export-ta_arm32/lib/libutils.a(bget_malloc.o)
 .ARM.attributes
                0x0000000000000503       0x35 build/export-ta_arm32/lib/libutils.a(snprintf.o)
 .ARM.attributes
                0x0000000000000538       0x35 build/export-ta_arm32/lib/libutils.a(memcpy.o)
 .ARM.attributes
                0x000000000000056d       0x35 build/export-ta_arm32/lib/libutils.a(memmove.o)
 .ARM.attributes
                0x00000000000005a2       0x35 build/export-ta_arm32/lib/libutils.a(strcmp.o)
 .ARM.attributes
                0x00000000000005d7       0x35 build/export-ta_arm32/lib/libutils.a(strlcpy.o)
 .ARM.attributes
                0x000000000000060c       0x35 build/export-ta_arm32/lib/libutils.a(mempool.o)
 .ARM.attributes
                0x0000000000000641       0x35 build/export-ta_arm32/lib/libutils.a(consttime_memcmp.o)

.debug_frame    0x0000000000000000     0x1eb0
 .debug_frame   0x0000000000000000       0xa0 build/ta/stm32mp_nvmem/ta_stm32mp_nvmem.o
 .debug_frame   0x00000000000000a0       0x38 build/ta/stm32mp_nvmem/user_ta_header.o
 .debug_frame   0x00000000000000d8       0x20 build/export-ta_arm32/lib/libutils.a(memset.o)
 .debug_frame   0x00000000000000f8       0x90 build/export-ta_arm32/lib/libutils.a(trace.o)
 .debug_frame   0x0000000000000188       0xc0 build/export-ta_arm32/lib/libutils.a(snprintk.o)
 .debug_frame   0x0000000000000248       0x28 build/export-ta_arm32/lib/libutils.a(memchr.o)
 .debug_frame   0x0000000000000270       0x20 build/export-ta_arm32/lib/libutils.a(strlen.o)
 .debug_frame   0x0000000000000290       0x74 build/export-ta_arm32/lib/libutils.a(arm32_aeabi_ldivmod.o)
 .debug_frame   0x0000000000000304       0xac build/export-ta_arm32/lib/libutee.a(trace_ext.o)
 .debug_frame   0x00000000000003b0      0x2bc build/export-ta_arm32/lib/libutee.a(tee_api.o)
 .debug_frame   0x000000000000066c      0x110 build/export-ta_arm32/lib/libutee.a(tee_api_panic.o)
 .debug_frame   0x000000000000077c      0x214 build/export-ta_arm32/lib/libutee.a(tee_api_property.o)
 .debug_frame   0x0000000000000990       0xa4 build/export-ta_arm32/lib/libutee.a(tee_system_pta.o)
 .debug_frame   0x0000000000000a34      0x148 build/export-ta_arm32/lib/libutee.a(user_ta_entry.o)
 .debug_frame   0x0000000000000b7c       0x28 build/export-ta_arm32/lib/libutee.a(abort.o)
 .debug_frame   0x0000000000000ba4       0x60 build/export-ta_arm32/lib/libutee.a(base64.o)
 .debug_frame   0x0000000000000c04      0x540 build/export-ta_arm32/lib/libutee.a(tee_api_arith_mpi.o)
 .debug_frame   0x0000000000001144       0x7c build/export-ta_arm32/lib/libutee.a(tcb.o)